Archive member included to satisfy reference by file (symbol)

../../../../slprj/ert/BMS_MCU_CODE/BMS_MCU_CODE_rtwlib.lib(BMS_MCU_CODE.c.o)
                              xil_interface.c.o (BMS_MCU_CODE_Init)
C:/Users/odona/OneDrive/Yara/Thesis/BMS_Thesis/slprj/ert/_sharedutils/rtwshared.lib(const_params.c.o)
                              ../../../../slprj/ert/BMS_MCU_CODE/BMS_MCU_CODE_rtwlib.lib(BMS_MCU_CODE.c.o) (rtCP_pooled_LE05XBL4ZbcQ)
C:/Users/odona/OneDrive/Yara/Thesis/BMS_Thesis/slprj/ert/_sharedutils/rtwshared.lib(intrp2d_fu32fl_pw.c.o)
                              ../../../../slprj/ert/BMS_MCU_CODE/BMS_MCU_CODE_rtwlib.lib(BMS_MCU_CODE.c.o) (intrp2d_fu32fl_pw)
C:/Users/odona/OneDrive/Yara/Thesis/BMS_Thesis/slprj/ert/_sharedutils/rtwshared.lib(look1_binlxpw.c.o)
                              ../../../../slprj/ert/BMS_MCU_CODE/BMS_MCU_CODE_rtwlib.lib(BMS_MCU_CODE.c.o) (look1_binlxpw)
C:/Users/odona/OneDrive/Yara/Thesis/BMS_Thesis/slprj/ert/_sharedutils/rtwshared.lib(maximum_TTkd84nS.c.o)
                              ../../../../slprj/ert/BMS_MCU_CODE/BMS_MCU_CODE_rtwlib.lib(BMS_MCU_CODE.c.o) (maximum_TTkd84nS)
C:/Users/odona/OneDrive/Yara/Thesis/BMS_Thesis/slprj/ert/_sharedutils/rtwshared.lib(minimum_ruU8vKTP.c.o)
                              ../../../../slprj/ert/BMS_MCU_CODE/BMS_MCU_CODE_rtwlib.lib(BMS_MCU_CODE.c.o) (minimum_ruU8vKTP)
C:/Users/odona/OneDrive/Yara/Thesis/BMS_Thesis/slprj/ert/_sharedutils/rtwshared.lib(plook_u32ff_binx.c.o)
                              ../../../../slprj/ert/BMS_MCU_CODE/BMS_MCU_CODE_rtwlib.lib(BMS_MCU_CODE.c.o) (plook_u32ff_binx)
C:/Users/odona/OneDrive/Yara/Thesis/BMS_Thesis/slprj/ert/_sharedutils/rtwshared.lib(rt_nonfinite.c.o)
                              C:/Users/odona/OneDrive/Yara/Thesis/BMS_Thesis/slprj/ert/_sharedutils/rtwshared.lib(maximum_TTkd84nS.c.o) (rtIsNaNF)
C:/Users/odona/OneDrive/Yara/Thesis/BMS_Thesis/slprj/ert/_sharedutils/rtwshared.lib(binsearch_u32f.c.o)
                              C:/Users/odona/OneDrive/Yara/Thesis/BMS_Thesis/slprj/ert/_sharedutils/rtwshared.lib(plook_u32ff_binx.c.o) (binsearch_u32f)
C:/Users/odona/OneDrive/Yara/Thesis/BMS_Thesis/slprj/ert/BMS_MCU_CODE/coderassumptions/lib/BMS_MCU_CODE_ca.lib(BMS_MCU_CODE_ca.c.o)
                              coder_assumptions_app.c.o (CA_BMS_MCU_CODE_Res)
C:/Users/odona/OneDrive/Yara/Thesis/BMS_Thesis/slprj/ert/BMS_MCU_CODE/coderassumptions/lib/BMS_MCU_CODE_ca.lib(coder_assumptions_hwimpl.c.o)
                              C:/Users/odona/OneDrive/Yara/Thesis/BMS_Thesis/slprj/ert/BMS_MCU_CODE/coderassumptions/lib/BMS_MCU_CODE_ca.lib(BMS_MCU_CODE_ca.c.o) (caVerifyChecks)
C:/Users/odona/OneDrive/Yara/Thesis/BMS_Thesis/slprj/ert/BMS_MCU_CODE/coderassumptions/lib/BMS_MCU_CODE_ca.lib(coder_assumptions_flt.c.o)
                              C:/Users/odona/OneDrive/Yara/Thesis/BMS_Thesis/slprj/ert/BMS_MCU_CODE/coderassumptions/lib/BMS_MCU_CODE_ca.lib(coder_assumptions_hwimpl.c.o) (denormalAsZero)
C:/ProgramData/MATLAB/SupportPackages/R2025b/3P.instrset/gnuarm-armcortex.instrset/win/bin/../lib/gcc/arm-none-eabi/13.2.1/thumb/v7e-m+fp/hard\libm.a(libm_a-s_fmin.o)
                              ../../../../slprj/ert/BMS_MCU_CODE/BMS_MCU_CODE_rtwlib.lib(BMS_MCU_CODE.c.o) (fmin)
C:/ProgramData/MATLAB/SupportPackages/R2025b/3P.instrset/gnuarm-armcortex.instrset/win/bin/../lib/gcc/arm-none-eabi/13.2.1/thumb/v7e-m+fp/hard\libm.a(libm_a-s_fpclassify.o)
                              C:/ProgramData/MATLAB/SupportPackages/R2025b/3P.instrset/gnuarm-armcortex.instrset/win/bin/../lib/gcc/arm-none-eabi/13.2.1/thumb/v7e-m+fp/hard\libm.a(libm_a-s_fmin.o) (__fpclassifyd)
C:/ProgramData/MATLAB/SupportPackages/R2025b/3P.instrset/gnuarm-armcortex.instrset/win/bin/../lib/gcc/arm-none-eabi/13.2.1/thumb/v7e-m+fp/hard\libm.a(libm_a-sf_fmax.o)
                              ../../../../slprj/ert/BMS_MCU_CODE/BMS_MCU_CODE_rtwlib.lib(BMS_MCU_CODE.c.o) (fmaxf)
C:/ProgramData/MATLAB/SupportPackages/R2025b/3P.instrset/gnuarm-armcortex.instrset/win/bin/../lib/gcc/arm-none-eabi/13.2.1/thumb/v7e-m+fp/hard\libm.a(libm_a-sf_fmin.o)
                              ../../../../slprj/ert/BMS_MCU_CODE/BMS_MCU_CODE_rtwlib.lib(BMS_MCU_CODE.c.o) (fminf)
C:/ProgramData/MATLAB/SupportPackages/R2025b/3P.instrset/gnuarm-armcortex.instrset/win/bin/../lib/gcc/arm-none-eabi/13.2.1/thumb/v7e-m+fp/hard\libm.a(libm_a-sf_fpclassify.o)
                              C:/ProgramData/MATLAB/SupportPackages/R2025b/3P.instrset/gnuarm-armcortex.instrset/win/bin/../lib/gcc/arm-none-eabi/13.2.1/thumb/v7e-m+fp/hard\libm.a(libm_a-sf_fmax.o) (__fpclassifyf)
C:/ProgramData/MATLAB/SupportPackages/R2025b/3P.instrset/gnuarm-armcortex.instrset/win/bin/../lib/gcc/arm-none-eabi/13.2.1/thumb/v7e-m+fp/hard\libgcc.a(_arm_muldf3.o)
                              ../../../../slprj/ert/BMS_MCU_CODE/BMS_MCU_CODE_rtwlib.lib(BMS_MCU_CODE.c.o) (__aeabi_dmul)
[...]
Memory Configuration

Name             Origin             Length             Attributes
RAM              0x20000000         0x00020000         xrw
FLASH            0x08000000         0x00080000         xr
*default*        0x00000000         0xffffffff

Linker script and memory map

LOAD C:/ProgramData/MATLAB/SupportPackages/R2025b/3P.instrset/gnuarm-armcortex.instrset/win/bin/../lib/gcc/arm-none-eabi/13.2.1/thumb/v7e-m+fp/hard/crti.o
LOAD C:/ProgramData/MATLAB/SupportPackages/R2025b/3P.instrset/gnuarm-armcortex.instrset/win/bin/../lib/gcc/arm-none-eabi/13.2.1/thumb/v7e-m+fp/hard/crtbegin.o
LOAD C:/ProgramData/MATLAB/SupportPackages/R2025b/3P.instrset/gnuarm-armcortex.instrset/win/bin/../lib/gcc/arm-none-eabi/13.2.1/thumb/v7e-m+fp/hard/crt0.o
LOAD xil_interface_lib.c.o
LOAD xil_data_stream.c.o
LOAD xil_services.c.o
LOAD xil_interface.c.o
LOAD xilcomms_rtiostream.c.o
LOAD xil_rtiostream.c.o
LOAD rtiostream_utils.c.o
LOAD coder_assumptions_app.c.o
LOAD coder_assumptions_data_stream.c.o
LOAD coder_assumptions_rtiostream.c.o
LOAD pil_main.c.o
LOAD rtiostream_serial.c.o
LOAD stm_usart.c.o
LOAD stm_lpuart.c.o
LOAD platform_timer.c.o
LOAD main.c.o
LOAD stm32f4xx_it.c.o
LOAD stm32f4xx_hal_msp.c.o
LOAD stm32f4xx_hal_timebase_tim.c.o
LOAD stm32f4xx_hal_tim.c.o
LOAD stm32f4xx_hal_tim_ex.c.o
LOAD stm32f4xx_ll_gpio.c.o
LOAD stm32f4xx_ll_dma.c.o
LOAD stm32f4xx_ll_usart.c.o
LOAD stm32f4xx_ll_rcc.c.o
LOAD stm32f4xx_ll_utils.c.o
LOAD stm32f4xx_ll_exti.c.o
LOAD stm32f4xx_hal_rcc.c.o
LOAD stm32f4xx_hal_rcc_ex.c.o
LOAD stm32f4xx_hal_flash.c.o
LOAD stm32f4xx_hal_flash_ex.c.o
LOAD stm32f4xx_hal_flash_ramfunc.c.o
LOAD stm32f4xx_hal_gpio.c.o
LOAD stm32f4xx_hal_dma_ex.c.o
LOAD stm32f4xx_hal_dma.c.o
LOAD stm32f4xx_hal_pwr.c.o
LOAD stm32f4xx_hal_pwr_ex.c.o
LOAD stm32f4xx_hal_cortex.c.o
LOAD stm32f4xx_hal.c.o
LOAD stm32f4xx_hal_exti.c.o
LOAD system_stm32f4xx.c.o
LOAD syscalls.c.o
LOAD sysmem.c.o
LOAD startup_stm32f446retx.s.o
LOAD ../../../../slprj/ert/BMS_MCU_CODE/BMS_MCU_CODE_rtwlib.lib
LOAD C:/Users/odona/OneDrive/Yara/Thesis/BMS_Thesis/slprj/ert/_sharedutils/rtwshared.lib
LOAD C:/Users/odona/OneDrive/Yara/Thesis/BMS_Thesis/slprj/ert/BMS_MCU_CODE/coderassumptions/lib/BMS_MCU_CODE_ca.lib
LOAD C:/ProgramData/MATLAB/SupportPackages/R2025b/3P.instrset/cmsis_dsp.instrset/Lib/GCC/arm_cortexm4ldfsp_math/libCMSISDSP.a
LOAD C:/ProgramData/MATLAB/SupportPackages/R2025b/toolbox/shared/supportpackages/stm32/lib/GCC/libmw_pdmfilter_m4_spfp.lib
LOAD C:/ProgramData/MATLAB/SupportPackages/R2025b/3P.instrset/gnuarm-armcortex.instrset/win/bin/../lib/gcc/arm-none-eabi/13.2.1/thumb/v7e-m+fp/hard\libstdc++_nano.a
LOAD C:/ProgramData/MATLAB/SupportPackages/R2025b/3P.instrset/gnuarm-armcortex.instrset/win/bin/../lib/gcc/arm-none-eabi/13.2.1/thumb/v7e-m+fp/hard\libm.a
START GROUP
LOAD C:/ProgramData/MATLAB/SupportPackages/R2025b/3P.instrset/gnuarm-armcortex.instrset/win/bin/../lib/gcc/arm-none-eabi/13.2.1/thumb/v7e-m+fp/hard\libgcc.a
LOAD C:/ProgramData/MATLAB/SupportPackages/R2025b/3P.instrset/gnuarm-armcortex.instrset/win/bin/../lib/gcc/arm-none-eabi/13.2.1/thumb/v7e-m+fp/hard\libg_nano.a
LOAD C:/ProgramData/MATLAB/SupportPackages/R2025b/3P.instrset/gnuarm-armcortex.instrset/win/bin/../lib/gcc/arm-none-eabi/13.2.1/thumb/v7e-m+fp/hard\libc_nano.a
END GROUP
START GROUP
LOAD C:/ProgramData/MATLAB/SupportPackages/R2025b/3P.instrset/gnuarm-armcortex.instrset/win/bin/../lib/gcc/arm-none-eabi/13.2.1/thumb/v7e-m+fp/hard\libgcc.a
LOAD C:/ProgramData/MATLAB/SupportPackages/R2025b/3P.instrset/gnuarm-armcortex.instrset/win/bin/../lib/gcc/arm-none-eabi/13.2.1/thumb/v7e-m+fp/hard\libc_nano.a
LOAD C:/ProgramData/MATLAB/SupportPackages/R2025b/3P.instrset/gnuarm-armcortex.instrset/win/bin/../lib/gcc/arm-none-eabi/13.2.1/thumb/v7e-m+fp/hard\libnosys.a
END GROUP
START GROUP
LOAD C:/ProgramData/MATLAB/SupportPackages/R2025b/3P.instrset/gnuarm-armcortex.instrset/win/bin/../lib/gcc/arm-none-eabi/13.2.1/thumb/v7e-m+fp/hard\libgcc.a
LOAD C:/ProgramData/MATLAB/SupportPackages/R2025b/3P.instrset/gnuarm-armcortex.instrset/win/bin/../lib/gcc/arm-none-eabi/13.2.1/thumb/v7e-m+fp/hard\libc_nano.a
LOAD C:/ProgramData/MATLAB/SupportPackages/R2025b/3P.instrset/gnuarm-armcortex.instrset/win/bin/../lib/gcc/arm-none-eabi/13.2.1/thumb/v7e-m+fp/hard\libnosys.a
END GROUP
LOAD C:/ProgramData/MATLAB/SupportPackages/R2025b/3P.instrset/gnuarm-armcortex.instrset/win/bin/../lib/gcc/arm-none-eabi/13.2.1/thumb/v7e-m+fp/hard/crtend.o
LOAD C:/ProgramData/MATLAB/SupportPackages/R2025b/3P.instrset/gnuarm-armcortex.instrset/win/bin/../lib/gcc/arm-none-eabi/13.2.1/thumb/v7e-m+fp/hard/crtn.o
                0x20020000                        _estack = (ORIGIN (RAM) + LENGTH (RAM))
                0x00000200                        _Min_Heap_Size = 0x200
                0x00000400                        _Min_Stack_Size = 0x400

.isr_vector     0x08000000      0x1c4
                0x08000000                        . = ALIGN (0x4)
 *(.isr_vector)
 .isr_vector    0x08000000      0x1c4 startup_stm32f446retx.s.o
                0x08000000                g_pfnVectors
                0x080001c4                        . = ALIGN (0x4)

.text           0x080001c8     0x9008
                0x080001c8                        . = ALIGN (0x4)
 *(.text)
 .text          0x080001c8      0x378 C:/ProgramData/MATLAB/SupportPackages/R2025b/3P.instrset/gnuarm-armcortex.instrset/win/bin/../lib/gcc/arm-none-eabi/13.2.1/thumb/v7e-m+fp/hard\libgcc.a(_arm_addsubdf3.o)
                0x080001c8                __aeabi_drsub
                0x080001d0                __aeabi_dsub
                0x080001d0                __subdf3
                0x080001d4                __aeabi_dadd
                0x080001d4                __adddf3
                0x0800044c                __floatunsidf
                0x0800044c                __aeabi_ui2d
                0x0800046c                __floatsidf
                0x0800046c                __aeabi_i2d
                0x08000490                __aeabi_f2d
                0x08000490                __extendsfdf2
                0x080004d4                __floatundidf
                0x080004d4                __aeabi_ul2d
                0x080004e4                __floatdidf
                0x080004e4                __aeabi_l2d
 .text          0x08000540      0x424 C:/ProgramData/MATLAB/SupportPackages/R2025b/3P.instrset/gnuarm-armcortex.instrset/win/bin/../lib/gcc/arm-none-eabi/13.2.1/thumb/v7e-m+fp/hard\libgcc.a(_arm_muldivdf3.o)
                0x08000540                __aeabi_dmul
                0x08000540                __muldf3
                0x08000794                __divdf3
                0x08000794                __aeabi_ddiv
 .text          0x08000964      0x110 C:/ProgramData/MATLAB/SupportPackages/R2025b/3P.instrset/gnuarm-armcortex.instrset/win/bin/../lib/gcc/arm-none-eabi/13.2.1/thumb/v7e-m+fp/hard\libgcc.a(_arm_cmpdf2.o)
                0x08000964                __gtdf2
                0x08000964                __gedf2
                0x0800096c                __ltdf2
                0x0800096c                __ledf2
                0x08000974                __nedf2
                0x08000974                __eqdf2
                0x08000974                __cmpdf2
                0x080009f0                __aeabi_cdrcmple
                0x08000a00                __aeabi_cdcmpeq
                0x08000a00                __aeabi_cdcmple
                0x08000a10                __aeabi_dcmpeq
                0x08000a24                __aeabi_dcmplt
                0x08000a38                __aeabi_dcmple
                0x08000a4c                __aeabi_dcmpge
                0x08000a60                __aeabi_dcmpgt
 .text          0x08000a74       0xa0 C:/ProgramData/MATLAB/SupportPackages/R2025b/3P.instrset/gnuarm-armcortex.instrset/win/bin/../lib/gcc/arm-none-eabi/13.2.1/thumb/v7e-m+fp/hard\libgcc.a(_arm_truncdfsf2.o)
                0x08000a74                __truncdfsf2
                0x08000a74                __aeabi_d2f
 .text          0x08000b14       0x30 C:/ProgramData/MATLAB/SupportPackages/R2025b/3P.instrset/gnuarm-armcortex.instrset/win/bin/../lib/gcc/arm-none-eabi/13.2.1/thumb/v7e-m+fp/hard\libgcc.a(_aeabi_uldivmod.o)
                0x08000b14                __aeabi_uldivmod
 .text          0x08000b44        0x4 C:/ProgramData/MATLAB/SupportPackages/R2025b/3P.instrset/gnuarm-armcortex.instrset/win/bin/../lib/gcc/arm-none-eabi/13.2.1/thumb/v7e-m+fp/hard\libgcc.a(_dvmd_tls.o)
                0x08000b44                __aeabi_idiv0
                0x08000b44                __aeabi_ldiv0
 *(.text*)
 .text.deregister_tm_clones
                0x08000b48       0x1c C:/ProgramData/MATLAB/SupportPackages/R2025b/3P.instrset/gnuarm-armcortex.instrset/win/bin/../lib/gcc/arm-none-eabi/13.2.1/thumb/v7e-m+fp/hard/crtbegin.o
 .text.register_tm_clones
                0x08000b64       0x24 C:/ProgramData/MATLAB/SupportPackages/R2025b/3P.instrset/gnuarm-armcortex.instrset/win/bin/../lib/gcc/arm-none-eabi/13.2.1/thumb/v7e-m+fp/hard/crtbegin.o
 .text.__do_global_dtors_aux
                0x08000b88       0x28 C:/ProgramData/MATLAB/SupportPackages/R2025b/3P.instrset/gnuarm-armcortex.instrset/win/bin/../lib/gcc/arm-none-eabi/13.2.1/thumb/v7e-m+fp/hard/crtbegin.o
 .text.frame_dummy
                0x08000bb0       0x24 C:/ProgramData/MATLAB/SupportPackages/R2025b/3P.instrset/gnuarm-armcortex.instrset/win/bin/../lib/gcc/arm-none-eabi/13.2.1/thumb/v7e-m+fp/hard/crtbegin.o
 .text.getNextXILIOData
                0x08000bd4       0x28 xil_interface_lib.c.o
 .text.processHostToTargetData
                0x08000bfc       0xa4 xil_interface_lib.c.o
 .text.processTargetToHostData
                0x08000ca0       0x78 xil_interface_lib.c.o
 .text.processTargetToHostPreData
                0x08000d18       0x7c xil_interface_lib.c.o
 .text.finalizeCommandResponse
                0x08000d94       0x66 xil_interface_lib.c.o
 *fill*         0x08000dfa        0x2 
 .text.computeNextState
                0x08000dfc      0x1f8 xil_interface_lib.c.o
 .text.xilReadCommandCode
                0x08000ff4       0x88 xil_interface_lib.c.o
 .text.xilProcessMsg
                0x0800107c      0x530 xil_interface_lib.c.o
                0x0800107c                xilProcessMsg
 .text.xilRun   0x080015ac       0x44 xil_interface_lib.c.o
                0x080015ac                xilRun
 .text.resetXILWriteBuffer
                0x080015f0       0x5c xil_data_stream.c.o
                0x080015f0                resetXILWriteBuffer
 .text.silpilInit
                0x0800164c       0x20 xil_data_stream.c.o
                0x0800164c                silpilInit
 .text.sendWriteBuffer
                0x0800166c       0x44 xil_data_stream.c.o
 .text.xilWriteData
                0x080016b0       0x9c xil_data_stream.c.o
                0x080016b0                xilWriteData
 .text.xilReadData
                0x0800174c       0xac xil_data_stream.c.o
                0x0800174c                xilReadData
 .text.xilDataFlush
                0x080017f8       0x40 xil_data_stream.c.o
                0x080017f8                xilDataFlush
 .text.silpilTerminate
                0x08001838        0xc xil_data_stream.c.o
                0x08001838                silpilTerminate
 .text.xilInit  0x08001844       0x44 xil_services.c.o
                0x08001844                xilInit
 .text.xilTerminateComms
                0x08001888       0x16 xil_services.c.o
                0x08001888                xilTerminateComms
 .text.xilProcessParams
                0x0800189e       0x20 xil_interface.c.o
                0x0800189e                xilProcessParams
 .text.xilGetDataTypeInfo
                0x080018be       0xa8 xil_interface.c.o
                0x080018be                xilGetDataTypeInfo
 *fill*         0x08001966        0x2 
 .text.xilInitialize
                0x08001968      0x174 xil_interface.c.o
                0x08001968                xilInitialize
 .text.xilPause
                0x08001adc       0x24 xil_interface.c.o
                0x08001adc                xilPause
 .text.xilSystemInitialize
                0x08001b00       0x4c xil_interface.c.o
                0x08001b00                xilSystemInitialize
 .text.xilSystemReset
                0x08001b4c       0x24 xil_interface.c.o
                0x08001b4c                xilSystemReset
 .text.xilGetHostToTargetData
                0x08001b70      0x150 xil_interface.c.o
                0x08001b70                xilGetHostToTargetData
 .text.xilGetTargetToHostPreData
                0x08001cc0       0x3a xil_interface.c.o
                0x08001cc0                xilGetTargetToHostPreData
 *fill*         0x08001cfa        0x2 
 .text.xilOutput
                0x08001cfc      0x104 xil_interface.c.o
                0x08001cfc                xilOutput
 .text.xilUpdate
                0x08001e00       0x22 xil_interface.c.o
                0x08001e00                xilUpdate
 *fill*         0x08001e22        0x2 
 .text.xilGetTargetToHostData
                0x08001e24      0x920 xil_interface.c.o
                0x08001e24                xilGetTargetToHostData
 .text.xilTerminate
                0x08002744       0x20 xil_interface.c.o
                0x08002744                xilTerminate
 .text.xilInitTargetData
                0x08002764       0x10 xil_interface.c.o
                0x08002764                xilInitTargetData
 .text.xilEnable
                0x08002774       0x22 xil_interface.c.o
                0x08002774                xilEnable
 .text.xilDisable
                0x08002796       0x22 xil_interface.c.o
                0x08002796                xilDisable
 .text.commsInit
                0x080027b8       0x34 xilcomms_rtiostream.c.o
                0x080027b8                commsInit
 .text.commsTerminate
                0x080027ec       0x24 xilcomms_rtiostream.c.o
                0x080027ec                commsTerminate
 .text.commsEnqueueBuffer
                0x08002810       0x68 xilcomms_rtiostream.c.o
                0x08002810                commsEnqueueBuffer
 .text.rtiostreamReadMessage
                0x08002878       0x7c xilcomms_rtiostream.c.o
                0x08002878                rtiostreamReadMessage
 .text.xilTgtAppSvcCreate
                0x080028f4       0x10 xil_rtiostream.c.o
                0x080028f4                xilTgtAppSvcCreate
 .text.xilTgtAppSvcDestroy
                0x08002904        0xe xil_rtiostream.c.o
                0x08002904                xilTgtAppSvcDestroy
 *fill*         0x08002912        0x2 
 .text.xilTgtAppSvcAllocBuffer
                0x08002914       0x24 xil_rtiostream.c.o
                0x08002914                xilTgtAppSvcAllocBuffer
 .text.xilTgtAppSvcGetBufferDataPtr
                0x08002938       0x1c xil_rtiostream.c.o
                0x08002938                xilTgtAppSvcGetBufferDataPtr
 .text.xilTgtAppSvcSend
                0x08002954       0x24 xil_rtiostream.c.o
                0x08002954                xilTgtAppSvcSend
 .text.rtIOStreamBlockingSend
                0x08002978       0x64 rtiostream_utils.c.o
                0x08002978                rtIOStreamBlockingSend
 .text.rtIOStreamBlockingRecv
                0x080029dc       0x64 rtiostream_utils.c.o
                0x080029dc                rtIOStreamBlockingRecv
 .text.coderAssumptionsRun
                0x08002a40       0x18 coder_assumptions_app.c.o
                0x08002a40                coderAssumptionsRun
 .text.runChecks
                0x08002a58       0x6e coder_assumptions_app.c.o
 .text.transmitMemUnitBytes
                0x08002ac6       0x3e coder_assumptions_app.c.o
 .text.sendPWS  0x08002b04       0xc8 coder_assumptions_app.c.o
 .text.sendHWImpl
                0x08002bcc       0xa4 coder_assumptions_app.c.o
 .text.sendHardwareImplementationResult
                0x08002c70      0x2bc coder_assumptions_app.c.o
 .text.sendResult
                0x08002f2c       0xa8 coder_assumptions_app.c.o
 .text.coderAssumptionsWriteData
                0x08002fd4       0x6c coder_assumptions_data_stream.c.o
                0x08002fd4                coderAssumptionsWriteData
 .text.resetCoderAssumptionsWriteBuffer
                0x08003040       0x40 coder_assumptions_data_stream.c.o
                0x08003040                resetCoderAssumptionsWriteBuffer
 .text.coderAssumptionsSendWriteBuffer
                0x08003080       0x40 coder_assumptions_data_stream.c.o
                0x08003080                coderAssumptionsSendWriteBuffer
 .text.coderAssumptionsInit
                0x080030c0       0x20 coder_assumptions_data_stream.c.o
                0x080030c0                coderAssumptionsInit
 .text.coderAssumptionsTerminate
                0x080030e0        0xc coder_assumptions_data_stream.c.o
                0x080030e0                coderAssumptionsTerminate
 .text.coderAssumpTgtAppSvcCreate
                0x080030ec       0x10 coder_assumptions_rtiostream.c.o
                0x080030ec                coderAssumpTgtAppSvcCreate
 .text.coderAssumpTgtAppSvcDestroy
                0x080030fc        0xe coder_assumptions_rtiostream.c.o
                0x080030fc                coderAssumpTgtAppSvcDestroy
 *fill*         0x0800310a        0x2 
 .text.coderAssumpTgtAppSvcAllocBuffer
                0x0800310c       0x24 coder_assumptions_rtiostream.c.o
                0x0800310c                coderAssumpTgtAppSvcAllocBuffer
 .text.coderAssumpTgtAppSvcGetBufferDataPtr
                0x08003130       0x1c coder_assumptions_rtiostream.c.o
                0x08003130                coderAssumpTgtAppSvcGetBufferDataPtr
 .text.coderAssumpTgtAppSvcSend
                0x0800314c       0x24 coder_assumptions_rtiostream.c.o
                0x0800314c                coderAssumpTgtAppSvcSend
 .text.PILmain  0x08003170       0x90 pil_main.c.o
                0x08003170                PILmain
 .text.main     0x08003200       0x2e pil_main.c.o
                0x08003200                main
 *fill*         0x0800322e        0x2 
 .text.rtIOStreamOpen
                0x08003230       0x44 rtiostream_serial.c.o
                0x08003230                rtIOStreamOpen
 .text.rtIOStreamSend
                0x08003274       0x38 rtiostream_serial.c.o
                0x08003274                rtIOStreamSend
 .text.rtIOStreamRecv
                0x080032ac       0x48 rtiostream_serial.c.o
                0x080032ac                rtIOStreamRecv
 .text.rtIOStreamClose
                0x080032f4       0x20 rtiostream_serial.c.o
                0x080032f4                rtIOStreamClose
 .text.__NVIC_GetPriorityGrouping
                0x08003314       0x1c stm_usart.c.o
 .text.__NVIC_EnableIRQ
                0x08003330       0x3c stm_usart.c.o
 .text.__NVIC_SetPriority
                0x0800336c       0x54 stm_usart.c.o
 .text.NVIC_EncodePriority
                0x080033c0       0x66 stm_usart.c.o
 *fill*         0x08003426        0x2 
 .text.LL_DMA_EnableStream
                0x08003428       0x40 stm_usart.c.o
 .text.LL_DMA_DisableStream
                0x08003468       0x40 stm_usart.c.o
 .text.LL_DMA_GetMode
                0x080034a8       0x30 stm_usart.c.o
 .text.LL_DMA_SetDataLength
                0x080034d8       0x48 stm_usart.c.o
 .text.LL_DMA_GetDataLength
                0x08003520       0x2c stm_usart.c.o
 .text.LL_DMA_ConfigAddresses
                0x0800354c       0x78 stm_usart.c.o
 .text.LL_DMA_IsActiveFlag_TC5
                0x080035c4       0x28 stm_usart.c.o
 .text.LL_DMA_ClearFlag_TC5
                0x080035ec       0x1c stm_usart.c.o
 .text.LL_DMA_EnableIT_TC
                0x08003608       0x40 stm_usart.c.o
 .text.LL_DMA_DisableIT_TC
                0x08003648       0x40 stm_usart.c.o
 .text.LL_DMA_IsEnabledIT_TC
                0x08003688       0x38 stm_usart.c.o
 .text.LL_USART_Enable
                0x080036c0       0x20 stm_usart.c.o
 .text.LL_USART_Disable
                0x080036e0       0x20 stm_usart.c.o
 .text.LL_USART_IsActiveFlag_PE
                0x08003700       0x26 stm_usart.c.o
 .text.LL_USART_IsActiveFlag_FE
                0x08003726       0x26 stm_usart.c.o
 .text.LL_USART_IsActiveFlag_NE
                0x0800374c       0x26 stm_usart.c.o
 .text.LL_USART_IsActiveFlag_ORE
                0x08003772       0x26 stm_usart.c.o
 .text.LL_USART_IsActiveFlag_TC
                0x08003798       0x26 stm_usart.c.o
 .text.LL_USART_IsActiveFlag_TXE
                0x080037be       0x26 stm_usart.c.o
 .text.LL_USART_ClearFlag_PE
                0x080037e4       0x24 stm_usart.c.o
 .text.LL_USART_ClearFlag_ORE
                0x08003808       0x24 stm_usart.c.o
 .text.LL_USART_EnableIT_RXNE
                0x0800382c       0x46 stm_usart.c.o
 .text.LL_USART_EnableIT_PE
                0x08003872       0x46 stm_usart.c.o
 .text.LL_USART_EnableIT_ERROR
                0x080038b8       0x46 stm_usart.c.o
 .text.LL_USART_DisableIT_IDLE
                0x080038fe       0x46 stm_usart.c.o
 .text.LL_USART_DisableIT_RXNE
                0x08003944       0x46 stm_usart.c.o
 .text.LL_USART_DisableIT_TXE
                0x0800398a       0x46 stm_usart.c.o
 .text.LL_USART_DisableIT_PE
                0x080039d0       0x46 stm_usart.c.o
 .text.LL_USART_DisableIT_ERROR
                0x08003a16       0x46 stm_usart.c.o
 .text.LL_USART_EnableDMAReq_RX
                0x08003a5c       0x46 stm_usart.c.o
 .text.LL_USART_DisableDMAReq_RX
                0x08003aa2       0x46 stm_usart.c.o
 .text.LL_USART_EnableDMAReq_TX
                0x08003ae8       0x46 stm_usart.c.o
 .text.LL_USART_DisableDMAReq_TX
                0x08003b2e       0x46 stm_usart.c.o
 .text.LL_USART_DMA_GetRegAddr
                0x08003b74       0x18 stm_usart.c.o
 .text.LL_USART_ReceiveData8
                0x08003b8c       0x1a stm_usart.c.o
 .text.LL_USART_TransmitData8
                0x08003ba6       0x1e stm_usart.c.o
 .text.getAvailableDataInBuffer
                0x08003bc4       0xcc stm_usart.c.o
                0x08003bc4                getAvailableDataInBuffer
 .text.getBytesToBeReadFromBuffer
                0x08003c90       0x6e stm_usart.c.o
                0x08003c90                getBytesToBeReadFromBuffer
 .text.readDataFromBuffer
                0x08003cfe       0xcc stm_usart.c.o
                0x08003cfe                readDataFromBuffer
 .text.UART_RXDMAInterruptHandler
                0x08003dca       0xd4 stm_usart.c.o
                0x08003dca                UART_RXDMAInterruptHandler
 .text.UART_IsActiveFlagError
                0x08003e9e       0xe0 stm_usart.c.o
                0x08003e9e                UART_IsActiveFlagError
 *fill*         0x08003f7e        0x2 
 .text.USART2_IRQHandler
                0x08003f80       0x14 stm_usart.c.o
                0x08003f80                USART2_IRQHandler
 .text.DMA1_Stream5_IRQHandler
                0x08003f94       0x20 stm_usart.c.o
                0x08003f94                DMA1_Stream5_IRQHandler
 .text.UART_ConfigureReceiveDMA
                0x08003fb4       0x88 stm_usart.c.o
                0x08003fb4                UART_ConfigureReceiveDMA
 .text.UART_ConfigureTransmitDMA
                0x0800403c       0x54 stm_usart.c.o
                0x0800403c                UART_ConfigureTransmitDMA
 .text.getReadErrorStatus
                0x08004090       0xc8 stm_usart.c.o
                0x08004090                getReadErrorStatus
 .text.MW_UART_Initialize
                0x08004158      0x198 stm_usart.c.o
                0x08004158                MW_UART_Initialize
 .text.MW_UART_ReceiveUsingBuffer
                0x080042f0       0x5c stm_usart.c.o
                0x080042f0                MW_UART_ReceiveUsingBuffer
 .text.MW_UART_TransmitUsingPolling
                0x0800434c      0x184 stm_usart.c.o
                0x0800434c                MW_UART_TransmitUsingPolling
 .text.MW_UART_DeInit
                0x080044d0       0xaa stm_usart.c.o
                0x080044d0                MW_UART_DeInit
 *fill*         0x0800457a        0x2 
 .text.PeriphCommonClock_Config
                0x0800457c       0x10 platform_timer.c.o
                0x0800457c                PeriphCommonClock_Config
 .text.getCurrentTimestampInMicros
                0x0800458c       0x40 platform_timer.c.o
                0x0800458c                getCurrentTimestampInMicros
 .text.returnTimeElapsed
                0x080045cc       0x2c platform_timer.c.o
                0x080045cc                returnTimeElapsed
 .text.__NVIC_GetPriorityGrouping
                0x080045f8       0x1c main.c.o
 .text.__NVIC_EnableIRQ
                0x08004614       0x3c main.c.o
 .text.__NVIC_SetPriority
                0x08004650       0x54 main.c.o
 .text.NVIC_EncodePriority
                0x080046a4       0x66 main.c.o
 *fill*         0x0800470a        0x2 
 .text.LL_DMA_SetDataTransferDirection
                0x0800470c       0x48 main.c.o
 .text.LL_DMA_SetMode
                0x08004754       0x48 main.c.o
 .text.LL_DMA_SetPeriphIncMode
                0x0800479c       0x48 main.c.o
 .text.LL_DMA_SetMemoryIncMode
                0x080047e4       0x48 main.c.o
 .text.LL_DMA_SetPeriphSize
                0x0800482c       0x48 main.c.o
 .text.LL_DMA_SetMemorySize
                0x08004874       0x48 main.c.o
 .text.LL_DMA_SetStreamPriorityLevel
                0x080048bc       0x48 main.c.o
 .text.LL_DMA_SetChannelSelection
                0x08004904       0x48 main.c.o
 .text.LL_DMA_DisableFifoMode
                0x0800494c       0x40 main.c.o
 .text.LL_RCC_HSI_Enable
                0x0800498c       0x20 main.c.o
 .text.LL_RCC_HSI_IsReady
                0x080049ac       0x24 main.c.o
 .text.LL_RCC_HSI_SetCalibTrimming
                0x080049d0       0x2c main.c.o
 .text.LL_RCC_SetSysClkSource
                0x080049fc       0x28 main.c.o
 .text.LL_RCC_GetSysClkSource
                0x08004a24       0x1c main.c.o
 .text.LL_RCC_SetAHBPrescaler
                0x08004a40       0x28 main.c.o
 .text.LL_RCC_SetAPB1Prescaler
                0x08004a68       0x28 main.c.o
 .text.LL_RCC_SetAPB2Prescaler
                0x08004a90       0x28 main.c.o
 .text.LL_RCC_SetTIMPrescaler
                0x08004ab8       0x2c main.c.o
 .text.LL_RCC_PLL_Enable
                0x08004ae4       0x20 main.c.o
 .text.LL_RCC_PLL_IsReady
                0x08004b04       0x28 main.c.o
 .text.LL_RCC_PLL_ConfigDomain_SYS
                0x08004b2c       0x5c main.c.o
 .text.LL_AHB1_GRP1_EnableClock
                0x08004b88       0x30 main.c.o
 .text.LL_APB1_GRP1_EnableClock
                0x08004bb8       0x30 main.c.o
 .text.LL_SYSCFG_SetEXTISource
                0x08004be8       0x6c main.c.o
 .text.LL_FLASH_SetLatency
                0x08004c54       0x28 main.c.o
 .text.LL_FLASH_GetLatency
                0x08004c7c       0x1c main.c.o
 .text.LL_PWR_DisableOverDriveMode
                0x08004c98       0x20 main.c.o
 .text.LL_PWR_SetRegulVoltageScaling
                0x08004cb8       0x28 main.c.o
 .text.LL_PWR_IsActiveFlag_VOS
                0x08004ce0       0x28 main.c.o
 .text.LL_USART_Enable
                0x08004d08       0x20 main.c.o
 .text.LL_USART_ConfigAsyncMode
                0x08004d28       0x2c main.c.o
 .text.LL_GPIO_SetPinMode
                0x08004d54       0x7a main.c.o
 .text.LL_GPIO_SetPinPull
                0x08004dce       0x7a main.c.o
 .text.LL_GPIO_ResetOutputPin
                0x08004e48       0x1e main.c.o
 *fill*         0x08004e66        0x2 
 .text.SystemClock_Config
                0x08004e68       0xb0 main.c.o
                0x08004e68                SystemClock_Config
 .text.MX_USART2_UART_Init
                0x08004f18      0x100 main.c.o
                0x08004f18                MX_USART2_UART_Init
 .text.MX_DMA_Init
                0x08005018       0x30 main.c.o
                0x08005018                MX_DMA_Init
 .text.MX_GPIO_Init
                0x08005048       0xb0 main.c.o
                0x08005048                MX_GPIO_Init
 .text.HAL_TIM_PeriodElapsedCallback
                0x080050f8       0x24 main.c.o
                0x080050f8                HAL_TIM_PeriodElapsedCallback
 .text.Error_Handler
                0x0800511c        0xc main.c.o
                0x0800511c                Error_Handler
 .text.NMI_Handler
                0x08005128        0x8 stm32f4xx_it.c.o
                0x08005128                NMI_Handler
 .text.HardFault_Handler
                0x08005130        0x8 stm32f4xx_it.c.o
                0x08005130                HardFault_Handler
 .text.MemManage_Handler
                0x08005138        0x8 stm32f4xx_it.c.o
                0x08005138                MemManage_Handler
 .text.BusFault_Handler
                0x08005140        0x8 stm32f4xx_it.c.o
                0x08005140                BusFault_Handler
 .text.UsageFault_Handler
                0x08005148        0x8 stm32f4xx_it.c.o
                0x08005148                UsageFault_Handler
 .text.SVC_Handler
                0x08005150        0xe stm32f4xx_it.c.o
                0x08005150                SVC_Handler
 .text.DebugMon_Handler
                0x0800515e        0xe stm32f4xx_it.c.o
                0x0800515e                DebugMon_Handler
 .text.PendSV_Handler
                0x0800516c        0xe stm32f4xx_it.c.o
                0x0800516c                PendSV_Handler
 .text.SysTick_Handler
                0x0800517a        0xe stm32f4xx_it.c.o
                0x0800517a                SysTick_Handler
 .text.TIM5_IRQHandler
                0x08005188       0x14 stm32f4xx_it.c.o
                0x08005188                TIM5_IRQHandler
 .text.HAL_MspInit
                0x0800519c       0x50 stm32f4xx_hal_msp.c.o
                0x0800519c                HAL_MspInit
 .text.HAL_InitTick
                0x080051ec       0xf8 stm32f4xx_hal_timebase_tim.c.o
                0x080051ec                HAL_InitTick
 .text.HAL_TIM_Base_Init
                0x080052e4       0x9e stm32f4xx_hal_tim.c.o
                0x080052e4                HAL_TIM_Base_Init
 .text.HAL_TIM_Base_MspInit
                0x08005382       0x14 stm32f4xx_hal_tim.c.o
                0x08005382                HAL_TIM_Base_MspInit
 *fill*         0x08005396        0x2 
 .text.HAL_TIM_Base_Start_IT
                0x08005398       0xe0 stm32f4xx_hal_tim.c.o
                0x08005398                HAL_TIM_Base_Start_IT
 .text.HAL_TIM_IRQHandler
                0x08005478      0x1e0 stm32f4xx_hal_tim.c.o
                0x08005478                HAL_TIM_IRQHandler
 .text.HAL_TIM_OC_DelayElapsedCallback
                0x08005658       0x14 stm32f4xx_hal_tim.c.o
                0x08005658                HAL_TIM_OC_DelayElapsedCallback
 .text.HAL_TIM_IC_CaptureCallback
                0x0800566c       0x14 stm32f4xx_hal_tim.c.o
                0x0800566c                HAL_TIM_IC_CaptureCallback
 .text.HAL_TIM_PWM_PulseFinishedCallback
                0x08005680       0x14 stm32f4xx_hal_tim.c.o
                0x08005680                HAL_TIM_PWM_PulseFinishedCallback
 .text.HAL_TIM_TriggerCallback
                0x08005694       0x14 stm32f4xx_hal_tim.c.o
                0x08005694                HAL_TIM_TriggerCallback
 .text.TIM_Base_SetConfig
                0x080056a8      0x158 stm32f4xx_hal_tim.c.o
                0x080056a8                TIM_Base_SetConfig
 .text.HAL_TIMEx_CommutCallback
                0x08005800       0x14 stm32f4xx_hal_tim_ex.c.o
                0x08005800                HAL_TIMEx_CommutCallback
 .text.HAL_TIMEx_BreakCallback
                0x08005814       0x14 stm32f4xx_hal_tim_ex.c.o
                0x08005814                HAL_TIMEx_BreakCallback
 .text.LL_GPIO_SetPinMode
                0x08005828       0x7a stm32f4xx_ll_gpio.c.o
 .text.LL_GPIO_SetPinOutputType
                0x080058a2       0x30 stm32f4xx_ll_gpio.c.o
 .text.LL_GPIO_SetPinSpeed
                0x080058d2       0x7a stm32f4xx_ll_gpio.c.o
 .text.LL_GPIO_SetPinPull
                0x0800594c       0x7a stm32f4xx_ll_gpio.c.o
 .text.LL_GPIO_SetAFPin_0_7
                0x080059c6       0x7a stm32f4xx_ll_gpio.c.o
 .text.LL_GPIO_SetAFPin_8_15
                0x08005a40       0x7e stm32f4xx_ll_gpio.c.o
 .text.LL_GPIO_Init
                0x08005abe      0x102 stm32f4xx_ll_gpio.c.o
                0x08005abe                LL_GPIO_Init
 .text.LL_USART_IsEnabled
                0x08005bc0       0x28 stm32f4xx_ll_usart.c.o
 .text.LL_USART_SetStopBitsLength
                0x08005be8       0x26 stm32f4xx_ll_usart.c.o
 .text.LL_USART_SetHWFlowCtrl
                0x08005c0e       0x26 stm32f4xx_ll_usart.c.o
 .text.LL_USART_SetBaudRate
                0x08005c34      0x45c stm32f4xx_ll_usart.c.o
 .text.LL_USART_Init
                0x08006090      0x100 stm32f4xx_ll_usart.c.o
                0x08006090                LL_USART_Init
 .text.LL_RCC_GetSysClkSource
                0x08006190       0x1c stm32f4xx_ll_rcc.c.o
 .text.LL_RCC_GetAHBPrescaler
                0x080061ac       0x1c stm32f4xx_ll_rcc.c.o
 .text.LL_RCC_GetAPB1Prescaler
                0x080061c8       0x1c stm32f4xx_ll_rcc.c.o
 .text.LL_RCC_GetAPB2Prescaler
                0x080061e4       0x1c stm32f4xx_ll_rcc.c.o
 .text.LL_RCC_PLL_GetMainSource
                0x08006200       0x1c stm32f4xx_ll_rcc.c.o
 .text.LL_RCC_PLL_GetN
                0x0800621c       0x1c stm32f4xx_ll_rcc.c.o
 .text.LL_RCC_PLL_GetP
                0x08006238       0x1c stm32f4xx_ll_rcc.c.o
 .text.LL_RCC_PLL_GetR
                0x08006254       0x1c stm32f4xx_ll_rcc.c.o
 .text.LL_RCC_PLL_GetDivider
                0x08006270       0x1c stm32f4xx_ll_rcc.c.o
 .text.LL_RCC_GetSystemClocksFreq
                0x0800628c       0x4a stm32f4xx_ll_rcc.c.o
                0x0800628c                LL_RCC_GetSystemClocksFreq
 *fill*         0x080062d6        0x2 
 .text.RCC_GetSystemClockFreq
                0x080062d8       0x88 stm32f4xx_ll_rcc.c.o
                0x080062d8                RCC_GetSystemClockFreq
 .text.RCC_GetHCLKClockFreq
                0x08006360       0x2c stm32f4xx_ll_rcc.c.o
                0x08006360                RCC_GetHCLKClockFreq
 .text.RCC_GetPCLK1ClockFreq
                0x0800638c       0x28 stm32f4xx_ll_rcc.c.o
                0x0800638c                RCC_GetPCLK1ClockFreq
 .text.RCC_GetPCLK2ClockFreq
                0x080063b4       0x28 stm32f4xx_ll_rcc.c.o
                0x080063b4                RCC_GetPCLK2ClockFreq
 .text.RCC_PLL_GetFreqDomain_SYS
                0x080063dc       0xa4 stm32f4xx_ll_rcc.c.o
                0x080063dc                RCC_PLL_GetFreqDomain_SYS
 .text.LL_SetSystemCoreClock
                0x08006480       0x20 stm32f4xx_ll_utils.c.o
                0x08006480                LL_SetSystemCoreClock
 .text.LL_EXTI_EnableIT_0_31
                0x080064a0       0x24 stm32f4xx_ll_exti.c.o
 .text.LL_EXTI_DisableIT_0_31
                0x080064c4       0x28 stm32f4xx_ll_exti.c.o
 .text.LL_EXTI_EnableEvent_0_31
                0x080064ec       0x24 stm32f4xx_ll_exti.c.o
 .text.LL_EXTI_DisableEvent_0_31
                0x08006510       0x28 stm32f4xx_ll_exti.c.o
 .text.LL_EXTI_EnableRisingTrig_0_31
                0x08006538       0x24 stm32f4xx_ll_exti.c.o
 .text.LL_EXTI_DisableRisingTrig_0_31
                0x0800655c       0x28 stm32f4xx_ll_exti.c.o
 .text.LL_EXTI_EnableFallingTrig_0_31
                0x08006584       0x24 stm32f4xx_ll_exti.c.o
 .text.LL_EXTI_DisableFallingTrig_0_31
                0x080065a8       0x28 stm32f4xx_ll_exti.c.o
 .text.LL_EXTI_Init
                0x080065d0       0xfe stm32f4xx_ll_exti.c.o
                0x080065d0                LL_EXTI_Init
 *fill*         0x080066ce        0x2 
 .text.HAL_RCC_GetHCLKFreq
                0x080066d0       0x18 stm32f4xx_hal_rcc.c.o
                0x080066d0                HAL_RCC_GetHCLKFreq
 .text.HAL_RCC_GetPCLK1Freq
                0x080066e8       0x28 stm32f4xx_hal_rcc.c.o
                0x080066e8                HAL_RCC_GetPCLK1Freq
 .text.HAL_RCC_GetClockConfig
                0x08006710       0x64 stm32f4xx_hal_rcc.c.o
                0x08006710                HAL_RCC_GetClockConfig
 .text.__NVIC_SetPriorityGrouping
                0x08006774       0x48 stm32f4xx_hal_cortex.c.o
 .text.__NVIC_GetPriorityGrouping
                0x080067bc       0x1c stm32f4xx_hal_cortex.c.o
 .text.__NVIC_EnableIRQ
                0x080067d8       0x3c stm32f4xx_hal_cortex.c.o
 .text.__NVIC_SetPriority
                0x08006814       0x54 stm32f4xx_hal_cortex.c.o
 .text.NVIC_EncodePriority
                0x08006868       0x66 stm32f4xx_hal_cortex.c.o
 .text.HAL_NVIC_SetPriorityGrouping
                0x080068ce       0x16 stm32f4xx_hal_cortex.c.o
                0x080068ce                HAL_NVIC_SetPriorityGrouping
 .text.HAL_NVIC_SetPriority
                0x080068e4       0x38 stm32f4xx_hal_cortex.c.o
                0x080068e4                HAL_NVIC_SetPriority
 .text.HAL_NVIC_EnableIRQ
                0x0800691c       0x1c stm32f4xx_hal_cortex.c.o
                0x0800691c                HAL_NVIC_EnableIRQ
 .text.HAL_Init
                0x08006938       0x44 stm32f4xx_hal.c.o
                0x08006938                HAL_Init
 .text.HAL_IncTick
                0x0800697c       0x28 stm32f4xx_hal.c.o
                0x0800697c                HAL_IncTick
 .text.HAL_GetTick
                0x080069a4       0x18 stm32f4xx_hal.c.o
                0x080069a4                HAL_GetTick
 .text.SystemInit
                0x080069bc       0x24 system_stm32f4xx.c.o
                0x080069bc                SystemInit
 .text.Reset_Handler
                0x080069e0       0x50 startup_stm32f446retx.s.o
                0x080069e0                Reset_Handler
 .text.Default_Handler
                0x08006a30        0x2 startup_stm32f446retx.s.o
                0x08006a30                RTC_Alarm_IRQHandler
                0x08006a30                EXTI2_IRQHandler
                0x08006a30                TIM8_CC_IRQHandler
                0x08006a30                FMPI2C1_EV_IRQHandler
                0x08006a30                SPI4_IRQHandler
                0x08006a30                TIM1_CC_IRQHandler
                0x08006a30                DMA2_Stream5_IRQHandler
                0x08006a30                PVD_IRQHandler
                0x08006a30                SDIO_IRQHandler
                0x08006a30                TAMP_STAMP_IRQHandler
                0x08006a30                CAN2_RX1_IRQHandler
                0x08006a30                EXTI3_IRQHandler
                0x08006a30                TIM8_TRG_COM_TIM14_IRQHandler
                0x08006a30                TIM1_UP_TIM10_IRQHandler
                0x08006a30                TIM8_UP_TIM13_IRQHandler
                0x08006a30                I2C3_ER_IRQHandler
                0x08006a30                EXTI0_IRQHandler
                0x08006a30                I2C2_EV_IRQHandler
                0x08006a30                DMA1_Stream2_IRQHandler
                0x08006a30                CAN1_RX0_IRQHandler
                0x08006a30                FPU_IRQHandler
                0x08006a30                OTG_HS_WKUP_IRQHandler
                0x08006a30                CAN2_SCE_IRQHandler
                0x08006a30                DMA2_Stream2_IRQHandler
                0x08006a30                SPI1_IRQHandler
                0x08006a30                TIM6_DAC_IRQHandler
                0x08006a30                TIM1_BRK_TIM9_IRQHandler
                0x08006a30                DCMI_IRQHandler
                0x08006a30                CAN2_RX0_IRQHandler
                0x08006a30                DMA2_Stream3_IRQHandler
                0x08006a30                SAI2_IRQHandler
                0x08006a30                USART6_IRQHandler
                0x08006a30                USART3_IRQHandler
                0x08006a30                CAN1_RX1_IRQHandler
                0x08006a30                UART5_IRQHandler
                0x08006a30                DMA2_Stream0_IRQHandler
                0x08006a30                TIM4_IRQHandler
                0x08006a30                QUADSPI_IRQHandler
                0x08006a30                I2C1_EV_IRQHandler
                0x08006a30                DMA1_Stream6_IRQHandler
                0x08006a30                DMA1_Stream1_IRQHandler
                0x08006a30                UART4_IRQHandler
                0x08006a30                TIM3_IRQHandler
                0x08006a30                RCC_IRQHandler
                0x08006a30                TIM8_BRK_TIM12_IRQHandler
                0x08006a30                Default_Handler
                0x08006a30                CEC_IRQHandler
                0x08006a30                EXTI15_10_IRQHandler
                0x08006a30                ADC_IRQHandler
                0x08006a30                DMA1_Stream7_IRQHandler
                0x08006a30                TIM7_IRQHandler
                0x08006a30                CAN2_TX_IRQHandler
                0x08006a30                DMA2_Stream7_IRQHandler
                0x08006a30                I2C3_EV_IRQHandler
                0x08006a30                EXTI9_5_IRQHandler
                0x08006a30                RTC_WKUP_IRQHandler
                0x08006a30                SPDIF_RX_IRQHandler
                0x08006a30                SPI2_IRQHandler
                0x08006a30                OTG_HS_EP1_IN_IRQHandler
                0x08006a30                DMA1_Stream0_IRQHandler
                0x08006a30                CAN1_TX_IRQHandler
                0x08006a30                FMPI2C1_ER_IRQHandler
                0x08006a30                EXTI4_IRQHandler
                0x08006a30                OTG_HS_EP1_OUT_IRQHandler
                0x08006a30                WWDG_IRQHandler
                0x08006a30                TIM2_IRQHandler
                0x08006a30                OTG_FS_WKUP_IRQHandler
                0x08006a30                TIM1_TRG_COM_TIM11_IRQHandler
                0x08006a30                OTG_HS_IRQHandler
                0x08006a30                EXTI1_IRQHandler
                0x08006a30                I2C2_ER_IRQHandler
                0x08006a30                DMA2_Stream1_IRQHandler
                0x08006a30                CAN1_SCE_IRQHandler
                0x08006a30                FLASH_IRQHandler
                0x08006a30                DMA2_Stream4_IRQHandler
                0x08006a30                USART1_IRQHandler
                0x08006a30                OTG_FS_IRQHandler
                0x08006a30                SPI3_IRQHandler
                0x08006a30                DMA1_Stream4_IRQHandler
                0x08006a30                I2C1_ER_IRQHandler
                0x08006a30                FMC_IRQHandler
                0x08006a30                DMA2_Stream6_IRQHandler
                0x08006a30                SAI1_IRQHandler
                0x08006a30                DMA1_Stream3_IRQHandler
 .text.BMS_MCU_CODE_Init
                0x08006a32       0x42 ../../../../slprj/ert/BMS_MCU_CODE/BMS_MCU_CODE_rtwlib.lib(BMS_MCU_CODE.c.o)
                0x08006a32                BMS_MCU_CODE_Init
 *fill*         0x08006a74        0x4 
 .text.BMS_MCU_CODE
                0x08006a78     0x14f8 ../../../../slprj/ert/BMS_MCU_CODE/BMS_MCU_CODE_rtwlib.lib(BMS_MCU_CODE.c.o)
                0x08006a78                BMS_MCU_CODE
 .text.BMS_MCU_CODE_initialize
                0x08007f70       0x1c ../../../../slprj/ert/BMS_MCU_CODE/BMS_MCU_CODE_rtwlib.lib(BMS_MCU_CODE.c.o)
                0x08007f70                BMS_MCU_CODE_initialize
 .text.intrp2d_fu32fl_pw
                0x08007f8c       0xc0 C:/Users/odona/OneDrive/Yara/Thesis/BMS_Thesis/slprj/ert/_sharedutils/rtwshared.lib(intrp2d_fu32fl_pw.c.o)
                0x08007f8c                intrp2d_fu32fl_pw
 .text.look1_binlxpw
                0x0800804c      0x1d2 C:/Users/odona/OneDrive/Yara/Thesis/BMS_Thesis/slprj/ert/_sharedutils/rtwshared.lib(look1_binlxpw.c.o)
                0x0800804c                look1_binlxpw
 .text.maximum_TTkd84nS
                0x0800821e       0xd8 C:/Users/odona/OneDrive/Yara/Thesis/BMS_Thesis/slprj/ert/_sharedutils/rtwshared.lib(maximum_TTkd84nS.c.o)
                0x0800821e                maximum_TTkd84nS
 .text.minimum_ruU8vKTP
                0x080082f6       0xd8 C:/Users/odona/OneDrive/Yara/Thesis/BMS_Thesis/slprj/ert/_sharedutils/rtwshared.lib(minimum_ruU8vKTP.c.o)
                0x080082f6                minimum_ruU8vKTP
 .text.plook_u32ff_binx
                0x080083ce      0x116 C:/Users/odona/OneDrive/Yara/Thesis/BMS_Thesis/slprj/ert/_sharedutils/rtwshared.lib(plook_u32ff_binx.c.o)
                0x080083ce                plook_u32ff_binx
 .text.rtIsNaNF
                0x080084e4       0x2e C:/Users/odona/OneDrive/Yara/Thesis/BMS_Thesis/slprj/ert/_sharedutils/rtwshared.lib(rt_nonfinite.c.o)
                0x080084e4                rtIsNaNF
 .text.binsearch_u32f
                0x08008512       0x64 C:/Users/odona/OneDrive/Yara/Thesis/BMS_Thesis/slprj/ert/_sharedutils/rtwshared.lib(binsearch_u32f.c.o)
                0x08008512                binsearch_u32f
 *fill*         0x08008576        0x2 
 .text.BMS_MCU_CODE_caRunTests
                0x08008578       0x30 C:/Users/odona/OneDrive/Yara/Thesis/BMS_Thesis/slprj/ert/BMS_MCU_CODE/coderassumptions/lib/BMS_MCU_CODE_ca.lib(BMS_MCU_CODE_ca.c.o)
                0x08008578                BMS_MCU_CODE_caRunTests
 .text.caVerifyChecks
                0x080085a8      0x30c C:/Users/odona/OneDrive/Yara/Thesis/BMS_Thesis/slprj/ert/BMS_MCU_CODE/coderassumptions/lib/BMS_MCU_CODE_ca.lib(coder_assumptions_hwimpl.c.o)
                0x080085a8                caVerifyChecks
 .text.caVerifyPortableWordSizes
                0x080088b4       0x58 C:/Users/odona/OneDrive/Yara/Thesis/BMS_Thesis/slprj/ert/BMS_MCU_CODE/coderassumptions/lib/BMS_MCU_CODE_ca.lib(coder_assumptions_hwimpl.c.o)
                0x080088b4                caVerifyPortableWordSizes
 .text.runMemoryChecks
                0x0800890c       0x54 C:/Users/odona/OneDrive/Yara/Thesis/BMS_Thesis/slprj/ert/BMS_MCU_CODE/coderassumptions/lib/BMS_MCU_CODE_ca.lib(coder_assumptions_hwimpl.c.o)
 .text.runTest  0x08008960       0x42 C:/Users/odona/OneDrive/Yara/Thesis/BMS_Thesis/slprj/ert/BMS_MCU_CODE/coderassumptions/lib/BMS_MCU_CODE_ca.lib(coder_assumptions_hwimpl.c.o)
 .text.testPass
                0x080089a2       0x30 C:/Users/odona/OneDrive/Yara/Thesis/BMS_Thesis/slprj/ert/BMS_MCU_CODE/coderassumptions/lib/BMS_MCU_CODE_ca.lib(coder_assumptions_hwimpl.c.o)
 .text.testFail
                0x080089d2       0x30 C:/Users/odona/OneDrive/Yara/Thesis/BMS_Thesis/slprj/ert/BMS_MCU_CODE/coderassumptions/lib/BMS_MCU_CODE_ca.lib(coder_assumptions_hwimpl.c.o)
 .text.testWarn
                0x08008a02       0x30 C:/Users/odona/OneDrive/Yara/Thesis/BMS_Thesis/slprj/ert/BMS_MCU_CODE/coderassumptions/lib/BMS_MCU_CODE_ca.lib(coder_assumptions_hwimpl.c.o)
 .text.testSkip
                0x08008a32       0x30 C:/Users/odona/OneDrive/Yara/Thesis/BMS_Thesis/slprj/ert/BMS_MCU_CODE/coderassumptions/lib/BMS_MCU_CODE_ca.lib(coder_assumptions_hwimpl.c.o)
 .text.testReview
                0x08008a62       0x30 C:/Users/odona/OneDrive/Yara/Thesis/BMS_Thesis/slprj/ert/BMS_MCU_CODE/coderassumptions/lib/BMS_MCU_CODE_ca.lib(coder_assumptions_hwimpl.c.o)
 .text.numBits  0x08008a92       0x44 C:/Users/odona/OneDrive/Yara/Thesis/BMS_Thesis/slprj/ert/BMS_MCU_CODE/coderassumptions/lib/BMS_MCU_CODE_ca.lib(coder_assumptions_hwimpl.c.o)
 .text.getCPUInfo
                0x08008ad6      0x234 C:/Users/odona/OneDrive/Yara/Thesis/BMS_Thesis/slprj/ert/BMS_MCU_CODE/coderassumptions/lib/BMS_MCU_CODE_ca.lib(coder_assumptions_hwimpl.c.o)
 .text.getBitsPerMemUnit
                0x08008d0a       0x20 C:/Users/odona/OneDrive/Yara/Thesis/BMS_Thesis/slprj/ert/BMS_MCU_CODE/coderassumptions/lib/BMS_MCU_CODE_ca.lib(coder_assumptions_hwimpl.c.o)
 *fill*         0x08008d2a        0x2 
 .text.fmin     0x08008d2c       0x50 C:/ProgramData/MATLAB/SupportPackages/R2025b/3P.instrset/gnuarm-armcortex.instrset/win/bin/../lib/gcc/arm-none-eabi/13.2.1/thumb/v7e-m+fp/hard\libm.a(libm_a-s_fmin.o)
                0x08008d2c                fmin
 .text.__fpclassifyd
                0x08008d7c       0x5c C:/ProgramData/MATLAB/SupportPackages/R2025b/3P.instrset/gnuarm-armcortex.instrset/win/bin/../lib/gcc/arm-none-eabi/13.2.1/thumb/v7e-m+fp/hard\libm.a(libm_a-s_fpclassify.o)
                0x08008d7c                __fpclassifyd
 .text.fmaxf    0x08008dd8       0x3c C:/ProgramData/MATLAB/SupportPackages/R2025b/3P.instrset/gnuarm-armcortex.instrset/win/bin/../lib/gcc/arm-none-eabi/13.2.1/thumb/v7e-m+fp/hard\libm.a(libm_a-sf_fmax.o)
                0x08008dd8                fmaxf
 .text.fminf    0x08008e14       0x3c C:/ProgramData/MATLAB/SupportPackages/R2025b/3P.instrset/gnuarm-armcortex.instrset/win/bin/../lib/gcc/arm-none-eabi/13.2.1/thumb/v7e-m+fp/hard\libm.a(libm_a-sf_fmin.o)
                0x08008e14                fminf
 .text.__fpclassifyf
                0x08008e50       0x38 C:/ProgramData/MATLAB/SupportPackages/R2025b/3P.instrset/gnuarm-armcortex.instrset/win/bin/../lib/gcc/arm-none-eabi/13.2.1/thumb/v7e-m+fp/hard\libm.a(libm_a-sf_fpclassify.o)
                0x08008e50                __fpclassifyf
 .text.__udivmoddi4
                0x08008e88      0x2bc C:/ProgramData/MATLAB/SupportPackages/R2025b/3P.instrset/gnuarm-armcortex.instrset/win/bin/../lib/gcc/arm-none-eabi/13.2.1/thumb/v7e-m+fp/hard\libgcc.a(_udivmoddi4.o)
                0x08008e88                __udivmoddi4
 .text.memset   0x08009144       0x10 C:/ProgramData/MATLAB/SupportPackages/R2025b/3P.instrset/gnuarm-armcortex.instrset/win/bin/../lib/gcc/arm-none-eabi/13.2.1/thumb/v7e-m+fp/hard\libg_nano.a(libc_a-memset.o)
                0x08009144                memset
 .text.__libc_init_array
                0x08009154       0x48 C:/ProgramData/MATLAB/SupportPackages/R2025b/3P.instrset/gnuarm-armcortex.instrset/win/bin/../lib/gcc/arm-none-eabi/13.2.1/thumb/v7e-m+fp/hard\libg_nano.a(libc_a-init.o)
                0x08009154                __libc_init_array
 .text.memcpy   0x0800919c       0x1c C:/ProgramData/MATLAB/SupportPackages/R2025b/3P.instrset/gnuarm-armcortex.instrset/win/bin/../lib/gcc/arm-none-eabi/13.2.1/thumb/v7e-m+fp/hard\libg_nano.a(libc_a-memcpy-stub.o)
                0x0800919c                memcpy
 *(.glue_7)
 .glue_7        0x080091b8        0x0 linker stubs
 *(.glue_7t)
 .glue_7t       0x080091b8        0x0 linker stubs
 *(.eh_frame)
 .eh_frame      0x080091b8        0x0 C:/ProgramData/MATLAB/SupportPackages/R2025b/3P.instrset/gnuarm-armcortex.instrset/win/bin/../lib/gcc/arm-none-eabi/13.2.1/thumb/v7e-m+fp/hard/crtbegin.o
 *(.init)
 .init          0x080091b8        0x4 C:/ProgramData/MATLAB/SupportPackages/R2025b/3P.instrset/gnuarm-armcortex.instrset/win/bin/../lib/gcc/arm-none-eabi/13.2.1/thumb/v7e-m+fp/hard/crti.o
                0x080091b8                _init
 .init          0x080091bc        0x8 C:/ProgramData/MATLAB/SupportPackages/R2025b/3P.instrset/gnuarm-armcortex.instrset/win/bin/../lib/gcc/arm-none-eabi/13.2.1/thumb/v7e-m+fp/hard/crtn.o
 *(.fini)
 .fini          0x080091c4        0x4 C:/ProgramData/MATLAB/SupportPackages/R2025b/3P.instrset/gnuarm-armcortex.instrset/win/bin/../lib/gcc/arm-none-eabi/13.2.1/thumb/v7e-m+fp/hard/crti.o
                0x080091c4                _fini
 .fini          0x080091c8        0x8 C:/ProgramData/MATLAB/SupportPackages/R2025b/3P.instrset/gnuarm-armcortex.instrset/win/bin/../lib/gcc/arm-none-eabi/13.2.1/thumb/v7e-m+fp/hard/crtn.o
                0x080091d0                        . = ALIGN (0x4)
                0x080091d0                        _etext = .

.vfp11_veneer   0x080091d0        0x0
 .vfp11_veneer  0x080091d0        0x0 linker stubs

.v4_bx          0x080091d0        0x0
 .v4_bx         0x080091d0        0x0 linker stubs

.iplt           0x080091d0        0x0
 .iplt          0x080091d0        0x0 C:/ProgramData/MATLAB/SupportPackages/R2025b/3P.instrset/gnuarm-armcortex.instrset/win/bin/../lib/gcc/arm-none-eabi/13.2.1/thumb/v7e-m+fp/hard/crtbegin.o

.rodata         0x080091d0      0x250
                0x080091d0                        . = ALIGN (0x4)
 *(.rodata)
 .rodata        0x080091d0       0x21 C:/Users/odona/OneDrive/Yara/Thesis/BMS_Thesis/slprj/ert/BMS_MCU_CODE/coderassumptions/lib/BMS_MCU_CODE_ca.lib(BMS_MCU_CODE_ca.c.o)
 *(.rodata*)
 *fill*         0x080091f1        0x3 
 .rodata.STREAM_OFFSET_TAB
                0x080091f4        0x8 stm_usart.c.o
 .rodata.STREAM_OFFSET_TAB
                0x080091fc        0x8 main.c.o
 .rodata.AHBPrescTable
                0x08009204       0x10 system_stm32f4xx.c.o
                0x08009204                AHBPrescTable
 .rodata.APBPrescTable
                0x08009214        0x8 system_stm32f4xx.c.o
                0x08009214                APBPrescTable
 *fill*         0x0800921c        0x4 
 .rodata.rtCP_pooled_LE05XBL4ZbcQ
                0x08009220       0x48 C:/Users/odona/OneDrive/Yara/Thesis/BMS_Thesis/slprj/ert/_sharedutils/rtwshared.lib(const_params.c.o)
                0x08009220                rtCP_pooled_LE05XBL4ZbcQ
 .rodata.rtCP_pooled_U8gMvKvP0Ntk
                0x08009268       0x2c C:/Users/odona/OneDrive/Yara/Thesis/BMS_Thesis/slprj/ert/_sharedutils/rtwshared.lib(const_params.c.o)
                0x08009268                rtCP_pooled_U8gMvKvP0Ntk
 .rodata.rtCP_pooled_Vp3dDlogzZPT
                0x08009294       0xdc C:/Users/odona/OneDrive/Yara/Thesis/BMS_Thesis/slprj/ert/_sharedutils/rtwshared.lib(const_params.c.o)
                0x08009294                rtCP_pooled_Vp3dDlogzZPT
 .rodata.rtCP_pooled_bfo3unVYSfcO
                0x08009370       0x14 C:/Users/odona/OneDrive/Yara/Thesis/BMS_Thesis/slprj/ert/_sharedutils/rtwshared.lib(const_params.c.o)
                0x08009370                rtCP_pooled_bfo3unVYSfcO
 *fill*         0x08009384        0x4 
 .rodata.rtCP_pooled_s9pOilnAAikZ
                0x08009388       0x48 C:/Users/odona/OneDrive/Yara/Thesis/BMS_Thesis/slprj/ert/_sharedutils/rtwshared.lib(const_params.c.o)
                0x08009388                rtCP_pooled_s9pOilnAAikZ
 .rodata.CA_BMS_MCU_CODE_Exp
                0x080093d0       0x50 C:/Users/odona/OneDrive/Yara/Thesis/BMS_Thesis/slprj/ert/BMS_MCU_CODE/coderassumptions/lib/BMS_MCU_CODE_ca.lib(BMS_MCU_CODE_ca.c.o)
                0x080093d0                CA_BMS_MCU_CODE_Exp
                0x08009420                        . = ALIGN (0x4)

.ARM.extab      0x08009420        0x0
                0x08009420                        . = ALIGN (0x4)
 *(.ARM.extab* .gnu.linkonce.armextab.*)
                0x08009420                        . = ALIGN (0x4)

.ARM            0x08009420        0x8
                0x08009420                        . = ALIGN (0x4)
                0x08009420                        __exidx_start = .
 *(.ARM.exidx*)
 .ARM.exidx.text.__udivmoddi4
                0x08009420        0x8 C:/ProgramData/MATLAB/SupportPackages/R2025b/3P.instrset/gnuarm-armcortex.instrset/win/bin/../lib/gcc/arm-none-eabi/13.2.1/thumb/v7e-m+fp/hard\libgcc.a(_udivmoddi4.o)
                0x08009428                        __exidx_end = .
                0x08009428                        . = ALIGN (0x4)

.preinit_array  0x08009428        0x0
                0x08009428                        . = ALIGN (0x4)
                0x08009428                        PROVIDE (__preinit_array_start = .)
 *(.preinit_array*)
                0x08009428                        PROVIDE (__preinit_array_end = .)
                0x08009428                        . = ALIGN (0x4)

.init_array     0x08009428        0x4
                0x08009428                        . = ALIGN (0x4)
                0x08009428                        PROVIDE (__init_array_start = .)
 *(SORT_BY_NAME(.init_array.*))
 *(.init_array*)
 .init_array    0x08009428        0x4 C:/ProgramData/MATLAB/SupportPackages/R2025b/3P.instrset/gnuarm-armcortex.instrset/win/bin/../lib/gcc/arm-none-eabi/13.2.1/thumb/v7e-m+fp/hard/crtbegin.o
                0x0800942c                        PROVIDE (__init_array_end = .)
                0x0800942c                        . = ALIGN (0x4)

.fini_array     0x0800942c        0x4
                0x0800942c                        . = ALIGN (0x4)
                [!provide]                        PROVIDE (__fini_array_start = .)
 *(SORT_BY_NAME(.fini_array.*))
 *(.fini_array*)
 .fini_array    0x0800942c        0x4 C:/ProgramData/MATLAB/SupportPackages/R2025b/3P.instrset/gnuarm-armcortex.instrset/win/bin/../lib/gcc/arm-none-eabi/13.2.1/thumb/v7e-m+fp/hard/crtbegin.o
                [!provide]                        PROVIDE (__fini_array_end = .)
                0x08009430                        . = ALIGN (0x4)
                0x08009430                        _sidata = LOADADDR (.data)

.rel.dyn        0x08009430        0x0
 .rel.iplt      0x08009430        0x0 C:/ProgramData/MATLAB/SupportPackages/R2025b/3P.instrset/gnuarm-armcortex.instrset/win/bin/../lib/gcc/arm-none-eabi/13.2.1/thumb/v7e-m+fp/hard/crtbegin.o

.data           0x20000000       0xc0 load address 0x08009430
                0x20000000                        . = ALIGN (0x4)
                0x20000000                        _sdata = .
 *(.data)
 *(.data*)
 .data.processMsgSuccess
                0x20000000        0x4 xil_interface_lib.c.o
 .data.rt_errorStatus
                0x20000004        0x4 xil_interface.c.o
 .data.RTModel_ptr
                0x20000008        0x4 xil_interface.c.o
                0x20000008                RTModel_ptr
 .data.writeBufferSize
                0x2000000c        0x4 coder_assumptions_data_stream.c.o
                0x2000000c                writeBufferSize
 .data.uartObj  0x20000010       0x40 rtiostream_serial.c.o
                0x20000010                uartObj
 .data.uwTickPrio
                0x20000050        0x4 stm32f4xx_hal.c.o
                0x20000050                uwTickPrio
 .data.uwTickFreq
                0x20000054        0x1 stm32f4xx_hal.c.o
                0x20000054                uwTickFreq
 *fill*         0x20000055        0x3 
 .data.SystemCoreClock
                0x20000058        0x4 system_stm32f4xx.c.o
                0x20000058                SystemCoreClock
 .data.CA_BMS_MCU_CODE_Act
                0x2000005c       0x50 C:/Users/odona/OneDrive/Yara/Thesis/BMS_Thesis/slprj/ert/BMS_MCU_CODE/coderassumptions/lib/BMS_MCU_CODE_ca.lib(BMS_MCU_CODE_ca.c.o)
                0x2000005c                CA_BMS_MCU_CODE_Act
 *fill*         0x200000ac        0x4 
 .data.realmin  0x200000b0        0x8 C:/Users/odona/OneDrive/Yara/Thesis/BMS_Thesis/slprj/ert/BMS_MCU_CODE/coderassumptions/lib/BMS_MCU_CODE_ca.lib(coder_assumptions_hwimpl.c.o)
 .data.denormalAsZero
                0x200000b8        0x8 C:/Users/odona/OneDrive/Yara/Thesis/BMS_Thesis/slprj/ert/BMS_MCU_CODE/coderassumptions/lib/BMS_MCU_CODE_ca.lib(coder_assumptions_flt.c.o)
                0x200000b8                denormalAsZero
 *(.RamFunc)
 *(.RamFunc*)
                0x200000c0                        . = ALIGN (0x4)
                0x200000c0                        _edata = .

.tm_clone_table
                0x200000c0        0x0 load address 0x080094f0
 .tm_clone_table
                0x200000c0        0x0 C:/ProgramData/MATLAB/SupportPackages/R2025b/3P.instrset/gnuarm-armcortex.instrset/win/bin/../lib/gcc/arm-none-eabi/13.2.1/thumb/v7e-m+fp/hard/crtbegin.o
 .tm_clone_table
                0x200000c0        0x0 C:/ProgramData/MATLAB/SupportPackages/R2025b/3P.instrset/gnuarm-armcortex.instrset/win/bin/../lib/gcc/arm-none-eabi/13.2.1/thumb/v7e-m+fp/hard/crtend.o

.igot.plt       0x200000c0        0x0 load address 0x080094f0
 .igot.plt      0x200000c0        0x0 C:/ProgramData/MATLAB/SupportPackages/R2025b/3P.instrset/gnuarm-armcortex.instrset/win/bin/../lib/gcc/arm-none-eabi/13.2.1/thumb/v7e-m+fp/hard/crtbegin.o
                0x200000c0                        . = ALIGN (0x4)

.bss            0x200000c0      0xb34 load address 0x080094f0
                0x200000c0                        _sbss = .
                0x200000c0                        __bss_start__ = _sbss
 *(.bss)
 *(.bss*)
 .bss.completed.1
                0x200000c0        0x1 C:/ProgramData/MATLAB/SupportPackages/R2025b/3P.instrset/gnuarm-armcortex.instrset/win/bin/../lib/gcc/arm-none-eabi/13.2.1/thumb/v7e-m+fp/hard/crtbegin.o
 *fill*         0x200000c1        0x3 
 .bss.object.0  0x200000c4       0x18 C:/ProgramData/MATLAB/SupportPackages/R2025b/3P.instrset/gnuarm-armcortex.instrset/win/bin/../lib/gcc/arm-none-eabi/13.2.1/thumb/v7e-m+fp/hard/crtbegin.o
 .bss.xilIODataPtr
                0x200000dc        0x4 xil_interface_lib.c.o
 .bss.isShutdownCommand
                0x200000e0        0x4 xil_interface_lib.c.o
 .bss.cc        0x200000e4        0xc xil_interface_lib.c.o
 .bss.uDataAddress.1
                0x200000f0        0x4 xil_interface_lib.c.o
 .bss.uDataLength.0
                0x200000f4        0x4 xil_interface_lib.c.o
 .bss.pBuffer   0x200000f8        0x4 xil_data_stream.c.o
 .bss.xilWriteDataPtr
                0x200000fc        0x4 xil_data_stream.c.o
 .bss.xilWriteDataAvail
                0x20000100        0x2 xil_data_stream.c.o
 *fill*         0x20000102        0x2 
 .bss.commandResponseType
                0x20000104        0x4 xil_data_stream.c.o
 .bss.currentBufSize.1
                0x20000108        0x2 xil_data_stream.c.o
 *fill*         0x2000010a        0x2 
 .bss.currentBufferPosition.0
                0x2000010c        0x4 xil_data_stream.c.o
 .bss.i_From_Plant_Vmod
                0x20000110       0x30 xil_interface.c.o
                0x20000110                i_From_Plant_Vmod
 .bss.i_From_Plant_Tmod
                0x20000140       0x30 xil_interface.c.o
                0x20000140                i_From_Plant_Tmod
 .bss.i_From_Plant_Pack_Current
                0x20000170        0x4 xil_interface.c.o
                0x20000170                i_From_Plant_Pack_Current
 .bss.i_From_Plant_SOCmod
                0x20000174       0x30 xil_interface.c.o
                0x20000174                i_From_Plant_SOCmod
 .bss.i_From_Plant_V_Batt_Monitor
                0x200001a4        0x4 xil_interface.c.o
                0x200001a4                i_From_Plant_V_Batt_Monitor
 .bss.i_State_Required
                0x200001a8        0x1 xil_interface.c.o
                0x200001a8                i_State_Required
 .bss.o_Fault_Out_VoltSensor
                0x200001a9        0x1 xil_interface.c.o
                0x200001a9                o_Fault_Out_VoltSensor
 .bss.o_Fault_Out_UV
                0x200001aa        0x1 xil_interface.c.o
                0x200001aa                o_Fault_Out_UV
 .bss.o_Fault_Out_OT
                0x200001ab        0x1 xil_interface.c.o
                0x200001ab                o_Fault_Out_OT
 .bss.o_Fault_Out_UT
                0x200001ac        0x1 xil_interface.c.o
                0x200001ac                o_Fault_Out_UT
 .bss.o_Fault_Out_OC
                0x200001ad        0x1 xil_interface.c.o
                0x200001ad                o_Fault_Out_OC
 .bss.o_Fault_Out_OV
                0x200001ae        0x1 xil_interface.c.o
                0x200001ae                o_Fault_Out_OV
 *fill*         0x200001af        0x1 
 .bss.o_SOC     0x200001b0       0x30 xil_interface.c.o
                0x200001b0                o_SOC
 .bss.o_V_Batt_Monitor
                0x200001e0        0x4 xil_interface.c.o
                0x200001e0                o_V_Batt_Monitor
 .bss.o_Ipack   0x200001e4        0x4 xil_interface.c.o
                0x200001e4                o_Ipack
 .bss.o_Temp    0x200001e8       0x30 xil_interface.c.o
                0x200001e8                o_Temp
 .bss.o_V_Cell  0x20000218       0x30 xil_interface.c.o
                0x20000218                o_V_Cell
 .bss.o_From_BMS_BMS_State_Out
                0x20000248        0x1 xil_interface.c.o
                0x20000248                o_From_BMS_BMS_State_Out
 *fill*         0x20000249        0x3 
 .bss.o_From_BMS_Current_Limits_Dischar
                0x2000024c        0x4 xil_interface.c.o
                0x2000024c                o_From_BMS_Current_Limits_Dischar
 .bss.o_From_BMS_Current_Limits_Charge_
                0x20000250        0x4 xil_interface.c.o
                0x20000250                o_From_BMS_Current_Limits_Charge_
 .bss.o_o_From_BMS_Bal_Cmd
                0x20000254        0xc xil_interface.c.o
                0x20000254                o_o_From_BMS_Bal_Cmd
 .bss.o_o_Fault_Level_p
                0x20000260       0x80 xil_interface.c.o
                0x20000260                o_o_Fault_Level_p
 .bss.rt_errorStatus_tgt_var
                0x200002e0        0x4 xil_interface.c.o
 *fill*         0x200002e4        0x4 
 .bss.BMS_MCU_CODE_MdlrefDW
                0x200002e8      0x120 xil_interface.c.o
                0x200002e8                BMS_MCU_CODE_MdlrefDW
 .bss.input_6_cData_1_nonaddr_io
                0x20000408        0x4 xil_interface.c.o
 .bss.output_12_cData_1_nonaddr_io
                0x2000040c        0x4 xil_interface.c.o
 .bss.xil_fcnid0_task1_output_u
                0x20000410       0x38 xil_interface.c.o
 .bss.xil_fcnid0_task1_y
                0x20000448       0x88 xil_interface.c.o
 .bss.xil_fcnid0_init_y
                0x200004d0       0x88 xil_interface.c.o
 .bss.xil_fcnid0_system_initialize_y
                0x20000558       0x88 xil_interface.c.o
 .bss.initComplete.3
                0x200005e0        0x4 xil_interface.c.o
 .bss.initComplete.2
                0x200005e4        0x4 xil_interface.c.o
 .bss.initComplete.1
                0x200005e8        0x4 xil_interface.c.o
 .bss.initComplete.0
                0x200005ec        0x4 xil_interface.c.o
 .bss.streamID  0x200005f0        0x4 xilcomms_rtiostream.c.o
 .bss.xilCommsBuffer
                0x200005f4       0x85 xilcomms_rtiostream.c.o
 *fill*         0x20000679        0x3 
 .bss.xilWriteBuffer
                0x2000067c       0x86 xil_rtiostream.c.o
 .bss.pwsEnabled
                0x20000702        0x1 coder_assumptions_app.c.o
 *fill*         0x20000703        0x1 
 .bss.pBuffer   0x20000704        0x4 coder_assumptions_data_stream.c.o
 .bss.coderAssumptionsWriteDataPtr
                0x20000708        0x4 coder_assumptions_data_stream.c.o
 .bss.coderAssumptionsWriteDataAvail
                0x2000070c        0x2 coder_assumptions_data_stream.c.o
                0x2000070c                coderAssumptionsWriteDataAvail
 *fill*         0x2000070e        0x2 
 .bss.coderAssumpWriteBuffer
                0x20000710       0x20 coder_assumptions_rtiostream.c.o
 .bss.mw_ext_h  0x20000730        0x4 rtiostream_serial.c.o
                0x20000730                mw_ext_h
 .bss.UARTRxBuffer
                0x20000734        0x4 rtiostream_serial.c.o
                0x20000734                UARTRxBuffer
 .bss.mw_usart2
                0x20000738       0x40 stm_usart.c.o
                0x20000738                mw_usart2
 .bss.USART2ReceiveBuffer
                0x20000778      0x400 stm_usart.c.o
                0x20000778                USART2ReceiveBuffer
 .bss.htim5     0x20000b78       0x48 stm32f4xx_hal_timebase_tim.c.o
                0x20000b78                htim5
 .bss.uwTick    0x20000bc0        0x4 stm32f4xx_hal.c.o
                0x20000bc0                uwTick
 .bss.CA_BMS_MCU_CODE_Res
                0x20000bc4       0x28 C:/Users/odona/OneDrive/Yara/Thesis/BMS_Thesis/slprj/ert/BMS_MCU_CODE/coderassumptions/lib/BMS_MCU_CODE_ca.lib(BMS_MCU_CODE_ca.c.o)
                0x20000bc4                CA_BMS_MCU_CODE_Res
 .bss.CA_BMS_MCU_CODE_PWSRes
                0x20000bec        0x2 C:/Users/odona/OneDrive/Yara/Thesis/BMS_Thesis/slprj/ert/BMS_MCU_CODE/coderassumptions/lib/BMS_MCU_CODE_ca.lib(BMS_MCU_CODE_ca.c.o)
                0x20000bec                CA_BMS_MCU_CODE_PWSRes
 *fill*         0x20000bee        0x2 
 .bss.aGlobalInt
                0x20000bf0        0x4 C:/Users/odona/OneDrive/Yara/Thesis/BMS_Thesis/slprj/ert/BMS_MCU_CODE/coderassumptions/lib/BMS_MCU_CODE_ca.lib(coder_assumptions_hwimpl.c.o)
                0x20000bf0                aGlobalInt
 *(COMMON)
                0x20000bf4                        . = ALIGN (0x4)
                0x20000bf4                        _ebss = .
                0x20000bf4                        __bss_end__ = _ebss

._user_heap_stack
                0x20000bf4      0x604 load address 0x080094f0
                0x20000bf8                        . = ALIGN (0x8)
 *fill*         0x20000bf4        0x4 
                [!provide]                        PROVIDE (end = .)
                0x20000bf8                        PROVIDE (_end = .)
                0x20000df8                        . = (. + _Min_Heap_Size)
 *fill*         0x20000bf8      0x200 
                0x200011f8                        . = (. + _Min_Stack_Size)
 *fill*         0x20000df8      0x400 
                0x200011f8                        . = ALIGN (0x8)

/DISCARD/
 libc.a(*)
 libm.a(*)
 libgcc.a(*)

.ARM.attributes
                0x00000000       0x30
 *(.ARM.attributes)
 .ARM.attributes
                0x00000000       0x22 C:/ProgramData/MATLAB/SupportPackages/R2025b/3P.instrset/gnuarm-armcortex.instrset/win/bin/../lib/gcc/arm-none-eabi/13.2.1/thumb/v7e-m+fp/hard/crti.o
 .ARM.attributes
                0x00000022       0x34 C:/ProgramData/MATLAB/SupportPackages/R2025b/3P.instrset/gnuarm-armcortex.instrset/win/bin/../lib/gcc/arm-none-eabi/13.2.1/thumb/v7e-m+fp/hard/crtbegin.o
 .ARM.attributes
                0x00000056       0x34 xil_interface_lib.c.o
 .ARM.attributes
                0x0000008a       0x34 xil_data_stream.c.o
 .ARM.attributes
                0x000000be       0x34 xil_services.c.o
 .ARM.attributes
                0x000000f2       0x34 xil_interface.c.o
 .ARM.attributes
                0x00000126       0x34 xilcomms_rtiostream.c.o
 .ARM.attributes
                0x0000015a       0x34 xil_rtiostream.c.o
 .ARM.attributes
                0x0000018e       0x34 rtiostream_utils.c.o
 .ARM.attributes
                0x000001c2       0x34 coder_assumptions_app.c.o
 .ARM.attributes
                0x000001f6       0x34 coder_assumptions_data_stream.c.o
 .ARM.attributes
                0x0000022a       0x34 coder_assumptions_rtiostream.c.o
 .ARM.attributes
                0x0000025e       0x34 pil_main.c.o
 .ARM.attributes
                0x00000292       0x34 rtiostream_serial.c.o
 .ARM.attributes
                0x000002c6       0x34 stm_usart.c.o
 .ARM.attributes
                0x000002fa       0x34 platform_timer.c.o
 .ARM.attributes
                0x0000032e       0x34 main.c.o
 .ARM.attributes
                0x00000362       0x34 stm32f4xx_it.c.o
 .ARM.attributes
                0x00000396       0x34 stm32f4xx_hal_msp.c.o
 .ARM.attributes
                0x000003ca       0x34 stm32f4xx_hal_timebase_tim.c.o
 .ARM.attributes
                0x000003fe       0x34 stm32f4xx_hal_tim.c.o
 .ARM.attributes
                0x00000432       0x34 stm32f4xx_hal_tim_ex.c.o
 .ARM.attributes
                0x00000466       0x34 stm32f4xx_ll_gpio.c.o
 .ARM.attributes
                0x0000049a       0x34 stm32f4xx_ll_usart.c.o
 .ARM.attributes
                0x000004ce       0x34 stm32f4xx_ll_rcc.c.o
 .ARM.attributes
                0x00000502       0x34 stm32f4xx_ll_utils.c.o
 .ARM.attributes
                0x00000536       0x34 stm32f4xx_ll_exti.c.o
 .ARM.attributes
                0x0000056a       0x34 stm32f4xx_hal_rcc.c.o
 .ARM.attributes
                0x0000059e       0x34 stm32f4xx_hal_cortex.c.o
 .ARM.attributes
                0x000005d2       0x34 stm32f4xx_hal.c.o
 .ARM.attributes
                0x00000606       0x34 system_stm32f4xx.c.o
 .ARM.attributes
                0x0000063a       0x21 startup_stm32f446retx.s.o
 .ARM.attributes
                0x0000065b       0x34 ../../../../slprj/ert/BMS_MCU_CODE/BMS_MCU_CODE_rtwlib.lib(BMS_MCU_CODE.c.o)
 .ARM.attributes
                0x0000068f       0x34 C:/Users/odona/OneDrive/Yara/Thesis/BMS_Thesis/slprj/ert/_sharedutils/rtwshared.lib(const_params.c.o)
 .ARM.attributes
                0x000006c3       0x34 C:/Users/odona/OneDrive/Yara/Thesis/BMS_Thesis/slprj/ert/_sharedutils/rtwshared.lib(intrp2d_fu32fl_pw.c.o)
 .ARM.attributes
                0x000006f7       0x34 C:/Users/odona/OneDrive/Yara/Thesis/BMS_Thesis/slprj/ert/_sharedutils/rtwshared.lib(look1_binlxpw.c.o)
 .ARM.attributes
                0x0000072b       0x34 C:/Users/odona/OneDrive/Yara/Thesis/BMS_Thesis/slprj/ert/_sharedutils/rtwshared.lib(maximum_TTkd84nS.c.o)
 .ARM.attributes
                0x0000075f       0x34 C:/Users/odona/OneDrive/Yara/Thesis/BMS_Thesis/slprj/ert/_sharedutils/rtwshared.lib(minimum_ruU8vKTP.c.o)
 .ARM.attributes
                0x00000793       0x34 C:/Users/odona/OneDrive/Yara/Thesis/BMS_Thesis/slprj/ert/_sharedutils/rtwshared.lib(plook_u32ff_binx.c.o)
 .ARM.attributes
                0x000007c7       0x34 C:/Users/odona/OneDrive/Yara/Thesis/BMS_Thesis/slprj/ert/_sharedutils/rtwshared.lib(rt_nonfinite.c.o)
 .ARM.attributes
                0x000007fb       0x34 C:/Users/odona/OneDrive/Yara/Thesis/BMS_Thesis/slprj/ert/_sharedutils/rtwshared.lib(binsearch_u32f.c.o)
 .ARM.attributes
                0x0000082f       0x34 C:/Users/odona/OneDrive/Yara/Thesis/BMS_Thesis/slprj/ert/BMS_MCU_CODE/coderassumptions/lib/BMS_MCU_CODE_ca.lib(BMS_MCU_CODE_ca.c.o)
 .ARM.attributes
                0x00000863       0x34 C:/Users/odona/OneDrive/Yara/Thesis/BMS_Thesis/slprj/ert/BMS_MCU_CODE/coderassumptions/lib/BMS_MCU_CODE_ca.lib(coder_assumptions_hwimpl.c.o)
 .ARM.attributes
                0x00000897       0x34 C:/Users/odona/OneDrive/Yara/Thesis/BMS_Thesis/slprj/ert/BMS_MCU_CODE/coderassumptions/lib/BMS_MCU_CODE_ca.lib(coder_assumptions_flt.c.o)
 .ARM.attributes
                0x000008cb       0x34 C:/ProgramData/MATLAB/SupportPackages/R2025b/3P.instrset/gnuarm-armcortex.instrset/win/bin/../lib/gcc/arm-none-eabi/13.2.1/thumb/v7e-m+fp/hard\libm.a(libm_a-s_fmin.o)
 .ARM.attributes
                0x000008ff       0x34 C:/ProgramData/MATLAB/SupportPackages/R2025b/3P.instrset/gnuarm-armcortex.instrset/win/bin/../lib/gcc/arm-none-eabi/13.2.1/thumb/v7e-m+fp/hard\libm.a(libm_a-s_fpclassify.o)
 .ARM.attributes
                0x00000933       0x34 C:/ProgramData/MATLAB/SupportPackages/R2025b/3P.instrset/gnuarm-armcortex.instrset/win/bin/../lib/gcc/arm-none-eabi/13.2.1/thumb/v7e-m+fp/hard\libm.a(libm_a-sf_fmax.o)
 .ARM.attributes
                0x00000967       0x34 C:/ProgramData/MATLAB/SupportPackages/R2025b/3P.instrset/gnuarm-armcortex.instrset/win/bin/../lib/gcc/arm-none-eabi/13.2.1/thumb/v7e-m+fp/hard\libm.a(libm_a-sf_fmin.o)
 .ARM.attributes
                0x0000099b       0x34 C:/ProgramData/MATLAB/SupportPackages/R2025b/3P.instrset/gnuarm-armcortex.instrset/win/bin/../lib/gcc/arm-none-eabi/13.2.1/thumb/v7e-m+fp/hard\libm.a(libm_a-sf_fpclassify.o)
 .ARM.attributes
                0x000009cf       0x22 C:/ProgramData/MATLAB/SupportPackages/R2025b/3P.instrset/gnuarm-armcortex.instrset/win/bin/../lib/gcc/arm-none-eabi/13.2.1/thumb/v7e-m+fp/hard\libgcc.a(_arm_addsubdf3.o)
 .ARM.attributes
                0x000009f1       0x22 C:/ProgramData/MATLAB/SupportPackages/R2025b/3P.instrset/gnuarm-armcortex.instrset/win/bin/../lib/gcc/arm-none-eabi/13.2.1/thumb/v7e-m+fp/hard\libgcc.a(_arm_muldivdf3.o)
 .ARM.attributes
                0x00000a13       0x22 C:/ProgramData/MATLAB/SupportPackages/R2025b/3P.instrset/gnuarm-armcortex.instrset/win/bin/../lib/gcc/arm-none-eabi/13.2.1/thumb/v7e-m+fp/hard\libgcc.a(_arm_cmpdf2.o)
 .ARM.attributes
                0x00000a35       0x22 C:/ProgramData/MATLAB/SupportPackages/R2025b/3P.instrset/gnuarm-armcortex.instrset/win/bin/../lib/gcc/arm-none-eabi/13.2.1/thumb/v7e-m+fp/hard\libgcc.a(_arm_truncdfsf2.o)
 .ARM.attributes
                0x00000a57       0x22 C:/ProgramData/MATLAB/SupportPackages/R2025b/3P.instrset/gnuarm-armcortex.instrset/win/bin/../lib/gcc/arm-none-eabi/13.2.1/thumb/v7e-m+fp/hard\libgcc.a(_aeabi_uldivmod.o)
 .ARM.attributes
                0x00000a79       0x34 C:/ProgramData/MATLAB/SupportPackages/R2025b/3P.instrset/gnuarm-armcortex.instrset/win/bin/../lib/gcc/arm-none-eabi/13.2.1/thumb/v7e-m+fp/hard\libgcc.a(_udivmoddi4.o)
 .ARM.attributes
                0x00000aad       0x22 C:/ProgramData/MATLAB/SupportPackages/R2025b/3P.instrset/gnuarm-armcortex.instrset/win/bin/../lib/gcc/arm-none-eabi/13.2.1/thumb/v7e-m+fp/hard\libgcc.a(_dvmd_tls.o)
 .ARM.attributes
                0x00000acf       0x34 C:/ProgramData/MATLAB/SupportPackages/R2025b/3P.instrset/gnuarm-armcortex.instrset/win/bin/../lib/gcc/arm-none-eabi/13.2.1/thumb/v7e-m+fp/hard\libg_nano.a(libc_a-memset.o)
 .ARM.attributes
                0x00000b03       0x34 C:/ProgramData/MATLAB/SupportPackages/R2025b/3P.instrset/gnuarm-armcortex.instrset/win/bin/../lib/gcc/arm-none-eabi/13.2.1/thumb/v7e-m+fp/hard\libg_nano.a(libc_a-init.o)
 .ARM.attributes
                0x00000b37       0x34 C:/ProgramData/MATLAB/SupportPackages/R2025b/3P.instrset/gnuarm-armcortex.instrset/win/bin/../lib/gcc/arm-none-eabi/13.2.1/thumb/v7e-m+fp/hard\libg_nano.a(libc_a-memcpy-stub.o)
 .ARM.attributes
                0x00000b6b       0x34 C:/ProgramData/MATLAB/SupportPackages/R2025b/3P.instrset/gnuarm-armcortex.instrset/win/bin/../lib/gcc/arm-none-eabi/13.2.1/thumb/v7e-m+fp/hard/crtend.o
 .ARM.attributes
                0x00000b9f       0x22 C:/ProgramData/MATLAB/SupportPackages/R2025b/3P.instrset/gnuarm-armcortex.instrset/win/bin/../lib/gcc/arm-none-eabi/13.2.1/thumb/v7e-m+fp/hard/crtn.o
OUTPUT(./BMS_MCU_CODE.elf elf32-littlearm)
LOAD linker stubs
LOAD C:/ProgramData/MATLAB/SupportPackages/R2025b/3P.instrset/gnuarm-armcortex.instrset/win/bin/../lib/gcc/arm-none-eabi/13.2.1/thumb/v7e-m+fp/hard\libc.a
LOAD C:/ProgramData/MATLAB/SupportPackages/R2025b/3P.instrset/gnuarm-armcortex.instrset/win/bin/../lib/gcc/arm-none-eabi/13.2.1/thumb/v7e-m+fp/hard\libm.a
LOAD C:/ProgramData/MATLAB/SupportPackages/R2025b/3P.instrset/gnuarm-armcortex.instrset/win/bin/../lib/gcc/arm-none-eabi/13.2.1/thumb/v7e-m+fp/hard\libgcc.a

.debug_info     0x00000000    0x14221
 .debug_info    0x00000000      0x921 xil_interface_lib.c.o
 .debug_info    0x00000921      0x43e xil_data_stream.c.o
 .debug_info    0x00000d5f      0x2c3 xil_services.c.o
 .debug_info    0x00001022     0x1485 xil_interface.c.o
 .debug_info    0x000024a7      0x2ff xilcomms_rtiostream.c.o
 .debug_info    0x000027a6      0x1ea xil_rtiostream.c.o
 .debug_info    0x00002990      0x235 rtiostream_utils.c.o
 .debug_info    0x00002bc5      0x76b coder_assumptions_app.c.o
 .debug_info    0x00003330      0x2d0 coder_assumptions_data_stream.c.o
 .debug_info    0x00003600      0x1d9 coder_assumptions_rtiostream.c.o
 .debug_info    0x000037d9      0x230 pil_main.c.o
 .debug_info    0x00003a09      0x5a5 rtiostream_serial.c.o
 .debug_info    0x00003fae     0x1f70 stm_usart.c.o
 .debug_info    0x00005f1e      0x2f3 platform_timer.c.o
 .debug_info    0x00006211     0x1c4f main.c.o
 .debug_info    0x00007e60      0x735 stm32f4xx_it.c.o
 .debug_info    0x00008595      0x2f0 stm32f4xx_hal_msp.c.o
 .debug_info    0x00008885      0xc40 stm32f4xx_hal_timebase_tim.c.o
 .debug_info    0x000094c5     0x2999 stm32f4xx_hal_tim.c.o
 .debug_info    0x0000be5e     0x14d7 stm32f4xx_hal_tim_ex.c.o
 .debug_info    0x0000d335      0x953 stm32f4xx_ll_gpio.c.o
 .debug_info    0x0000dc88      0x71e stm32f4xx_ll_usart.c.o
 .debug_info    0x0000e3a6      0xbf5 stm32f4xx_ll_rcc.c.o
 .debug_info    0x0000ef9b      0x946 stm32f4xx_ll_utils.c.o
 .debug_info    0x0000f8e1      0x333 stm32f4xx_ll_exti.c.o
 .debug_info    0x0000fc14      0x8e9 stm32f4xx_hal_rcc.c.o
 .debug_info    0x000104fd      0xd71 stm32f4xx_hal_cortex.c.o
 .debug_info    0x0001126e      0x996 stm32f4xx_hal.c.o
 .debug_info    0x00011c04      0x546 system_stm32f4xx.c.o
 .debug_info    0x0001214a       0x30 startup_stm32f446retx.s.o
 .debug_info    0x0001217a      0x91a ../../../../slprj/ert/BMS_MCU_CODE/BMS_MCU_CODE_rtwlib.lib(BMS_MCU_CODE.c.o)
 .debug_info    0x00012a94      0x1a4 C:/Users/odona/OneDrive/Yara/Thesis/BMS_Thesis/slprj/ert/_sharedutils/rtwshared.lib(const_params.c.o)
 .debug_info    0x00012c38      0x11f C:/Users/odona/OneDrive/Yara/Thesis/BMS_Thesis/slprj/ert/_sharedutils/rtwshared.lib(intrp2d_fu32fl_pw.c.o)
 .debug_info    0x00012d57      0x13d C:/Users/odona/OneDrive/Yara/Thesis/BMS_Thesis/slprj/ert/_sharedutils/rtwshared.lib(look1_binlxpw.c.o)
 .debug_info    0x00012e94      0x141 C:/Users/odona/OneDrive/Yara/Thesis/BMS_Thesis/slprj/ert/_sharedutils/rtwshared.lib(maximum_TTkd84nS.c.o)
 .debug_info    0x00012fd5      0x141 C:/Users/odona/OneDrive/Yara/Thesis/BMS_Thesis/slprj/ert/_sharedutils/rtwshared.lib(minimum_ruU8vKTP.c.o)
 .debug_info    0x00013116      0x122 C:/Users/odona/OneDrive/Yara/Thesis/BMS_Thesis/slprj/ert/_sharedutils/rtwshared.lib(plook_u32ff_binx.c.o)
 .debug_info    0x00013238      0x1d6 C:/Users/odona/OneDrive/Yara/Thesis/BMS_Thesis/slprj/ert/_sharedutils/rtwshared.lib(rt_nonfinite.c.o)
 .debug_info    0x0001340e      0x111 C:/Users/odona/OneDrive/Yara/Thesis/BMS_Thesis/slprj/ert/_sharedutils/rtwshared.lib(binsearch_u32f.c.o)
 .debug_info    0x0001351f      0x49f C:/Users/odona/OneDrive/Yara/Thesis/BMS_Thesis/slprj/ert/BMS_MCU_CODE/coderassumptions/lib/BMS_MCU_CODE_ca.lib(BMS_MCU_CODE_ca.c.o)
 .debug_info    0x000139be      0x816 C:/Users/odona/OneDrive/Yara/Thesis/BMS_Thesis/slprj/ert/BMS_MCU_CODE/coderassumptions/lib/BMS_MCU_CODE_ca.lib(coder_assumptions_hwimpl.c.o)
 .debug_info    0x000141d4       0x4d C:/Users/odona/OneDrive/Yara/Thesis/BMS_Thesis/slprj/ert/BMS_MCU_CODE/coderassumptions/lib/BMS_MCU_CODE_ca.lib(coder_assumptions_flt.c.o)

.debug_abbrev   0x00000000     0x3f83
 .debug_abbrev  0x00000000      0x208 xil_interface_lib.c.o
 .debug_abbrev  0x00000208      0x17f xil_data_stream.c.o
 .debug_abbrev  0x00000387      0x132 xil_services.c.o
 .debug_abbrev  0x000004b9      0x235 xil_interface.c.o
 .debug_abbrev  0x000006ee       0xfe xilcomms_rtiostream.c.o
 .debug_abbrev  0x000007ec      0x113 xil_rtiostream.c.o
 .debug_abbrev  0x000008ff       0xcb rtiostream_utils.c.o
 .debug_abbrev  0x000009ca      0x1ad coder_assumptions_app.c.o
 .debug_abbrev  0x00000b77      0x16b coder_assumptions_data_stream.c.o
 .debug_abbrev  0x00000ce2      0x113 coder_assumptions_rtiostream.c.o
 .debug_abbrev  0x00000df5      0x11e pil_main.c.o
 .debug_abbrev  0x00000f13      0x1a7 rtiostream_serial.c.o
 .debug_abbrev  0x000010ba      0x37f stm_usart.c.o
 .debug_abbrev  0x00001439      0x13b platform_timer.c.o
 .debug_abbrev  0x00001574      0x389 main.c.o
 .debug_abbrev  0x000018fd      0x192 stm32f4xx_it.c.o
 .debug_abbrev  0x00001a8f       0xf7 stm32f4xx_hal_msp.c.o
 .debug_abbrev  0x00001b86      0x1f2 stm32f4xx_hal_timebase_tim.c.o
 .debug_abbrev  0x00001d78      0x276 stm32f4xx_hal_tim.c.o
 .debug_abbrev  0x00001fee      0x281 stm32f4xx_hal_tim_ex.c.o
 .debug_abbrev  0x0000226f      0x235 stm32f4xx_ll_gpio.c.o
 .debug_abbrev  0x000024a4      0x1f0 stm32f4xx_ll_usart.c.o
 .debug_abbrev  0x00002694      0x1ec stm32f4xx_ll_rcc.c.o
 .debug_abbrev  0x00002880      0x221 stm32f4xx_ll_utils.c.o
 .debug_abbrev  0x00002aa1      0x188 stm32f4xx_ll_exti.c.o
 .debug_abbrev  0x00002c29      0x2b4 stm32f4xx_hal_rcc.c.o
 .debug_abbrev  0x00002edd      0x326 stm32f4xx_hal_cortex.c.o
 .debug_abbrev  0x00003203      0x212 stm32f4xx_hal.c.o
 .debug_abbrev  0x00003415      0x118 system_stm32f4xx.c.o
 .debug_abbrev  0x0000352d       0x24 startup_stm32f446retx.s.o
 .debug_abbrev  0x00003551      0x1c1 ../../../../slprj/ert/BMS_MCU_CODE/BMS_MCU_CODE_rtwlib.lib(BMS_MCU_CODE.c.o)
 .debug_abbrev  0x00003712       0x70 C:/Users/odona/OneDrive/Yara/Thesis/BMS_Thesis/slprj/ert/_sharedutils/rtwshared.lib(const_params.c.o)
 .debug_abbrev  0x00003782       0x8d C:/Users/odona/OneDrive/Yara/Thesis/BMS_Thesis/slprj/ert/_sharedutils/rtwshared.lib(intrp2d_fu32fl_pw.c.o)
 .debug_abbrev  0x0000380f       0xa7 C:/Users/odona/OneDrive/Yara/Thesis/BMS_Thesis/slprj/ert/_sharedutils/rtwshared.lib(look1_binlxpw.c.o)
 .debug_abbrev  0x000038b6       0xcd C:/Users/odona/OneDrive/Yara/Thesis/BMS_Thesis/slprj/ert/_sharedutils/rtwshared.lib(maximum_TTkd84nS.c.o)
 .debug_abbrev  0x00003983       0xcd C:/Users/odona/OneDrive/Yara/Thesis/BMS_Thesis/slprj/ert/_sharedutils/rtwshared.lib(minimum_ruU8vKTP.c.o)
 .debug_abbrev  0x00003a50       0xbc C:/Users/odona/OneDrive/Yara/Thesis/BMS_Thesis/slprj/ert/_sharedutils/rtwshared.lib(plook_u32ff_binx.c.o)
 .debug_abbrev  0x00003b0c       0xc7 C:/Users/odona/OneDrive/Yara/Thesis/BMS_Thesis/slprj/ert/_sharedutils/rtwshared.lib(rt_nonfinite.c.o)
 .debug_abbrev  0x00003bd3       0x9f C:/Users/odona/OneDrive/Yara/Thesis/BMS_Thesis/slprj/ert/_sharedutils/rtwshared.lib(binsearch_u32f.c.o)
 .debug_abbrev  0x00003c72       0xf9 C:/Users/odona/OneDrive/Yara/Thesis/BMS_Thesis/slprj/ert/BMS_MCU_CODE/coderassumptions/lib/BMS_MCU_CODE_ca.lib(BMS_MCU_CODE_ca.c.o)
 .debug_abbrev  0x00003d6b      0x1e2 C:/Users/odona/OneDrive/Yara/Thesis/BMS_Thesis/slprj/ert/BMS_MCU_CODE/coderassumptions/lib/BMS_MCU_CODE_ca.lib(coder_assumptions_hwimpl.c.o)
 .debug_abbrev  0x00003f4d       0x36 C:/Users/odona/OneDrive/Yara/Thesis/BMS_Thesis/slprj/ert/BMS_MCU_CODE/coderassumptions/lib/BMS_MCU_CODE_ca.lib(coder_assumptions_flt.c.o)

.debug_aranges  0x00000000     0x1658
 .debug_aranges
                0x00000000       0x78 xil_interface_lib.c.o
 .debug_aranges
                0x00000078       0x50 xil_data_stream.c.o
 .debug_aranges
                0x000000c8       0x30 xil_services.c.o
 .debug_aranges
                0x000000f8       0x90 xil_interface.c.o
 .debug_aranges
                0x00000188       0x38 xilcomms_rtiostream.c.o
 .debug_aranges
                0x000001c0       0x40 xil_rtiostream.c.o
 .debug_aranges
                0x00000200       0x28 rtiostream_utils.c.o
 .debug_aranges
                0x00000228       0x50 coder_assumptions_app.c.o
 .debug_aranges
                0x00000278       0x40 coder_assumptions_data_stream.c.o
 .debug_aranges
                0x000002b8       0x40 coder_assumptions_rtiostream.c.o
 .debug_aranges
                0x000002f8       0x28 pil_main.c.o
 .debug_aranges
                0x00000320       0x38 rtiostream_serial.c.o
 .debug_aranges
                0x00000358      0x220 stm_usart.c.o
 .debug_aranges
                0x00000578       0x30 platform_timer.c.o
 .debug_aranges
                0x000005a8      0x178 main.c.o
 .debug_aranges
                0x00000720       0x70 stm32f4xx_it.c.o
 .debug_aranges
                0x00000790       0x20 stm32f4xx_hal_msp.c.o
 .debug_aranges
                0x000007b0       0x30 stm32f4xx_hal_timebase_tim.c.o
 .debug_aranges
                0x000007e0      0x3d0 stm32f4xx_hal_tim.c.o
 .debug_aranges
                0x00000bb0      0x168 stm32f4xx_hal_tim_ex.c.o
 .debug_aranges
                0x00000d18       0x70 stm32f4xx_ll_gpio.c.o
 .debug_aranges
                0x00000d88       0x88 stm32f4xx_ll_usart.c.o
 .debug_aranges
                0x00000e10      0x200 stm32f4xx_ll_rcc.c.o
 .debug_aranges
                0x00001010      0x100 stm32f4xx_ll_utils.c.o
 .debug_aranges
                0x00001110       0x70 stm32f4xx_ll_exti.c.o
 .debug_aranges
                0x00001180       0x88 stm32f4xx_hal_rcc.c.o
 .debug_aranges
                0x00001208      0x120 stm32f4xx_hal_cortex.c.o
 .debug_aranges
                0x00001328       0xf0 stm32f4xx_hal.c.o
 .debug_aranges
                0x00001418       0x28 system_stm32f4xx.c.o
 .debug_aranges
                0x00001440       0x28 startup_stm32f446retx.s.o
 .debug_aranges
                0x00001468       0x30 ../../../../slprj/ert/BMS_MCU_CODE/BMS_MCU_CODE_rtwlib.lib(BMS_MCU_CODE.c.o)
 .debug_aranges
                0x00001498       0x18 C:/Users/odona/OneDrive/Yara/Thesis/BMS_Thesis/slprj/ert/_sharedutils/rtwshared.lib(const_params.c.o)
 .debug_aranges
                0x000014b0       0x20 C:/Users/odona/OneDrive/Yara/Thesis/BMS_Thesis/slprj/ert/_sharedutils/rtwshared.lib(intrp2d_fu32fl_pw.c.o)
 .debug_aranges
                0x000014d0       0x20 C:/Users/odona/OneDrive/Yara/Thesis/BMS_Thesis/slprj/ert/_sharedutils/rtwshared.lib(look1_binlxpw.c.o)
 .debug_aranges
                0x000014f0       0x20 C:/Users/odona/OneDrive/Yara/Thesis/BMS_Thesis/slprj/ert/_sharedutils/rtwshared.lib(maximum_TTkd84nS.c.o)
 .debug_aranges
                0x00001510       0x20 C:/Users/odona/OneDrive/Yara/Thesis/BMS_Thesis/slprj/ert/_sharedutils/rtwshared.lib(minimum_ruU8vKTP.c.o)
 .debug_aranges
                0x00001530       0x20 C:/Users/odona/OneDrive/Yara/Thesis/BMS_Thesis/slprj/ert/_sharedutils/rtwshared.lib(plook_u32ff_binx.c.o)
 .debug_aranges
                0x00001550       0x38 C:/Users/odona/OneDrive/Yara/Thesis/BMS_Thesis/slprj/ert/_sharedutils/rtwshared.lib(rt_nonfinite.c.o)
 .debug_aranges
                0x00001588       0x20 C:/Users/odona/OneDrive/Yara/Thesis/BMS_Thesis/slprj/ert/_sharedutils/rtwshared.lib(binsearch_u32f.c.o)
 .debug_aranges
                0x000015a8       0x20 C:/Users/odona/OneDrive/Yara/Thesis/BMS_Thesis/slprj/ert/BMS_MCU_CODE/coderassumptions/lib/BMS_MCU_CODE_ca.lib(BMS_MCU_CODE_ca.c.o)
 .debug_aranges
                0x000015c8       0x78 C:/Users/odona/OneDrive/Yara/Thesis/BMS_Thesis/slprj/ert/BMS_MCU_CODE/coderassumptions/lib/BMS_MCU_CODE_ca.lib(coder_assumptions_hwimpl.c.o)
 .debug_aranges
                0x00001640       0x18 C:/Users/odona/OneDrive/Yara/Thesis/BMS_Thesis/slprj/ert/BMS_MCU_CODE/coderassumptions/lib/BMS_MCU_CODE_ca.lib(coder_assumptions_flt.c.o)

.debug_rnglists
                0x00000000     0x10a0
 .debug_rnglists
                0x00000000       0x84 xil_interface_lib.c.o
 .debug_rnglists
                0x00000084       0x39 xil_data_stream.c.o
 .debug_rnglists
                0x000000bd       0x1f xil_services.c.o
 .debug_rnglists
                0x000000dc       0x6c xil_interface.c.o
 .debug_rnglists
                0x00000148       0x25 xilcomms_rtiostream.c.o
 .debug_rnglists
                0x0000016d       0x2b xil_rtiostream.c.o
 .debug_rnglists
                0x00000198       0x19 rtiostream_utils.c.o
 .debug_rnglists
                0x000001b1       0x3b coder_assumptions_app.c.o
 .debug_rnglists
                0x000001ec       0x2b coder_assumptions_data_stream.c.o
 .debug_rnglists
                0x00000217       0x2b coder_assumptions_rtiostream.c.o
 .debug_rnglists
                0x00000242       0x1a pil_main.c.o
 .debug_rnglists
                0x0000025c       0x25 rtiostream_serial.c.o
 .debug_rnglists
                0x00000281      0x1a2 stm_usart.c.o
 .debug_rnglists
                0x00000423       0x1f platform_timer.c.o
 .debug_rnglists
                0x00000442      0x118 main.c.o
 .debug_rnglists
                0x0000055a       0x4f stm32f4xx_it.c.o
 .debug_rnglists
                0x000005a9       0x13 stm32f4xx_hal_msp.c.o
 .debug_rnglists
                0x000005bc       0x20 stm32f4xx_hal_timebase_tim.c.o
 .debug_rnglists
                0x000005dc      0x31a stm32f4xx_hal_tim.c.o
 .debug_rnglists
                0x000008f6      0x125 stm32f4xx_hal_tim_ex.c.o
 .debug_rnglists
                0x00000a1b       0x51 stm32f4xx_ll_gpio.c.o
 .debug_rnglists
                0x00000a6c       0x64 stm32f4xx_ll_usart.c.o
 .debug_rnglists
                0x00000ad0      0x180 stm32f4xx_ll_rcc.c.o
 .debug_rnglists
                0x00000c50       0xbe stm32f4xx_ll_utils.c.o
 .debug_rnglists
                0x00000d0e       0x50 stm32f4xx_ll_exti.c.o
 .debug_rnglists
                0x00000d5e       0x66 stm32f4xx_hal_rcc.c.o
 .debug_rnglists
                0x00000dc4       0xd4 stm32f4xx_hal_cortex.c.o
 .debug_rnglists
                0x00000e98       0xaf stm32f4xx_hal.c.o
 .debug_rnglists
                0x00000f47       0x1a system_stm32f4xx.c.o
 .debug_rnglists
                0x00000f61       0x19 startup_stm32f446retx.s.o
 .debug_rnglists
                0x00000f7a       0x20 ../../../../slprj/ert/BMS_MCU_CODE/BMS_MCU_CODE_rtwlib.lib(BMS_MCU_CODE.c.o)
 .debug_rnglists
                0x00000f9a       0x14 C:/Users/odona/OneDrive/Yara/Thesis/BMS_Thesis/slprj/ert/_sharedutils/rtwshared.lib(intrp2d_fu32fl_pw.c.o)
 .debug_rnglists
                0x00000fae       0x14 C:/Users/odona/OneDrive/Yara/Thesis/BMS_Thesis/slprj/ert/_sharedutils/rtwshared.lib(look1_binlxpw.c.o)
 .debug_rnglists
                0x00000fc2       0x14 C:/Users/odona/OneDrive/Yara/Thesis/BMS_Thesis/slprj/ert/_sharedutils/rtwshared.lib(maximum_TTkd84nS.c.o)
 .debug_rnglists
                0x00000fd6       0x14 C:/Users/odona/OneDrive/Yara/Thesis/BMS_Thesis/slprj/ert/_sharedutils/rtwshared.lib(minimum_ruU8vKTP.c.o)
 .debug_rnglists
                0x00000fea       0x14 C:/Users/odona/OneDrive/Yara/Thesis/BMS_Thesis/slprj/ert/_sharedutils/rtwshared.lib(plook_u32ff_binx.c.o)
 .debug_rnglists
                0x00000ffe       0x25 C:/Users/odona/OneDrive/Yara/Thesis/BMS_Thesis/slprj/ert/_sharedutils/rtwshared.lib(rt_nonfinite.c.o)
 .debug_rnglists
                0x00001023       0x13 C:/Users/odona/OneDrive/Yara/Thesis/BMS_Thesis/slprj/ert/_sharedutils/rtwshared.lib(binsearch_u32f.c.o)
 .debug_rnglists
                0x00001036       0x13 C:/Users/odona/OneDrive/Yara/Thesis/BMS_Thesis/slprj/ert/BMS_MCU_CODE/coderassumptions/lib/BMS_MCU_CODE_ca.lib(BMS_MCU_CODE_ca.c.o)
 .debug_rnglists
                0x00001049       0x57 C:/Users/odona/OneDrive/Yara/Thesis/BMS_Thesis/slprj/ert/BMS_MCU_CODE/coderassumptions/lib/BMS_MCU_CODE_ca.lib(coder_assumptions_hwimpl.c.o)

.debug_line     0x00000000    0x10530
 .debug_line    0x00000000      0x73c xil_interface_lib.c.o
 .debug_line    0x0000073c      0x466 xil_data_stream.c.o
 .debug_line    0x00000ba2      0x2cf xil_services.c.o
 .debug_line    0x00000e71      0x811 xil_interface.c.o
 .debug_line    0x00001682      0x255 xilcomms_rtiostream.c.o
 .debug_line    0x000018d7      0x1e3 xil_rtiostream.c.o
 .debug_line    0x00001aba      0x217 rtiostream_utils.c.o
 .debug_line    0x00001cd1      0x56c coder_assumptions_app.c.o
 .debug_line    0x0000223d      0x3b3 coder_assumptions_data_stream.c.o
 .debug_line    0x000025f0      0x20c coder_assumptions_rtiostream.c.o
 .debug_line    0x000027fc      0x3b5 pil_main.c.o
 .debug_line    0x00002bb1      0x435 rtiostream_serial.c.o
 .debug_line    0x00002fe6     0x191e stm_usart.c.o
 .debug_line    0x00004904      0x3c2 platform_timer.c.o
 .debug_line    0x00004cc6      0xab2 main.c.o
 .debug_line    0x00005778      0x369 stm32f4xx_it.c.o
 .debug_line    0x00005ae1      0x27d stm32f4xx_hal_msp.c.o
 .debug_line    0x00005d5e      0x35e stm32f4xx_hal_timebase_tim.c.o
 .debug_line    0x000060bc     0x3332 stm32f4xx_hal_tim.c.o