Archive member included to satisfy reference by file (symbol)

C:/ProgramData/MATLAB/SupportPackages/R2025b/3P.instrset/gnuarm-armcortex.instrset/win/bin/../lib/gcc/arm-none-eabi/13.2.1/thumb/v7e-m+fp/hard\libm.a(libm_a-w_fmod.o)
                              xcp_ext_common.c.o (fmod)
C:/ProgramData/MATLAB/SupportPackages/R2025b/3P.instrset/gnuarm-armcortex.instrset/win/bin/../lib/gcc/arm-none-eabi/13.2.1/thumb/v7e-m+fp/hard\libm.a(libm_a-e_fmod.o)
                              C:/ProgramData/MATLAB/SupportPackages/R2025b/3P.instrset/gnuarm-armcortex.instrset/win/bin/../lib/gcc/arm-none-eabi/13.2.1/thumb/v7e-m+fp/hard\libm.a(libm_a-w_fmod.o) (__ieee754_fmod)
C:/ProgramData/MATLAB/SupportPackages/R2025b/3P.instrset/gnuarm-armcortex.instrset/win/bin/../lib/gcc/arm-none-eabi/13.2.1/thumb/v7e-m+fp/hard\libgcc.a(_arm_muldf3.o)
                              BMS_MCU_CODE.c.o (__aeabi_dmul)
C:/ProgramData/MATLAB/SupportPackages/R2025b/3P.instrset/gnuarm-armcortex.instrset/win/bin/../lib/gcc/arm-none-eabi/13.2.1/thumb/v7e-m+fp/hard\libgcc.a(_arm_addsubdf3.o)
                              xcp_ext_common.c.o (__aeabi_dsub)
C:/ProgramData/MATLAB/SupportPackages/R2025b/3P.instrset/gnuarm-armcortex.instrset/win/bin/../lib/gcc/arm-none-eabi/13.2.1/thumb/v7e-m+fp/hard\libgcc.a(_arm_muldivdf3.o)
                              xcp_ext_common.c.o (__aeabi_ddiv)
C:/ProgramData/MATLAB/SupportPackages/R2025b/3P.instrset/gnuarm-armcortex.instrset/win/bin/../lib/gcc/arm-none-eabi/13.2.1/thumb/v7e-m+fp/hard\libgcc.a(_arm_cmpdf2.o)
                              xcp_ext_mode.c.o (__aeabi_dcmpeq)
C:/ProgramData/MATLAB/SupportPackages/R2025b/3P.instrset/gnuarm-armcortex.instrset/win/bin/../lib/gcc/arm-none-eabi/13.2.1/thumb/v7e-m+fp/hard\libgcc.a(_arm_unorddf2.o)
                              C:/ProgramData/MATLAB/SupportPackages/R2025b/3P.instrset/gnuarm-armcortex.instrset/win/bin/../lib/gcc/arm-none-eabi/13.2.1/thumb/v7e-m+fp/hard\libm.a(libm_a-w_fmod.o) (__aeabi_dcmpun)
C:/ProgramData/MATLAB/SupportPackages/R2025b/3P.instrset/gnuarm-armcortex.instrset/win/bin/../lib/gcc/arm-none-eabi/13.2.1/thumb/v7e-m+fp/hard\libgcc.a(_arm_fixunsdfsi.o)
                              xcp_ext_common.c.o (__aeabi_d2uiz)
C:/ProgramData/MATLAB/SupportPackages/R2025b/3P.instrset/gnuarm-armcortex.instrset/win/bin/../lib/gcc/arm-none-eabi/13.2.1/thumb/v7e-m+fp/hard\libgcc.a(_aeabi_uldivmod.o)
                              stm32f4xx_hal_rcc.c.o (__aeabi_uldivmod)
C:/ProgramData/MATLAB/SupportPackages/R2025b/3P.instrset/gnuarm-armcortex.instrset/win/bin/../lib/gcc/arm-none-eabi/13.2.1/thumb/v7e-m+fp/hard\libgcc.a(_udivmoddi4.o)
                              C:/ProgramData/MATLAB/SupportPackages/R2025b/3P.instrset/gnuarm-armcortex.instrset/win/bin/../lib/gcc/arm-none-eabi/13.2.1/thumb/v7e-m+fp/hard\libgcc.a(_aeabi_uldivmod.o) (__udivmoddi4)
C:/ProgramData/MATLAB/SupportPackages/R2025b/3P.instrset/gnuarm-armcortex.instrset/win/bin/../lib/gcc/arm-none-eabi/13.2.1/thumb/v7e-m+fp/hard\libgcc.a(_dvmd_tls.o)
                              C:/ProgramData/MATLAB/SupportPackages/R2025b/3P.instrset/gnuarm-armcortex.instrset/win/bin/../lib/gcc/arm-none-eabi/13.2.1/thumb/v7e-m+fp/hard\libgcc.a(_aeabi_uldivmod.o) (__aeabi_ldiv0)
C:/ProgramData/MATLAB/SupportPackages/R2025b/3P.instrset/gnuarm-armcortex.instrset/win/bin/../lib/gcc/arm-none-eabi/13.2.1/thumb/v7e-m+fp/hard\libg_nano.a(libc_a-exit.o)
                              C:/ProgramData/MATLAB/SupportPackages/R2025b/3P.instrset/gnuarm-armcortex.instrset/win/bin/../lib/gcc/arm-none-eabi/13.2.1/thumb/v7e-m+fp/hard/crt0.o (exit)
C:/ProgramData/MATLAB/SupportPackages/R2025b/3P.instrset/gnuarm-armcortex.instrset/win/bin/../lib/gcc/arm-none-eabi/13.2.1/thumb/v7e-m+fp/hard\libg_nano.a(libc_a-findfp.o)
                              C:/ProgramData/MATLAB/SupportPackages/R2025b/3P.instrset/gnuarm-armcortex.instrset/win/bin/../lib/gcc/arm-none-eabi/13.2.1/thumb/v7e-m+fp/hard\libg_nano.a(libc_a-exit.o) (__stdio_exit_handler)
C:/ProgramData/MATLAB/SupportPackages/R2025b/3P.instrset/gnuarm-armcortex.instrset/win/bin/../lib/gcc/arm-none-eabi/13.2.1/thumb/v7e-m+fp/hard\libg_nano.a(libc_a-fwalk.o)
                              C:/ProgramData/MATLAB/SupportPackages/R2025b/3P.instrset/gnuarm-armcortex.instrset/win/bin/../lib/gcc/arm-none-eabi/13.2.1/thumb/v7e-m+fp/hard\libg_nano.a(libc_a-findfp.o) (_fwalk_sglue)
C:/ProgramData/MATLAB/SupportPackages/R2025b/3P.instrset/gnuarm-armcortex.instrset/win/bin/../lib/gcc/arm-none-eabi/13.2.1/thumb/v7e-m+fp/hard\libg_nano.a(libc_a-stdio.o)
                              C:/ProgramData/MATLAB/SupportPackages/R2025b/3P.instrset/gnuarm-armcortex.instrset/win/bin/../lib/gcc/arm-none-eabi/13.2.1/thumb/v7e-m+fp/hard\libg_nano.a(libc_a-findfp.o) (__sread)
C:/ProgramData/MATLAB/SupportPackages/R2025b/3P.instrset/gnuarm-armcortex.instrset/win/bin/../lib/gcc/arm-none-eabi/13.2.1/thumb/v7e-m+fp/hard\libg_nano.a(libc_a-memset.o)
[...]
Memory Configuration

Name             Origin             Length             Attributes
RAM              0x20000000         0x00020000         xrw
FLASH            0x08000000         0x00080000         xr
*default*        0x00000000         0xffffffff

Linker script and memory map

LOAD C:/ProgramData/MATLAB/SupportPackages/R2025b/3P.instrset/gnuarm-armcortex.instrset/win/bin/../lib/gcc/arm-none-eabi/13.2.1/thumb/v7e-m+fp/hard/crti.o
LOAD C:/ProgramData/MATLAB/SupportPackages/R2025b/3P.instrset/gnuarm-armcortex.instrset/win/bin/../lib/gcc/arm-none-eabi/13.2.1/thumb/v7e-m+fp/hard/crtbegin.o
LOAD C:/ProgramData/MATLAB/SupportPackages/R2025b/3P.instrset/gnuarm-armcortex.instrset/win/bin/../lib/gcc/arm-none-eabi/13.2.1/thumb/v7e-m+fp/hard/crt0.o
LOAD mw_stm32_spi_ll.c.o
LOAD xcp_ext_mode.c.o
LOAD BMS_MCU_CODE.c.o
LOAD BMS_MCU_CODE_data.c.o
LOAD ert_main.c.o
LOAD xcp_ext_common.c.o
LOAD xcp_ext_classic_trigger.c.o
LOAD xcp.c.o
LOAD xcp_standard.c.o
LOAD xcp_daq.c.o
LOAD xcp_calibration.c.o
LOAD xcp_fifo.c.o
LOAD xcp_transport.c.o
LOAD xcp_mem_default.c.o
LOAD xcp_drv_rtiostream.c.o
LOAD xcp_utils.c.o
LOAD xcp_frame_serial.c.o
LOAD xcp_ext_param_default_serial.c.o
LOAD overrideHALDelay.c.o
LOAD platform_timer.c.o
LOAD SysTickScheduler.c.o
LOAD m3m4m4f_multitasking.c.o
LOAD rtiostream_serial.c.o
LOAD stm_usart.c.o
LOAD sys_arch_arm.c.o
LOAD main.c.o
LOAD stm32f4xx_it.c.o
LOAD stm32f4xx_hal_msp.c.o
LOAD stm32f4xx_hal_timebase_tim.c.o
LOAD stm32f4xx_hal_tim.c.o
LOAD stm32f4xx_hal_tim_ex.c.o
LOAD stm32f4xx_ll_gpio.c.o
LOAD stm32f4xx_ll_dma.c.o
LOAD stm32f4xx_ll_spi.c.o
LOAD stm32f4xx_ll_rcc.c.o
LOAD stm32f4xx_ll_utils.c.o
LOAD stm32f4xx_ll_exti.c.o
LOAD stm32f4xx_hal_rcc.c.o
LOAD stm32f4xx_hal_rcc_ex.c.o
LOAD stm32f4xx_hal_flash.c.o
LOAD stm32f4xx_hal_flash_ex.c.o
LOAD stm32f4xx_hal_flash_ramfunc.c.o
LOAD stm32f4xx_hal_gpio.c.o
LOAD stm32f4xx_hal_dma_ex.c.o
LOAD stm32f4xx_hal_dma.c.o
LOAD stm32f4xx_hal_pwr.c.o
LOAD stm32f4xx_hal_pwr_ex.c.o
LOAD stm32f4xx_hal_cortex.c.o
LOAD stm32f4xx_hal.c.o
LOAD stm32f4xx_hal_exti.c.o
LOAD stm32f4xx_ll_usart.c.o
LOAD system_stm32f4xx.c.o
LOAD syscalls.c.o
LOAD sysmem.c.o
LOAD startup_stm32f446retx.s.o
LOAD C:/ProgramData/MATLAB/SupportPackages/R2025b/3P.instrset/cmsis_dsp.instrset/Lib/GCC/arm_cortexm4ldfsp_math/libCMSISDSP.a
LOAD C:/ProgramData/MATLAB/SupportPackages/R2025b/toolbox/shared/supportpackages/stm32/lib/GCC/libmw_pdmfilter_m4_spfp.lib
LOAD C:/ProgramData/MATLAB/SupportPackages/R2025b/3P.instrset/gnuarm-armcortex.instrset/win/bin/../lib/gcc/arm-none-eabi/13.2.1/thumb/v7e-m+fp/hard\libstdc++_nano.a
LOAD C:/ProgramData/MATLAB/SupportPackages/R2025b/3P.instrset/gnuarm-armcortex.instrset/win/bin/../lib/gcc/arm-none-eabi/13.2.1/thumb/v7e-m+fp/hard\libm.a
START GROUP
LOAD C:/ProgramData/MATLAB/SupportPackages/R2025b/3P.instrset/gnuarm-armcortex.instrset/win/bin/../lib/gcc/arm-none-eabi/13.2.1/thumb/v7e-m+fp/hard\libgcc.a
LOAD C:/ProgramData/MATLAB/SupportPackages/R2025b/3P.instrset/gnuarm-armcortex.instrset/win/bin/../lib/gcc/arm-none-eabi/13.2.1/thumb/v7e-m+fp/hard\libg_nano.a
LOAD C:/ProgramData/MATLAB/SupportPackages/R2025b/3P.instrset/gnuarm-armcortex.instrset/win/bin/../lib/gcc/arm-none-eabi/13.2.1/thumb/v7e-m+fp/hard\libc_nano.a
END GROUP
START GROUP
LOAD C:/ProgramData/MATLAB/SupportPackages/R2025b/3P.instrset/gnuarm-armcortex.instrset/win/bin/../lib/gcc/arm-none-eabi/13.2.1/thumb/v7e-m+fp/hard\libgcc.a
LOAD C:/ProgramData/MATLAB/SupportPackages/R2025b/3P.instrset/gnuarm-armcortex.instrset/win/bin/../lib/gcc/arm-none-eabi/13.2.1/thumb/v7e-m+fp/hard\libc_nano.a
LOAD C:/ProgramData/MATLAB/SupportPackages/R2025b/3P.instrset/gnuarm-armcortex.instrset/win/bin/../lib/gcc/arm-none-eabi/13.2.1/thumb/v7e-m+fp/hard\libnosys.a
END GROUP
START GROUP
LOAD C:/ProgramData/MATLAB/SupportPackages/R2025b/3P.instrset/gnuarm-armcortex.instrset/win/bin/../lib/gcc/arm-none-eabi/13.2.1/thumb/v7e-m+fp/hard\libgcc.a
LOAD C:/ProgramData/MATLAB/SupportPackages/R2025b/3P.instrset/gnuarm-armcortex.instrset/win/bin/../lib/gcc/arm-none-eabi/13.2.1/thumb/v7e-m+fp/hard\libc_nano.a
LOAD C:/ProgramData/MATLAB/SupportPackages/R2025b/3P.instrset/gnuarm-armcortex.instrset/win/bin/../lib/gcc/arm-none-eabi/13.2.1/thumb/v7e-m+fp/hard\libnosys.a
END GROUP
LOAD C:/ProgramData/MATLAB/SupportPackages/R2025b/3P.instrset/gnuarm-armcortex.instrset/win/bin/../lib/gcc/arm-none-eabi/13.2.1/thumb/v7e-m+fp/hard/crtend.o
LOAD C:/ProgramData/MATLAB/SupportPackages/R2025b/3P.instrset/gnuarm-armcortex.instrset/win/bin/../lib/gcc/arm-none-eabi/13.2.1/thumb/v7e-m+fp/hard/crtn.o
                0x20020000                        _estack = (ORIGIN (RAM) + LENGTH (RAM))
                0x00000200                        _Min_Heap_Size = 0x200
                0x00000400                        _Min_Stack_Size = 0x400

.isr_vector     0x08000000      0x1c4
                0x08000000                        . = ALIGN (0x4)
 *(.isr_vector)
 .isr_vector    0x08000000      0x1c4 startup_stm32f446retx.s.o
                0x08000000                g_pfnVectors
                0x080001c4                        . = ALIGN (0x4)

.text           0x080001c8     0xcc64
                0x080001c8                        . = ALIGN (0x4)
 *(.text)
 .text          0x080001c8      0x378 C:/ProgramData/MATLAB/SupportPackages/R2025b/3P.instrset/gnuarm-armcortex.instrset/win/bin/../lib/gcc/arm-none-eabi/13.2.1/thumb/v7e-m+fp/hard\libgcc.a(_arm_addsubdf3.o)
                0x080001c8                __aeabi_drsub
                0x080001d0                __aeabi_dsub
                0x080001d0                __subdf3
                0x080001d4                __aeabi_dadd
                0x080001d4                __adddf3
                0x0800044c                __floatunsidf
                0x0800044c                __aeabi_ui2d
                0x0800046c                __floatsidf
                0x0800046c                __aeabi_i2d
                0x08000490                __aeabi_f2d
                0x08000490                __extendsfdf2
                0x080004d4                __floatundidf
                0x080004d4                __aeabi_ul2d
                0x080004e4                __floatdidf
                0x080004e4                __aeabi_l2d
 .text          0x08000540      0x424 C:/ProgramData/MATLAB/SupportPackages/R2025b/3P.instrset/gnuarm-armcortex.instrset/win/bin/../lib/gcc/arm-none-eabi/13.2.1/thumb/v7e-m+fp/hard\libgcc.a(_arm_muldivdf3.o)
                0x08000540                __aeabi_dmul
                0x08000540                __muldf3
                0x08000794                __divdf3
                0x08000794                __aeabi_ddiv
 .text          0x08000964      0x110 C:/ProgramData/MATLAB/SupportPackages/R2025b/3P.instrset/gnuarm-armcortex.instrset/win/bin/../lib/gcc/arm-none-eabi/13.2.1/thumb/v7e-m+fp/hard\libgcc.a(_arm_cmpdf2.o)
                0x08000964                __gtdf2
                0x08000964                __gedf2
                0x0800096c                __ltdf2
                0x0800096c                __ledf2
                0x08000974                __nedf2
                0x08000974                __eqdf2
                0x08000974                __cmpdf2
                0x080009f0                __aeabi_cdrcmple
                0x08000a00                __aeabi_cdcmpeq
                0x08000a00                __aeabi_cdcmple
                0x08000a10                __aeabi_dcmpeq
                0x08000a24                __aeabi_dcmplt
                0x08000a38                __aeabi_dcmple
                0x08000a4c                __aeabi_dcmpge
                0x08000a60                __aeabi_dcmpgt
 .text          0x08000a74       0x2c C:/ProgramData/MATLAB/SupportPackages/R2025b/3P.instrset/gnuarm-armcortex.instrset/win/bin/../lib/gcc/arm-none-eabi/13.2.1/thumb/v7e-m+fp/hard\libgcc.a(_arm_unorddf2.o)
                0x08000a74                __unorddf2
                0x08000a74                __aeabi_dcmpun
 .text          0x08000aa0       0x40 C:/ProgramData/MATLAB/SupportPackages/R2025b/3P.instrset/gnuarm-armcortex.instrset/win/bin/../lib/gcc/arm-none-eabi/13.2.1/thumb/v7e-m+fp/hard\libgcc.a(_arm_fixunsdfsi.o)
                0x08000aa0                __aeabi_d2uiz
                0x08000aa0                __fixunsdfsi
 .text          0x08000ae0       0x30 C:/ProgramData/MATLAB/SupportPackages/R2025b/3P.instrset/gnuarm-armcortex.instrset/win/bin/../lib/gcc/arm-none-eabi/13.2.1/thumb/v7e-m+fp/hard\libgcc.a(_aeabi_uldivmod.o)
                0x08000ae0                __aeabi_uldivmod
 .text          0x08000b10        0x4 C:/ProgramData/MATLAB/SupportPackages/R2025b/3P.instrset/gnuarm-armcortex.instrset/win/bin/../lib/gcc/arm-none-eabi/13.2.1/thumb/v7e-m+fp/hard\libgcc.a(_dvmd_tls.o)
                0x08000b10                __aeabi_idiv0
                0x08000b10                __aeabi_ldiv0
 *(.text*)
 .text.deregister_tm_clones
                0x08000b14       0x1c C:/ProgramData/MATLAB/SupportPackages/R2025b/3P.instrset/gnuarm-armcortex.instrset/win/bin/../lib/gcc/arm-none-eabi/13.2.1/thumb/v7e-m+fp/hard/crtbegin.o
 .text.register_tm_clones
                0x08000b30       0x24 C:/ProgramData/MATLAB/SupportPackages/R2025b/3P.instrset/gnuarm-armcortex.instrset/win/bin/../lib/gcc/arm-none-eabi/13.2.1/thumb/v7e-m+fp/hard/crtbegin.o
 .text.__do_global_dtors_aux
                0x08000b54       0x28 C:/ProgramData/MATLAB/SupportPackages/R2025b/3P.instrset/gnuarm-armcortex.instrset/win/bin/../lib/gcc/arm-none-eabi/13.2.1/thumb/v7e-m+fp/hard/crtbegin.o
 .text.frame_dummy
                0x08000b7c       0x24 C:/ProgramData/MATLAB/SupportPackages/R2025b/3P.instrset/gnuarm-armcortex.instrset/win/bin/../lib/gcc/arm-none-eabi/13.2.1/thumb/v7e-m+fp/hard/crtbegin.o
 .text.LL_DMA_EnableStream
                0x08000ba0       0x40 mw_stm32_spi_ll.c.o
 .text.LL_DMA_SetDataLength
                0x08000be0       0x48 mw_stm32_spi_ll.c.o
 .text.LL_DMA_ConfigAddresses
                0x08000c28       0x78 mw_stm32_spi_ll.c.o
 .text.LL_DMA_EnableIT_TC
                0x08000ca0       0x40 mw_stm32_spi_ll.c.o
 .text.LL_SPI_Enable
                0x08000ce0       0x20 mw_stm32_spi_ll.c.o
 .text.LL_SPI_Disable
                0x08000d00       0x20 mw_stm32_spi_ll.c.o
 .text.LL_SPI_IsEnabled
                0x08000d20       0x26 mw_stm32_spi_ll.c.o
 .text.LL_SPI_GetMode
                0x08000d46       0x1c mw_stm32_spi_ll.c.o
 .text.LL_SPI_SetClockPhase
                0x08000d62       0x26 mw_stm32_spi_ll.c.o
 .text.LL_SPI_GetClockPhase
                0x08000d88       0x1c mw_stm32_spi_ll.c.o
 .text.LL_SPI_SetClockPolarity
                0x08000da4       0x26 mw_stm32_spi_ll.c.o
 .text.LL_SPI_GetClockPolarity
                0x08000dca       0x1c mw_stm32_spi_ll.c.o
 .text.LL_SPI_GetTransferDirection
                0x08000de6       0x1c mw_stm32_spi_ll.c.o
 .text.LL_SPI_SetDataWidth
                0x08000e02       0x26 mw_stm32_spi_ll.c.o
 .text.LL_SPI_GetDataWidth
                0x08000e28       0x1c mw_stm32_spi_ll.c.o
 .text.LL_SPI_IsActiveFlag_RXNE
                0x08000e44       0x26 mw_stm32_spi_ll.c.o
 .text.LL_SPI_IsActiveFlag_TXE
                0x08000e6a       0x26 mw_stm32_spi_ll.c.o
 .text.LL_SPI_IsActiveFlag_BSY
                0x08000e90       0x26 mw_stm32_spi_ll.c.o
 .text.LL_SPI_EnableIT_RXNE
                0x08000eb6       0x20 mw_stm32_spi_ll.c.o
 .text.LL_SPI_EnableDMAReq_RX
                0x08000ed6       0x20 mw_stm32_spi_ll.c.o
 .text.LL_SPI_EnableDMAReq_TX
                0x08000ef6       0x20 mw_stm32_spi_ll.c.o
 .text.LL_SPI_DMA_GetRegAddr
                0x08000f16       0x18 mw_stm32_spi_ll.c.o
 .text.LL_SPI_ReceiveData8
                0x08000f2e       0x1c mw_stm32_spi_ll.c.o
 .text.LL_SPI_ReceiveData16
                0x08000f4a       0x1a mw_stm32_spi_ll.c.o
 .text.LL_SPI_TransmitData8
                0x08000f64       0x24 mw_stm32_spi_ll.c.o
 .text.LL_SPI_TransmitData16
                0x08000f88       0x24 mw_stm32_spi_ll.c.o
 .text.SPI_STM32_Init
                0x08000fac      0x1c4 mw_stm32_spi_ll.c.o
                0x08000fac                SPI_STM32_Init
 .text.MW_STM32_SPI_SetFormat
                0x08001170      0x1f6 mw_stm32_spi_ll.c.o
                0x08001170                MW_STM32_SPI_SetFormat
 .text.MW_SPI_ControllerWriteRead_Databits
                0x08001366      0x226 mw_stm32_spi_ll.c.o
                0x08001366                MW_SPI_ControllerWriteRead_Databits
 .text.SPI_ConfigureReceiveDMA
                0x0800158c       0x82 mw_stm32_spi_ll.c.o
                0x0800158c                SPI_ConfigureReceiveDMA
 .text.SPI_ConfigureTransmitDMA
                0x0800160e       0x58 mw_stm32_spi_ll.c.o
                0x0800160e                SPI_ConfigureTransmitDMA
 .text.MW_SPI_Disable
                0x08001666       0x76 mw_stm32_spi_ll.c.o
                0x08001666                MW_SPI_Disable
 .text.MW_SPI_Close
                0x080016dc       0x1a mw_stm32_spi_ll.c.o
                0x080016dc                MW_SPI_Close
 .text.errorHandle_MasterWriteRead
                0x080016f6       0x36 mw_stm32_spi_ll.c.o
 .text.extmodeParseArgs
                0x0800172c       0x1e xcp_ext_mode.c.o
                0x0800172c                extmodeParseArgs
 *fill*         0x0800174a        0x2 
 .text.extmodeInit
                0x0800174c      0x128 xcp_ext_mode.c.o
                0x0800174c                extmodeInit
 .text.extmodeWaitForHostRequest
                0x08001874       0xcc xcp_ext_mode.c.o
                0x08001874                extmodeWaitForHostRequest
 .text.extmodeEvent
                0x08001940       0xfc xcp_ext_mode.c.o
                0x08001940                extmodeEvent
 .text.extmodeBackgroundRun
                0x08001a3c       0x20 xcp_ext_mode.c.o
                0x08001a3c                extmodeBackgroundRun
 .text.extmodeReset
                0x08001a5c       0x40 xcp_ext_mode.c.o
                0x08001a5c                extmodeReset
 .text.extmodeStopRequested
                0x08001a9c       0x18 xcp_ext_mode.c.o
                0x08001a9c                extmodeStopRequested
 .text.extmodeSimulationComplete
                0x08001ab4       0x18 xcp_ext_mode.c.o
                0x08001ab4                extmodeSimulationComplete
 .text.LL_GPIO_SetOutputPin
                0x08001acc       0x1c BMS_MCU_CODE.c.o
 .text.LL_GPIO_ResetOutputPin
                0x08001ae8       0x1e BMS_MCU_CODE.c.o
 *fill*         0x08001b06        0x2 
 .text.BMS_MCU_C_SPIDrvBlock_setupImpl
                0x08001b08       0xa8 BMS_MCU_CODE.c.o
 .text.BMS_MCU_CODE_step
                0x08001bb0      0x8e0 BMS_MCU_CODE.c.o
                0x08001bb0                BMS_MCU_CODE_step
 .text.BMS_MCU_CODE_initialize
                0x08002490      0x214 BMS_MCU_CODE.c.o
                0x08002490                BMS_MCU_CODE_initialize
 .text.BMS_MCU_CODE_terminate
                0x080026a4       0x5c BMS_MCU_CODE.c.o
                0x080026a4                BMS_MCU_CODE_terminate
 .text.rt_OneStep
                0x08002700       0x78 ert_main.c.o
                0x08002700                rt_OneStep
 .text.main     0x08002778      0x184 ert_main.c.o
                0x08002778                main
 .text.xcp_void_printf
                0x080028fc       0x12 xcp_ext_common.c.o
                0x080028fc                xcp_void_printf
 .text.xcpCopyTimeValue
                0x0800290e       0x26 xcp_ext_common.c.o
 *fill*         0x08002934        0x4 
 .text.xcpExtModeUpdateTime
                0x08002938      0x13c xcp_ext_common.c.o
                0x08002938                xcpExtModeUpdateTime
 .text.xcpExtModeInit
                0x08002a74       0xb0 xcp_ext_common.c.o
                0x08002a74                xcpExtModeInit
 .text.xcpExtModeRunBackground
                0x08002b24      0x13c xcp_ext_common.c.o
                0x08002b24                xcpExtModeRunBackground
 .text.xcpExtModeReset
                0x08002c60      0x128 xcp_ext_common.c.o
                0x08002c60                xcpExtModeReset
 .text.sampleSignalTrigger
                0x08002d88      0x1b4 xcp_ext_classic_trigger.c.o
 .text.updateTriggerStatus
                0x08002f3c      0x2b8 xcp_ext_classic_trigger.c.o
 .text.xcpExtModeClassicTriggerInit
                0x080031f4       0x68 xcp_ext_classic_trigger.c.o
                0x080031f4                xcpExtModeClassicTriggerInit
 .text.xcpExtModeClassicTriggerEnabled
                0x0800325c      0x100 xcp_ext_classic_trigger.c.o
                0x0800325c                xcpExtModeClassicTriggerEnabled
 .text.xcpExtModeClassicTriggerReset
                0x0800335c       0xf4 xcp_ext_classic_trigger.c.o
                0x0800335c                xcpExtModeClassicTriggerReset
 .text.xcpExtModeClassicTriggerForceEnableStatusUpdate
                0x08003450       0x78 xcp_ext_classic_trigger.c.o
                0x08003450                xcpExtModeClassicTriggerForceEnableStatusUpdate
 .text.msgBufferRealloc
                0x080034c8       0x72 xcp.c.o
 *fill*         0x0800353a        0x2 
 .text.discardInputPacketHandler
                0x0800353c       0x3c xcp.c.o
 .text.unknownInputPacketHandler
                0x08003578       0x34 xcp.c.o
 .text.xcpGetPacketGroupID
                0x080035ac       0x74 xcp.c.o
 .text.xcpGetPacketHandlers
                0x08003620      0x124 xcp.c.o
 .text.xcpStatusSet
                0x08003744       0x20 xcp.c.o
                0x08003744                xcpStatusSet
 .text.xcpSessionStatusGet
                0x08003764       0x18 xcp.c.o
                0x08003764                xcpSessionStatusGet
 .text.xcpSessionStatusSetMask
                0x0800377c       0x28 xcp.c.o
                0x0800377c                xcpSessionStatusSetMask
 .text.xcpSessionStatusClearMask
                0x080037a4       0x34 xcp.c.o
                0x080037a4                xcpSessionStatusClearMask
 .text.xcpResourceProtectionStatusGet
                0x080037d8       0x18 xcp.c.o
                0x080037d8                xcpResourceProtectionStatusGet
 .text.xcpSessionConfigurationIdGet
                0x080037f0       0x18 xcp.c.o
                0x080037f0                xcpSessionConfigurationIdGet
 .text.genericOutputPacketHandler
                0x08003808      0x11c xcp.c.o
                0x08003808                genericOutputPacketHandler
 .text.xcpFindPacket
                0x08003924       0x6e xcp.c.o
                0x08003924                xcpFindPacket
 *fill*         0x08003992        0x2 
 .text.xcpInit  0x08003994       0x64 xcp.c.o
                0x08003994                xcpInit
 .text.xcpRun   0x080039f8      0x194 xcp.c.o
                0x080039f8                xcpRun
 .text.xcpEvent
                0x08003b8c       0x50 xcp.c.o
                0x08003b8c                xcpEvent
 .text.xcpGetStatus
                0x08003bdc       0x18 xcp.c.o
                0x08003bdc                xcpGetStatus
 .text.xcpReset
                0x08003bf4       0x40 xcp.c.o
                0x08003bf4                xcpReset
 .text.xcpPackedModeEventsFlush
                0x08003c34       0x1e xcp.c.o
                0x08003c34                xcpPackedModeEventsFlush
 .text.xcpPackedModeEventReset
                0x08003c52       0x2a xcp.c.o
                0x08003c52                xcpPackedModeEventReset
 .text.isValidUploadSize
                0x08003c7c       0x30 xcp_standard.c.o
 .text.xcpMemcpyFromMTA
                0x08003cac       0x38 xcp_standard.c.o
 .text.connectInputPacketHandler
                0x08003ce4       0xa4 xcp_standard.c.o
 .text.connectOutputPacketHandler
                0x08003d88       0xd4 xcp_standard.c.o
 .text.disconnectInputPacketHandler
                0x08003e5c       0x54 xcp_standard.c.o
 .text.getStatusInputPacketHandler
                0x08003eb0       0x28 xcp_standard.c.o
 .text.getStatusOutputPacketHandler
                0x08003ed8       0x80 xcp_standard.c.o
 .text.synchInputPacketHandler
                0x08003f58       0x44 xcp_standard.c.o
 .text.setMTAInputPacketHandler
                0x08003f9c       0x78 xcp_standard.c.o
 .text.uploadInputPacketHandler
                0x08004014       0x98 xcp_standard.c.o
 .text.uploadOutputPacketHandler
                0x080040ac       0x9c xcp_standard.c.o
 .text.shortUploadInputPacketHandler
                0x08004148       0xa4 xcp_standard.c.o
 .text.shortUploadOutputPacketHandler
                0x080041ec       0x9c xcp_standard.c.o
 .text.getPacket
                0x08004288       0x24 xcp_standard.c.o
 .text.xcpStandardInit
                0x080042ac       0x18 xcp_standard.c.o
                0x080042ac                xcpStandardInit
 .text.xcpStandardGetPacketLookup
                0x080042c4       0x18 xcp_standard.c.o
                0x080042c4                xcpStandardGetPacketLookup
 .text.xcpStandardSetPacketLookup
                0x080042dc       0x20 xcp_standard.c.o
                0x080042dc                xcpStandardSetPacketLookup
 .text.xcpStandardReset
                0x080042fc       0x12 xcp_standard.c.o
                0x080042fc                xcpStandardReset
 *fill*         0x0800430e        0x2 
 .text.xcpStandardGetAddressFromMta
                0x08004310       0x18 xcp_standard.c.o
                0x08004310                xcpStandardGetAddressFromMta
 .text.xcpStandardSetMta
                0x08004328       0x3c xcp_standard.c.o
                0x08004328                xcpStandardSetMta
 .text.xcpStandardIncrementMta
                0x08004364       0x28 xcp_standard.c.o
                0x08004364                xcpStandardIncrementMta
 .text.xcpStandardExtendedInit
                0x0800438c        0xe xcp_standard.c.o
                0x0800438c                xcpStandardExtendedInit
 .text.xcpStandardExtendedReset
                0x0800439a        0xe xcp_standard.c.o
                0x0800439a                xcpStandardExtendedReset
 .text.xcpDaqWriteLock
                0x080043a8       0x4c xcp_daq.c.o
 .text.xcpDaqWriteUnlock
                0x080043f4       0x20 xcp_daq.c.o
 .text.xcpDaqReadLock
                0x08004414       0x38 xcp_daq.c.o
 .text.xcpDaqReadUnlock
                0x0800444c       0x38 xcp_daq.c.o
 .text.isActiveDaqList
                0x08004484       0x50 xcp_daq.c.o
 .text.noActiveDaqLists
                0x080044d4       0x50 xcp_daq.c.o
 .text.isValidDaqPtr
                0x08004524       0xb8 xcp_daq.c.o
 .text.isValidDaqEntry
                0x080045dc       0x36 xcp_daq.c.o
 .text.isSupportedDaqListMode
                0x08004612       0x26 xcp_daq.c.o
 .text.isValidStartStopMode
                0x08004638       0x32 xcp_daq.c.o
 .text.isValidStartStopSynchMode
                0x0800466a       0x32 xcp_daq.c.o
 .text.absoluteOdtNumberIdentification
                0x0800469c       0x10 xcp_daq.c.o
 .text.isDaqPackedModeEnabled
                0x080046ac       0x6c xcp_daq.c.o
 .text.odtPacketSize
                0x08004718       0x54 xcp_daq.c.o
 .text.createDaqReservedPool
                0x0800476c       0x88 xcp_daq.c.o
 .text.destroyDaqReservedPool
                0x080047f4       0x2c xcp_daq.c.o
 .text.setDaqPtrInputPacketHandler
                0x08004820       0xdc xcp_daq.c.o
 .text.writeDaqInputPacketHandler
                0x080048fc      0x198 xcp_daq.c.o
 .text.setDaqListModeInputPacketHandler
                0x08004a94      0x1c8 xcp_daq.c.o
 .text.startStopDaqListInputPacketHandler
                0x08004c5c      0x3f4 xcp_daq.c.o
 .text.startStopDaqListOutputPacketHandler
                0x08005050       0x5c xcp_daq.c.o
 .text.startStopSynchInputPacketHandler
                0x080050ac      0x328 xcp_daq.c.o
 .text.getDaqProcessorInfoInputPacketHandler
                0x080053d4       0x28 xcp_daq.c.o
 .text.getDaqProcessorInfoOutputPacketHandler
                0x080053fc       0xac xcp_daq.c.o
 .text.getDaqResolutionInfoInputPacketHandler
                0x080054a8       0x28 xcp_daq.c.o
 .text.getDaqResolutionInfoOutputPacketHandler
                0x080054d0       0xb8 xcp_daq.c.o
 .text.freeDaqInputPacketHandler
                0x08005588       0x5c xcp_daq.c.o
 .text.allocDaqInputPacketHandler
                0x080055e4      0x18c xcp_daq.c.o
 .text.allocOdtInputPacketHandler
                0x08005770      0x1c0 xcp_daq.c.o
 .text.allocOdtEntryInputPacketHandler
                0x08005930      0x270 xcp_daq.c.o
 .text.getDaqClockInputPacketHandler
                0x08005ba0       0x22 xcp_daq.c.o
 *fill*         0x08005bc2        0x2 
 .text.setDaqPackedModeInputPacketHandler
                0x08005bc4      0x21c xcp_daq.c.o
 .text.level1CommandInputPacketHandler
                0x08005de0       0x64 xcp_daq.c.o
 .text.getPacket
                0x08005e44       0x24 xcp_daq.c.o
 .text.xcpDaqInit
                0x08005e68       0x38 xcp_daq.c.o
                0x08005e68                xcpDaqInit
 .text.xcpDaqGetPacketLookup
                0x08005ea0       0x18 xcp_daq.c.o
                0x08005ea0                xcpDaqGetPacketLookup
 .text.xcpDaqSetPacketLookup
                0x08005eb8       0x20 xcp_daq.c.o
                0x08005eb8                xcpDaqSetPacketLookup
 .text.xcpResetDaq
                0x08005ed8       0xa4 xcp_daq.c.o
 .text.daqWriteXCPDataForOdt
                0x08005f7c       0x7c xcp_daq.c.o
 .text.odtWriteEntries
                0x08005ff8       0x9c xcp_daq.c.o
 .text.xcpProcessDaq
                0x08006094      0x208 xcp_daq.c.o
 .text.xcpDaqEvent
                0x0800629c      0x108 xcp_daq.c.o
                0x0800629c                xcpDaqEvent
 .text.xcpDaqEventsFlush
                0x080063a4      0x284 xcp_daq.c.o
                0x080063a4                xcpDaqEventsFlush
 .text.xcpDaqLock
                0x08006628       0x1e xcp_daq.c.o
                0x08006628                xcpDaqLock
 .text.xcpDaqUnlock
                0x08006646        0xe xcp_daq.c.o
                0x08006646                xcpDaqUnlock
 .text.xcpResetDaqListStatus
                0x08006654      0x19c xcp_daq.c.o
                0x08006654                xcpResetDaqListStatus
 .text.xcpDaqReset
                0x080067f0       0x20 xcp_daq.c.o
                0x080067f0                xcpDaqReset
 .text.xcpDaqExtendedInit
                0x08006810        0xe xcp_daq.c.o
                0x08006810                xcpDaqExtendedInit
 .text.xcpDaqExtendedReset
                0x0800681e        0xe xcp_daq.c.o
                0x0800681e                xcpDaqExtendedReset
 .text.isValidShortDownloadSize
                0x0800682c       0x34 xcp_calibration.c.o
 .text.isValidDownloadSize
                0x08006860       0x3a xcp_calibration.c.o
 *fill*         0x0800689a        0x2 
 .text.xcpMemcpyToMTA
                0x0800689c       0x34 xcp_calibration.c.o
 .text.downloadInputPacketHandler
                0x080068d0       0xb0 xcp_calibration.c.o
 .text.shortDownloadInputPacketHandler
                0x08006980       0xb8 xcp_calibration.c.o
 .text.getPacket
                0x08006a38       0x24 xcp_calibration.c.o
 .text.xcpCalibrationInit
                0x08006a5c       0x14 xcp_calibration.c.o
                0x08006a5c                xcpCalibrationInit
 .text.xcpCalibrationGetPacketLookup
                0x08006a70       0x18 xcp_calibration.c.o
                0x08006a70                xcpCalibrationGetPacketLookup
 .text.xcpCalibrationSetPacketLookup
                0x08006a88       0x20 xcp_calibration.c.o
                0x08006a88                xcpCalibrationSetPacketLookup
 .text.xcpCalibrationReset
                0x08006aa8        0xe xcp_calibration.c.o
                0x08006aa8                xcpCalibrationReset
 .text.xcpFifoInit
                0x08006ab6       0x20 xcp_fifo.c.o
                0x08006ab6                xcpFifoInit
 .text.xcpFifoEnqueue
                0x08006ad6       0x2a xcp_fifo.c.o
                0x08006ad6                xcpFifoEnqueue
 .text.xcpFifoDequeue
                0x08006b00       0x3e xcp_fifo.c.o
                0x08006b00                xcpFifoDequeue
 .text.xcpFifoEnqueueHead
                0x08006b3e       0x32 xcp_fifo.c.o
                0x08006b3e                xcpFifoEnqueueHead
 .text.xcpFifoReset
                0x08006b70       0x16 xcp_fifo.c.o
                0x08006b70                xcpFifoReset
 *fill*         0x08006b86        0x2 
 .text.xcpTransportEmptyTxFifo
                0x08006b88       0x6c xcp_transport.c.o
 .text.xcpTransportEmptyRxFifo
                0x08006bf4       0x6c xcp_transport.c.o
 .text.xcpTransportInit
                0x08006c60      0x138 xcp_transport.c.o
                0x08006c60                xcpTransportInit
 .text.xcpTransportTxReady
                0x08006d98       0x1a xcp_transport.c.o
                0x08006d98                xcpTransportTxReady
 .text.xcpTransportTxTrigger
                0x08006db2       0x1a xcp_transport.c.o
                0x08006db2                xcpTransportTxTrigger
 .text.xcpTransportTxPacketSet
                0x08006dcc      0x144 xcp_transport.c.o
                0x08006dcc                xcpTransportTxPacketSet
 .text.xcpTransportTx
                0x08006f10       0xec xcp_transport.c.o
                0x08006f10                xcpTransportTx
 .text.xcpTransportRx
                0x08006ffc       0x80 xcp_transport.c.o
                0x08006ffc                xcpTransportRx
 .text.xcpTransportRxPacketGet
                0x0800707c      0x12c xcp_transport.c.o
                0x0800707c                xcpTransportRxPacketGet
 .text.xcpTransportPacketOffset
                0x080071a8       0x20 xcp_transport.c.o
                0x080071a8                xcpTransportPacketOffset
 .text.xcpTransportMsgBufferSize
                0x080071c8       0x70 xcp_transport.c.o
                0x080071c8                xcpTransportMsgBufferSize
 .text.xcpTransportMaxDtoSize
                0x08007238        0xe xcp_transport.c.o
                0x08007238                xcpTransportMaxDtoSize
 .text.xcpTransportMaxCtoSize
                0x08007246        0xe xcp_transport.c.o
                0x08007246                xcpTransportMaxCtoSize
 .text.xcpTransportRestart
                0x08007254       0x44 xcp_transport.c.o
                0x08007254                xcpTransportRestart
 .text.xcpTransportResynch
                0x08007298       0x40 xcp_transport.c.o
                0x08007298                xcpTransportResynch
 .text.xcpTransportCtoReservedMemPoolId
                0x080072d8       0x18 xcp_transport.c.o
                0x080072d8                xcpTransportCtoReservedMemPoolId
 .text.xcpTransportReset
                0x080072f0       0xe4 xcp_transport.c.o
                0x080072f0                xcpTransportReset
 .text.xcpInitializePoolMemoryArea
                0x080073d4       0x72 xcp_mem_default.c.o
 *fill*         0x08007446        0x2 
 .text.xcpMemInit
                0x08007448      0x1d4 xcp_mem_default.c.o
                0x08007448                xcpMemInit
 .text.xcpMemAlloc
                0x0800761c       0xe8 xcp_mem_default.c.o
                0x0800761c                xcpMemAlloc
 .text.xcpMemFree
                0x08007704      0x170 xcp_mem_default.c.o
                0x08007704                xcpMemFree
 .text.xcpMemReservedPoolCreate
                0x08007874      0x224 xcp_mem_default.c.o
                0x08007874                xcpMemReservedPoolCreate
 .text.xcpMemReservedPoolDestroy
                0x08007a98      0x158 xcp_mem_default.c.o
                0x08007a98                xcpMemReservedPoolDestroy
 .text.xcpMemCustomPoolCreate
                0x08007bf0       0xbc xcp_mem_default.c.o
                0x08007bf0                xcpMemCustomPoolCreate
 .text.xcpMemCustomPoolDestroy
                0x08007cac       0x64 xcp_mem_default.c.o
                0x08007cac                xcpMemCustomPoolDestroy
 .text.xcpMemAllocFromPool
                0x08007d10      0x170 xcp_mem_default.c.o
                0x08007d10                xcpMemAllocFromPool
 .text.xcpMemReset
                0x08007e80       0x50 xcp_mem_default.c.o
                0x08007e80                xcpMemReset
 .text.xcpDrvOpen
                0x08007ed0       0x64 xcp_drv_rtiostream.c.o
                0x08007ed0                xcpDrvOpen
 .text.xcpDrvIoctl
                0x08007f34       0x4c xcp_drv_rtiostream.c.o
                0x08007f34                xcpDrvIoctl
 .text.xcpDrvSend
                0x08007f80      0x14c xcp_drv_rtiostream.c.o
                0x08007f80                xcpDrvSend
 .text.xcpDrvRecv
                0x080080cc      0x14c xcp_drv_rtiostream.c.o
                0x080080cc                xcpDrvRecv
 .text.xcpDrvClose
                0x08008218       0x5c xcp_drv_rtiostream.c.o
                0x08008218                xcpDrvClose
 .text.xcpSortArray
                0x08008274       0xcc xcp_utils.c.o
                0x08008274                xcpSortArray
 .text.xcpSxiHtons
                0x08008340       0x18 xcp_frame_serial.c.o
 .text.xcpSxiNtohs
                0x08008358       0x1c xcp_frame_serial.c.o
 .text.xcpSxiChecksum
                0x08008374       0x3e xcp_frame_serial.c.o
                0x08008374                xcpSxiChecksum
 *fill*         0x080083b2        0x2 
 .text.xcpFrameInit
                0x080083b4       0x70 xcp_frame_serial.c.o
                0x080083b4                xcpFrameInit
 .text.xcpFrameMsgSend
                0x08008424      0x188 xcp_frame_serial.c.o
                0x08008424                xcpFrameMsgSend
 .text.xcpFrameMsgRecv
                0x080085ac      0x180 xcp_frame_serial.c.o
                0x080085ac                xcpFrameMsgRecv
 .text.xcpFrameCreateMsg
                0x0800872c       0x94 xcp_frame_serial.c.o
                0x0800872c                xcpFrameCreateMsg
 .text.xcpFrameExtractPacket
                0x080087c0      0x158 xcp_frame_serial.c.o
                0x080087c0                xcpFrameExtractPacket
 .text.xcpFrameHeaderSize
                0x08008918       0x10 xcp_frame_serial.c.o
                0x08008918                xcpFrameHeaderSize
 .text.xcpFrameTailSize
                0x08008928       0x10 xcp_frame_serial.c.o
                0x08008928                xcpFrameTailSize
 .text.xcpFrameMaxDtoSize
                0x08008938       0x12 xcp_frame_serial.c.o
                0x08008938                xcpFrameMaxDtoSize
 .text.xcpFrameMaxCtoSize
                0x0800894a       0x10 xcp_frame_serial.c.o
                0x0800894a                xcpFrameMaxCtoSize
 *fill*         0x0800895a        0x2 
 .text.xcpFrameRestart
                0x0800895c       0x30 xcp_frame_serial.c.o
                0x0800895c                xcpFrameRestart
 .text.xcpFrameSetCtoReservedMemPoolId
                0x0800898c       0x20 xcp_frame_serial.c.o
                0x0800898c                xcpFrameSetCtoReservedMemPoolId
 .text.xcpFrameReset
                0x080089ac       0x70 xcp_frame_serial.c.o
                0x080089ac                xcpFrameReset
 .text.xcpTransportGetInitParameters
                0x08008a1c       0x2e xcp_ext_param_default_serial.c.o
                0x08008a1c                xcpTransportGetInitParameters
 .text.xcpGetInitParameters
                0x08008a4a       0x2e xcp_ext_param_default_serial.c.o
                0x08008a4a                xcpGetInitParameters
 .text.HAL_Delay
                0x08008a78       0x2e overrideHALDelay.c.o
                0x08008a78                HAL_Delay
 *fill*         0x08008aa6        0x2 
 .text.PeriphCommonClock_Config
                0x08008aa8       0x10 platform_timer.c.o
                0x08008aa8                PeriphCommonClock_Config
 .text.getCurrentTimestampInMicros
                0x08008ab8       0x40 platform_timer.c.o
                0x08008ab8                getCurrentTimestampInMicros
 .text.returnTimeElapsed
                0x08008af8       0x2c platform_timer.c.o
                0x08008af8                returnTimeElapsed
 .text.timestampInit
                0x08008b24       0x28 platform_timer.c.o
 .text.getCurrentTimestamp
                0x08008b4c       0x44 platform_timer.c.o
                0x08008b4c                getCurrentTimestamp
 .text.__NVIC_SetPriority
                0x08008b90       0x54 SysTickScheduler.c.o
 .text.SysTick_Config
                0x08008be4       0x44 SysTickScheduler.c.o
 .text.SysTick_Isr
                0x08008c28       0x48 SysTickScheduler.c.o
 .text.SysTick_Handler
                0x08008c70       0x20 SysTickScheduler.c.o
                0x08008c70                SysTick_Handler
 .text.ARMCM_SysTick_Config
                0x08008c90       0xb0 SysTickScheduler.c.o
                0x08008c90                ARMCM_SysTick_Config
 .text.PendSV_Handler
                0x08008d40       0x44 m3m4m4f_multitasking.c.o
                0x08008d40                PendSV_Handler
 .text.SVC_Handler
                0x08008d84       0x58 m3m4m4f_multitasking.c.o
                0x08008d84                SVC_Handler
 .text.rtIOStreamOpen
                0x08008ddc       0x44 rtiostream_serial.c.o
                0x08008ddc                rtIOStreamOpen
 .text.rtIOStreamSend
                0x08008e20       0x38 rtiostream_serial.c.o
                0x08008e20                rtIOStreamSend
 .text.rtIOStreamRecv
                0x08008e58       0x48 rtiostream_serial.c.o
                0x08008e58                rtIOStreamRecv
 .text.rtIOStreamClose
                0x08008ea0       0x20 rtiostream_serial.c.o
                0x08008ea0                rtIOStreamClose
 .text.__NVIC_GetPriorityGrouping
                0x08008ec0       0x1c stm_usart.c.o
 .text.__NVIC_EnableIRQ
                0x08008edc       0x3c stm_usart.c.o
 .text.__NVIC_SetPriority
                0x08008f18       0x54 stm_usart.c.o
 .text.NVIC_EncodePriority
                0x08008f6c       0x66 stm_usart.c.o
 *fill*         0x08008fd2        0x2 
 .text.LL_DMA_EnableStream
                0x08008fd4       0x40 stm_usart.c.o
 .text.LL_DMA_DisableStream
                0x08009014       0x40 stm_usart.c.o
 .text.LL_DMA_GetMode
                0x08009054       0x30 stm_usart.c.o
 .text.LL_DMA_SetDataLength
                0x08009084       0x48 stm_usart.c.o
 .text.LL_DMA_GetDataLength
                0x080090cc       0x2c stm_usart.c.o
 .text.LL_DMA_ConfigAddresses
                0x080090f8       0x78 stm_usart.c.o
 .text.LL_DMA_IsActiveFlag_TC5
                0x08009170       0x28 stm_usart.c.o
 .text.LL_DMA_ClearFlag_TC5
                0x08009198       0x1c stm_usart.c.o
 .text.LL_DMA_EnableIT_TC
                0x080091b4       0x40 stm_usart.c.o
 .text.LL_DMA_DisableIT_TC
                0x080091f4       0x40 stm_usart.c.o
 .text.LL_DMA_IsEnabledIT_TC
                0x08009234       0x38 stm_usart.c.o
 .text.LL_USART_Enable
                0x0800926c       0x20 stm_usart.c.o
 .text.LL_USART_Disable
                0x0800928c       0x20 stm_usart.c.o
 .text.LL_USART_IsActiveFlag_PE
                0x080092ac       0x26 stm_usart.c.o
 .text.LL_USART_IsActiveFlag_FE
                0x080092d2       0x26 stm_usart.c.o
 .text.LL_USART_IsActiveFlag_NE
                0x080092f8       0x26 stm_usart.c.o
 .text.LL_USART_IsActiveFlag_ORE
                0x0800931e       0x26 stm_usart.c.o
 .text.LL_USART_IsActiveFlag_TC
                0x08009344       0x26 stm_usart.c.o
 .text.LL_USART_IsActiveFlag_TXE
                0x0800936a       0x26 stm_usart.c.o
 .text.LL_USART_ClearFlag_PE
                0x08009390       0x24 stm_usart.c.o
 .text.LL_USART_ClearFlag_ORE
                0x080093b4       0x24 stm_usart.c.o
 .text.LL_USART_EnableIT_RXNE
                0x080093d8       0x46 stm_usart.c.o
 .text.LL_USART_EnableIT_PE
                0x0800941e       0x46 stm_usart.c.o
 .text.LL_USART_EnableIT_ERROR
                0x08009464       0x46 stm_usart.c.o
 .text.LL_USART_DisableIT_IDLE
                0x080094aa       0x46 stm_usart.c.o
 .text.LL_USART_DisableIT_RXNE
                0x080094f0       0x46 stm_usart.c.o
 .text.LL_USART_DisableIT_TXE
                0x08009536       0x46 stm_usart.c.o
 .text.LL_USART_DisableIT_PE
                0x0800957c       0x46 stm_usart.c.o
 .text.LL_USART_DisableIT_ERROR
                0x080095c2       0x46 stm_usart.c.o
 .text.LL_USART_EnableDMAReq_RX
                0x08009608       0x46 stm_usart.c.o
 .text.LL_USART_DisableDMAReq_RX
                0x0800964e       0x46 stm_usart.c.o
 .text.LL_USART_EnableDMAReq_TX
                0x08009694       0x46 stm_usart.c.o
 .text.LL_USART_DisableDMAReq_TX
                0x080096da       0x46 stm_usart.c.o
 .text.LL_USART_DMA_GetRegAddr
                0x08009720       0x18 stm_usart.c.o
 .text.LL_USART_ReceiveData8
                0x08009738       0x1a stm_usart.c.o
 .text.LL_USART_TransmitData8
                0x08009752       0x1e stm_usart.c.o
 .text.getAvailableDataInBuffer
                0x08009770       0xcc stm_usart.c.o
                0x08009770                getAvailableDataInBuffer
 .text.getBytesToBeReadFromBuffer
                0x0800983c       0x6e stm_usart.c.o
                0x0800983c                getBytesToBeReadFromBuffer
 .text.readDataFromBuffer
                0x080098aa       0xcc stm_usart.c.o
                0x080098aa                readDataFromBuffer
 .text.UART_RXDMAInterruptHandler
                0x08009976       0xd4 stm_usart.c.o
                0x08009976                UART_RXDMAInterruptHandler
 .text.UART_IsActiveFlagError
                0x08009a4a       0xe0 stm_usart.c.o
                0x08009a4a                UART_IsActiveFlagError
 *fill*         0x08009b2a        0x2 
 .text.USART2_IRQHandler
                0x08009b2c       0x14 stm_usart.c.o
                0x08009b2c                USART2_IRQHandler
 .text.DMA1_Stream5_IRQHandler
                0x08009b40       0x20 stm_usart.c.o
                0x08009b40                DMA1_Stream5_IRQHandler
 .text.UART_ConfigureReceiveDMA
                0x08009b60       0x88 stm_usart.c.o
                0x08009b60                UART_ConfigureReceiveDMA
 .text.UART_ConfigureTransmitDMA
                0x08009be8       0x54 stm_usart.c.o
                0x08009be8                UART_ConfigureTransmitDMA
 .text.getReadErrorStatus
                0x08009c3c       0xc8 stm_usart.c.o
                0x08009c3c                getReadErrorStatus
 .text.MW_UART_Initialize
                0x08009d04      0x198 stm_usart.c.o
                0x08009d04                MW_UART_Initialize
 .text.MW_UART_ReceiveUsingBuffer
                0x08009e9c       0x5c stm_usart.c.o
                0x08009e9c                MW_UART_ReceiveUsingBuffer
 .text.MW_UART_TransmitUsingPolling
                0x08009ef8      0x184 stm_usart.c.o
                0x08009ef8                MW_UART_TransmitUsingPolling
 .text.MW_UART_DeInit
                0x0800a07c       0xaa stm_usart.c.o
                0x0800a07c                MW_UART_DeInit
 .text.sys_arch_protect_arm
                0x0800a126       0x22 sys_arch_arm.c.o
                0x0800a126                sys_arch_protect_arm
 .text.sys_arch_unprotect_arm
                0x0800a148       0x20 sys_arch_arm.c.o
                0x0800a148                sys_arch_unprotect_arm
 .text.__NVIC_GetPriorityGrouping
                0x0800a168       0x1c main.c.o
 .text.__NVIC_EnableIRQ
                0x0800a184       0x3c main.c.o
 .text.__NVIC_SetPriority
                0x0800a1c0       0x54 main.c.o
 .text.NVIC_EncodePriority
                0x0800a214       0x66 main.c.o
 *fill*         0x0800a27a        0x2 
 .text.LL_DMA_SetDataTransferDirection
                0x0800a27c       0x48 main.c.o
 .text.LL_DMA_SetMode
                0x0800a2c4       0x48 main.c.o
 .text.LL_DMA_SetPeriphIncMode
                0x0800a30c       0x48 main.c.o
 .text.LL_DMA_SetMemoryIncMode
                0x0800a354       0x48 main.c.o
 .text.LL_DMA_SetPeriphSize
                0x0800a39c       0x48 main.c.o
 .text.LL_DMA_SetMemorySize
                0x0800a3e4       0x48 main.c.o
 .text.LL_DMA_SetStreamPriorityLevel
                0x0800a42c       0x48 main.c.o
 .text.LL_DMA_SetChannelSelection
                0x0800a474       0x48 main.c.o
 .text.LL_DMA_DisableFifoMode
                0x0800a4bc       0x40 main.c.o
 .text.LL_RCC_HSI_Enable
                0x0800a4fc       0x20 main.c.o
 .text.LL_RCC_HSI_IsReady
                0x0800a51c       0x24 main.c.o
 .text.LL_RCC_HSI_SetCalibTrimming
                0x0800a540       0x2c main.c.o
 .text.LL_RCC_SetSysClkSource
                0x0800a56c       0x28 main.c.o
 .text.LL_RCC_GetSysClkSource
                0x0800a594       0x1c main.c.o
 .text.LL_RCC_SetAHBPrescaler
                0x0800a5b0       0x28 main.c.o
 .text.LL_RCC_SetAPB1Prescaler
                0x0800a5d8       0x28 main.c.o
 .text.LL_RCC_SetAPB2Prescaler
                0x0800a600       0x28 main.c.o
 .text.LL_RCC_SetTIMPrescaler
                0x0800a628       0x2c main.c.o
 .text.LL_RCC_PLL_Enable
                0x0800a654       0x20 main.c.o
 .text.LL_RCC_PLL_IsReady
                0x0800a674       0x28 main.c.o
 .text.LL_RCC_PLL_ConfigDomain_SYS
                0x0800a69c       0x5c main.c.o
 .text.LL_AHB1_GRP1_EnableClock
                0x0800a6f8       0x30 main.c.o
 .text.LL_APB1_GRP1_EnableClock
                0x0800a728       0x30 main.c.o
 .text.LL_APB2_GRP1_EnableClock
                0x0800a758       0x30 main.c.o
 .text.LL_SYSCFG_SetEXTISource
                0x0800a788       0x6c main.c.o
 .text.LL_FLASH_SetLatency
                0x0800a7f4       0x28 main.c.o
 .text.LL_FLASH_GetLatency
                0x0800a81c       0x1c main.c.o
 .text.LL_PWR_DisableOverDriveMode
                0x0800a838       0x20 main.c.o
 .text.LL_PWR_SetRegulVoltageScaling
                0x0800a858       0x28 main.c.o
 .text.LL_PWR_IsActiveFlag_VOS
                0x0800a880       0x28 main.c.o
 .text.LL_SPI_SetStandard
                0x0800a8a8       0x26 main.c.o
 .text.LL_USART_Enable
                0x0800a8ce       0x20 main.c.o
 .text.LL_USART_ConfigAsyncMode
                0x0800a8ee       0x2c main.c.o
 .text.LL_GPIO_SetPinMode
                0x0800a91a       0x7a main.c.o
 .text.LL_GPIO_SetPinPull
                0x0800a994       0x7a main.c.o
 .text.LL_GPIO_ResetOutputPin
                0x0800aa0e       0x1e main.c.o
 .text.SystemClock_Config
                0x0800aa2c       0xb0 main.c.o
                0x0800aa2c                SystemClock_Config
 .text.MX_SPI1_Init
                0x0800aadc       0xa4 main.c.o
                0x0800aadc                MX_SPI1_Init
 .text.MX_USART2_UART_Init
                0x0800ab80      0x100 main.c.o
                0x0800ab80                MX_USART2_UART_Init
 .text.MX_DMA_Init
                0x0800ac80       0x30 main.c.o
                0x0800ac80                MX_DMA_Init
 .text.MX_GPIO_Init
                0x0800acb0       0xb0 main.c.o
                0x0800acb0                MX_GPIO_Init
 .text.HAL_TIM_PeriodElapsedCallback
                0x0800ad60       0x24 main.c.o
                0x0800ad60                HAL_TIM_PeriodElapsedCallback
 .text.Error_Handler
                0x0800ad84        0xc main.c.o
                0x0800ad84                Error_Handler
 .text.NMI_Handler
                0x0800ad90        0x8 stm32f4xx_it.c.o
                0x0800ad90                NMI_Handler
 .text.HardFault_Handler
                0x0800ad98        0x8 stm32f4xx_it.c.o
                0x0800ad98                HardFault_Handler
 .text.MemManage_Handler
                0x0800ada0        0x8 stm32f4xx_it.c.o
                0x0800ada0                MemManage_Handler
 .text.BusFault_Handler
                0x0800ada8        0x8 stm32f4xx_it.c.o
                0x0800ada8                BusFault_Handler
 .text.UsageFault_Handler
                0x0800adb0        0x8 stm32f4xx_it.c.o
                0x0800adb0                UsageFault_Handler
 .text.DebugMon_Handler
                0x0800adb8        0xe stm32f4xx_it.c.o
                0x0800adb8                DebugMon_Handler
 *fill*         0x0800adc6        0x2 
 .text.TIM5_IRQHandler
                0x0800adc8       0x14 stm32f4xx_it.c.o
                0x0800adc8                TIM5_IRQHandler
 .text.HAL_MspInit
                0x0800addc       0x50 stm32f4xx_hal_msp.c.o
                0x0800addc                HAL_MspInit
 .text.HAL_InitTick
                0x0800ae2c       0xf8 stm32f4xx_hal_timebase_tim.c.o
                0x0800ae2c                HAL_InitTick
 .text.HAL_TIM_Base_Init
                0x0800af24       0x9e stm32f4xx_hal_tim.c.o
                0x0800af24                HAL_TIM_Base_Init
 .text.HAL_TIM_Base_MspInit
                0x0800afc2       0x14 stm32f4xx_hal_tim.c.o
                0x0800afc2                HAL_TIM_Base_MspInit
 *fill*         0x0800afd6        0x2 
 .text.HAL_TIM_Base_Start_IT
                0x0800afd8       0xe0 stm32f4xx_hal_tim.c.o
                0x0800afd8                HAL_TIM_Base_Start_IT
 .text.HAL_TIM_IRQHandler
                0x0800b0b8      0x1e0 stm32f4xx_hal_tim.c.o
                0x0800b0b8                HAL_TIM_IRQHandler
 .text.HAL_TIM_OC_DelayElapsedCallback
                0x0800b298       0x14 stm32f4xx_hal_tim.c.o
                0x0800b298                HAL_TIM_OC_DelayElapsedCallback
 .text.HAL_TIM_IC_CaptureCallback
                0x0800b2ac       0x14 stm32f4xx_hal_tim.c.o
                0x0800b2ac                HAL_TIM_IC_CaptureCallback
 .text.HAL_TIM_PWM_PulseFinishedCallback
                0x0800b2c0       0x14 stm32f4xx_hal_tim.c.o
                0x0800b2c0                HAL_TIM_PWM_PulseFinishedCallback
 .text.HAL_TIM_TriggerCallback
                0x0800b2d4       0x14 stm32f4xx_hal_tim.c.o
                0x0800b2d4                HAL_TIM_TriggerCallback
 .text.TIM_Base_SetConfig
                0x0800b2e8      0x158 stm32f4xx_hal_tim.c.o
                0x0800b2e8                TIM_Base_SetConfig
 .text.HAL_TIMEx_CommutCallback
                0x0800b440       0x14 stm32f4xx_hal_tim_ex.c.o
                0x0800b440                HAL_TIMEx_CommutCallback
 .text.HAL_TIMEx_BreakCallback
                0x0800b454       0x14 stm32f4xx_hal_tim_ex.c.o
                0x0800b454                HAL_TIMEx_BreakCallback
 .text.LL_GPIO_SetPinMode
                0x0800b468       0x7a stm32f4xx_ll_gpio.c.o
 .text.LL_GPIO_SetPinOutputType
                0x0800b4e2       0x30 stm32f4xx_ll_gpio.c.o
 .text.LL_GPIO_SetPinSpeed
                0x0800b512       0x7a stm32f4xx_ll_gpio.c.o
 .text.LL_GPIO_SetPinPull
                0x0800b58c       0x7a stm32f4xx_ll_gpio.c.o
 .text.LL_GPIO_SetAFPin_0_7
                0x0800b606       0x7a stm32f4xx_ll_gpio.c.o
 .text.LL_GPIO_SetAFPin_8_15
                0x0800b680       0x7e stm32f4xx_ll_gpio.c.o
 .text.LL_GPIO_Init
                0x0800b6fe      0x102 stm32f4xx_ll_gpio.c.o
                0x0800b6fe                LL_GPIO_Init
 .text.LL_SPI_IsEnabled
                0x0800b800       0x26 stm32f4xx_ll_spi.c.o
 .text.LL_SPI_SetCRCPolynomial
                0x0800b826       0x20 stm32f4xx_ll_spi.c.o
 .text.LL_SPI_Init
                0x0800b846       0xa4 stm32f4xx_ll_spi.c.o
                0x0800b846                LL_SPI_Init
 *fill*         0x0800b8ea        0x2 
 .text.LL_RCC_GetSysClkSource
                0x0800b8ec       0x1c stm32f4xx_ll_rcc.c.o
 .text.LL_RCC_GetAHBPrescaler
                0x0800b908       0x1c stm32f4xx_ll_rcc.c.o
 .text.LL_RCC_GetAPB1Prescaler
                0x0800b924       0x1c stm32f4xx_ll_rcc.c.o
 .text.LL_RCC_GetAPB2Prescaler
                0x0800b940       0x1c stm32f4xx_ll_rcc.c.o
 .text.LL_RCC_PLL_GetMainSource
                0x0800b95c       0x1c stm32f4xx_ll_rcc.c.o
 .text.LL_RCC_PLL_GetN
                0x0800b978       0x1c stm32f4xx_ll_rcc.c.o
 .text.LL_RCC_PLL_GetP
                0x0800b994       0x1c stm32f4xx_ll_rcc.c.o
 .text.LL_RCC_PLL_GetR
                0x0800b9b0       0x1c stm32f4xx_ll_rcc.c.o
 .text.LL_RCC_PLL_GetDivider
                0x0800b9cc       0x1c stm32f4xx_ll_rcc.c.o
 .text.LL_RCC_GetSystemClocksFreq
                0x0800b9e8       0x4a stm32f4xx_ll_rcc.c.o
                0x0800b9e8                LL_RCC_GetSystemClocksFreq
 *fill*         0x0800ba32        0x2 
 .text.RCC_GetSystemClockFreq
                0x0800ba34       0x88 stm32f4xx_ll_rcc.c.o
                0x0800ba34                RCC_GetSystemClockFreq
 .text.RCC_GetHCLKClockFreq
                0x0800babc       0x2c stm32f4xx_ll_rcc.c.o
                0x0800babc                RCC_GetHCLKClockFreq
 .text.RCC_GetPCLK1ClockFreq
                0x0800bae8       0x28 stm32f4xx_ll_rcc.c.o
                0x0800bae8                RCC_GetPCLK1ClockFreq
 .text.RCC_GetPCLK2ClockFreq
                0x0800bb10       0x28 stm32f4xx_ll_rcc.c.o
                0x0800bb10                RCC_GetPCLK2ClockFreq
 .text.RCC_PLL_GetFreqDomain_SYS
                0x0800bb38       0xa4 stm32f4xx_ll_rcc.c.o
                0x0800bb38                RCC_PLL_GetFreqDomain_SYS
 .text.LL_SetSystemCoreClock
                0x0800bbdc       0x20 stm32f4xx_ll_utils.c.o
                0x0800bbdc                LL_SetSystemCoreClock
 .text.LL_EXTI_EnableIT_0_31
                0x0800bbfc       0x24 stm32f4xx_ll_exti.c.o
 .text.LL_EXTI_DisableIT_0_31
                0x0800bc20       0x28 stm32f4xx_ll_exti.c.o
 .text.LL_EXTI_EnableEvent_0_31
                0x0800bc48       0x24 stm32f4xx_ll_exti.c.o
 .text.LL_EXTI_DisableEvent_0_31
                0x0800bc6c       0x28 stm32f4xx_ll_exti.c.o
 .text.LL_EXTI_EnableRisingTrig_0_31
                0x0800bc94       0x24 stm32f4xx_ll_exti.c.o
 .text.LL_EXTI_DisableRisingTrig_0_31
                0x0800bcb8       0x28 stm32f4xx_ll_exti.c.o
 .text.LL_EXTI_EnableFallingTrig_0_31
                0x0800bce0       0x24 stm32f4xx_ll_exti.c.o
 .text.LL_EXTI_DisableFallingTrig_0_31
                0x0800bd04       0x28 stm32f4xx_ll_exti.c.o
 .text.LL_EXTI_Init
                0x0800bd2c       0xfe stm32f4xx_ll_exti.c.o
                0x0800bd2c                LL_EXTI_Init
 *fill*         0x0800be2a        0x2 
 .text.HAL_RCC_GetHCLKFreq
                0x0800be2c       0x18 stm32f4xx_hal_rcc.c.o
                0x0800be2c                HAL_RCC_GetHCLKFreq
 .text.HAL_RCC_GetPCLK1Freq
                0x0800be44       0x28 stm32f4xx_hal_rcc.c.o
                0x0800be44                HAL_RCC_GetPCLK1Freq
 .text.HAL_RCC_GetClockConfig
                0x0800be6c       0x64 stm32f4xx_hal_rcc.c.o
                0x0800be6c                HAL_RCC_GetClockConfig
 .text.__NVIC_SetPriorityGrouping
                0x0800bed0       0x48 stm32f4xx_hal_cortex.c.o
 .text.__NVIC_GetPriorityGrouping
                0x0800bf18       0x1c stm32f4xx_hal_cortex.c.o
 .text.__NVIC_EnableIRQ
                0x0800bf34       0x3c stm32f4xx_hal_cortex.c.o
 .text.__NVIC_SetPriority
                0x0800bf70       0x54 stm32f4xx_hal_cortex.c.o
 .text.NVIC_EncodePriority
                0x0800bfc4       0x66 stm32f4xx_hal_cortex.c.o
 .text.HAL_NVIC_SetPriorityGrouping
                0x0800c02a       0x16 stm32f4xx_hal_cortex.c.o
                0x0800c02a                HAL_NVIC_SetPriorityGrouping
 .text.HAL_NVIC_SetPriority
                0x0800c040       0x38 stm32f4xx_hal_cortex.c.o
                0x0800c040                HAL_NVIC_SetPriority
 .text.HAL_NVIC_EnableIRQ
                0x0800c078       0x1c stm32f4xx_hal_cortex.c.o
                0x0800c078                HAL_NVIC_EnableIRQ
 .text.HAL_Init
                0x0800c094       0x44 stm32f4xx_hal.c.o
                0x0800c094                HAL_Init
 .text.HAL_IncTick
                0x0800c0d8       0x28 stm32f4xx_hal.c.o
                0x0800c0d8                HAL_IncTick
 .text.HAL_GetTick
                0x0800c100       0x18 stm32f4xx_hal.c.o
                0x0800c100                HAL_GetTick
 .text.LL_USART_IsEnabled
                0x0800c118       0x28 stm32f4xx_ll_usart.c.o
 .text.LL_USART_SetStopBitsLength
                0x0800c140       0x26 stm32f4xx_ll_usart.c.o
 .text.LL_USART_SetHWFlowCtrl
                0x0800c166       0x26 stm32f4xx_ll_usart.c.o
 .text.LL_USART_SetBaudRate
                0x0800c18c      0x45c stm32f4xx_ll_usart.c.o
 .text.LL_USART_Init
                0x0800c5e8      0x100 stm32f4xx_ll_usart.c.o
                0x0800c5e8                LL_USART_Init
 .text.SystemInit
                0x0800c6e8       0x24 system_stm32f4xx.c.o
                0x0800c6e8                SystemInit
 .text.Reset_Handler
                0x0800c70c       0x50 startup_stm32f446retx.s.o
                0x0800c70c                Reset_Handler
 .text.Default_Handler
                0x0800c75c        0x2 startup_stm32f446retx.s.o
                0x0800c75c                RTC_Alarm_IRQHandler
                0x0800c75c                EXTI2_IRQHandler
                0x0800c75c                TIM8_CC_IRQHandler
                0x0800c75c                FMPI2C1_EV_IRQHandler
                0x0800c75c                SPI4_IRQHandler
                0x0800c75c                TIM1_CC_IRQHandler
                0x0800c75c                DMA2_Stream5_IRQHandler
                0x0800c75c                PVD_IRQHandler
                0x0800c75c                SDIO_IRQHandler
                0x0800c75c                TAMP_STAMP_IRQHandler
                0x0800c75c                CAN2_RX1_IRQHandler
                0x0800c75c                EXTI3_IRQHandler
                0x0800c75c                TIM8_TRG_COM_TIM14_IRQHandler
                0x0800c75c                TIM1_UP_TIM10_IRQHandler
                0x0800c75c                TIM8_UP_TIM13_IRQHandler
                0x0800c75c                I2C3_ER_IRQHandler
                0x0800c75c                EXTI0_IRQHandler
                0x0800c75c                I2C2_EV_IRQHandler
                0x0800c75c                DMA1_Stream2_IRQHandler
                0x0800c75c                CAN1_RX0_IRQHandler
                0x0800c75c                FPU_IRQHandler
                0x0800c75c                OTG_HS_WKUP_IRQHandler
                0x0800c75c                CAN2_SCE_IRQHandler
                0x0800c75c                DMA2_Stream2_IRQHandler
                0x0800c75c                SPI1_IRQHandler
                0x0800c75c                TIM6_DAC_IRQHandler
                0x0800c75c                TIM1_BRK_TIM9_IRQHandler
                0x0800c75c                DCMI_IRQHandler
                0x0800c75c                CAN2_RX0_IRQHandler
                0x0800c75c                DMA2_Stream3_IRQHandler
                0x0800c75c                SAI2_IRQHandler
                0x0800c75c                USART6_IRQHandler
                0x0800c75c                USART3_IRQHandler
                0x0800c75c                CAN1_RX1_IRQHandler
                0x0800c75c                UART5_IRQHandler
                0x0800c75c                DMA2_Stream0_IRQHandler
                0x0800c75c                TIM4_IRQHandler
                0x0800c75c                QUADSPI_IRQHandler
                0x0800c75c                I2C1_EV_IRQHandler
                0x0800c75c                DMA1_Stream6_IRQHandler
                0x0800c75c                DMA1_Stream1_IRQHandler
                0x0800c75c                UART4_IRQHandler
                0x0800c75c                TIM3_IRQHandler
                0x0800c75c                RCC_IRQHandler
                0x0800c75c                TIM8_BRK_TIM12_IRQHandler
                0x0800c75c                Default_Handler
                0x0800c75c                CEC_IRQHandler
                0x0800c75c                EXTI15_10_IRQHandler
                0x0800c75c                ADC_IRQHandler
                0x0800c75c                DMA1_Stream7_IRQHandler
                0x0800c75c                TIM7_IRQHandler
                0x0800c75c                CAN2_TX_IRQHandler
                0x0800c75c                DMA2_Stream7_IRQHandler
                0x0800c75c                I2C3_EV_IRQHandler
                0x0800c75c                EXTI9_5_IRQHandler
                0x0800c75c                RTC_WKUP_IRQHandler
                0x0800c75c                SPDIF_RX_IRQHandler
                0x0800c75c                SPI2_IRQHandler
                0x0800c75c                OTG_HS_EP1_IN_IRQHandler
                0x0800c75c                DMA1_Stream0_IRQHandler
                0x0800c75c                CAN1_TX_IRQHandler
                0x0800c75c                FMPI2C1_ER_IRQHandler
                0x0800c75c                EXTI4_IRQHandler
                0x0800c75c                OTG_HS_EP1_OUT_IRQHandler
                0x0800c75c                WWDG_IRQHandler
                0x0800c75c                TIM2_IRQHandler
                0x0800c75c                OTG_FS_WKUP_IRQHandler
                0x0800c75c                TIM1_TRG_COM_TIM11_IRQHandler
                0x0800c75c                OTG_HS_IRQHandler
                0x0800c75c                EXTI1_IRQHandler
                0x0800c75c                I2C2_ER_IRQHandler
                0x0800c75c                DMA2_Stream1_IRQHandler
                0x0800c75c                CAN1_SCE_IRQHandler
                0x0800c75c                FLASH_IRQHandler
                0x0800c75c                DMA2_Stream4_IRQHandler
                0x0800c75c                USART1_IRQHandler
                0x0800c75c                OTG_FS_IRQHandler
                0x0800c75c                SPI3_IRQHandler
                0x0800c75c                DMA1_Stream4_IRQHandler
                0x0800c75c                I2C1_ER_IRQHandler
                0x0800c75c                FMC_IRQHandler
                0x0800c75c                DMA2_Stream6_IRQHandler
                0x0800c75c                SAI1_IRQHandler
                0x0800c75c                DMA1_Stream3_IRQHandler
 *fill*         0x0800c75e        0x2 
 .text.fmod     0x0800c760       0x6c C:/ProgramData/MATLAB/SupportPackages/R2025b/3P.instrset/gnuarm-armcortex.instrset/win/bin/../lib/gcc/arm-none-eabi/13.2.1/thumb/v7e-m+fp/hard\libm.a(libm_a-w_fmod.o)
                0x0800c760                fmod
 .text.__ieee754_fmod
                0x0800c7cc      0x30c C:/ProgramData/MATLAB/SupportPackages/R2025b/3P.instrset/gnuarm-armcortex.instrset/win/bin/../lib/gcc/arm-none-eabi/13.2.1/thumb/v7e-m+fp/hard\libm.a(libm_a-e_fmod.o)
                0x0800c7cc                __ieee754_fmod
 .text.__udivmoddi4
                0x0800cad8      0x2bc C:/ProgramData/MATLAB/SupportPackages/R2025b/3P.instrset/gnuarm-armcortex.instrset/win/bin/../lib/gcc/arm-none-eabi/13.2.1/thumb/v7e-m+fp/hard\libgcc.a(_udivmoddi4.o)
                0x0800cad8                __udivmoddi4
 .text.memset   0x0800cd94       0x10 C:/ProgramData/MATLAB/SupportPackages/R2025b/3P.instrset/gnuarm-armcortex.instrset/win/bin/../lib/gcc/arm-none-eabi/13.2.1/thumb/v7e-m+fp/hard\libg_nano.a(libc_a-memset.o)
                0x0800cd94                memset
 .text.__errno  0x0800cda4        0xc C:/ProgramData/MATLAB/SupportPackages/R2025b/3P.instrset/gnuarm-armcortex.instrset/win/bin/../lib/gcc/arm-none-eabi/13.2.1/thumb/v7e-m+fp/hard\libg_nano.a(libc_a-errno.o)
                0x0800cda4                __errno
 .text.__libc_init_array
                0x0800cdb0       0x48 C:/ProgramData/MATLAB/SupportPackages/R2025b/3P.instrset/gnuarm-armcortex.instrset/win/bin/../lib/gcc/arm-none-eabi/13.2.1/thumb/v7e-m+fp/hard\libg_nano.a(libc_a-init.o)
                0x0800cdb0                __libc_init_array
 .text.memcpy   0x0800cdf8       0x1c C:/ProgramData/MATLAB/SupportPackages/R2025b/3P.instrset/gnuarm-armcortex.instrset/win/bin/../lib/gcc/arm-none-eabi/13.2.1/thumb/v7e-m+fp/hard\libg_nano.a(libc_a-memcpy-stub.o)
                0x0800cdf8                memcpy
 *(.glue_7)
 .glue_7        0x0800ce14        0x0 linker stubs
 *(.glue_7t)
 .glue_7t       0x0800ce14        0x0 linker stubs
 *(.eh_frame)
 .eh_frame      0x0800ce14        0x0 C:/ProgramData/MATLAB/SupportPackages/R2025b/3P.instrset/gnuarm-armcortex.instrset/win/bin/../lib/gcc/arm-none-eabi/13.2.1/thumb/v7e-m+fp/hard/crtbegin.o
 *(.init)
 .init          0x0800ce14        0x4 C:/ProgramData/MATLAB/SupportPackages/R2025b/3P.instrset/gnuarm-armcortex.instrset/win/bin/../lib/gcc/arm-none-eabi/13.2.1/thumb/v7e-m+fp/hard/crti.o
                0x0800ce14                _init
 .init          0x0800ce18        0x8 C:/ProgramData/MATLAB/SupportPackages/R2025b/3P.instrset/gnuarm-armcortex.instrset/win/bin/../lib/gcc/arm-none-eabi/13.2.1/thumb/v7e-m+fp/hard/crtn.o
 *(.fini)
 .fini          0x0800ce20        0x4 C:/ProgramData/MATLAB/SupportPackages/R2025b/3P.instrset/gnuarm-armcortex.instrset/win/bin/../lib/gcc/arm-none-eabi/13.2.1/thumb/v7e-m+fp/hard/crti.o
                0x0800ce20                _fini
 .fini          0x0800ce24        0x8 C:/ProgramData/MATLAB/SupportPackages/R2025b/3P.instrset/gnuarm-armcortex.instrset/win/bin/../lib/gcc/arm-none-eabi/13.2.1/thumb/v7e-m+fp/hard/crtn.o
                0x0800ce2c                        . = ALIGN (0x4)
                0x0800ce2c                        _etext = .

.vfp11_veneer   0x0800ce2c        0x0
 .vfp11_veneer  0x0800ce2c        0x0 linker stubs

.v4_bx          0x0800ce2c        0x0
 .v4_bx         0x0800ce2c        0x0 linker stubs

.iplt           0x0800ce2c        0x0
 .iplt          0x0800ce2c        0x0 C:/ProgramData/MATLAB/SupportPackages/R2025b/3P.instrset/gnuarm-armcortex.instrset/win/bin/../lib/gcc/arm-none-eabi/13.2.1/thumb/v7e-m+fp/hard/crtbegin.o

.rodata         0x0800ce30     0x29d8
                0x0800ce30                        . = ALIGN (0x4)
 *(.rodata)
 .rodata        0x0800ce30      0x2b9 xcp_ext_mode.c.o
 *fill*         0x0800d0e9        0x3 
 .rodata        0x0800d0ec      0x12e xcp_ext_common.c.o
 *fill*         0x0800d21a        0x2 
 .rodata        0x0800d21c       0x4c xcp_ext_classic_trigger.c.o
 .rodata        0x0800d268      0x278 xcp.c.o
 .rodata        0x0800d4e0      0x3a9 xcp_standard.c.o
 *fill*         0x0800d889        0x3 
 .rodata        0x0800d88c     0x1010 xcp_daq.c.o
 .rodata        0x0800e89c       0xdd xcp_calibration.c.o
 *fill*         0x0800e979        0x3 
 .rodata        0x0800e97c      0x56e xcp_transport.c.o
 *fill*         0x0800eeea        0x2 
 .rodata        0x0800eeec       0xf5 xcp_mem_default.c.o
 *fill*         0x0800efe1        0x3 
 .rodata        0x0800efe4      0x228 xcp_drv_rtiostream.c.o
 .rodata        0x0800f20c      0x4aa xcp_frame_serial.c.o
 *(.rodata*)
 *fill*         0x0800f6b6        0x2 
 .rodata.STREAM_OFFSET_TAB
                0x0800f6b8        0x8 mw_stm32_spi_ll.c.o
 .rodata.BMS_MCU_CODE_M
                0x0800f6c0        0x4 BMS_MCU_CODE.c.o
                0x0800f6c0                BMS_MCU_CODE_M
 .rodata.rtAlwaysEnabled.0
                0x0800f6c4        0x1 BMS_MCU_CODE.c.o
 *fill*         0x0800f6c5        0x3 
 .rodata.standardSupportedRxPacket
                0x0800f6c8       0x54 xcp_standard.c.o
 .rodata.daqSupportedRxPacket
                0x0800f71c       0x9c xcp_daq.c.o
 .rodata.calibrationSupportedRxPacket
                0x0800f7b8       0x18 xcp_calibration.c.o
 .rodata.STREAM_OFFSET_TAB
                0x0800f7d0        0x8 stm_usart.c.o
 .rodata.STREAM_OFFSET_TAB
                0x0800f7d8        0x8 main.c.o
 .rodata.AHBPrescTable
                0x0800f7e0       0x10 system_stm32f4xx.c.o
                0x0800f7e0                AHBPrescTable
 .rodata.APBPrescTable
                0x0800f7f0        0x8 system_stm32f4xx.c.o
                0x0800f7f0                APBPrescTable
 .rodata.Zero   0x0800f7f8       0x10 C:/ProgramData/MATLAB/SupportPackages/R2025b/3P.instrset/gnuarm-armcortex.instrset/win/bin/../lib/gcc/arm-none-eabi/13.2.1/thumb/v7e-m+fp/hard\libm.a(libm_a-e_fmod.o)
                0x0800f808                        . = ALIGN (0x4)

.ARM.extab      0x0800f808        0x0
                0x0800f808                        . = ALIGN (0x4)
 *(.ARM.extab* .gnu.linkonce.armextab.*)
                0x0800f808                        . = ALIGN (0x4)

.ARM            0x0800f808        0x8
                0x0800f808                        . = ALIGN (0x4)
                0x0800f808                        __exidx_start = .
 *(.ARM.exidx*)
 .ARM.exidx.text.__udivmoddi4
                0x0800f808        0x8 C:/ProgramData/MATLAB/SupportPackages/R2025b/3P.instrset/gnuarm-armcortex.instrset/win/bin/../lib/gcc/arm-none-eabi/13.2.1/thumb/v7e-m+fp/hard\libgcc.a(_udivmoddi4.o)
                0x0800f810                        __exidx_end = .
                0x0800f810                        . = ALIGN (0x4)

.preinit_array  0x0800f810        0x0
                0x0800f810                        . = ALIGN (0x4)
                0x0800f810                        PROVIDE (__preinit_array_start = .)
 *(.preinit_array*)
                0x0800f810                        PROVIDE (__preinit_array_end = .)
                0x0800f810                        . = ALIGN (0x4)

.init_array     0x0800f810        0x4
                0x0800f810                        . = ALIGN (0x4)
                0x0800f810                        PROVIDE (__init_array_start = .)
 *(SORT_BY_NAME(.init_array.*))
 *(.init_array*)
 .init_array    0x0800f810        0x4 C:/ProgramData/MATLAB/SupportPackages/R2025b/3P.instrset/gnuarm-armcortex.instrset/win/bin/../lib/gcc/arm-none-eabi/13.2.1/thumb/v7e-m+fp/hard/crtbegin.o
                0x0800f814                        PROVIDE (__init_array_end = .)
                0x0800f814                        . = ALIGN (0x4)

.fini_array     0x0800f814        0x4
                0x0800f814                        . = ALIGN (0x4)
                [!provide]                        PROVIDE (__fini_array_start = .)
 *(SORT_BY_NAME(.fini_array.*))
 *(.fini_array*)
 .fini_array    0x0800f814        0x4 C:/ProgramData/MATLAB/SupportPackages/R2025b/3P.instrset/gnuarm-armcortex.instrset/win/bin/../lib/gcc/arm-none-eabi/13.2.1/thumb/v7e-m+fp/hard/crtbegin.o
                [!provide]                        PROVIDE (__fini_array_end = .)
                0x0800f818                        . = ALIGN (0x4)
                0x0800f818                        _sidata = LOADADDR (.data)

.rel.dyn        0x0800f818        0x0
 .rel.iplt      0x0800f818        0x0 C:/ProgramData/MATLAB/SupportPackages/R2025b/3P.instrset/gnuarm-armcortex.instrset/win/bin/../lib/gcc/arm-none-eabi/13.2.1/thumb/v7e-m+fp/hard/crtbegin.o

.data           0x20000000      0x1d4 load address 0x0800f818
                0x20000000                        . = ALIGN (0x4)
                0x20000000                        _sdata = .
 *(.data)
 *(.data*)
 .data.BMS_MCU_CODE_P
                0x20000000       0xf0 BMS_MCU_CODE_data.c.o
                0x20000000                BMS_MCU_CODE_P
 .data.xcpExtmodeFinalSimulationTime
                0x200000f0        0x8 xcp_ext_common.c.o
                0x200000f0                xcpExtmodeFinalSimulationTime
 .data.xcpClassicTriggerDuration
                0x200000f8        0x4 xcp_ext_classic_trigger.c.o
                0x200000f8                xcpClassicTriggerDuration
 .data.xcpClassicTriggerArmRequest
                0x200000fc        0x1 xcp_ext_classic_trigger.c.o
                0x200000fc                xcpClassicTriggerArmRequest
 *fill*         0x200000fd        0x3 
 .data.startStopDaqListId
                0x20000100        0x4 xcp_daq.c.o
 .data.xcpCurrentDaq
                0x20000104        0x4 xcp_daq.c.o
 .data.xcpEventCustomMemoryManager
                0x20000108        0xc xcp_daq.c.o
 .data.xcpCtoReservedMemPoolId
                0x20000114        0x4 xcp_transport.c.o
 .data.xcpMemMainBlockSizes
                0x20000118        0xc xcp_mem_default.c.o
 .data.xcpMemMainBlocksNumber
                0x20000124        0xc xcp_mem_default.c.o
 .data.drvID    0x20000130        0x4 xcp_drv_rtiostream.c.o
 .data.xcpCtoReservedMemPoolId
                0x20000134        0x4 xcp_frame_serial.c.o
 .data.uartObj  0x20000138       0x40 rtiostream_serial.c.o
                0x20000138                uartObj
 .data.uwTickPrio
                0x20000178        0x4 stm32f4xx_hal.c.o
                0x20000178                uwTickPrio
 .data.uwTickFreq
                0x2000017c        0x1 stm32f4xx_hal.c.o
                0x2000017c                uwTickFreq
 *fill*         0x2000017d        0x3 
 .data.SystemCoreClock
                0x20000180        0x4 system_stm32f4xx.c.o
                0x20000180                SystemCoreClock
 .data._impure_ptr
                0x20000184        0x4 C:/ProgramData/MATLAB/SupportPackages/R2025b/3P.instrset/gnuarm-armcortex.instrset/win/bin/../lib/gcc/arm-none-eabi/13.2.1/thumb/v7e-m+fp/hard\libg_nano.a(libc_a-impure.o)
                0x20000184                _impure_ptr
 .data._impure_data
                0x20000188       0x4c C:/ProgramData/MATLAB/SupportPackages/R2025b/3P.instrset/gnuarm-armcortex.instrset/win/bin/../lib/gcc/arm-none-eabi/13.2.1/thumb/v7e-m+fp/hard\libg_nano.a(libc_a-impure.o)
                0x20000188                _impure_data
 *(.RamFunc)
 *(.RamFunc*)
                0x200001d4                        . = ALIGN (0x4)
                0x200001d4                        _edata = .

.tm_clone_table
                0x200001d4        0x0 load address 0x0800f9ec
 .tm_clone_table
                0x200001d4        0x0 C:/ProgramData/MATLAB/SupportPackages/R2025b/3P.instrset/gnuarm-armcortex.instrset/win/bin/../lib/gcc/arm-none-eabi/13.2.1/thumb/v7e-m+fp/hard/crtbegin.o
 .tm_clone_table
                0x200001d4        0x0 C:/ProgramData/MATLAB/SupportPackages/R2025b/3P.instrset/gnuarm-armcortex.instrset/win/bin/../lib/gcc/arm-none-eabi/13.2.1/thumb/v7e-m+fp/hard/crtend.o

.igot.plt       0x200001d4        0x0 load address 0x0800f9ec
 .igot.plt      0x200001d4        0x0 C:/ProgramData/MATLAB/SupportPackages/R2025b/3P.instrset/gnuarm-armcortex.instrset/win/bin/../lib/gcc/arm-none-eabi/13.2.1/thumb/v7e-m+fp/hard/crtbegin.o
                0x200001d4                        . = ALIGN (0x4)

.bss            0x200001d8     0x114c load address 0x0800f9ec
                0x200001d8                        _sbss = .
                0x200001d8                        __bss_start__ = _sbss
 *(.bss)
 *(.bss*)
 .bss.completed.1
                0x200001d8        0x1 C:/ProgramData/MATLAB/SupportPackages/R2025b/3P.instrset/gnuarm-armcortex.instrset/win/bin/../lib/gcc/arm-none-eabi/13.2.1/thumb/v7e-m+fp/hard/crtbegin.o
 *fill*         0x200001d9        0x3 
 .bss.object.0  0x200001dc       0x18 C:/ProgramData/MATLAB/SupportPackages/R2025b/3P.instrset/gnuarm-armcortex.instrset/win/bin/../lib/gcc/arm-none-eabi/13.2.1/thumb/v7e-m+fp/hard/crtbegin.o
 .bss.mw_spi1   0x200001f4       0x58 mw_stm32_spi_ll.c.o
                0x200001f4                mw_spi1
 .bss.xcpCustomTriggerFunction
                0x2000024c        0x8 xcp_ext_mode.c.o
 .bss.BMS_MCU_CODE_B
                0x20000254        0x5 BMS_MCU_CODE.c.o
                0x20000254                BMS_MCU_CODE_B
 *fill*         0x20000259        0x3 
 .bss.BMS_MCU_CODE_DW
                0x2000025c       0x3c BMS_MCU_CODE.c.o
                0x2000025c                BMS_MCU_CODE_DW
 .bss.BMS_MCU_CODE_Y
                0x20000298        0x6 BMS_MCU_CODE.c.o
                0x20000298                BMS_MCU_CODE_Y
 *fill*         0x2000029e        0x2 
 .bss.BMS_MCU_CODE_M_
                0x200002a0       0x48 BMS_MCU_CODE.c.o
 .bss.rt_ExtModeInfo.2
                0x200002e8       0x14 BMS_MCU_CODE.c.o
 .bss.systemRan.1
                0x200002fc       0xb8 BMS_MCU_CODE.c.o
 .bss.IsrOverrun
                0x200003b4        0x4 ert_main.c.o
                0x200003b4                IsrOverrun
 .bss.OverrunFlag
                0x200003b8        0x1 ert_main.c.o
 .bss.stopRequested
                0x200003b9        0x1 ert_main.c.o
                0x200003b9                stopRequested
 .bss.runModel  0x200003ba        0x1 ert_main.c.o
                0x200003ba                runModel
 .bss.xcpModelStartRequest
                0x200003bb        0x1 xcp_ext_common.c.o
                0x200003bb                xcpModelStartRequest
 .bss.xcpModelStopRequest
                0x200003bc        0x1 xcp_ext_common.c.o
                0x200003bc                xcpModelStopRequest
 .bss.xcpModelStatus
                0x200003bd        0x1 xcp_ext_common.c.o
                0x200003bd                xcpModelStatus
 *fill*         0x200003be        0x2 
 .bss.xcpModelChecksum0
                0x200003c0        0x4 xcp_ext_common.c.o
                0x200003c0                xcpModelChecksum0
 .bss.xcpModelChecksum1
                0x200003c4        0x4 xcp_ext_common.c.o
                0x200003c4                xcpModelChecksum1
 .bss.xcpModelChecksum2
                0x200003c8        0x4 xcp_ext_common.c.o
                0x200003c8                xcpModelChecksum2
 .bss.xcpModelChecksum3
                0x200003cc        0x4 xcp_ext_common.c.o
                0x200003cc                xcpModelChecksum3
 .bss.xcpModelIntegerCode
                0x200003d0        0x4 xcp_ext_common.c.o
                0x200003d0                xcpModelIntegerCode
 .bss.xcpExtmodeSimulationComplete
                0x200003d4        0x1 xcp_ext_common.c.o
                0x200003d4                xcpExtmodeSimulationComplete
 *fill*         0x200003d5        0x3 
 .bss.xcpDummyDoubleVariable
                0x200003d8        0x8 xcp_ext_common.c.o
                0x200003d8                xcpDummyDoubleVariable
 .bss.xcpDummyUint64Variable
                0x200003e0        0x8 xcp_ext_common.c.o
                0x200003e0                xcpDummyUint64Variable
 .bss.xcpCurrentSimulationTimeInMs
                0x200003e8        0x8 xcp_ext_common.c.o
                0x200003e8                xcpCurrentSimulationTimeInMs
 .bss.xcpBaseRateSimulationTime
                0x200003f0        0x8 xcp_ext_common.c.o
 .bss.xcpClassicTriggerEventId
                0x200003f8        0x2 xcp_ext_classic_trigger.c.o
                0x200003f8                xcpClassicTriggerEventId
 *fill*         0x200003fa        0x2 
 .bss.xcpClassicTriggerSignalAddress
                0x200003fc        0x4 xcp_ext_classic_trigger.c.o
                0x200003fc                xcpClassicTriggerSignalAddress
 .bss.xcpClassicTriggerSignalAddressExtension
                0x20000400        0x1 xcp_ext_classic_trigger.c.o
                0x20000400                xcpClassicTriggerSignalAddressExtension
 *fill*         0x20000401        0x7 
 .bss.xcpClassicTriggerLevel
                0x20000408        0x8 xcp_ext_classic_trigger.c.o
                0x20000408                xcpClassicTriggerLevel
 .bss.xcpClassicTriggerHoldOff
                0x20000410        0x4 xcp_ext_classic_trigger.c.o
                0x20000410                xcpClassicTriggerHoldOff
 .bss.xcpClassicTriggerDelay
                0x20000414        0x4 xcp_ext_classic_trigger.c.o
                0x20000414                xcpClassicTriggerDelay
 .bss.xcpClassicTriggerDirection
                0x20000418        0x1 xcp_ext_classic_trigger.c.o
                0x20000418                xcpClassicTriggerDirection
 .bss.xcpClassicTriggerCancelRequest
                0x20000419        0x1 xcp_ext_classic_trigger.c.o
                0x20000419                xcpClassicTriggerCancelRequest
 .bss.xcpClassicTriggerSource
                0x2000041a        0x1 xcp_ext_classic_trigger.c.o
                0x2000041a                xcpClassicTriggerSource
 .bss.xcpClassicTriggerMode
                0x2000041b        0x1 xcp_ext_classic_trigger.c.o
                0x2000041b                xcpClassicTriggerMode
 .bss.xcpClassicTriggerStatus
                0x2000041c        0x1 xcp_ext_classic_trigger.c.o
                0x2000041c                xcpClassicTriggerStatus
 *fill*         0x2000041d        0x3 
 .bss.xcpOldSignalValue
                0x20000420        0x8 xcp_ext_classic_trigger.c.o
 .bss.xcpOldSignalValueAvailable
                0x20000428        0x1 xcp_ext_classic_trigger.c.o
 .bss.xcpOldClassicTriggerSource
                0x20000429        0x1 xcp_ext_classic_trigger.c.o
 .bss.xcpTriggerEnabled
                0x2000042a        0x1 xcp_ext_classic_trigger.c.o
 .bss.xcpSignalTriggerFired
                0x2000042b        0x1 xcp_ext_classic_trigger.c.o
 .bss.xcpTriggerCount
                0x2000042c        0x4 xcp_ext_classic_trigger.c.o
 .bss.xcpForcedTriggerEnabled
                0x20000430        0x1 xcp_ext_classic_trigger.c.o
 .bss.xcpForceTriggerEnableRequest
                0x20000431        0x1 xcp_ext_classic_trigger.c.o
 .bss.initialized
                0x20000432        0x1 xcp.c.o
 .bss.xcpStatus
                0x20000433        0x1 xcp.c.o
 .bss.xcpSessionStatus
                0x20000434        0x1 xcp.c.o
 .bss.xcpResourceProtectionStatus
                0x20000435        0x1 xcp.c.o
 .bss.xcpSessionConfigurationId
                0x20000436        0x2 xcp.c.o
 .bss.groupPacketLookup
                0x20000438       0x10 xcp.c.o
 .bss.xcpMta    0x20000448        0x8 xcp_standard.c.o
 .bss.xcpUploadSize
                0x20000450        0x1 xcp_standard.c.o
 *fill*         0x20000451        0x3 
 .bss.packetLookup
                0x20000454        0x4 xcp_standard.c.o
 .bss.xcpDynamicDaqLists
                0x20000458        0x8 xcp_daq.c.o
 .bss.xcpRunningEventCounter
                0x20000460        0x4 xcp_daq.c.o
 .bss.daqLock   0x20000464        0x4 xcp_daq.c.o
 .bss.packetLookup
                0x20000468        0x4 xcp_daq.c.o
 .bss.packetLookup
                0x2000046c        0x4 xcp_calibration.c.o
 .bss.txFifo    0x20000470       0x10 xcp_transport.c.o
 .bss.txLock    0x20000480        0x4 xcp_transport.c.o
 .bss.rxFifo    0x20000484        0x8 xcp_transport.c.o
 .bss.rxLock    0x2000048c        0x4 xcp_transport.c.o
 .bss.initialized
                0x20000490        0x1 xcp_transport.c.o
 *fill*         0x20000491        0x3 
 .bss.xcpMemPoolDescriptors
                0x20000494       0xc0 xcp_mem_default.c.o
 .bss.xcpMemCustomPoolDescriptors
                0x20000554        0x8 xcp_mem_default.c.o
 .bss.xcpMemMainChunk
                0x2000055c      0x3a7 xcp_mem_default.c.o
 *fill*         0x20000903        0x1 
 .bss.xcpMemReservedPoolsChunk
                0x20000904      0x427 xcp_mem_default.c.o
 *fill*         0x20000d2b        0x1 
 .bss.xcpMemReservedPoolsChunkUsedBytes
                0x20000d2c        0x4 xcp_mem_default.c.o
 .bss.xcpMemLock
                0x20000d30        0x4 xcp_mem_default.c.o
 .bss.forceBlocking
                0x20000d34        0x1 xcp_drv_rtiostream.c.o
 *fill*         0x20000d35        0x1 
 .bss.txCounter
                0x20000d36        0x2 xcp_frame_serial.c.o
 .bss.rxCounter
                0x20000d38        0x2 xcp_frame_serial.c.o
 *fill*         0x20000d3a        0x2 
 .bss.firstRxCounterReceived
                0x20000d3c        0x4 xcp_frame_serial.c.o
 .bss.initialized
                0x20000d40        0x1 xcp_frame_serial.c.o
 *fill*         0x20000d41        0x3 
 .bss.timestampInitialized
                0x20000d44        0x4 platform_timer.c.o
 .bss.timestampStartTime
                0x20000d48        0x4 platform_timer.c.o
 .bss.schdl_counter
                0x20000d4c        0x4 SysTickScheduler.c.o
                0x20000d4c                schdl_counter
 .bss.schdl_counter_max
                0x20000d50        0x4 SysTickScheduler.c.o
                0x20000d50                schdl_counter_max
 .bss.taskToSchedule
                0x20000d54        0x4 m3m4m4f_multitasking.c.o
                0x20000d54                taskToSchedule
 .bss.mw_ext_h  0x20000d58        0x4 rtiostream_serial.c.o
                0x20000d58                mw_ext_h
 .bss.UARTRxBuffer
                0x20000d5c        0x4 rtiostream_serial.c.o
                0x20000d5c                UARTRxBuffer
 .bss.mw_usart2
                0x20000d60       0x40 stm_usart.c.o
                0x20000d60                mw_usart2
 .bss.USART2ReceiveBuffer
                0x20000da0      0x400 stm_usart.c.o
                0x20000da0                USART2ReceiveBuffer
 .bss.htim5     0x200011a0       0x48 stm32f4xx_hal_timebase_tim.c.o
                0x200011a0                htim5
 .bss.uwTick    0x200011e8        0x4 stm32f4xx_hal.c.o
                0x200011e8                uwTick
 .bss.__sf      0x200011ec      0x138 C:/ProgramData/MATLAB/SupportPackages/R2025b/3P.instrset/gnuarm-armcortex.instrset/win/bin/../lib/gcc/arm-none-eabi/13.2.1/thumb/v7e-m+fp/hard\libg_nano.a(libc_a-findfp.o)
                0x200011ec                __sf
 *(COMMON)
                0x20001324                        . = ALIGN (0x4)
                0x20001324                        _ebss = .
                0x20001324                        __bss_end__ = _ebss

._user_heap_stack
                0x20001324      0x604 load address 0x0800f9ec
                0x20001328                        . = ALIGN (0x8)
 *fill*         0x20001324        0x4 
                [!provide]                        PROVIDE (end = .)
                0x20001328                        PROVIDE (_end = .)
                0x20001528                        . = (. + _Min_Heap_Size)
 *fill*         0x20001328      0x200 
                0x20001928                        . = (. + _Min_Stack_Size)
 *fill*         0x20001528      0x400 
                0x20001928                        . = ALIGN (0x8)

/DISCARD/
 libc.a(*)
 libm.a(*)
 libgcc.a(*)

.ARM.attributes
                0x00000000       0x30
 *(.ARM.attributes)
 .ARM.attributes
                0x00000000       0x22 C:/ProgramData/MATLAB/SupportPackages/R2025b/3P.instrset/gnuarm-armcortex.instrset/win/bin/../lib/gcc/arm-none-eabi/13.2.1/thumb/v7e-m+fp/hard/crti.o
 .ARM.attributes
                0x00000022       0x34 C:/ProgramData/MATLAB/SupportPackages/R2025b/3P.instrset/gnuarm-armcortex.instrset/win/bin/../lib/gcc/arm-none-eabi/13.2.1/thumb/v7e-m+fp/hard/crtbegin.o
 .ARM.attributes
                0x00000056       0x34 mw_stm32_spi_ll.c.o
 .ARM.attributes
                0x0000008a       0x34 xcp_ext_mode.c.o
 .ARM.attributes
                0x000000be       0x34 BMS_MCU_CODE.c.o
 .ARM.attributes
                0x000000f2       0x34 BMS_MCU_CODE_data.c.o
 .ARM.attributes
                0x00000126       0x34 ert_main.c.o
 .ARM.attributes
                0x0000015a       0x34 xcp_ext_common.c.o
 .ARM.attributes
                0x0000018e       0x34 xcp_ext_classic_trigger.c.o
 .ARM.attributes
                0x000001c2       0x34 xcp.c.o
 .ARM.attributes
                0x000001f6       0x34 xcp_standard.c.o
 .ARM.attributes
                0x0000022a       0x34 xcp_daq.c.o
 .ARM.attributes
                0x0000025e       0x34 xcp_calibration.c.o
 .ARM.attributes
                0x00000292       0x34 xcp_fifo.c.o
 .ARM.attributes
                0x000002c6       0x34 xcp_transport.c.o
 .ARM.attributes
                0x000002fa       0x34 xcp_mem_default.c.o
 .ARM.attributes
                0x0000032e       0x34 xcp_drv_rtiostream.c.o
 .ARM.attributes
                0x00000362       0x34 xcp_utils.c.o
 .ARM.attributes
                0x00000396       0x34 xcp_frame_serial.c.o
 .ARM.attributes
                0x000003ca       0x34 xcp_ext_param_default_serial.c.o
 .ARM.attributes
                0x000003fe       0x34 overrideHALDelay.c.o
 .ARM.attributes
                0x00000432       0x34 platform_timer.c.o
 .ARM.attributes
                0x00000466       0x34 SysTickScheduler.c.o
 .ARM.attributes
                0x0000049a       0x34 m3m4m4f_multitasking.c.o
 .ARM.attributes
                0x000004ce       0x34 rtiostream_serial.c.o
 .ARM.attributes
                0x00000502       0x34 stm_usart.c.o
 .ARM.attributes
                0x00000536       0x34 sys_arch_arm.c.o
 .ARM.attributes
                0x0000056a       0x34 main.c.o
 .ARM.attributes
                0x0000059e       0x34 stm32f4xx_it.c.o
 .ARM.attributes
                0x000005d2       0x34 stm32f4xx_hal_msp.c.o
 .ARM.attributes
                0x00000606       0x34 stm32f4xx_hal_timebase_tim.c.o
 .ARM.attributes
                0x0000063a       0x34 stm32f4xx_hal_tim.c.o
 .ARM.attributes
                0x0000066e       0x34 stm32f4xx_hal_tim_ex.c.o
 .ARM.attributes
                0x000006a2       0x34 stm32f4xx_ll_gpio.c.o
 .ARM.attributes
                0x000006d6       0x34 stm32f4xx_ll_spi.c.o
 .ARM.attributes
                0x0000070a       0x34 stm32f4xx_ll_rcc.c.o
 .ARM.attributes
                0x0000073e       0x34 stm32f4xx_ll_utils.c.o
 .ARM.attributes
                0x00000772       0x34 stm32f4xx_ll_exti.c.o
 .ARM.attributes
                0x000007a6       0x34 stm32f4xx_hal_rcc.c.o
 .ARM.attributes
                0x000007da       0x34 stm32f4xx_hal_cortex.c.o
 .ARM.attributes
                0x0000080e       0x34 stm32f4xx_hal.c.o
 .ARM.attributes
                0x00000842       0x34 stm32f4xx_ll_usart.c.o
 .ARM.attributes
                0x00000876       0x34 system_stm32f4xx.c.o
 .ARM.attributes
                0x000008aa       0x21 startup_stm32f446retx.s.o
 .ARM.attributes
                0x000008cb       0x34 C:/ProgramData/MATLAB/SupportPackages/R2025b/3P.instrset/gnuarm-armcortex.instrset/win/bin/../lib/gcc/arm-none-eabi/13.2.1/thumb/v7e-m+fp/hard\libm.a(libm_a-w_fmod.o)
 .ARM.attributes
                0x000008ff       0x34 C:/ProgramData/MATLAB/SupportPackages/R2025b/3P.instrset/gnuarm-armcortex.instrset/win/bin/../lib/gcc/arm-none-eabi/13.2.1/thumb/v7e-m+fp/hard\libm.a(libm_a-e_fmod.o)
 .ARM.attributes
                0x00000933       0x22 C:/ProgramData/MATLAB/SupportPackages/R2025b/3P.instrset/gnuarm-armcortex.instrset/win/bin/../lib/gcc/arm-none-eabi/13.2.1/thumb/v7e-m+fp/hard\libgcc.a(_arm_addsubdf3.o)
 .ARM.attributes
                0x00000955       0x22 C:/ProgramData/MATLAB/SupportPackages/R2025b/3P.instrset/gnuarm-armcortex.instrset/win/bin/../lib/gcc/arm-none-eabi/13.2.1/thumb/v7e-m+fp/hard\libgcc.a(_arm_muldivdf3.o)
 .ARM.attributes
                0x00000977       0x22 C:/ProgramData/MATLAB/SupportPackages/R2025b/3P.instrset/gnuarm-armcortex.instrset/win/bin/../lib/gcc/arm-none-eabi/13.2.1/thumb/v7e-m+fp/hard\libgcc.a(_arm_cmpdf2.o)
 .ARM.attributes
                0x00000999       0x22 C:/ProgramData/MATLAB/SupportPackages/R2025b/3P.instrset/gnuarm-armcortex.instrset/win/bin/../lib/gcc/arm-none-eabi/13.2.1/thumb/v7e-m+fp/hard\libgcc.a(_arm_unorddf2.o)
 .ARM.attributes
                0x000009bb       0x22 C:/ProgramData/MATLAB/SupportPackages/R2025b/3P.instrset/gnuarm-armcortex.instrset/win/bin/../lib/gcc/arm-none-eabi/13.2.1/thumb/v7e-m+fp/hard\libgcc.a(_arm_fixunsdfsi.o)
 .ARM.attributes
                0x000009dd       0x22 C:/ProgramData/MATLAB/SupportPackages/R2025b/3P.instrset/gnuarm-armcortex.instrset/win/bin/../lib/gcc/arm-none-eabi/13.2.1/thumb/v7e-m+fp/hard\libgcc.a(_aeabi_uldivmod.o)
 .ARM.attributes
                0x000009ff       0x34 C:/ProgramData/MATLAB/SupportPackages/R2025b/3P.instrset/gnuarm-armcortex.instrset/win/bin/../lib/gcc/arm-none-eabi/13.2.1/thumb/v7e-m+fp/hard\libgcc.a(_udivmoddi4.o)
 .ARM.attributes
                0x00000a33       0x22 C:/ProgramData/MATLAB/SupportPackages/R2025b/3P.instrset/gnuarm-armcortex.instrset/win/bin/../lib/gcc/arm-none-eabi/13.2.1/thumb/v7e-m+fp/hard\libgcc.a(_dvmd_tls.o)
 .ARM.attributes
                0x00000a55       0x34 C:/ProgramData/MATLAB/SupportPackages/R2025b/3P.instrset/gnuarm-armcortex.instrset/win/bin/../lib/gcc/arm-none-eabi/13.2.1/thumb/v7e-m+fp/hard\libg_nano.a(libc_a-findfp.o)
 .ARM.attributes
                0x00000a89       0x34 C:/ProgramData/MATLAB/SupportPackages/R2025b/3P.instrset/gnuarm-armcortex.instrset/win/bin/../lib/gcc/arm-none-eabi/13.2.1/thumb/v7e-m+fp/hard\libg_nano.a(libc_a-memset.o)
 .ARM.attributes
                0x00000abd       0x34 C:/ProgramData/MATLAB/SupportPackages/R2025b/3P.instrset/gnuarm-armcortex.instrset/win/bin/../lib/gcc/arm-none-eabi/13.2.1/thumb/v7e-m+fp/hard\libg_nano.a(libc_a-impure.o)
 .ARM.attributes
                0x00000af1       0x34 C:/ProgramData/MATLAB/SupportPackages/R2025b/3P.instrset/gnuarm-armcortex.instrset/win/bin/../lib/gcc/arm-none-eabi/13.2.1/thumb/v7e-m+fp/hard\libg_nano.a(libc_a-errno.o)
 .ARM.attributes
                0x00000b25       0x34 C:/ProgramData/MATLAB/SupportPackages/R2025b/3P.instrset/gnuarm-armcortex.instrset/win/bin/../lib/gcc/arm-none-eabi/13.2.1/thumb/v7e-m+fp/hard\libg_nano.a(libc_a-init.o)
 .ARM.attributes
                0x00000b59       0x34 C:/ProgramData/MATLAB/SupportPackages/R2025b/3P.instrset/gnuarm-armcortex.instrset/win/bin/../lib/gcc/arm-none-eabi/13.2.1/thumb/v7e-m+fp/hard\libg_nano.a(libc_a-memcpy-stub.o)
 .ARM.attributes
                0x00000b8d       0x34 C:/ProgramData/MATLAB/SupportPackages/R2025b/3P.instrset/gnuarm-armcortex.instrset/win/bin/../lib/gcc/arm-none-eabi/13.2.1/thumb/v7e-m+fp/hard/crtend.o
 .ARM.attributes
                0x00000bc1       0x22 C:/ProgramData/MATLAB/SupportPackages/R2025b/3P.instrset/gnuarm-armcortex.instrset/win/bin/../lib/gcc/arm-none-eabi/13.2.1/thumb/v7e-m+fp/hard/crtn.o
OUTPUT(../BMS_MCU_CODE.elf elf32-littlearm)
LOAD linker stubs
LOAD C:/ProgramData/MATLAB/SupportPackages/R2025b/3P.instrset/gnuarm-armcortex.instrset/win/bin/../lib/gcc/arm-none-eabi/13.2.1/thumb/v7e-m+fp/hard\libc.a
LOAD C:/ProgramData/MATLAB/SupportPackages/R2025b/3P.instrset/gnuarm-armcortex.instrset/win/bin/../lib/gcc/arm-none-eabi/13.2.1/thumb/v7e-m+fp/hard\libm.a
LOAD C:/ProgramData/MATLAB/SupportPackages/R2025b/3P.instrset/gnuarm-armcortex.instrset/win/bin/../lib/gcc/arm-none-eabi/13.2.1/thumb/v7e-m+fp/hard\libgcc.a

.debug_info     0x00000000    0x1b2d4
 .debug_info    0x00000000     0x1c0c mw_stm32_spi_ll.c.o
 .debug_info    0x00001c0c      0x801 xcp_ext_mode.c.o
 .debug_info    0x0000240d      0xedc BMS_MCU_CODE.c.o
 .debug_info    0x000032e9      0x3c2 BMS_MCU_CODE_data.c.o
 .debug_info    0x000036ab      0x655 ert_main.c.o
 .debug_info    0x00003d00      0x721 xcp_ext_common.c.o
 .debug_info    0x00004421      0x5a3 xcp_ext_classic_trigger.c.o
 .debug_info    0x000049c4     0x1289 xcp.c.o
 .debug_info    0x00005c4d      0xe8b xcp_standard.c.o
 .debug_info    0x00006ad8     0x2173 xcp_daq.c.o
 .debug_info    0x00008c4b      0x6ed xcp_calibration.c.o
 .debug_info    0x00009338      0x26f xcp_fifo.c.o
 .debug_info    0x000095a7      0x98f xcp_transport.c.o
 .debug_info    0x00009f36      0x79c xcp_mem_default.c.o