Archive member included to satisfy reference by file (symbol)

C:/ProgramData/MATLAB/SupportPackages/R2025b/3P.instrset/gnuarm-armcortex.instrset/win/bin/../lib/gcc/arm-none-eabi/13.2.1/thumb/v7e-m+fp/hard\libm.a(libm_a-w_fmod.o)
                              xcp_ext_common.c.o (fmod)
C:/ProgramData/MATLAB/SupportPackages/R2025b/3P.instrset/gnuarm-armcortex.instrset/win/bin/../lib/gcc/arm-none-eabi/13.2.1/thumb/v7e-m+fp/hard\libm.a(libm_a-e_fmod.o)
                              C:/ProgramData/MATLAB/SupportPackages/R2025b/3P.instrset/gnuarm-armcortex.instrset/win/bin/../lib/gcc/arm-none-eabi/13.2.1/thumb/v7e-m+fp/hard\libm.a(libm_a-w_fmod.o) (__ieee754_fmod)
C:/ProgramData/MATLAB/SupportPackages/R2025b/3P.instrset/gnuarm-armcortex.instrset/win/bin/../lib/gcc/arm-none-eabi/13.2.1/thumb/v7e-m+fp/hard\libgcc.a(_arm_muldf3.o)
                              MCU_CODE.c.o (__aeabi_dmul)
C:/ProgramData/MATLAB/SupportPackages/R2025b/3P.instrset/gnuarm-armcortex.instrset/win/bin/../lib/gcc/arm-none-eabi/13.2.1/thumb/v7e-m+fp/hard\libgcc.a(_arm_addsubdf3.o)
                              xcp_ext_common.c.o (__aeabi_dsub)
C:/ProgramData/MATLAB/SupportPackages/R2025b/3P.instrset/gnuarm-armcortex.instrset/win/bin/../lib/gcc/arm-none-eabi/13.2.1/thumb/v7e-m+fp/hard\libgcc.a(_arm_muldivdf3.o)
                              xcp_ext_common.c.o (__aeabi_ddiv)
C:/ProgramData/MATLAB/SupportPackages/R2025b/3P.instrset/gnuarm-armcortex.instrset/win/bin/../lib/gcc/arm-none-eabi/13.2.1/thumb/v7e-m+fp/hard\libgcc.a(_arm_cmpdf2.o)
                              xcp_ext_mode.c.o (__aeabi_dcmpeq)
C:/ProgramData/MATLAB/SupportPackages/R2025b/3P.instrset/gnuarm-armcortex.instrset/win/bin/../lib/gcc/arm-none-eabi/13.2.1/thumb/v7e-m+fp/hard\libgcc.a(_arm_unorddf2.o)
                              C:/ProgramData/MATLAB/SupportPackages/R2025b/3P.instrset/gnuarm-armcortex.instrset/win/bin/../lib/gcc/arm-none-eabi/13.2.1/thumb/v7e-m+fp/hard\libm.a(libm_a-w_fmod.o) (__aeabi_dcmpun)
C:/ProgramData/MATLAB/SupportPackages/R2025b/3P.instrset/gnuarm-armcortex.instrset/win/bin/../lib/gcc/arm-none-eabi/13.2.1/thumb/v7e-m+fp/hard\libgcc.a(_arm_fixunsdfsi.o)
                              xcp_ext_common.c.o (__aeabi_d2uiz)
C:/ProgramData/MATLAB/SupportPackages/R2025b/3P.instrset/gnuarm-armcortex.instrset/win/bin/../lib/gcc/arm-none-eabi/13.2.1/thumb/v7e-m+fp/hard\libgcc.a(_aeabi_uldivmod.o)
                              stm32f4xx_ll_usart.c.o (__aeabi_uldivmod)
C:/ProgramData/MATLAB/SupportPackages/R2025b/3P.instrset/gnuarm-armcortex.instrset/win/bin/../lib/gcc/arm-none-eabi/13.2.1/thumb/v7e-m+fp/hard\libgcc.a(_udivmoddi4.o)
                              C:/ProgramData/MATLAB/SupportPackages/R2025b/3P.instrset/gnuarm-armcortex.instrset/win/bin/../lib/gcc/arm-none-eabi/13.2.1/thumb/v7e-m+fp/hard\libgcc.a(_aeabi_uldivmod.o) (__udivmoddi4)
C:/ProgramData/MATLAB/SupportPackages/R2025b/3P.instrset/gnuarm-armcortex.instrset/win/bin/../lib/gcc/arm-none-eabi/13.2.1/thumb/v7e-m+fp/hard\libgcc.a(_dvmd_tls.o)
                              C:/ProgramData/MATLAB/SupportPackages/R2025b/3P.instrset/gnuarm-armcortex.instrset/win/bin/../lib/gcc/arm-none-eabi/13.2.1/thumb/v7e-m+fp/hard\libgcc.a(_aeabi_uldivmod.o) (__aeabi_ldiv0)
C:/ProgramData/MATLAB/SupportPackages/R2025b/3P.instrset/gnuarm-armcortex.instrset/win/bin/../lib/gcc/arm-none-eabi/13.2.1/thumb/v7e-m+fp/hard\libg_nano.a(libc_a-exit.o)
                              C:/ProgramData/MATLAB/SupportPackages/R2025b/3P.instrset/gnuarm-armcortex.instrset/win/bin/../lib/gcc/arm-none-eabi/13.2.1/thumb/v7e-m+fp/hard/crt0.o (exit)
C:/ProgramData/MATLAB/SupportPackages/R2025b/3P.instrset/gnuarm-armcortex.instrset/win/bin/../lib/gcc/arm-none-eabi/13.2.1/thumb/v7e-m+fp/hard\libg_nano.a(libc_a-findfp.o)
                              C:/ProgramData/MATLAB/SupportPackages/R2025b/3P.instrset/gnuarm-armcortex.instrset/win/bin/../lib/gcc/arm-none-eabi/13.2.1/thumb/v7e-m+fp/hard\libg_nano.a(libc_a-exit.o) (__stdio_exit_handler)
C:/ProgramData/MATLAB/SupportPackages/R2025b/3P.instrset/gnuarm-armcortex.instrset/win/bin/../lib/gcc/arm-none-eabi/13.2.1/thumb/v7e-m+fp/hard\libg_nano.a(libc_a-fwalk.o)
                              C:/ProgramData/MATLAB/SupportPackages/R2025b/3P.instrset/gnuarm-armcortex.instrset/win/bin/../lib/gcc/arm-none-eabi/13.2.1/thumb/v7e-m+fp/hard\libg_nano.a(libc_a-findfp.o) (_fwalk_sglue)
C:/ProgramData/MATLAB/SupportPackages/R2025b/3P.instrset/gnuarm-armcortex.instrset/win/bin/../lib/gcc/arm-none-eabi/13.2.1/thumb/v7e-m+fp/hard\libg_nano.a(libc_a-stdio.o)
                              C:/ProgramData/MATLAB/SupportPackages/R2025b/3P.instrset/gnuarm-armcortex.instrset/win/bin/../lib/gcc/arm-none-eabi/13.2.1/thumb/v7e-m+fp/hard\libg_nano.a(libc_a-findfp.o) (__sread)
C:/ProgramData/MATLAB/SupportPackages/R2025b/3P.instrset/gnuarm-armcortex.instrset/win/bin/../lib/gcc/arm-none-eabi/13.2.1/thumb/v7e-m+fp/hard\libg_nano.a(libc_a-memset.o)
[...]
Memory Configuration

Name             Origin             Length             Attributes
RAM              0x20000000         0x00020000         xrw
FLASH            0x08000000         0x00080000         xr
*default*        0x00000000         0xffffffff

Linker script and memory map

LOAD C:/ProgramData/MATLAB/SupportPackages/R2025b/3P.instrset/gnuarm-armcortex.instrset/win/bin/../lib/gcc/arm-none-eabi/13.2.1/thumb/v7e-m+fp/hard/crti.o
LOAD C:/ProgramData/MATLAB/SupportPackages/R2025b/3P.instrset/gnuarm-armcortex.instrset/win/bin/../lib/gcc/arm-none-eabi/13.2.1/thumb/v7e-m+fp/hard/crtbegin.o
LOAD C:/ProgramData/MATLAB/SupportPackages/R2025b/3P.instrset/gnuarm-armcortex.instrset/win/bin/../lib/gcc/arm-none-eabi/13.2.1/thumb/v7e-m+fp/hard/crt0.o
LOAD xcp_ext_mode.c.o
LOAD MCU_CODE.c.o
LOAD MCU_CODE_data.c.o
LOAD ert_main.c.o
LOAD xcp_ext_common.c.o
LOAD xcp_ext_classic_trigger.c.o
LOAD xcp.c.o
LOAD xcp_standard.c.o
LOAD xcp_daq.c.o
LOAD xcp_calibration.c.o
LOAD xcp_fifo.c.o
LOAD xcp_transport.c.o
LOAD xcp_mem_default.c.o
LOAD xcp_drv_rtiostream.c.o
LOAD xcp_utils.c.o
LOAD xcp_frame_serial.c.o
LOAD xcp_ext_param_default_serial.c.o
LOAD overrideHALDelay.c.o
LOAD platform_timer.c.o
LOAD SysTickScheduler.c.o
LOAD m3m4m4f_multitasking.c.o
LOAD rtiostream_serial.c.o
LOAD stm_usart.c.o
LOAD sys_arch_arm.c.o
LOAD main.c.o
LOAD stm32f4xx_it.c.o
LOAD stm32f4xx_hal_msp.c.o
LOAD stm32f4xx_hal_timebase_tim.c.o
LOAD stm32f4xx_hal_tim.c.o
LOAD stm32f4xx_hal_tim_ex.c.o
LOAD stm32f4xx_ll_gpio.c.o
LOAD stm32f4xx_ll_dma.c.o
LOAD stm32f4xx_ll_usart.c.o
LOAD stm32f4xx_hal_rcc.c.o
LOAD stm32f4xx_hal_rcc_ex.c.o
LOAD stm32f4xx_hal_flash.c.o
LOAD stm32f4xx_hal_flash_ex.c.o
LOAD stm32f4xx_hal_flash_ramfunc.c.o
LOAD stm32f4xx_hal_gpio.c.o
LOAD stm32f4xx_hal_dma_ex.c.o
LOAD stm32f4xx_hal_dma.c.o
LOAD stm32f4xx_hal_pwr.c.o
LOAD stm32f4xx_hal_pwr_ex.c.o
LOAD stm32f4xx_hal_cortex.c.o
LOAD stm32f4xx_hal.c.o
LOAD stm32f4xx_hal_exti.c.o
LOAD stm32f4xx_ll_rcc.c.o
LOAD stm32f4xx_ll_utils.c.o
LOAD stm32f4xx_ll_exti.c.o
LOAD system_stm32f4xx.c.o
LOAD syscalls.c.o
LOAD sysmem.c.o
LOAD startup_stm32f446retx.s.o
LOAD C:/ProgramData/MATLAB/SupportPackages/R2025b/3P.instrset/cmsis_dsp.instrset/Lib/GCC/arm_cortexm4ldfsp_math/libCMSISDSP.a
LOAD C:/ProgramData/MATLAB/SupportPackages/R2025b/toolbox/shared/supportpackages/stm32/lib/GCC/libmw_pdmfilter_m4_spfp.lib
LOAD C:/ProgramData/MATLAB/SupportPackages/R2025b/3P.instrset/gnuarm-armcortex.instrset/win/bin/../lib/gcc/arm-none-eabi/13.2.1/thumb/v7e-m+fp/hard\libstdc++_nano.a
LOAD C:/ProgramData/MATLAB/SupportPackages/R2025b/3P.instrset/gnuarm-armcortex.instrset/win/bin/../lib/gcc/arm-none-eabi/13.2.1/thumb/v7e-m+fp/hard\libm.a
START GROUP
LOAD C:/ProgramData/MATLAB/SupportPackages/R2025b/3P.instrset/gnuarm-armcortex.instrset/win/bin/../lib/gcc/arm-none-eabi/13.2.1/thumb/v7e-m+fp/hard\libgcc.a
LOAD C:/ProgramData/MATLAB/SupportPackages/R2025b/3P.instrset/gnuarm-armcortex.instrset/win/bin/../lib/gcc/arm-none-eabi/13.2.1/thumb/v7e-m+fp/hard\libg_nano.a
LOAD C:/ProgramData/MATLAB/SupportPackages/R2025b/3P.instrset/gnuarm-armcortex.instrset/win/bin/../lib/gcc/arm-none-eabi/13.2.1/thumb/v7e-m+fp/hard\libc_nano.a
END GROUP
START GROUP
LOAD C:/ProgramData/MATLAB/SupportPackages/R2025b/3P.instrset/gnuarm-armcortex.instrset/win/bin/../lib/gcc/arm-none-eabi/13.2.1/thumb/v7e-m+fp/hard\libgcc.a
LOAD C:/ProgramData/MATLAB/SupportPackages/R2025b/3P.instrset/gnuarm-armcortex.instrset/win/bin/../lib/gcc/arm-none-eabi/13.2.1/thumb/v7e-m+fp/hard\libc_nano.a
LOAD C:/ProgramData/MATLAB/SupportPackages/R2025b/3P.instrset/gnuarm-armcortex.instrset/win/bin/../lib/gcc/arm-none-eabi/13.2.1/thumb/v7e-m+fp/hard\libnosys.a
END GROUP
START GROUP
LOAD C:/ProgramData/MATLAB/SupportPackages/R2025b/3P.instrset/gnuarm-armcortex.instrset/win/bin/../lib/gcc/arm-none-eabi/13.2.1/thumb/v7e-m+fp/hard\libgcc.a
LOAD C:/ProgramData/MATLAB/SupportPackages/R2025b/3P.instrset/gnuarm-armcortex.instrset/win/bin/../lib/gcc/arm-none-eabi/13.2.1/thumb/v7e-m+fp/hard\libc_nano.a
LOAD C:/ProgramData/MATLAB/SupportPackages/R2025b/3P.instrset/gnuarm-armcortex.instrset/win/bin/../lib/gcc/arm-none-eabi/13.2.1/thumb/v7e-m+fp/hard\libnosys.a
END GROUP
LOAD C:/ProgramData/MATLAB/SupportPackages/R2025b/3P.instrset/gnuarm-armcortex.instrset/win/bin/../lib/gcc/arm-none-eabi/13.2.1/thumb/v7e-m+fp/hard/crtend.o
LOAD C:/ProgramData/MATLAB/SupportPackages/R2025b/3P.instrset/gnuarm-armcortex.instrset/win/bin/../lib/gcc/arm-none-eabi/13.2.1/thumb/v7e-m+fp/hard/crtn.o
                0x20020000                        _estack = (ORIGIN (RAM) + LENGTH (RAM))
                0x00000200                        _Min_Heap_Size = 0x200
                0x00000400                        _Min_Stack_Size = 0x400

.isr_vector     0x08000000      0x1c4
                0x08000000                        . = ALIGN (0x4)
 *(.isr_vector)
 .isr_vector    0x08000000      0x1c4 startup_stm32f446retx.s.o
                0x08000000                g_pfnVectors
                0x080001c4                        . = ALIGN (0x4)

.text           0x080001c8     0xb94c
                0x080001c8                        . = ALIGN (0x4)
 *(.text)
 .text          0x080001c8      0x378 C:/ProgramData/MATLAB/SupportPackages/R2025b/3P.instrset/gnuarm-armcortex.instrset/win/bin/../lib/gcc/arm-none-eabi/13.2.1/thumb/v7e-m+fp/hard\libgcc.a(_arm_addsubdf3.o)
                0x080001c8                __aeabi_drsub
                0x080001d0                __aeabi_dsub
                0x080001d0                __subdf3
                0x080001d4                __aeabi_dadd
                0x080001d4                __adddf3
                0x0800044c                __floatunsidf
                0x0800044c                __aeabi_ui2d
                0x0800046c                __floatsidf
                0x0800046c                __aeabi_i2d
                0x08000490                __aeabi_f2d
                0x08000490                __extendsfdf2
                0x080004d4                __floatundidf
                0x080004d4                __aeabi_ul2d
                0x080004e4                __floatdidf
                0x080004e4                __aeabi_l2d
 .text          0x08000540      0x424 C:/ProgramData/MATLAB/SupportPackages/R2025b/3P.instrset/gnuarm-armcortex.instrset/win/bin/../lib/gcc/arm-none-eabi/13.2.1/thumb/v7e-m+fp/hard\libgcc.a(_arm_muldivdf3.o)
                0x08000540                __aeabi_dmul
                0x08000540                __muldf3
                0x08000794                __divdf3
                0x08000794                __aeabi_ddiv
 .text          0x08000964      0x110 C:/ProgramData/MATLAB/SupportPackages/R2025b/3P.instrset/gnuarm-armcortex.instrset/win/bin/../lib/gcc/arm-none-eabi/13.2.1/thumb/v7e-m+fp/hard\libgcc.a(_arm_cmpdf2.o)
                0x08000964                __gtdf2
                0x08000964                __gedf2
                0x0800096c                __ltdf2
                0x0800096c                __ledf2
                0x08000974                __nedf2
                0x08000974                __eqdf2
                0x08000974                __cmpdf2
                0x080009f0                __aeabi_cdrcmple
                0x08000a00                __aeabi_cdcmpeq
                0x08000a00                __aeabi_cdcmple
                0x08000a10                __aeabi_dcmpeq
                0x08000a24                __aeabi_dcmplt
                0x08000a38                __aeabi_dcmple
                0x08000a4c                __aeabi_dcmpge
                0x08000a60                __aeabi_dcmpgt
 .text          0x08000a74       0x2c C:/ProgramData/MATLAB/SupportPackages/R2025b/3P.instrset/gnuarm-armcortex.instrset/win/bin/../lib/gcc/arm-none-eabi/13.2.1/thumb/v7e-m+fp/hard\libgcc.a(_arm_unorddf2.o)
                0x08000a74                __unorddf2
                0x08000a74                __aeabi_dcmpun
 .text          0x08000aa0       0x40 C:/ProgramData/MATLAB/SupportPackages/R2025b/3P.instrset/gnuarm-armcortex.instrset/win/bin/../lib/gcc/arm-none-eabi/13.2.1/thumb/v7e-m+fp/hard\libgcc.a(_arm_fixunsdfsi.o)
                0x08000aa0                __aeabi_d2uiz
                0x08000aa0                __fixunsdfsi
 .text          0x08000ae0       0x30 C:/ProgramData/MATLAB/SupportPackages/R2025b/3P.instrset/gnuarm-armcortex.instrset/win/bin/../lib/gcc/arm-none-eabi/13.2.1/thumb/v7e-m+fp/hard\libgcc.a(_aeabi_uldivmod.o)
                0x08000ae0                __aeabi_uldivmod
 .text          0x08000b10        0x4 C:/ProgramData/MATLAB/SupportPackages/R2025b/3P.instrset/gnuarm-armcortex.instrset/win/bin/../lib/gcc/arm-none-eabi/13.2.1/thumb/v7e-m+fp/hard\libgcc.a(_dvmd_tls.o)
                0x08000b10                __aeabi_idiv0
                0x08000b10                __aeabi_ldiv0
 *(.text*)
 .text.deregister_tm_clones
                0x08000b14       0x1c C:/ProgramData/MATLAB/SupportPackages/R2025b/3P.instrset/gnuarm-armcortex.instrset/win/bin/../lib/gcc/arm-none-eabi/13.2.1/thumb/v7e-m+fp/hard/crtbegin.o
 .text.register_tm_clones
                0x08000b30       0x24 C:/ProgramData/MATLAB/SupportPackages/R2025b/3P.instrset/gnuarm-armcortex.instrset/win/bin/../lib/gcc/arm-none-eabi/13.2.1/thumb/v7e-m+fp/hard/crtbegin.o
 .text.__do_global_dtors_aux
                0x08000b54       0x28 C:/ProgramData/MATLAB/SupportPackages/R2025b/3P.instrset/gnuarm-armcortex.instrset/win/bin/../lib/gcc/arm-none-eabi/13.2.1/thumb/v7e-m+fp/hard/crtbegin.o
 .text.frame_dummy
                0x08000b7c       0x24 C:/ProgramData/MATLAB/SupportPackages/R2025b/3P.instrset/gnuarm-armcortex.instrset/win/bin/../lib/gcc/arm-none-eabi/13.2.1/thumb/v7e-m+fp/hard/crtbegin.o
 .text.extmodeParseArgs
                0x08000ba0       0x1e xcp_ext_mode.c.o
                0x08000ba0                extmodeParseArgs
 *fill*         0x08000bbe        0x2 
 .text.extmodeInit
                0x08000bc0      0x128 xcp_ext_mode.c.o
                0x08000bc0                extmodeInit
 .text.extmodeWaitForHostRequest
                0x08000ce8       0xcc xcp_ext_mode.c.o
                0x08000ce8                extmodeWaitForHostRequest
 .text.extmodeEvent
                0x08000db4       0xfc xcp_ext_mode.c.o
                0x08000db4                extmodeEvent
 .text.extmodeBackgroundRun
                0x08000eb0       0x20 xcp_ext_mode.c.o
                0x08000eb0                extmodeBackgroundRun
 .text.extmodeReset
                0x08000ed0       0x40 xcp_ext_mode.c.o
                0x08000ed0                extmodeReset
 .text.extmodeStopRequested
                0x08000f10       0x18 xcp_ext_mode.c.o
                0x08000f10                extmodeStopRequested
 .text.extmodeSimulationComplete
                0x08000f28       0x18 xcp_ext_mode.c.o
                0x08000f28                extmodeSimulationComplete
 .text.LL_GPIO_SetOutputPin
                0x08000f40       0x1c MCU_CODE.c.o
 .text.LL_GPIO_ResetOutputPin
                0x08000f5c       0x1e MCU_CODE.c.o
 *fill*         0x08000f7a        0x2 
 .text.MCU_CODE_step
                0x08000f7c       0x94 MCU_CODE.c.o
                0x08000f7c                MCU_CODE_step
 .text.MCU_CODE_initialize
                0x08001010       0xb8 MCU_CODE.c.o
                0x08001010                MCU_CODE_initialize
 .text.MCU_CODE_terminate
                0x080010c8       0x20 MCU_CODE.c.o
                0x080010c8                MCU_CODE_terminate
 .text.rt_OneStep
                0x080010e8       0x78 ert_main.c.o
                0x080010e8                rt_OneStep
 .text.main     0x08001160      0x180 ert_main.c.o
                0x08001160                main
 .text.xcp_void_printf
                0x080012e0       0x12 xcp_ext_common.c.o
                0x080012e0                xcp_void_printf
 .text.xcpCopyTimeValue
                0x080012f2       0x26 xcp_ext_common.c.o
 .text.xcpExtModeUpdateTime
                0x08001318      0x13c xcp_ext_common.c.o
                0x08001318                xcpExtModeUpdateTime
 .text.xcpExtModeInit
                0x08001454       0xb0 xcp_ext_common.c.o
                0x08001454                xcpExtModeInit
 .text.xcpExtModeRunBackground
                0x08001504      0x13c xcp_ext_common.c.o
                0x08001504                xcpExtModeRunBackground
 .text.xcpExtModeReset
                0x08001640      0x128 xcp_ext_common.c.o
                0x08001640                xcpExtModeReset
 .text.sampleSignalTrigger
                0x08001768      0x1b4 xcp_ext_classic_trigger.c.o
 .text.updateTriggerStatus
                0x0800191c      0x2b8 xcp_ext_classic_trigger.c.o
 .text.xcpExtModeClassicTriggerInit
                0x08001bd4       0x68 xcp_ext_classic_trigger.c.o
                0x08001bd4                xcpExtModeClassicTriggerInit
 .text.xcpExtModeClassicTriggerEnabled
                0x08001c3c      0x100 xcp_ext_classic_trigger.c.o
                0x08001c3c                xcpExtModeClassicTriggerEnabled
 .text.xcpExtModeClassicTriggerReset
                0x08001d3c       0xf4 xcp_ext_classic_trigger.c.o
                0x08001d3c                xcpExtModeClassicTriggerReset
 .text.xcpExtModeClassicTriggerForceEnableStatusUpdate
                0x08001e30       0x78 xcp_ext_classic_trigger.c.o
                0x08001e30                xcpExtModeClassicTriggerForceEnableStatusUpdate
 .text.msgBufferRealloc
                0x08001ea8       0x72 xcp.c.o
 *fill*         0x08001f1a        0x2 
 .text.discardInputPacketHandler
                0x08001f1c       0x3c xcp.c.o
 .text.unknownInputPacketHandler
                0x08001f58       0x34 xcp.c.o
 .text.xcpGetPacketGroupID
                0x08001f8c       0x74 xcp.c.o
 .text.xcpGetPacketHandlers
                0x08002000      0x124 xcp.c.o
 .text.xcpStatusSet
                0x08002124       0x20 xcp.c.o
                0x08002124                xcpStatusSet
 .text.xcpSessionStatusGet
                0x08002144       0x18 xcp.c.o
                0x08002144                xcpSessionStatusGet
 .text.xcpSessionStatusSetMask
                0x0800215c       0x28 xcp.c.o
                0x0800215c                xcpSessionStatusSetMask
 .text.xcpSessionStatusClearMask
                0x08002184       0x34 xcp.c.o
                0x08002184                xcpSessionStatusClearMask
 .text.xcpResourceProtectionStatusGet
                0x080021b8       0x18 xcp.c.o
                0x080021b8                xcpResourceProtectionStatusGet
 .text.xcpSessionConfigurationIdGet
                0x080021d0       0x18 xcp.c.o
                0x080021d0                xcpSessionConfigurationIdGet
 .text.genericOutputPacketHandler
                0x080021e8      0x11c xcp.c.o
                0x080021e8                genericOutputPacketHandler
 .text.xcpFindPacket
                0x08002304       0x6e xcp.c.o
                0x08002304                xcpFindPacket
 *fill*         0x08002372        0x2 
 .text.xcpInit  0x08002374       0x64 xcp.c.o
                0x08002374                xcpInit
 .text.xcpRun   0x080023d8      0x194 xcp.c.o
                0x080023d8                xcpRun
 .text.xcpEvent
                0x0800256c       0x50 xcp.c.o
                0x0800256c                xcpEvent
 .text.xcpGetStatus
                0x080025bc       0x18 xcp.c.o
                0x080025bc                xcpGetStatus
 .text.xcpReset
                0x080025d4       0x40 xcp.c.o
                0x080025d4                xcpReset
 .text.xcpPackedModeEventsFlush
                0x08002614       0x1e xcp.c.o
                0x08002614                xcpPackedModeEventsFlush
 .text.xcpPackedModeEventReset
                0x08002632       0x2a xcp.c.o
                0x08002632                xcpPackedModeEventReset
 .text.isValidUploadSize
                0x0800265c       0x30 xcp_standard.c.o
 .text.xcpMemcpyFromMTA
                0x0800268c       0x38 xcp_standard.c.o
 .text.connectInputPacketHandler
                0x080026c4       0xa4 xcp_standard.c.o
 .text.connectOutputPacketHandler
                0x08002768       0xd4 xcp_standard.c.o
 .text.disconnectInputPacketHandler
                0x0800283c       0x54 xcp_standard.c.o
 .text.getStatusInputPacketHandler
                0x08002890       0x28 xcp_standard.c.o
 .text.getStatusOutputPacketHandler
                0x080028b8       0x80 xcp_standard.c.o
 .text.synchInputPacketHandler
                0x08002938       0x44 xcp_standard.c.o
 .text.setMTAInputPacketHandler
                0x0800297c       0x78 xcp_standard.c.o
 .text.uploadInputPacketHandler
                0x080029f4       0x98 xcp_standard.c.o
 .text.uploadOutputPacketHandler
                0x08002a8c       0x9c xcp_standard.c.o
 .text.shortUploadInputPacketHandler
                0x08002b28       0xa4 xcp_standard.c.o
 .text.shortUploadOutputPacketHandler
                0x08002bcc       0x9c xcp_standard.c.o
 .text.getPacket
                0x08002c68       0x24 xcp_standard.c.o
 .text.xcpStandardInit
                0x08002c8c       0x18 xcp_standard.c.o
                0x08002c8c                xcpStandardInit
 .text.xcpStandardGetPacketLookup
                0x08002ca4       0x18 xcp_standard.c.o
                0x08002ca4                xcpStandardGetPacketLookup
 .text.xcpStandardSetPacketLookup
                0x08002cbc       0x20 xcp_standard.c.o
                0x08002cbc                xcpStandardSetPacketLookup
 .text.xcpStandardReset
                0x08002cdc       0x12 xcp_standard.c.o
                0x08002cdc                xcpStandardReset
 *fill*         0x08002cee        0x2 
 .text.xcpStandardGetAddressFromMta
                0x08002cf0       0x18 xcp_standard.c.o
                0x08002cf0                xcpStandardGetAddressFromMta
 .text.xcpStandardSetMta
                0x08002d08       0x3c xcp_standard.c.o
                0x08002d08                xcpStandardSetMta
 .text.xcpStandardIncrementMta
                0x08002d44       0x28 xcp_standard.c.o
                0x08002d44                xcpStandardIncrementMta
 .text.xcpStandardExtendedInit
                0x08002d6c        0xe xcp_standard.c.o
                0x08002d6c                xcpStandardExtendedInit
 .text.xcpStandardExtendedReset
                0x08002d7a        0xe xcp_standard.c.o
                0x08002d7a                xcpStandardExtendedReset
 .text.xcpDaqWriteLock
                0x08002d88       0x4c xcp_daq.c.o
 .text.xcpDaqWriteUnlock
                0x08002dd4       0x20 xcp_daq.c.o
 .text.xcpDaqReadLock
                0x08002df4       0x38 xcp_daq.c.o
 .text.xcpDaqReadUnlock
                0x08002e2c       0x38 xcp_daq.c.o
 .text.isActiveDaqList
                0x08002e64       0x50 xcp_daq.c.o
 .text.noActiveDaqLists
                0x08002eb4       0x50 xcp_daq.c.o
 .text.isValidDaqPtr
                0x08002f04       0xb8 xcp_daq.c.o
 .text.isValidDaqEntry
                0x08002fbc       0x36 xcp_daq.c.o
 .text.isSupportedDaqListMode
                0x08002ff2       0x26 xcp_daq.c.o
 .text.isValidStartStopMode
                0x08003018       0x32 xcp_daq.c.o
 .text.isValidStartStopSynchMode
                0x0800304a       0x32 xcp_daq.c.o
 .text.absoluteOdtNumberIdentification
                0x0800307c       0x10 xcp_daq.c.o
 .text.isDaqPackedModeEnabled
                0x0800308c       0x6c xcp_daq.c.o
 .text.odtPacketSize
                0x080030f8       0x54 xcp_daq.c.o
 .text.createDaqReservedPool
                0x0800314c       0x88 xcp_daq.c.o
 .text.destroyDaqReservedPool
                0x080031d4       0x2c xcp_daq.c.o
 .text.setDaqPtrInputPacketHandler
                0x08003200       0xdc xcp_daq.c.o
 .text.writeDaqInputPacketHandler
                0x080032dc      0x198 xcp_daq.c.o
 .text.setDaqListModeInputPacketHandler
                0x08003474      0x1c8 xcp_daq.c.o
 .text.startStopDaqListInputPacketHandler
                0x0800363c      0x3f4 xcp_daq.c.o
 .text.startStopDaqListOutputPacketHandler
                0x08003a30       0x5c xcp_daq.c.o
 .text.startStopSynchInputPacketHandler
                0x08003a8c      0x328 xcp_daq.c.o
 .text.getDaqProcessorInfoInputPacketHandler
                0x08003db4       0x28 xcp_daq.c.o
 .text.getDaqProcessorInfoOutputPacketHandler
                0x08003ddc       0xac xcp_daq.c.o
 .text.getDaqResolutionInfoInputPacketHandler
                0x08003e88       0x28 xcp_daq.c.o
 .text.getDaqResolutionInfoOutputPacketHandler
                0x08003eb0       0xb8 xcp_daq.c.o
 .text.freeDaqInputPacketHandler
                0x08003f68       0x5c xcp_daq.c.o
 .text.allocDaqInputPacketHandler
                0x08003fc4      0x18c xcp_daq.c.o
 .text.allocOdtInputPacketHandler
                0x08004150      0x1c0 xcp_daq.c.o
 .text.allocOdtEntryInputPacketHandler
                0x08004310      0x270 xcp_daq.c.o
 .text.getDaqClockInputPacketHandler
                0x08004580       0x22 xcp_daq.c.o
 *fill*         0x080045a2        0x2 
 .text.setDaqPackedModeInputPacketHandler
                0x080045a4      0x21c xcp_daq.c.o
 .text.level1CommandInputPacketHandler
                0x080047c0       0x64 xcp_daq.c.o
 .text.getPacket
                0x08004824       0x24 xcp_daq.c.o
 .text.xcpDaqInit
                0x08004848       0x38 xcp_daq.c.o
                0x08004848                xcpDaqInit
 .text.xcpDaqGetPacketLookup
                0x08004880       0x18 xcp_daq.c.o
                0x08004880                xcpDaqGetPacketLookup
 .text.xcpDaqSetPacketLookup
                0x08004898       0x20 xcp_daq.c.o
                0x08004898                xcpDaqSetPacketLookup
 .text.xcpResetDaq
                0x080048b8       0xa4 xcp_daq.c.o
 .text.daqWriteXCPDataForOdt
                0x0800495c       0x7c xcp_daq.c.o
 .text.odtWriteEntries
                0x080049d8       0x9c xcp_daq.c.o
 .text.xcpProcessDaq
                0x08004a74      0x208 xcp_daq.c.o
 .text.xcpDaqEvent
                0x08004c7c      0x108 xcp_daq.c.o
                0x08004c7c                xcpDaqEvent
 .text.xcpDaqEventsFlush
                0x08004d84      0x284 xcp_daq.c.o
                0x08004d84                xcpDaqEventsFlush
 .text.xcpDaqLock
                0x08005008       0x1e xcp_daq.c.o
                0x08005008                xcpDaqLock
 .text.xcpDaqUnlock
                0x08005026        0xe xcp_daq.c.o
                0x08005026                xcpDaqUnlock
 .text.xcpResetDaqListStatus
                0x08005034      0x19c xcp_daq.c.o
                0x08005034                xcpResetDaqListStatus
 .text.xcpDaqReset
                0x080051d0       0x20 xcp_daq.c.o
                0x080051d0                xcpDaqReset
 .text.xcpDaqExtendedInit
                0x080051f0        0xe xcp_daq.c.o
                0x080051f0                xcpDaqExtendedInit
 .text.xcpDaqExtendedReset
                0x080051fe        0xe xcp_daq.c.o
                0x080051fe                xcpDaqExtendedReset
 .text.isValidShortDownloadSize
                0x0800520c       0x34 xcp_calibration.c.o
 .text.isValidDownloadSize
                0x08005240       0x3a xcp_calibration.c.o
 *fill*         0x0800527a        0x2 
 .text.xcpMemcpyToMTA
                0x0800527c       0x34 xcp_calibration.c.o
 .text.downloadInputPacketHandler
                0x080052b0       0xb0 xcp_calibration.c.o
 .text.shortDownloadInputPacketHandler
                0x08005360       0xb8 xcp_calibration.c.o
 .text.getPacket
                0x08005418       0x24 xcp_calibration.c.o
 .text.xcpCalibrationInit
                0x0800543c       0x14 xcp_calibration.c.o
                0x0800543c                xcpCalibrationInit
 .text.xcpCalibrationGetPacketLookup
                0x08005450       0x18 xcp_calibration.c.o
                0x08005450                xcpCalibrationGetPacketLookup
 .text.xcpCalibrationSetPacketLookup
                0x08005468       0x20 xcp_calibration.c.o
                0x08005468                xcpCalibrationSetPacketLookup
 .text.xcpCalibrationReset
                0x08005488        0xe xcp_calibration.c.o
                0x08005488                xcpCalibrationReset
 .text.xcpFifoInit
                0x08005496       0x20 xcp_fifo.c.o
                0x08005496                xcpFifoInit
 .text.xcpFifoEnqueue
                0x080054b6       0x2a xcp_fifo.c.o
                0x080054b6                xcpFifoEnqueue
 .text.xcpFifoDequeue
                0x080054e0       0x3e xcp_fifo.c.o
                0x080054e0                xcpFifoDequeue
 .text.xcpFifoEnqueueHead
                0x0800551e       0x32 xcp_fifo.c.o
                0x0800551e                xcpFifoEnqueueHead
 .text.xcpFifoReset
                0x08005550       0x16 xcp_fifo.c.o
                0x08005550                xcpFifoReset
 *fill*         0x08005566        0x2 
 .text.xcpTransportEmptyTxFifo
                0x08005568       0x6c xcp_transport.c.o
 .text.xcpTransportEmptyRxFifo
                0x080055d4       0x6c xcp_transport.c.o
 .text.xcpTransportInit
                0x08005640      0x138 xcp_transport.c.o
                0x08005640                xcpTransportInit
 .text.xcpTransportTxReady
                0x08005778       0x1a xcp_transport.c.o
                0x08005778                xcpTransportTxReady
 .text.xcpTransportTxTrigger
                0x08005792       0x1a xcp_transport.c.o
                0x08005792                xcpTransportTxTrigger
 .text.xcpTransportTxPacketSet
                0x080057ac      0x144 xcp_transport.c.o
                0x080057ac                xcpTransportTxPacketSet
 .text.xcpTransportTx
                0x080058f0       0xec xcp_transport.c.o
                0x080058f0                xcpTransportTx
 .text.xcpTransportRx
                0x080059dc       0x80 xcp_transport.c.o
                0x080059dc                xcpTransportRx
 .text.xcpTransportRxPacketGet
                0x08005a5c      0x12c xcp_transport.c.o
                0x08005a5c                xcpTransportRxPacketGet
 .text.xcpTransportPacketOffset
                0x08005b88       0x20 xcp_transport.c.o
                0x08005b88                xcpTransportPacketOffset
 .text.xcpTransportMsgBufferSize
                0x08005ba8       0x70 xcp_transport.c.o
                0x08005ba8                xcpTransportMsgBufferSize
 .text.xcpTransportMaxDtoSize
                0x08005c18        0xe xcp_transport.c.o
                0x08005c18                xcpTransportMaxDtoSize
 .text.xcpTransportMaxCtoSize
                0x08005c26        0xe xcp_transport.c.o
                0x08005c26                xcpTransportMaxCtoSize
 .text.xcpTransportRestart
                0x08005c34       0x44 xcp_transport.c.o
                0x08005c34                xcpTransportRestart
 .text.xcpTransportResynch
                0x08005c78       0x40 xcp_transport.c.o
                0x08005c78                xcpTransportResynch
 .text.xcpTransportCtoReservedMemPoolId
                0x08005cb8       0x18 xcp_transport.c.o
                0x08005cb8                xcpTransportCtoReservedMemPoolId
 .text.xcpTransportReset
                0x08005cd0       0xe4 xcp_transport.c.o
                0x08005cd0                xcpTransportReset
 .text.xcpInitializePoolMemoryArea
                0x08005db4       0x72 xcp_mem_default.c.o
 *fill*         0x08005e26        0x2 
 .text.xcpMemInit
                0x08005e28      0x1d4 xcp_mem_default.c.o
                0x08005e28                xcpMemInit
 .text.xcpMemAlloc
                0x08005ffc       0xe8 xcp_mem_default.c.o
                0x08005ffc                xcpMemAlloc
 .text.xcpMemFree
                0x080060e4      0x170 xcp_mem_default.c.o
                0x080060e4                xcpMemFree
 .text.xcpMemReservedPoolCreate
                0x08006254      0x224 xcp_mem_default.c.o
                0x08006254                xcpMemReservedPoolCreate
 .text.xcpMemReservedPoolDestroy
                0x08006478      0x158 xcp_mem_default.c.o
                0x08006478                xcpMemReservedPoolDestroy
 .text.xcpMemCustomPoolCreate
                0x080065d0       0xbc xcp_mem_default.c.o
                0x080065d0                xcpMemCustomPoolCreate
 .text.xcpMemCustomPoolDestroy
                0x0800668c       0x64 xcp_mem_default.c.o
                0x0800668c                xcpMemCustomPoolDestroy
 .text.xcpMemAllocFromPool
                0x080066f0      0x170 xcp_mem_default.c.o
                0x080066f0                xcpMemAllocFromPool
 .text.xcpMemReset
                0x08006860       0x50 xcp_mem_default.c.o
                0x08006860                xcpMemReset
 .text.xcpDrvOpen
                0x080068b0       0x64 xcp_drv_rtiostream.c.o
                0x080068b0                xcpDrvOpen
 .text.xcpDrvIoctl
                0x08006914       0x4c xcp_drv_rtiostream.c.o
                0x08006914                xcpDrvIoctl
 .text.xcpDrvSend
                0x08006960      0x14c xcp_drv_rtiostream.c.o
                0x08006960                xcpDrvSend
 .text.xcpDrvRecv
                0x08006aac      0x14c xcp_drv_rtiostream.c.o
                0x08006aac                xcpDrvRecv
 .text.xcpDrvClose
                0x08006bf8       0x5c xcp_drv_rtiostream.c.o
                0x08006bf8                xcpDrvClose
 .text.xcpSortArray
                0x08006c54       0xcc xcp_utils.c.o
                0x08006c54                xcpSortArray
 .text.xcpSxiHtons
                0x08006d20       0x18 xcp_frame_serial.c.o
 .text.xcpSxiNtohs
                0x08006d38       0x1c xcp_frame_serial.c.o
 .text.xcpSxiChecksum
                0x08006d54       0x3e xcp_frame_serial.c.o
                0x08006d54                xcpSxiChecksum
 *fill*         0x08006d92        0x2 
 .text.xcpFrameInit
                0x08006d94       0x70 xcp_frame_serial.c.o
                0x08006d94                xcpFrameInit
 .text.xcpFrameMsgSend
                0x08006e04      0x188 xcp_frame_serial.c.o
                0x08006e04                xcpFrameMsgSend
 .text.xcpFrameMsgRecv
                0x08006f8c      0x180 xcp_frame_serial.c.o
                0x08006f8c                xcpFrameMsgRecv
 .text.xcpFrameCreateMsg
                0x0800710c       0x94 xcp_frame_serial.c.o
                0x0800710c                xcpFrameCreateMsg
 .text.xcpFrameExtractPacket
                0x080071a0      0x158 xcp_frame_serial.c.o
                0x080071a0                xcpFrameExtractPacket
 .text.xcpFrameHeaderSize
                0x080072f8       0x10 xcp_frame_serial.c.o
                0x080072f8                xcpFrameHeaderSize
 .text.xcpFrameTailSize
                0x08007308       0x10 xcp_frame_serial.c.o
                0x08007308                xcpFrameTailSize
 .text.xcpFrameMaxDtoSize
                0x08007318       0x12 xcp_frame_serial.c.o
                0x08007318                xcpFrameMaxDtoSize
 .text.xcpFrameMaxCtoSize
                0x0800732a       0x10 xcp_frame_serial.c.o
                0x0800732a                xcpFrameMaxCtoSize
 *fill*         0x0800733a        0x2 
 .text.xcpFrameRestart
                0x0800733c       0x30 xcp_frame_serial.c.o
                0x0800733c                xcpFrameRestart
 .text.xcpFrameSetCtoReservedMemPoolId
                0x0800736c       0x20 xcp_frame_serial.c.o
                0x0800736c                xcpFrameSetCtoReservedMemPoolId
 .text.xcpFrameReset
                0x0800738c       0x70 xcp_frame_serial.c.o
                0x0800738c                xcpFrameReset
 .text.xcpTransportGetInitParameters
                0x080073fc       0x2e xcp_ext_param_default_serial.c.o
                0x080073fc                xcpTransportGetInitParameters
 .text.xcpGetInitParameters
                0x0800742a       0x2e xcp_ext_param_default_serial.c.o
                0x0800742a                xcpGetInitParameters
 .text.HAL_Delay
                0x08007458       0x2e overrideHALDelay.c.o
                0x08007458                HAL_Delay
 *fill*         0x08007486        0x2 
 .text.PeriphCommonClock_Config
                0x08007488       0x10 platform_timer.c.o
                0x08007488                PeriphCommonClock_Config
 .text.getCurrentTimestampInMicros
                0x08007498       0x40 platform_timer.c.o
                0x08007498                getCurrentTimestampInMicros
 .text.returnTimeElapsed
                0x080074d8       0x2c platform_timer.c.o
                0x080074d8                returnTimeElapsed
 .text.timestampInit
                0x08007504       0x28 platform_timer.c.o
 .text.getCurrentTimestamp
                0x0800752c       0x44 platform_timer.c.o
                0x0800752c                getCurrentTimestamp
 .text.__NVIC_SetPriority
                0x08007570       0x54 SysTickScheduler.c.o
 .text.SysTick_Config
                0x080075c4       0x44 SysTickScheduler.c.o
 .text.SysTick_Isr
                0x08007608       0x48 SysTickScheduler.c.o
 .text.SysTick_Handler
                0x08007650       0x20 SysTickScheduler.c.o
                0x08007650                SysTick_Handler
 .text.ARMCM_SysTick_Config
                0x08007670       0xb0 SysTickScheduler.c.o
                0x08007670                ARMCM_SysTick_Config
 .text.PendSV_Handler
                0x08007720       0x44 m3m4m4f_multitasking.c.o
                0x08007720                PendSV_Handler
 .text.SVC_Handler
                0x08007764       0x58 m3m4m4f_multitasking.c.o
                0x08007764                SVC_Handler
 .text.rtIOStreamOpen
                0x080077bc       0x44 rtiostream_serial.c.o
                0x080077bc                rtIOStreamOpen
 .text.rtIOStreamSend
                0x08007800       0x38 rtiostream_serial.c.o
                0x08007800                rtIOStreamSend
 .text.rtIOStreamRecv
                0x08007838       0x48 rtiostream_serial.c.o
                0x08007838                rtIOStreamRecv
 .text.rtIOStreamClose
                0x08007880       0x20 rtiostream_serial.c.o
                0x08007880                rtIOStreamClose
 .text.__NVIC_GetPriorityGrouping
                0x080078a0       0x1c stm_usart.c.o
 .text.__NVIC_EnableIRQ
                0x080078bc       0x3c stm_usart.c.o
 .text.__NVIC_SetPriority
                0x080078f8       0x54 stm_usart.c.o
 .text.NVIC_EncodePriority
                0x0800794c       0x66 stm_usart.c.o
 *fill*         0x080079b2        0x2 
 .text.LL_DMA_EnableStream
                0x080079b4       0x40 stm_usart.c.o
 .text.LL_DMA_DisableStream
                0x080079f4       0x40 stm_usart.c.o
 .text.LL_DMA_GetMode
                0x08007a34       0x30 stm_usart.c.o
 .text.LL_DMA_SetDataLength
                0x08007a64       0x48 stm_usart.c.o
 .text.LL_DMA_GetDataLength
                0x08007aac       0x2c stm_usart.c.o
 .text.LL_DMA_ConfigAddresses
                0x08007ad8       0x78 stm_usart.c.o
 .text.LL_DMA_IsActiveFlag_TC5
                0x08007b50       0x28 stm_usart.c.o
 .text.LL_DMA_ClearFlag_TC5
                0x08007b78       0x1c stm_usart.c.o
 .text.LL_DMA_EnableIT_TC
                0x08007b94       0x40 stm_usart.c.o
 .text.LL_DMA_DisableIT_TC
                0x08007bd4       0x40 stm_usart.c.o
 .text.LL_DMA_IsEnabledIT_TC
                0x08007c14       0x38 stm_usart.c.o
 .text.LL_USART_Enable
                0x08007c4c       0x20 stm_usart.c.o
 .text.LL_USART_Disable
                0x08007c6c       0x20 stm_usart.c.o
 .text.LL_USART_IsActiveFlag_PE
                0x08007c8c       0x26 stm_usart.c.o
 .text.LL_USART_IsActiveFlag_FE
                0x08007cb2       0x26 stm_usart.c.o
 .text.LL_USART_IsActiveFlag_NE
                0x08007cd8       0x26 stm_usart.c.o
 .text.LL_USART_IsActiveFlag_ORE
                0x08007cfe       0x26 stm_usart.c.o
 .text.LL_USART_IsActiveFlag_TC
                0x08007d24       0x26 stm_usart.c.o
 .text.LL_USART_IsActiveFlag_TXE
                0x08007d4a       0x26 stm_usart.c.o
 .text.LL_USART_ClearFlag_PE
                0x08007d70       0x24 stm_usart.c.o
 .text.LL_USART_ClearFlag_ORE
                0x08007d94       0x24 stm_usart.c.o
 .text.LL_USART_EnableIT_RXNE
                0x08007db8       0x46 stm_usart.c.o
 .text.LL_USART_EnableIT_PE
                0x08007dfe       0x46 stm_usart.c.o
 .text.LL_USART_EnableIT_ERROR
                0x08007e44       0x46 stm_usart.c.o
 .text.LL_USART_DisableIT_IDLE
                0x08007e8a       0x46 stm_usart.c.o
 .text.LL_USART_DisableIT_RXNE
                0x08007ed0       0x46 stm_usart.c.o
 .text.LL_USART_DisableIT_TXE
                0x08007f16       0x46 stm_usart.c.o
 .text.LL_USART_DisableIT_PE
                0x08007f5c       0x46 stm_usart.c.o
 .text.LL_USART_DisableIT_ERROR
                0x08007fa2       0x46 stm_usart.c.o
 .text.LL_USART_EnableDMAReq_RX
                0x08007fe8       0x46 stm_usart.c.o
 .text.LL_USART_DisableDMAReq_RX
                0x0800802e       0x46 stm_usart.c.o
 .text.LL_USART_EnableDMAReq_TX
                0x08008074       0x46 stm_usart.c.o
 .text.LL_USART_DisableDMAReq_TX
                0x080080ba       0x46 stm_usart.c.o
 .text.LL_USART_DMA_GetRegAddr
                0x08008100       0x18 stm_usart.c.o
 .text.LL_USART_ReceiveData8
                0x08008118       0x1a stm_usart.c.o
 .text.LL_USART_TransmitData8
                0x08008132       0x1e stm_usart.c.o
 .text.getAvailableDataInBuffer
                0x08008150       0xcc stm_usart.c.o
                0x08008150                getAvailableDataInBuffer
 .text.getBytesToBeReadFromBuffer
                0x0800821c       0x6e stm_usart.c.o
                0x0800821c                getBytesToBeReadFromBuffer
 .text.readDataFromBuffer
                0x0800828a       0xcc stm_usart.c.o
                0x0800828a                readDataFromBuffer
 .text.UART_RXDMAInterruptHandler
                0x08008356       0xd4 stm_usart.c.o
                0x08008356                UART_RXDMAInterruptHandler
 .text.UART_IsActiveFlagError
                0x0800842a       0xe0 stm_usart.c.o
                0x0800842a                UART_IsActiveFlagError
 *fill*         0x0800850a        0x2 
 .text.USART2_IRQHandler
                0x0800850c       0x14 stm_usart.c.o
                0x0800850c                USART2_IRQHandler
 .text.DMA1_Stream5_IRQHandler
                0x08008520       0x20 stm_usart.c.o
                0x08008520                DMA1_Stream5_IRQHandler
 .text.UART_ConfigureReceiveDMA
                0x08008540       0x88 stm_usart.c.o
                0x08008540                UART_ConfigureReceiveDMA
 .text.UART_ConfigureTransmitDMA
                0x080085c8       0x54 stm_usart.c.o
                0x080085c8                UART_ConfigureTransmitDMA
 .text.getReadErrorStatus
                0x0800861c       0xc8 stm_usart.c.o
                0x0800861c                getReadErrorStatus
 .text.MW_UART_Initialize
                0x080086e4      0x198 stm_usart.c.o
                0x080086e4                MW_UART_Initialize
 .text.MW_UART_ReceiveUsingBuffer
                0x0800887c       0x5c stm_usart.c.o
                0x0800887c                MW_UART_ReceiveUsingBuffer
 .text.MW_UART_TransmitUsingPolling
                0x080088d8      0x184 stm_usart.c.o
                0x080088d8                MW_UART_TransmitUsingPolling
 .text.MW_UART_DeInit
                0x08008a5c       0xaa stm_usart.c.o
                0x08008a5c                MW_UART_DeInit
 .text.sys_arch_protect_arm
                0x08008b06       0x22 sys_arch_arm.c.o
                0x08008b06                sys_arch_protect_arm
 .text.sys_arch_unprotect_arm
                0x08008b28       0x20 sys_arch_arm.c.o
                0x08008b28                sys_arch_unprotect_arm
 .text.__NVIC_GetPriorityGrouping
                0x08008b48       0x1c main.c.o
 .text.__NVIC_EnableIRQ
                0x08008b64       0x3c main.c.o
 .text.__NVIC_SetPriority
                0x08008ba0       0x54 main.c.o
 .text.NVIC_EncodePriority
                0x08008bf4       0x66 main.c.o
 *fill*         0x08008c5a        0x2 
 .text.LL_DMA_SetDataTransferDirection
                0x08008c5c       0x48 main.c.o
 .text.LL_DMA_SetMode
                0x08008ca4       0x48 main.c.o
 .text.LL_DMA_SetPeriphIncMode
                0x08008cec       0x48 main.c.o
 .text.LL_DMA_SetMemoryIncMode
                0x08008d34       0x48 main.c.o
 .text.LL_DMA_SetPeriphSize
                0x08008d7c       0x48 main.c.o
 .text.LL_DMA_SetMemorySize
                0x08008dc4       0x48 main.c.o
 .text.LL_DMA_SetStreamPriorityLevel
                0x08008e0c       0x48 main.c.o
 .text.LL_DMA_SetChannelSelection
                0x08008e54       0x48 main.c.o
 .text.LL_DMA_DisableFifoMode
                0x08008e9c       0x40 main.c.o
 .text.LL_USART_Enable
                0x08008edc       0x20 main.c.o
 .text.LL_USART_ConfigAsyncMode
                0x08008efc       0x2c main.c.o
 .text.LL_GPIO_ResetOutputPin
                0x08008f28       0x1e main.c.o
 *fill*         0x08008f46        0x2 
 .text.LL_AHB1_GRP1_EnableClock
                0x08008f48       0x30 main.c.o
 .text.LL_APB1_GRP1_EnableClock
                0x08008f78       0x30 main.c.o
 .text.SystemClock_Config
                0x08008fa8       0xdc main.c.o
                0x08008fa8                SystemClock_Config
 .text.MX_USART2_UART_Init
                0x08009084      0x100 main.c.o
                0x08009084                MX_USART2_UART_Init
 .text.MX_DMA_Init
                0x08009184       0x30 main.c.o
                0x08009184                MX_DMA_Init
 .text.MX_GPIO_Init
                0x080091b4       0x7c main.c.o
                0x080091b4                MX_GPIO_Init
 .text.HAL_TIM_PeriodElapsedCallback
                0x08009230       0x24 main.c.o
                0x08009230                HAL_TIM_PeriodElapsedCallback
 .text.Error_Handler
                0x08009254        0xc main.c.o
                0x08009254                Error_Handler
 .text.NMI_Handler
                0x08009260        0x8 stm32f4xx_it.c.o
                0x08009260                NMI_Handler
 .text.HardFault_Handler
                0x08009268        0x8 stm32f4xx_it.c.o
                0x08009268                HardFault_Handler
 .text.MemManage_Handler
                0x08009270        0x8 stm32f4xx_it.c.o
                0x08009270                MemManage_Handler
 .text.BusFault_Handler
                0x08009278        0x8 stm32f4xx_it.c.o
                0x08009278                BusFault_Handler
 .text.UsageFault_Handler
                0x08009280        0x8 stm32f4xx_it.c.o
                0x08009280                UsageFault_Handler
 .text.DebugMon_Handler
                0x08009288        0xe stm32f4xx_it.c.o
                0x08009288                DebugMon_Handler
 *fill*         0x08009296        0x2 
 .text.TIM1_UP_TIM10_IRQHandler
                0x08009298       0x14 stm32f4xx_it.c.o
                0x08009298                TIM1_UP_TIM10_IRQHandler
 .text.HAL_MspInit
                0x080092ac       0x50 stm32f4xx_hal_msp.c.o
                0x080092ac                HAL_MspInit
 .text.HAL_InitTick
                0x080092fc       0xe4 stm32f4xx_hal_timebase_tim.c.o
                0x080092fc                HAL_InitTick
 .text.HAL_TIM_Base_Init
                0x080093e0       0x9e stm32f4xx_hal_tim.c.o
                0x080093e0                HAL_TIM_Base_Init
 .text.HAL_TIM_Base_MspInit
                0x0800947e       0x14 stm32f4xx_hal_tim.c.o
                0x0800947e                HAL_TIM_Base_MspInit
 *fill*         0x08009492        0x2 
 .text.HAL_TIM_Base_Start_IT
                0x08009494       0xe0 stm32f4xx_hal_tim.c.o
                0x08009494                HAL_TIM_Base_Start_IT
 .text.HAL_TIM_IRQHandler
                0x08009574      0x1e0 stm32f4xx_hal_tim.c.o
                0x08009574                HAL_TIM_IRQHandler
 .text.HAL_TIM_OC_DelayElapsedCallback
                0x08009754       0x14 stm32f4xx_hal_tim.c.o
                0x08009754                HAL_TIM_OC_DelayElapsedCallback
 .text.HAL_TIM_IC_CaptureCallback
                0x08009768       0x14 stm32f4xx_hal_tim.c.o
                0x08009768                HAL_TIM_IC_CaptureCallback
 .text.HAL_TIM_PWM_PulseFinishedCallback
                0x0800977c       0x14 stm32f4xx_hal_tim.c.o
                0x0800977c                HAL_TIM_PWM_PulseFinishedCallback
 .text.HAL_TIM_TriggerCallback
                0x08009790       0x14 stm32f4xx_hal_tim.c.o
                0x08009790                HAL_TIM_TriggerCallback
 .text.TIM_Base_SetConfig
                0x080097a4      0x158 stm32f4xx_hal_tim.c.o
                0x080097a4                TIM_Base_SetConfig
 .text.HAL_TIMEx_CommutCallback
                0x080098fc       0x14 stm32f4xx_hal_tim_ex.c.o
                0x080098fc                HAL_TIMEx_CommutCallback
 .text.HAL_TIMEx_BreakCallback
                0x08009910       0x14 stm32f4xx_hal_tim_ex.c.o
                0x08009910                HAL_TIMEx_BreakCallback
 .text.LL_GPIO_SetPinMode
                0x08009924       0x7a stm32f4xx_ll_gpio.c.o
 .text.LL_GPIO_SetPinOutputType
                0x0800999e       0x30 stm32f4xx_ll_gpio.c.o
 .text.LL_GPIO_SetPinSpeed
                0x080099ce       0x7a stm32f4xx_ll_gpio.c.o
 .text.LL_GPIO_SetPinPull
                0x08009a48       0x7a stm32f4xx_ll_gpio.c.o
 .text.LL_GPIO_SetAFPin_0_7
                0x08009ac2       0x7a stm32f4xx_ll_gpio.c.o
 .text.LL_GPIO_SetAFPin_8_15
                0x08009b3c       0x7e stm32f4xx_ll_gpio.c.o
 .text.LL_GPIO_Init
                0x08009bba      0x102 stm32f4xx_ll_gpio.c.o
                0x08009bba                LL_GPIO_Init
 .text.LL_USART_IsEnabled
                0x08009cbc       0x28 stm32f4xx_ll_usart.c.o
 .text.LL_USART_SetStopBitsLength
                0x08009ce4       0x26 stm32f4xx_ll_usart.c.o
 .text.LL_USART_SetHWFlowCtrl
                0x08009d0a       0x26 stm32f4xx_ll_usart.c.o
 .text.LL_USART_SetBaudRate
                0x08009d30      0x45c stm32f4xx_ll_usart.c.o
 .text.LL_USART_Init
                0x0800a18c      0x100 stm32f4xx_ll_usart.c.o
                0x0800a18c                LL_USART_Init
 .text.HAL_RCC_ClockConfig
                0x0800a28c      0x1cc stm32f4xx_hal_rcc.c.o
                0x0800a28c                HAL_RCC_ClockConfig
 .text.HAL_RCC_GetHCLKFreq
                0x0800a458       0x18 stm32f4xx_hal_rcc.c.o
                0x0800a458                HAL_RCC_GetHCLKFreq
 .text.HAL_RCC_GetPCLK2Freq
                0x0800a470       0x28 stm32f4xx_hal_rcc.c.o
                0x0800a470                HAL_RCC_GetPCLK2Freq
 .text.HAL_RCC_GetClockConfig
                0x0800a498       0x64 stm32f4xx_hal_rcc.c.o
                0x0800a498                HAL_RCC_GetClockConfig
 .text.HAL_RCC_GetSysClockFreq
                0x0800a4fc      0x460 stm32f4xx_hal_rcc_ex.c.o
                0x0800a4fc                HAL_RCC_GetSysClockFreq
 .text.HAL_RCC_OscConfig
                0x0800a95c      0x53c stm32f4xx_hal_rcc_ex.c.o
                0x0800a95c                HAL_RCC_OscConfig
 .text.__NVIC_SetPriorityGrouping
                0x0800ae98       0x48 stm32f4xx_hal_cortex.c.o
 .text.__NVIC_GetPriorityGrouping
                0x0800aee0       0x1c stm32f4xx_hal_cortex.c.o
 .text.__NVIC_EnableIRQ
                0x0800aefc       0x3c stm32f4xx_hal_cortex.c.o
 .text.__NVIC_SetPriority
                0x0800af38       0x54 stm32f4xx_hal_cortex.c.o
 .text.NVIC_EncodePriority
                0x0800af8c       0x66 stm32f4xx_hal_cortex.c.o
 .text.HAL_NVIC_SetPriorityGrouping
                0x0800aff2       0x16 stm32f4xx_hal_cortex.c.o
                0x0800aff2                HAL_NVIC_SetPriorityGrouping
 .text.HAL_NVIC_SetPriority
                0x0800b008       0x38 stm32f4xx_hal_cortex.c.o
                0x0800b008                HAL_NVIC_SetPriority
 .text.HAL_NVIC_EnableIRQ
                0x0800b040       0x1c stm32f4xx_hal_cortex.c.o
                0x0800b040                HAL_NVIC_EnableIRQ
 .text.HAL_Init
                0x0800b05c       0x44 stm32f4xx_hal.c.o
                0x0800b05c                HAL_Init
 .text.HAL_IncTick
                0x0800b0a0       0x28 stm32f4xx_hal.c.o
                0x0800b0a0                HAL_IncTick
 .text.HAL_GetTick
                0x0800b0c8       0x18 stm32f4xx_hal.c.o
                0x0800b0c8                HAL_GetTick
 .text.LL_RCC_GetSysClkSource
                0x0800b0e0       0x1c stm32f4xx_ll_rcc.c.o
 .text.LL_RCC_GetAHBPrescaler
                0x0800b0fc       0x1c stm32f4xx_ll_rcc.c.o
 .text.LL_RCC_GetAPB1Prescaler
                0x0800b118       0x1c stm32f4xx_ll_rcc.c.o
 .text.LL_RCC_GetAPB2Prescaler
                0x0800b134       0x1c stm32f4xx_ll_rcc.c.o
 .text.LL_RCC_PLL_GetMainSource
                0x0800b150       0x1c stm32f4xx_ll_rcc.c.o
 .text.LL_RCC_PLL_GetN
                0x0800b16c       0x1c stm32f4xx_ll_rcc.c.o
 .text.LL_RCC_PLL_GetP
                0x0800b188       0x1c stm32f4xx_ll_rcc.c.o
 .text.LL_RCC_PLL_GetR
                0x0800b1a4       0x1c stm32f4xx_ll_rcc.c.o
 .text.LL_RCC_PLL_GetDivider
                0x0800b1c0       0x1c stm32f4xx_ll_rcc.c.o
 .text.LL_RCC_GetSystemClocksFreq
                0x0800b1dc       0x4a stm32f4xx_ll_rcc.c.o
                0x0800b1dc                LL_RCC_GetSystemClocksFreq
 *fill*         0x0800b226        0x2 
 .text.RCC_GetSystemClockFreq
                0x0800b228       0x88 stm32f4xx_ll_rcc.c.o
                0x0800b228                RCC_GetSystemClockFreq
 .text.RCC_GetHCLKClockFreq
                0x0800b2b0       0x2c stm32f4xx_ll_rcc.c.o
                0x0800b2b0                RCC_GetHCLKClockFreq
 .text.RCC_GetPCLK1ClockFreq
                0x0800b2dc       0x28 stm32f4xx_ll_rcc.c.o
                0x0800b2dc                RCC_GetPCLK1ClockFreq
 .text.RCC_GetPCLK2ClockFreq
                0x0800b304       0x28 stm32f4xx_ll_rcc.c.o
                0x0800b304                RCC_GetPCLK2ClockFreq
 .text.RCC_PLL_GetFreqDomain_SYS
                0x0800b32c       0xa4 stm32f4xx_ll_rcc.c.o
                0x0800b32c                RCC_PLL_GetFreqDomain_SYS
 .text.SystemInit
                0x0800b3d0       0x24 system_stm32f4xx.c.o
                0x0800b3d0                SystemInit
 .text.Reset_Handler
                0x0800b3f4       0x50 startup_stm32f446retx.s.o
                0x0800b3f4                Reset_Handler
 .text.Default_Handler
                0x0800b444        0x2 startup_stm32f446retx.s.o
                0x0800b444                RTC_Alarm_IRQHandler
                0x0800b444                EXTI2_IRQHandler
                0x0800b444                TIM8_CC_IRQHandler
                0x0800b444                FMPI2C1_EV_IRQHandler
                0x0800b444                SPI4_IRQHandler
                0x0800b444                TIM1_CC_IRQHandler
                0x0800b444                DMA2_Stream5_IRQHandler
                0x0800b444                PVD_IRQHandler
                0x0800b444                SDIO_IRQHandler
                0x0800b444                TAMP_STAMP_IRQHandler
                0x0800b444                CAN2_RX1_IRQHandler
                0x0800b444                EXTI3_IRQHandler
                0x0800b444                TIM8_TRG_COM_TIM14_IRQHandler
                0x0800b444                TIM8_UP_TIM13_IRQHandler
                0x0800b444                I2C3_ER_IRQHandler
                0x0800b444                EXTI0_IRQHandler
                0x0800b444                I2C2_EV_IRQHandler
                0x0800b444                DMA1_Stream2_IRQHandler
                0x0800b444                CAN1_RX0_IRQHandler
                0x0800b444                FPU_IRQHandler
                0x0800b444                OTG_HS_WKUP_IRQHandler
                0x0800b444                CAN2_SCE_IRQHandler
                0x0800b444                DMA2_Stream2_IRQHandler
                0x0800b444                SPI1_IRQHandler
                0x0800b444                TIM6_DAC_IRQHandler
                0x0800b444                TIM1_BRK_TIM9_IRQHandler
                0x0800b444                DCMI_IRQHandler
                0x0800b444                CAN2_RX0_IRQHandler
                0x0800b444                DMA2_Stream3_IRQHandler
                0x0800b444                SAI2_IRQHandler
                0x0800b444                USART6_IRQHandler
                0x0800b444                USART3_IRQHandler
                0x0800b444                CAN1_RX1_IRQHandler
                0x0800b444                UART5_IRQHandler
                0x0800b444                DMA2_Stream0_IRQHandler
                0x0800b444                TIM4_IRQHandler
                0x0800b444                QUADSPI_IRQHandler
                0x0800b444                I2C1_EV_IRQHandler
                0x0800b444                DMA1_Stream6_IRQHandler
                0x0800b444                DMA1_Stream1_IRQHandler
                0x0800b444                UART4_IRQHandler
                0x0800b444                TIM3_IRQHandler
                0x0800b444                RCC_IRQHandler
                0x0800b444                TIM8_BRK_TIM12_IRQHandler
                0x0800b444                Default_Handler
                0x0800b444                CEC_IRQHandler
                0x0800b444                EXTI15_10_IRQHandler
                0x0800b444                ADC_IRQHandler
                0x0800b444                DMA1_Stream7_IRQHandler
                0x0800b444                TIM7_IRQHandler
                0x0800b444                CAN2_TX_IRQHandler
                0x0800b444                TIM5_IRQHandler
                0x0800b444                DMA2_Stream7_IRQHandler
                0x0800b444                I2C3_EV_IRQHandler
                0x0800b444                EXTI9_5_IRQHandler
                0x0800b444                RTC_WKUP_IRQHandler
                0x0800b444                SPDIF_RX_IRQHandler
                0x0800b444                SPI2_IRQHandler
                0x0800b444                OTG_HS_EP1_IN_IRQHandler
                0x0800b444                DMA1_Stream0_IRQHandler
                0x0800b444                CAN1_TX_IRQHandler
                0x0800b444                FMPI2C1_ER_IRQHandler
                0x0800b444                EXTI4_IRQHandler
                0x0800b444                OTG_HS_EP1_OUT_IRQHandler
                0x0800b444                WWDG_IRQHandler
                0x0800b444                TIM2_IRQHandler
                0x0800b444                OTG_FS_WKUP_IRQHandler
                0x0800b444                TIM1_TRG_COM_TIM11_IRQHandler
                0x0800b444                OTG_HS_IRQHandler
                0x0800b444                EXTI1_IRQHandler
                0x0800b444                I2C2_ER_IRQHandler
                0x0800b444                DMA2_Stream1_IRQHandler
                0x0800b444                CAN1_SCE_IRQHandler
                0x0800b444                FLASH_IRQHandler
                0x0800b444                DMA2_Stream4_IRQHandler
                0x0800b444                USART1_IRQHandler
                0x0800b444                OTG_FS_IRQHandler
                0x0800b444                SPI3_IRQHandler
                0x0800b444                DMA1_Stream4_IRQHandler
                0x0800b444                I2C1_ER_IRQHandler
                0x0800b444                FMC_IRQHandler
                0x0800b444                DMA2_Stream6_IRQHandler
                0x0800b444                SAI1_IRQHandler
                0x0800b444                DMA1_Stream3_IRQHandler
 *fill*         0x0800b446        0x2 
 .text.fmod     0x0800b448       0x6c C:/ProgramData/MATLAB/SupportPackages/R2025b/3P.instrset/gnuarm-armcortex.instrset/win/bin/../lib/gcc/arm-none-eabi/13.2.1/thumb/v7e-m+fp/hard\libm.a(libm_a-w_fmod.o)
                0x0800b448                fmod
 .text.__ieee754_fmod
                0x0800b4b4      0x30c C:/ProgramData/MATLAB/SupportPackages/R2025b/3P.instrset/gnuarm-armcortex.instrset/win/bin/../lib/gcc/arm-none-eabi/13.2.1/thumb/v7e-m+fp/hard\libm.a(libm_a-e_fmod.o)
                0x0800b4b4                __ieee754_fmod
 .text.__udivmoddi4
                0x0800b7c0      0x2bc C:/ProgramData/MATLAB/SupportPackages/R2025b/3P.instrset/gnuarm-armcortex.instrset/win/bin/../lib/gcc/arm-none-eabi/13.2.1/thumb/v7e-m+fp/hard\libgcc.a(_udivmoddi4.o)
                0x0800b7c0                __udivmoddi4
 .text.memset   0x0800ba7c       0x10 C:/ProgramData/MATLAB/SupportPackages/R2025b/3P.instrset/gnuarm-armcortex.instrset/win/bin/../lib/gcc/arm-none-eabi/13.2.1/thumb/v7e-m+fp/hard\libg_nano.a(libc_a-memset.o)
                0x0800ba7c                memset
 .text.__errno  0x0800ba8c        0xc C:/ProgramData/MATLAB/SupportPackages/R2025b/3P.instrset/gnuarm-armcortex.instrset/win/bin/../lib/gcc/arm-none-eabi/13.2.1/thumb/v7e-m+fp/hard\libg_nano.a(libc_a-errno.o)
                0x0800ba8c                __errno
 .text.__libc_init_array
                0x0800ba98       0x48 C:/ProgramData/MATLAB/SupportPackages/R2025b/3P.instrset/gnuarm-armcortex.instrset/win/bin/../lib/gcc/arm-none-eabi/13.2.1/thumb/v7e-m+fp/hard\libg_nano.a(libc_a-init.o)
                0x0800ba98                __libc_init_array
 .text.memcpy   0x0800bae0       0x1c C:/ProgramData/MATLAB/SupportPackages/R2025b/3P.instrset/gnuarm-armcortex.instrset/win/bin/../lib/gcc/arm-none-eabi/13.2.1/thumb/v7e-m+fp/hard\libg_nano.a(libc_a-memcpy-stub.o)
                0x0800bae0                memcpy
 *(.glue_7)
 .glue_7        0x0800bafc        0x0 linker stubs
 *(.glue_7t)
 .glue_7t       0x0800bafc        0x0 linker stubs
 *(.eh_frame)
 .eh_frame      0x0800bafc        0x0 C:/ProgramData/MATLAB/SupportPackages/R2025b/3P.instrset/gnuarm-armcortex.instrset/win/bin/../lib/gcc/arm-none-eabi/13.2.1/thumb/v7e-m+fp/hard/crtbegin.o
 *(.init)
 .init          0x0800bafc        0x4 C:/ProgramData/MATLAB/SupportPackages/R2025b/3P.instrset/gnuarm-armcortex.instrset/win/bin/../lib/gcc/arm-none-eabi/13.2.1/thumb/v7e-m+fp/hard/crti.o
                0x0800bafc                _init
 .init          0x0800bb00        0x8 C:/ProgramData/MATLAB/SupportPackages/R2025b/3P.instrset/gnuarm-armcortex.instrset/win/bin/../lib/gcc/arm-none-eabi/13.2.1/thumb/v7e-m+fp/hard/crtn.o
 *(.fini)
 .fini          0x0800bb08        0x4 C:/ProgramData/MATLAB/SupportPackages/R2025b/3P.instrset/gnuarm-armcortex.instrset/win/bin/../lib/gcc/arm-none-eabi/13.2.1/thumb/v7e-m+fp/hard/crti.o
                0x0800bb08                _fini
 .fini          0x0800bb0c        0x8 C:/ProgramData/MATLAB/SupportPackages/R2025b/3P.instrset/gnuarm-armcortex.instrset/win/bin/../lib/gcc/arm-none-eabi/13.2.1/thumb/v7e-m+fp/hard/crtn.o
                0x0800bb14                        . = ALIGN (0x4)
                0x0800bb14                        _etext = .

.vfp11_veneer   0x0800bb14        0x0
 .vfp11_veneer  0x0800bb14        0x0 linker stubs

.v4_bx          0x0800bb14        0x0
 .v4_bx         0x0800bb14        0x0 linker stubs

.iplt           0x0800bb14        0x0
 .iplt          0x0800bb14        0x0 C:/ProgramData/MATLAB/SupportPackages/R2025b/3P.instrset/gnuarm-armcortex.instrset/win/bin/../lib/gcc/arm-none-eabi/13.2.1/thumb/v7e-m+fp/hard/crtbegin.o

.rodata         0x0800bb18     0x29d0
                0x0800bb18                        . = ALIGN (0x4)
 *(.rodata)
 .rodata        0x0800bb18      0x2b9 xcp_ext_mode.c.o
 *fill*         0x0800bdd1        0x3 
 .rodata        0x0800bdd4      0x12e xcp_ext_common.c.o
 *fill*         0x0800bf02        0x2 
 .rodata        0x0800bf04       0x4c xcp_ext_classic_trigger.c.o
 .rodata        0x0800bf50      0x278 xcp.c.o
 .rodata        0x0800c1c8      0x3a9 xcp_standard.c.o
 *fill*         0x0800c571        0x3 
 .rodata        0x0800c574     0x1010 xcp_daq.c.o
 .rodata        0x0800d584       0xdd xcp_calibration.c.o
 *fill*         0x0800d661        0x3 
 .rodata        0x0800d664      0x56e xcp_transport.c.o
 *fill*         0x0800dbd2        0x2 
 .rodata        0x0800dbd4       0xf5 xcp_mem_default.c.o
 *fill*         0x0800dcc9        0x3 
 .rodata        0x0800dccc      0x228 xcp_drv_rtiostream.c.o
 .rodata        0x0800def4      0x4aa xcp_frame_serial.c.o
 *(.rodata*)
 *fill*         0x0800e39e        0x2 
 .rodata.MCU_CODE_M
                0x0800e3a0        0x4 MCU_CODE.c.o
                0x0800e3a0                MCU_CODE_M
 .rodata.rtAlwaysEnabled.0
                0x0800e3a4        0x1 MCU_CODE.c.o
 *fill*         0x0800e3a5        0x3 
 .rodata.standardSupportedRxPacket
                0x0800e3a8       0x54 xcp_standard.c.o
 .rodata.daqSupportedRxPacket
                0x0800e3fc       0x9c xcp_daq.c.o
 .rodata.calibrationSupportedRxPacket
                0x0800e498       0x18 xcp_calibration.c.o
 .rodata.STREAM_OFFSET_TAB
                0x0800e4b0        0x8 stm_usart.c.o
 .rodata.STREAM_OFFSET_TAB
                0x0800e4b8        0x8 main.c.o
 .rodata.AHBPrescTable
                0x0800e4c0       0x10 system_stm32f4xx.c.o
                0x0800e4c0                AHBPrescTable
 .rodata.APBPrescTable
                0x0800e4d0        0x8 system_stm32f4xx.c.o
                0x0800e4d0                APBPrescTable
 .rodata.Zero   0x0800e4d8       0x10 C:/ProgramData/MATLAB/SupportPackages/R2025b/3P.instrset/gnuarm-armcortex.instrset/win/bin/../lib/gcc/arm-none-eabi/13.2.1/thumb/v7e-m+fp/hard\libm.a(libm_a-e_fmod.o)
                0x0800e4e8                        . = ALIGN (0x4)

.ARM.extab      0x0800e4e8        0x0
                0x0800e4e8                        . = ALIGN (0x4)
 *(.ARM.extab* .gnu.linkonce.armextab.*)
                0x0800e4e8                        . = ALIGN (0x4)

.ARM            0x0800e4e8        0x8
                0x0800e4e8                        . = ALIGN (0x4)
                0x0800e4e8                        __exidx_start = .
 *(.ARM.exidx*)
 .ARM.exidx.text.__udivmoddi4
                0x0800e4e8        0x8 C:/ProgramData/MATLAB/SupportPackages/R2025b/3P.instrset/gnuarm-armcortex.instrset/win/bin/../lib/gcc/arm-none-eabi/13.2.1/thumb/v7e-m+fp/hard\libgcc.a(_udivmoddi4.o)
                0x0800e4f0                        __exidx_end = .
                0x0800e4f0                        . = ALIGN (0x4)

.preinit_array  0x0800e4f0        0x0
                0x0800e4f0                        . = ALIGN (0x4)
                0x0800e4f0                        PROVIDE (__preinit_array_start = .)
 *(.preinit_array*)
                0x0800e4f0                        PROVIDE (__preinit_array_end = .)
                0x0800e4f0                        . = ALIGN (0x4)

.init_array     0x0800e4f0        0x4
                0x0800e4f0                        . = ALIGN (0x4)
                0x0800e4f0                        PROVIDE (__init_array_start = .)
 *(SORT_BY_NAME(.init_array.*))
 *(.init_array*)
 .init_array    0x0800e4f0        0x4 C:/ProgramData/MATLAB/SupportPackages/R2025b/3P.instrset/gnuarm-armcortex.instrset/win/bin/../lib/gcc/arm-none-eabi/13.2.1/thumb/v7e-m+fp/hard/crtbegin.o
                0x0800e4f4                        PROVIDE (__init_array_end = .)
                0x0800e4f4                        . = ALIGN (0x4)

.fini_array     0x0800e4f4        0x4
                0x0800e4f4                        . = ALIGN (0x4)
                [!provide]                        PROVIDE (__fini_array_start = .)
 *(SORT_BY_NAME(.fini_array.*))
 *(.fini_array*)
 .fini_array    0x0800e4f4        0x4 C:/ProgramData/MATLAB/SupportPackages/R2025b/3P.instrset/gnuarm-armcortex.instrset/win/bin/../lib/gcc/arm-none-eabi/13.2.1/thumb/v7e-m+fp/hard/crtbegin.o
                [!provide]                        PROVIDE (__fini_array_end = .)
                0x0800e4f8                        . = ALIGN (0x4)
                0x0800e4f8                        _sidata = LOADADDR (.data)

.rel.dyn        0x0800e4f8        0x0
 .rel.iplt      0x0800e4f8        0x0 C:/ProgramData/MATLAB/SupportPackages/R2025b/3P.instrset/gnuarm-armcortex.instrset/win/bin/../lib/gcc/arm-none-eabi/13.2.1/thumb/v7e-m+fp/hard/crtbegin.o

.data           0x20000000       0xf4 load address 0x0800e4f8
                0x20000000                        . = ALIGN (0x4)
                0x20000000                        _sdata = .
 *(.data)
 *(.data*)
 .data.MCU_CODE_P
                0x20000000       0x10 MCU_CODE_data.c.o
                0x20000000                MCU_CODE_P
 .data.xcpExtmodeFinalSimulationTime
                0x20000010        0x8 xcp_ext_common.c.o
                0x20000010                xcpExtmodeFinalSimulationTime
 .data.xcpClassicTriggerDuration
                0x20000018        0x4 xcp_ext_classic_trigger.c.o
                0x20000018                xcpClassicTriggerDuration
 .data.xcpClassicTriggerArmRequest
                0x2000001c        0x1 xcp_ext_classic_trigger.c.o
                0x2000001c                xcpClassicTriggerArmRequest
 *fill*         0x2000001d        0x3 
 .data.startStopDaqListId
                0x20000020        0x4 xcp_daq.c.o
 .data.xcpCurrentDaq
                0x20000024        0x4 xcp_daq.c.o
 .data.xcpEventCustomMemoryManager
                0x20000028        0xc xcp_daq.c.o
 .data.xcpCtoReservedMemPoolId
                0x20000034        0x4 xcp_transport.c.o
 .data.xcpMemMainBlockSizes
                0x20000038        0xc xcp_mem_default.c.o
 .data.xcpMemMainBlocksNumber
                0x20000044        0xc xcp_mem_default.c.o
 .data.drvID    0x20000050        0x4 xcp_drv_rtiostream.c.o
 .data.xcpCtoReservedMemPoolId
                0x20000054        0x4 xcp_frame_serial.c.o
 .data.uartObj  0x20000058       0x40 rtiostream_serial.c.o
                0x20000058                uartObj
 .data.uwTickPrio
                0x20000098        0x4 stm32f4xx_hal.c.o
                0x20000098                uwTickPrio
 .data.uwTickFreq
                0x2000009c        0x1 stm32f4xx_hal.c.o
                0x2000009c                uwTickFreq
 *fill*         0x2000009d        0x3 
 .data.SystemCoreClock
                0x200000a0        0x4 system_stm32f4xx.c.o
                0x200000a0                SystemCoreClock
 .data._impure_ptr
                0x200000a4        0x4 C:/ProgramData/MATLAB/SupportPackages/R2025b/3P.instrset/gnuarm-armcortex.instrset/win/bin/../lib/gcc/arm-none-eabi/13.2.1/thumb/v7e-m+fp/hard\libg_nano.a(libc_a-impure.o)
                0x200000a4                _impure_ptr
 .data._impure_data
                0x200000a8       0x4c C:/ProgramData/MATLAB/SupportPackages/R2025b/3P.instrset/gnuarm-armcortex.instrset/win/bin/../lib/gcc/arm-none-eabi/13.2.1/thumb/v7e-m+fp/hard\libg_nano.a(libc_a-impure.o)
                0x200000a8                _impure_data
 *(.RamFunc)
 *(.RamFunc*)
                0x200000f4                        . = ALIGN (0x4)
                0x200000f4                        _edata = .

.tm_clone_table
                0x200000f4        0x0 load address 0x0800e5ec
 .tm_clone_table
                0x200000f4        0x0 C:/ProgramData/MATLAB/SupportPackages/R2025b/3P.instrset/gnuarm-armcortex.instrset/win/bin/../lib/gcc/arm-none-eabi/13.2.1/thumb/v7e-m+fp/hard/crtbegin.o
 .tm_clone_table
                0x200000f4        0x0 C:/ProgramData/MATLAB/SupportPackages/R2025b/3P.instrset/gnuarm-armcortex.instrset/win/bin/../lib/gcc/arm-none-eabi/13.2.1/thumb/v7e-m+fp/hard/crtend.o

.igot.plt       0x200000f4        0x0 load address 0x0800e5ec
 .igot.plt      0x200000f4        0x0 C:/ProgramData/MATLAB/SupportPackages/R2025b/3P.instrset/gnuarm-armcortex.instrset/win/bin/../lib/gcc/arm-none-eabi/13.2.1/thumb/v7e-m+fp/hard/crtbegin.o
                0x200000f4                        . = ALIGN (0x4)

.bss            0x200000f8      0xd80 load address 0x0800e5ec
                0x200000f8                        _sbss = .
                0x200000f8                        __bss_start__ = _sbss
 *(.bss)
 *(.bss*)
 .bss.completed.1
                0x200000f8        0x1 C:/ProgramData/MATLAB/SupportPackages/R2025b/3P.instrset/gnuarm-armcortex.instrset/win/bin/../lib/gcc/arm-none-eabi/13.2.1/thumb/v7e-m+fp/hard/crtbegin.o
 *fill*         0x200000f9        0x3 
 .bss.object.0  0x200000fc       0x18 C:/ProgramData/MATLAB/SupportPackages/R2025b/3P.instrset/gnuarm-armcortex.instrset/win/bin/../lib/gcc/arm-none-eabi/13.2.1/thumb/v7e-m+fp/hard/crtbegin.o
 .bss.xcpCustomTriggerFunction
                0x20000114        0x8 xcp_ext_mode.c.o
 .bss.MCU_CODE_DW
                0x2000011c        0xc MCU_CODE.c.o
                0x2000011c                MCU_CODE_DW
 .bss.MCU_CODE_M_
                0x20000128       0x48 MCU_CODE.c.o
 .bss.rt_ExtModeInfo.2
                0x20000170       0x14 MCU_CODE.c.o
 .bss.systemRan.1
                0x20000184        0x8 MCU_CODE.c.o
 .bss.IsrOverrun
                0x2000018c        0x4 ert_main.c.o
                0x2000018c                IsrOverrun
 .bss.OverrunFlag
                0x20000190        0x1 ert_main.c.o
 .bss.stopRequested
                0x20000191        0x1 ert_main.c.o
                0x20000191                stopRequested
 .bss.runModel  0x20000192        0x1 ert_main.c.o
                0x20000192                runModel
 .bss.xcpModelStartRequest
                0x20000193        0x1 xcp_ext_common.c.o
                0x20000193                xcpModelStartRequest
 .bss.xcpModelStopRequest
                0x20000194        0x1 xcp_ext_common.c.o
                0x20000194                xcpModelStopRequest
 .bss.xcpModelStatus
                0x20000195        0x1 xcp_ext_common.c.o
                0x20000195                xcpModelStatus
 *fill*         0x20000196        0x2 
 .bss.xcpModelChecksum0
                0x20000198        0x4 xcp_ext_common.c.o
                0x20000198                xcpModelChecksum0
 .bss.xcpModelChecksum1
                0x2000019c        0x4 xcp_ext_common.c.o
                0x2000019c                xcpModelChecksum1
 .bss.xcpModelChecksum2
                0x200001a0        0x4 xcp_ext_common.c.o
                0x200001a0                xcpModelChecksum2
 .bss.xcpModelChecksum3
                0x200001a4        0x4 xcp_ext_common.c.o
                0x200001a4                xcpModelChecksum3
 .bss.xcpModelIntegerCode
                0x200001a8        0x4 xcp_ext_common.c.o
                0x200001a8                xcpModelIntegerCode
 .bss.xcpExtmodeSimulationComplete
                0x200001ac        0x1 xcp_ext_common.c.o
                0x200001ac                xcpExtmodeSimulationComplete
 *fill*         0x200001ad        0x3 
 .bss.xcpDummyDoubleVariable
                0x200001b0        0x8 xcp_ext_common.c.o
                0x200001b0                xcpDummyDoubleVariable
 .bss.xcpDummyUint64Variable
                0x200001b8        0x8 xcp_ext_common.c.o
                0x200001b8                xcpDummyUint64Variable
 .bss.xcpCurrentSimulationTimeInMs
                0x200001c0        0x8 xcp_ext_common.c.o
                0x200001c0                xcpCurrentSimulationTimeInMs
 .bss.xcpBaseRateSimulationTime
                0x200001c8        0x8 xcp_ext_common.c.o
 .bss.xcpClassicTriggerEventId
                0x200001d0        0x2 xcp_ext_classic_trigger.c.o
                0x200001d0                xcpClassicTriggerEventId
 *fill*         0x200001d2        0x2 
 .bss.xcpClassicTriggerSignalAddress
                0x200001d4        0x4 xcp_ext_classic_trigger.c.o
                0x200001d4                xcpClassicTriggerSignalAddress
 .bss.xcpClassicTriggerSignalAddressExtension
                0x200001d8        0x1 xcp_ext_classic_trigger.c.o
                0x200001d8                xcpClassicTriggerSignalAddressExtension
 *fill*         0x200001d9        0x7 
 .bss.xcpClassicTriggerLevel
                0x200001e0        0x8 xcp_ext_classic_trigger.c.o
                0x200001e0                xcpClassicTriggerLevel
 .bss.xcpClassicTriggerHoldOff
                0x200001e8        0x4 xcp_ext_classic_trigger.c.o
                0x200001e8                xcpClassicTriggerHoldOff
 .bss.xcpClassicTriggerDelay
                0x200001ec        0x4 xcp_ext_classic_trigger.c.o
                0x200001ec                xcpClassicTriggerDelay
 .bss.xcpClassicTriggerDirection
                0x200001f0        0x1 xcp_ext_classic_trigger.c.o
                0x200001f0                xcpClassicTriggerDirection
 .bss.xcpClassicTriggerCancelRequest
                0x200001f1        0x1 xcp_ext_classic_trigger.c.o
                0x200001f1                xcpClassicTriggerCancelRequest
 .bss.xcpClassicTriggerSource
                0x200001f2        0x1 xcp_ext_classic_trigger.c.o
                0x200001f2                xcpClassicTriggerSource
 .bss.xcpClassicTriggerMode
                0x200001f3        0x1 xcp_ext_classic_trigger.c.o
                0x200001f3                xcpClassicTriggerMode
 .bss.xcpClassicTriggerStatus
                0x200001f4        0x1 xcp_ext_classic_trigger.c.o
                0x200001f4                xcpClassicTriggerStatus
 *fill*         0x200001f5        0x3 
 .bss.xcpOldSignalValue
                0x200001f8        0x8 xcp_ext_classic_trigger.c.o
 .bss.xcpOldSignalValueAvailable
                0x20000200        0x1 xcp_ext_classic_trigger.c.o
 .bss.xcpOldClassicTriggerSource
                0x20000201        0x1 xcp_ext_classic_trigger.c.o
 .bss.xcpTriggerEnabled
                0x20000202        0x1 xcp_ext_classic_trigger.c.o
 .bss.xcpSignalTriggerFired
                0x20000203        0x1 xcp_ext_classic_trigger.c.o
 .bss.xcpTriggerCount
                0x20000204        0x4 xcp_ext_classic_trigger.c.o
 .bss.xcpForcedTriggerEnabled
                0x20000208        0x1 xcp_ext_classic_trigger.c.o
 .bss.xcpForceTriggerEnableRequest
                0x20000209        0x1 xcp_ext_classic_trigger.c.o
 .bss.initialized
                0x2000020a        0x1 xcp.c.o
 .bss.xcpStatus
                0x2000020b        0x1 xcp.c.o
 .bss.xcpSessionStatus
                0x2000020c        0x1 xcp.c.o
 .bss.xcpResourceProtectionStatus
                0x2000020d        0x1 xcp.c.o
 .bss.xcpSessionConfigurationId
                0x2000020e        0x2 xcp.c.o
 .bss.groupPacketLookup
                0x20000210       0x10 xcp.c.o
 .bss.xcpMta    0x20000220        0x8 xcp_standard.c.o
 .bss.xcpUploadSize
                0x20000228        0x1 xcp_standard.c.o
 *fill*         0x20000229        0x3 
 .bss.packetLookup
                0x2000022c        0x4 xcp_standard.c.o
 .bss.xcpDynamicDaqLists
                0x20000230        0x8 xcp_daq.c.o
 .bss.xcpRunningEventCounter
                0x20000238        0x4 xcp_daq.c.o
 .bss.daqLock   0x2000023c        0x4 xcp_daq.c.o
 .bss.packetLookup
                0x20000240        0x4 xcp_daq.c.o
 .bss.packetLookup
                0x20000244        0x4 xcp_calibration.c.o
 .bss.txFifo    0x20000248       0x10 xcp_transport.c.o
 .bss.txLock    0x20000258        0x4 xcp_transport.c.o
 .bss.rxFifo    0x2000025c        0x8 xcp_transport.c.o
 .bss.rxLock    0x20000264        0x4 xcp_transport.c.o
 .bss.initialized
                0x20000268        0x1 xcp_transport.c.o
 *fill*         0x20000269        0x3 
 .bss.xcpMemPoolDescriptors
                0x2000026c       0xa8 xcp_mem_default.c.o
 .bss.xcpMemCustomPoolDescriptors
                0x20000314        0x8 xcp_mem_default.c.o
 .bss.xcpMemMainChunk
                0x2000031c      0x2bf xcp_mem_default.c.o
 *fill*         0x200005db        0x1 
 .bss.xcpMemReservedPoolsChunk
                0x200005dc      0x2a1 xcp_mem_default.c.o
 *fill*         0x2000087d        0x3 
 .bss.xcpMemReservedPoolsChunkUsedBytes
                0x20000880        0x4 xcp_mem_default.c.o
 .bss.xcpMemLock
                0x20000884        0x4 xcp_mem_default.c.o
 .bss.forceBlocking
                0x20000888        0x1 xcp_drv_rtiostream.c.o
 *fill*         0x20000889        0x1 
 .bss.txCounter
                0x2000088a        0x2 xcp_frame_serial.c.o
 .bss.rxCounter
                0x2000088c        0x2 xcp_frame_serial.c.o
 *fill*         0x2000088e        0x2 
 .bss.firstRxCounterReceived
                0x20000890        0x4 xcp_frame_serial.c.o
 .bss.initialized
                0x20000894        0x1 xcp_frame_serial.c.o
 *fill*         0x20000895        0x3 
 .bss.timestampInitialized
                0x20000898        0x4 platform_timer.c.o
 .bss.timestampStartTime
                0x2000089c        0x4 platform_timer.c.o
 .bss.schdl_counter
                0x200008a0        0x4 SysTickScheduler.c.o
                0x200008a0                schdl_counter
 .bss.schdl_counter_max
                0x200008a4        0x4 SysTickScheduler.c.o
                0x200008a4                schdl_counter_max
 .bss.taskToSchedule
                0x200008a8        0x4 m3m4m4f_multitasking.c.o
                0x200008a8                taskToSchedule
 .bss.mw_ext_h  0x200008ac        0x4 rtiostream_serial.c.o
                0x200008ac                mw_ext_h
 .bss.UARTRxBuffer
                0x200008b0        0x4 rtiostream_serial.c.o
                0x200008b0                UARTRxBuffer
 .bss.mw_usart2
                0x200008b4       0x40 stm_usart.c.o
                0x200008b4                mw_usart2
 .bss.USART2ReceiveBuffer
                0x200008f4      0x400 stm_usart.c.o
                0x200008f4                USART2ReceiveBuffer
 .bss.htim1     0x20000cf4       0x48 stm32f4xx_hal_timebase_tim.c.o
                0x20000cf4                htim1
 .bss.uwTick    0x20000d3c        0x4 stm32f4xx_hal.c.o
                0x20000d3c                uwTick
 .bss.__sf      0x20000d40      0x138 C:/ProgramData/MATLAB/SupportPackages/R2025b/3P.instrset/gnuarm-armcortex.instrset/win/bin/../lib/gcc/arm-none-eabi/13.2.1/thumb/v7e-m+fp/hard\libg_nano.a(libc_a-findfp.o)
                0x20000d40                __sf
 *(COMMON)
                0x20000e78                        . = ALIGN (0x4)
                0x20000e78                        _ebss = .
                0x20000e78                        __bss_end__ = _ebss

._user_heap_stack
                0x20000e78      0x600 load address 0x0800e5ec
                0x20000e78                        . = ALIGN (0x8)
                [!provide]                        PROVIDE (end = .)
                0x20000e78                        PROVIDE (_end = .)
                0x20001078                        . = (. + _Min_Heap_Size)
 *fill*         0x20000e78      0x200 
                0x20001478                        . = (. + _Min_Stack_Size)
 *fill*         0x20001078      0x400 
                0x20001478                        . = ALIGN (0x8)

/DISCARD/
 libc.a(*)
 libm.a(*)
 libgcc.a(*)

.ARM.attributes
                0x00000000       0x30
 *(.ARM.attributes)
 .ARM.attributes
                0x00000000       0x22 C:/ProgramData/MATLAB/SupportPackages/R2025b/3P.instrset/gnuarm-armcortex.instrset/win/bin/../lib/gcc/arm-none-eabi/13.2.1/thumb/v7e-m+fp/hard/crti.o
 .ARM.attributes
                0x00000022       0x34 C:/ProgramData/MATLAB/SupportPackages/R2025b/3P.instrset/gnuarm-armcortex.instrset/win/bin/../lib/gcc/arm-none-eabi/13.2.1/thumb/v7e-m+fp/hard/crtbegin.o
 .ARM.attributes
                0x00000056       0x34 xcp_ext_mode.c.o
 .ARM.attributes
                0x0000008a       0x34 MCU_CODE.c.o
 .ARM.attributes
                0x000000be       0x34 MCU_CODE_data.c.o
 .ARM.attributes
                0x000000f2       0x34 ert_main.c.o
 .ARM.attributes
                0x00000126       0x34 xcp_ext_common.c.o
 .ARM.attributes
                0x0000015a       0x34 xcp_ext_classic_trigger.c.o
 .ARM.attributes
                0x0000018e       0x34 xcp.c.o
 .ARM.attributes
                0x000001c2       0x34 xcp_standard.c.o
 .ARM.attributes
                0x000001f6       0x34 xcp_daq.c.o
 .ARM.attributes
                0x0000022a       0x34 xcp_calibration.c.o
 .ARM.attributes
                0x0000025e       0x34 xcp_fifo.c.o
 .ARM.attributes
                0x00000292       0x34 xcp_transport.c.o
 .ARM.attributes
                0x000002c6       0x34 xcp_mem_default.c.o
 .ARM.attributes
                0x000002fa       0x34 xcp_drv_rtiostream.c.o
 .ARM.attributes
                0x0000032e       0x34 xcp_utils.c.o
 .ARM.attributes
                0x00000362       0x34 xcp_frame_serial.c.o
 .ARM.attributes
                0x00000396       0x34 xcp_ext_param_default_serial.c.o
 .ARM.attributes
                0x000003ca       0x34 overrideHALDelay.c.o
 .ARM.attributes
                0x000003fe       0x34 platform_timer.c.o
 .ARM.attributes
                0x00000432       0x34 SysTickScheduler.c.o
 .ARM.attributes
                0x00000466       0x34 m3m4m4f_multitasking.c.o
 .ARM.attributes
                0x0000049a       0x34 rtiostream_serial.c.o
 .ARM.attributes
                0x000004ce       0x34 stm_usart.c.o
 .ARM.attributes
                0x00000502       0x34 sys_arch_arm.c.o
 .ARM.attributes
                0x00000536       0x34 main.c.o
 .ARM.attributes
                0x0000056a       0x34 stm32f4xx_it.c.o
 .ARM.attributes
                0x0000059e       0x34 stm32f4xx_hal_msp.c.o
 .ARM.attributes
                0x000005d2       0x34 stm32f4xx_hal_timebase_tim.c.o
 .ARM.attributes
                0x00000606       0x34 stm32f4xx_hal_tim.c.o
 .ARM.attributes
                0x0000063a       0x34 stm32f4xx_hal_tim_ex.c.o
 .ARM.attributes
                0x0000066e       0x34 stm32f4xx_ll_gpio.c.o
 .ARM.attributes
                0x000006a2       0x34 stm32f4xx_ll_usart.c.o
 .ARM.attributes
                0x000006d6       0x34 stm32f4xx_hal_rcc.c.o
 .ARM.attributes
                0x0000070a       0x34 stm32f4xx_hal_rcc_ex.c.o
 .ARM.attributes
                0x0000073e       0x34 stm32f4xx_hal_cortex.c.o
 .ARM.attributes
                0x00000772       0x34 stm32f4xx_hal.c.o
 .ARM.attributes
                0x000007a6       0x34 stm32f4xx_ll_rcc.c.o
 .ARM.attributes
                0x000007da       0x34 system_stm32f4xx.c.o
 .ARM.attributes
                0x0000080e       0x21 startup_stm32f446retx.s.o
 .ARM.attributes
                0x0000082f       0x34 C:/ProgramData/MATLAB/SupportPackages/R2025b/3P.instrset/gnuarm-armcortex.instrset/win/bin/../lib/gcc/arm-none-eabi/13.2.1/thumb/v7e-m+fp/hard\libm.a(libm_a-w_fmod.o)
 .ARM.attributes
                0x00000863       0x34 C:/ProgramData/MATLAB/SupportPackages/R2025b/3P.instrset/gnuarm-armcortex.instrset/win/bin/../lib/gcc/arm-none-eabi/13.2.1/thumb/v7e-m+fp/hard\libm.a(libm_a-e_fmod.o)
 .ARM.attributes
                0x00000897       0x22 C:/ProgramData/MATLAB/SupportPackages/R2025b/3P.instrset/gnuarm-armcortex.instrset/win/bin/../lib/gcc/arm-none-eabi/13.2.1/thumb/v7e-m+fp/hard\libgcc.a(_arm_addsubdf3.o)
 .ARM.attributes
                0x000008b9       0x22 C:/ProgramData/MATLAB/SupportPackages/R2025b/3P.instrset/gnuarm-armcortex.instrset/win/bin/../lib/gcc/arm-none-eabi/13.2.1/thumb/v7e-m+fp/hard\libgcc.a(_arm_muldivdf3.o)
 .ARM.attributes
                0x000008db       0x22 C:/ProgramData/MATLAB/SupportPackages/R2025b/3P.instrset/gnuarm-armcortex.instrset/win/bin/../lib/gcc/arm-none-eabi/13.2.1/thumb/v7e-m+fp/hard\libgcc.a(_arm_cmpdf2.o)
 .ARM.attributes
                0x000008fd       0x22 C:/ProgramData/MATLAB/SupportPackages/R2025b/3P.instrset/gnuarm-armcortex.instrset/win/bin/../lib/gcc/arm-none-eabi/13.2.1/thumb/v7e-m+fp/hard\libgcc.a(_arm_unorddf2.o)
 .ARM.attributes
                0x0000091f       0x22 C:/ProgramData/MATLAB/SupportPackages/R2025b/3P.instrset/gnuarm-armcortex.instrset/win/bin/../lib/gcc/arm-none-eabi/13.2.1/thumb/v7e-m+fp/hard\libgcc.a(_arm_fixunsdfsi.o)
 .ARM.attributes
                0x00000941       0x22 C:/ProgramData/MATLAB/SupportPackages/R2025b/3P.instrset/gnuarm-armcortex.instrset/win/bin/../lib/gcc/arm-none-eabi/13.2.1/thumb/v7e-m+fp/hard\libgcc.a(_aeabi_uldivmod.o)
 .ARM.attributes
                0x00000963       0x34 C:/ProgramData/MATLAB/SupportPackages/R2025b/3P.instrset/gnuarm-armcortex.instrset/win/bin/../lib/gcc/arm-none-eabi/13.2.1/thumb/v7e-m+fp/hard\libgcc.a(_udivmoddi4.o)
 .ARM.attributes
                0x00000997       0x22 C:/ProgramData/MATLAB/SupportPackages/R2025b/3P.instrset/gnuarm-armcortex.instrset/win/bin/../lib/gcc/arm-none-eabi/13.2.1/thumb/v7e-m+fp/hard\libgcc.a(_dvmd_tls.o)
 .ARM.attributes
                0x000009b9       0x34 C:/ProgramData/MATLAB/SupportPackages/R2025b/3P.instrset/gnuarm-armcortex.instrset/win/bin/../lib/gcc/arm-none-eabi/13.2.1/thumb/v7e-m+fp/hard\libg_nano.a(libc_a-findfp.o)
 .ARM.attributes
                0x000009ed       0x34 C:/ProgramData/MATLAB/SupportPackages/R2025b/3P.instrset/gnuarm-armcortex.instrset/win/bin/../lib/gcc/arm-none-eabi/13.2.1/thumb/v7e-m+fp/hard\libg_nano.a(libc_a-memset.o)
 .ARM.attributes
                0x00000a21       0x34 C:/ProgramData/MATLAB/SupportPackages/R2025b/3P.instrset/gnuarm-armcortex.instrset/win/bin/../lib/gcc/arm-none-eabi/13.2.1/thumb/v7e-m+fp/hard\libg_nano.a(libc_a-impure.o)
 .ARM.attributes
                0x00000a55       0x34 C:/ProgramData/MATLAB/SupportPackages/R2025b/3P.instrset/gnuarm-armcortex.instrset/win/bin/../lib/gcc/arm-none-eabi/13.2.1/thumb/v7e-m+fp/hard\libg_nano.a(libc_a-errno.o)
 .ARM.attributes
                0x00000a89       0x34 C:/ProgramData/MATLAB/SupportPackages/R2025b/3P.instrset/gnuarm-armcortex.instrset/win/bin/../lib/gcc/arm-none-eabi/13.2.1/thumb/v7e-m+fp/hard\libg_nano.a(libc_a-init.o)
 .ARM.attributes
                0x00000abd       0x34 C:/ProgramData/MATLAB/SupportPackages/R2025b/3P.instrset/gnuarm-armcortex.instrset/win/bin/../lib/gcc/arm-none-eabi/13.2.1/thumb/v7e-m+fp/hard\libg_nano.a(libc_a-memcpy-stub.o)
 .ARM.attributes
                0x00000af1       0x34 C:/ProgramData/MATLAB/SupportPackages/R2025b/3P.instrset/gnuarm-armcortex.instrset/win/bin/../lib/gcc/arm-none-eabi/13.2.1/thumb/v7e-m+fp/hard/crtend.o
 .ARM.attributes
                0x00000b25       0x22 C:/ProgramData/MATLAB/SupportPackages/R2025b/3P.instrset/gnuarm-armcortex.instrset/win/bin/../lib/gcc/arm-none-eabi/13.2.1/thumb/v7e-m+fp/hard/crtn.o
OUTPUT(../MCU_CODE.elf elf32-littlearm)
LOAD linker stubs
LOAD C:/ProgramData/MATLAB/SupportPackages/R2025b/3P.instrset/gnuarm-armcortex.instrset/win/bin/../lib/gcc/arm-none-eabi/13.2.1/thumb/v7e-m+fp/hard\libc.a
LOAD C:/ProgramData/MATLAB/SupportPackages/R2025b/3P.instrset/gnuarm-armcortex.instrset/win/bin/../lib/gcc/arm-none-eabi/13.2.1/thumb/v7e-m+fp/hard\libm.a
LOAD C:/ProgramData/MATLAB/SupportPackages/R2025b/3P.instrset/gnuarm-armcortex.instrset/win/bin/../lib/gcc/arm-none-eabi/13.2.1/thumb/v7e-m+fp/hard\libgcc.a

.debug_info     0x00000000    0x1799a
 .debug_info    0x00000000      0x801 xcp_ext_mode.c.o
 .debug_info    0x00000801      0x59a MCU_CODE.c.o
 .debug_info    0x00000d9b      0x11b MCU_CODE_data.c.o
 .debug_info    0x00000eb6      0x634 ert_main.c.o
 .debug_info    0x000014ea      0x721 xcp_ext_common.c.o
 .debug_info    0x00001c0b      0x5a3 xcp_ext_classic_trigger.c.o
 .debug_info    0x000021ae     0x1289 xcp.c.o
 .debug_info    0x00003437      0xe8b xcp_standard.c.o
 .debug_info    0x000042c2     0x2173 xcp_daq.c.o
 .debug_info    0x00006435      0x6ed xcp_calibration.c.o
 .debug_info    0x00006b22      0x26f xcp_fifo.c.o
 .debug_info    0x00006d91      0x98f xcp_transport.c.o
 .debug_info    0x00007720      0x79c xcp_mem_default.c.o
 .debug_info    0x00007ebc      0x553 xcp_drv_rtiostream.c.o
 .debug_info    0x0000840f       0xdd xcp_utils.c.o
 .debug_info    0x000084ec      0x760 xcp_frame_serial.c.o
 .debug_info    0x00008c4c      0x198 xcp_ext_param_default_serial.c.o
 .debug_info    0x00008de4      0x131 overrideHALDelay.c.o
 .debug_info    0x00008f15      0x385 platform_timer.c.o
 .debug_info    0x0000929a      0x796 SysTickScheduler.c.o
 .debug_info    0x00009a30      0x10d m3m4m4f_multitasking.c.o
 .debug_info    0x00009b3d      0x5a5 rtiostream_serial.c.o
 .debug_info    0x0000a0e2     0x1f70 stm_usart.c.o
 .debug_info    0x0000c052      0x1b8 sys_arch_arm.c.o
 .debug_info    0x0000c20a     0x17db main.c.o
 .debug_info    0x0000d9e5      0x735 stm32f4xx_it.c.o
 .debug_info    0x0000e11a      0x2f0 stm32f4xx_hal_msp.c.o
 .debug_info    0x0000e40a      0xc32 stm32f4xx_hal_timebase_tim.c.o
 .debug_info    0x0000f03c     0x2999 stm32f4xx_hal_tim.c.o
 .debug_info    0x000119d5     0x14d7 stm32f4xx_hal_tim_ex.c.o
 .debug_info    0x00012eac      0x953 stm32f4xx_ll_gpio.c.o
 .debug_info    0x000137ff      0x71e stm32f4xx_ll_usart.c.o
 .debug_info    0x00013f1d      0x8e9 stm32f4xx_hal_rcc.c.o
 .debug_info    0x00014806      0x952 stm32f4xx_hal_rcc_ex.c.o
 .debug_info    0x00015158      0xd71 stm32f4xx_hal_cortex.c.o
 .debug_info    0x00015ec9      0x996 stm32f4xx_hal.c.o
 .debug_info    0x0001685f      0xbf5 stm32f4xx_ll_rcc.c.o
 .debug_info    0x00017454      0x546 system_stm32f4xx.c.o

.debug_abbrev   0x00000000     0x49c0
 .debug_abbrev  0x00000000      0x21c xcp_ext_mode.c.o
 .debug_abbrev  0x0000021c      0x1e2 MCU_CODE.c.o
 .debug_abbrev  0x000003fe       0xa5 MCU_CODE_data.c.o
 .debug_abbrev  0x000004a3      0x223 ert_main.c.o
 .debug_abbrev  0x000006c6      0x1fd xcp_ext_common.c.o
 .debug_abbrev  0x000008c3      0x179 xcp_ext_classic_trigger.c.o
 .debug_abbrev  0x00000a3c      0x398 xcp.c.o
 .debug_abbrev  0x00000dd4      0x2ed xcp_standard.c.o
 .debug_abbrev  0x000010c1      0x3d4 xcp_daq.c.o
 .debug_abbrev  0x00001495      0x221 xcp_calibration.c.o
 .debug_abbrev  0x000016b6      0x112 xcp_fifo.c.o
 .debug_abbrev  0x000017c8      0x26d xcp_transport.c.o
 .debug_abbrev  0x00001a35      0x212 xcp_mem_default.c.o
 .debug_abbrev  0x00001c47      0x14c xcp_drv_rtiostream.c.o
 .debug_abbrev  0x00001d93       0x9c xcp_utils.c.o
 .debug_abbrev  0x00001e2f      0x23c xcp_frame_serial.c.o
 .debug_abbrev  0x0000206b       0xa3 xcp_ext_param_default_serial.c.o
 .debug_abbrev  0x0000210e       0xa2 overrideHALDelay.c.o
 .debug_abbrev  0x000021b0      0x18d platform_timer.c.o
 .debug_abbrev  0x0000233d      0x218 SysTickScheduler.c.o
 .debug_abbrev  0x00002555       0xb3 m3m4m4f_multitasking.c.o
 .debug_abbrev  0x00002608      0x1a7 rtiostream_serial.c.o
 .debug_abbrev  0x000027af      0x37f stm_usart.c.o
 .debug_abbrev  0x00002b2e      0x148 sys_arch_arm.c.o
 .debug_abbrev  0x00002c76      0x2bb main.c.o
 .debug_abbrev  0x00002f31      0x192 stm32f4xx_it.c.o
 .debug_abbrev  0x000030c3       0xf7 stm32f4xx_hal_msp.c.o
 .debug_abbrev  0x000031ba      0x1f2 stm32f4xx_hal_timebase_tim.c.o
 .debug_abbrev  0x000033ac      0x276 stm32f4xx_hal_tim.c.o
 .debug_abbrev  0x00003622      0x281 stm32f4xx_hal_tim_ex.c.o
 .debug_abbrev  0x000038a3      0x235 stm32f4xx_ll_gpio.c.o
 .debug_abbrev  0x00003ad8      0x1f0 stm32f4xx_ll_usart.c.o
 .debug_abbrev  0x00003cc8      0x2b4 stm32f4xx_hal_rcc.c.o
 .debug_abbrev  0x00003f7c      0x208 stm32f4xx_hal_rcc_ex.c.o
 .debug_abbrev  0x00004184      0x326 stm32f4xx_hal_cortex.c.o
 .debug_abbrev  0x000044aa      0x212 stm32f4xx_hal.c.o
 .debug_abbrev  0x000046bc      0x1ec stm32f4xx_ll_rcc.c.o
 .debug_abbrev  0x000048a8      0x118 system_stm32f4xx.c.o

.debug_aranges  0x00000000     0x1870
 .debug_aranges
                0x00000000       0x80 xcp_ext_mode.c.o
 .debug_aranges
                0x00000080       0x40 MCU_CODE.c.o
 .debug_aranges
                0x000000c0       0x18 MCU_CODE_data.c.o
 .debug_aranges
                0x000000d8       0x28 ert_main.c.o
 .debug_aranges
                0x00000100       0x58 xcp_ext_common.c.o
 .debug_aranges
                0x00000158       0x48 xcp_ext_classic_trigger.c.o
 .debug_aranges
                0x000001a0      0x110 xcp.c.o
 .debug_aranges
                0x000002b0       0xd8 xcp_standard.c.o
 .debug_aranges
                0x00000388      0x1b0 xcp_daq.c.o
 .debug_aranges
                0x00000538       0x68 xcp_calibration.c.o
 .debug_aranges
                0x000005a0       0x50 xcp_fifo.c.o
 .debug_aranges
                0x000005f0       0xa0 xcp_transport.c.o
 .debug_aranges
                0x00000690       0x68 xcp_mem_default.c.o
 .debug_aranges
                0x000006f8       0x48 xcp_drv_rtiostream.c.o
 .debug_aranges
                0x00000740       0x20 xcp_utils.c.o
 .debug_aranges
                0x00000760       0x90 xcp_frame_serial.c.o
 .debug_aranges
                0x000007f0       0x30 xcp_ext_param_default_serial.c.o
 .debug_aranges
                0x00000820       0x20 overrideHALDelay.c.o
 .debug_aranges
                0x00000840       0x40 platform_timer.c.o
 .debug_aranges
                0x00000880       0x48 SysTickScheduler.c.o
 .debug_aranges
                0x000008c8       0x28 m3m4m4f_multitasking.c.o
 .debug_aranges
                0x000008f0       0x38 rtiostream_serial.c.o
 .debug_aranges
                0x00000928      0x220 stm_usart.c.o
 .debug_aranges
                0x00000b48       0x28 sys_arch_arm.c.o
 .debug_aranges
                0x00000b70       0xd8 main.c.o
 .debug_aranges
                0x00000c48       0x70 stm32f4xx_it.c.o
 .debug_aranges
                0x00000cb8       0x20 stm32f4xx_hal_msp.c.o
 .debug_aranges
                0x00000cd8       0x30 stm32f4xx_hal_timebase_tim.c.o
 .debug_aranges
                0x00000d08      0x3d0 stm32f4xx_hal_tim.c.o
 .debug_aranges
                0x000010d8      0x168 stm32f4xx_hal_tim_ex.c.o
 .debug_aranges
                0x00001240       0x70 stm32f4xx_ll_gpio.c.o
 .debug_aranges
                0x000012b0       0x88 stm32f4xx_ll_usart.c.o
 .debug_aranges
                0x00001338       0x88 stm32f4xx_hal_rcc.c.o
 .debug_aranges
                0x000013c0       0x78 stm32f4xx_hal_rcc_ex.c.o
 .debug_aranges
                0x00001438      0x120 stm32f4xx_hal_cortex.c.o
 .debug_aranges
                0x00001558       0xf0 stm32f4xx_hal.c.o
 .debug_aranges
                0x00001648      0x200 stm32f4xx_ll_rcc.c.o
 .debug_aranges
                0x00001848       0x28 system_stm32f4xx.c.o

.debug_rnglists
                0x00000000     0x1272
 .debug_rnglists
                0x00000000       0x5e xcp_ext_mode.c.o
 .debug_rnglists
                0x0000005e       0x2d MCU_CODE.c.o
 .debug_rnglists
                0x0000008b       0x1a ert_main.c.o
 .debug_rnglists
                0x000000a5       0x42 xcp_ext_common.c.o
 .debug_rnglists
                0x000000e7       0x35 xcp_ext_classic_trigger.c.o
 .debug_rnglists
                0x0000011c       0xcc xcp.c.o
 .debug_rnglists
                0x000001e8       0xbc xcp_standard.c.o
 .debug_rnglists
                0x000002a4      0x152 xcp_daq.c.o
 .debug_rnglists
                0x000003f6       0x4b xcp_calibration.c.o
 .debug_rnglists