Archive member included to satisfy reference by file (symbol)

C:/ProgramData/MATLAB/SupportPackages/R2025b/3P.instrset/gnuarm-armcortex.instrset/win/bin/../lib/gcc/arm-none-eabi/13.2.1/thumb/v7e-m+fp/hard\libm.a(libm_a-w_fmod.o)
                              xcp_ext_common.c.o (fmod)
C:/ProgramData/MATLAB/SupportPackages/R2025b/3P.instrset/gnuarm-armcortex.instrset/win/bin/../lib/gcc/arm-none-eabi/13.2.1/thumb/v7e-m+fp/hard\libm.a(libm_a-e_fmod.o)
                              C:/ProgramData/MATLAB/SupportPackages/R2025b/3P.instrset/gnuarm-armcortex.instrset/win/bin/../lib/gcc/arm-none-eabi/13.2.1/thumb/v7e-m+fp/hard\libm.a(libm_a-w_fmod.o) (__ieee754_fmod)
C:/ProgramData/MATLAB/SupportPackages/R2025b/3P.instrset/gnuarm-armcortex.instrset/win/bin/../lib/gcc/arm-none-eabi/13.2.1/thumb/v7e-m+fp/hard\libgcc.a(_arm_muldf3.o)
                              Debug_STEVAL_BMS_114.c.o (__aeabi_dmul)
C:/ProgramData/MATLAB/SupportPackages/R2025b/3P.instrset/gnuarm-armcortex.instrset/win/bin/../lib/gcc/arm-none-eabi/13.2.1/thumb/v7e-m+fp/hard\libgcc.a(_arm_addsubdf3.o)
                              xcp_ext_common.c.o (__aeabi_dsub)
C:/ProgramData/MATLAB/SupportPackages/R2025b/3P.instrset/gnuarm-armcortex.instrset/win/bin/../lib/gcc/arm-none-eabi/13.2.1/thumb/v7e-m+fp/hard\libgcc.a(_arm_muldivdf3.o)
                              xcp_ext_common.c.o (__aeabi_ddiv)
C:/ProgramData/MATLAB/SupportPackages/R2025b/3P.instrset/gnuarm-armcortex.instrset/win/bin/../lib/gcc/arm-none-eabi/13.2.1/thumb/v7e-m+fp/hard\libgcc.a(_arm_cmpdf2.o)
                              xcp_ext_mode.c.o (__aeabi_dcmpeq)
C:/ProgramData/MATLAB/SupportPackages/R2025b/3P.instrset/gnuarm-armcortex.instrset/win/bin/../lib/gcc/arm-none-eabi/13.2.1/thumb/v7e-m+fp/hard\libgcc.a(_arm_unorddf2.o)
                              C:/ProgramData/MATLAB/SupportPackages/R2025b/3P.instrset/gnuarm-armcortex.instrset/win/bin/../lib/gcc/arm-none-eabi/13.2.1/thumb/v7e-m+fp/hard\libm.a(libm_a-w_fmod.o) (__aeabi_dcmpun)
C:/ProgramData/MATLAB/SupportPackages/R2025b/3P.instrset/gnuarm-armcortex.instrset/win/bin/../lib/gcc/arm-none-eabi/13.2.1/thumb/v7e-m+fp/hard\libgcc.a(_arm_fixunsdfsi.o)
                              xcp_ext_common.c.o (__aeabi_d2uiz)
C:/ProgramData/MATLAB/SupportPackages/R2025b/3P.instrset/gnuarm-armcortex.instrset/win/bin/../lib/gcc/arm-none-eabi/13.2.1/thumb/v7e-m+fp/hard\libgcc.a(_aeabi_uldivmod.o)
                              stm32f4xx_hal_rcc.c.o (__aeabi_uldivmod)
C:/ProgramData/MATLAB/SupportPackages/R2025b/3P.instrset/gnuarm-armcortex.instrset/win/bin/../lib/gcc/arm-none-eabi/13.2.1/thumb/v7e-m+fp/hard\libgcc.a(_udivmoddi4.o)
                              C:/ProgramData/MATLAB/SupportPackages/R2025b/3P.instrset/gnuarm-armcortex.instrset/win/bin/../lib/gcc/arm-none-eabi/13.2.1/thumb/v7e-m+fp/hard\libgcc.a(_aeabi_uldivmod.o) (__udivmoddi4)
C:/ProgramData/MATLAB/SupportPackages/R2025b/3P.instrset/gnuarm-armcortex.instrset/win/bin/../lib/gcc/arm-none-eabi/13.2.1/thumb/v7e-m+fp/hard\libgcc.a(_dvmd_tls.o)
                              C:/ProgramData/MATLAB/SupportPackages/R2025b/3P.instrset/gnuarm-armcortex.instrset/win/bin/../lib/gcc/arm-none-eabi/13.2.1/thumb/v7e-m+fp/hard\libgcc.a(_aeabi_uldivmod.o) (__aeabi_ldiv0)
C:/ProgramData/MATLAB/SupportPackages/R2025b/3P.instrset/gnuarm-armcortex.instrset/win/bin/../lib/gcc/arm-none-eabi/13.2.1/thumb/v7e-m+fp/hard\libg_nano.a(libc_a-exit.o)
                              C:/ProgramData/MATLAB/SupportPackages/R2025b/3P.instrset/gnuarm-armcortex.instrset/win/bin/../lib/gcc/arm-none-eabi/13.2.1/thumb/v7e-m+fp/hard/crt0.o (exit)
C:/ProgramData/MATLAB/SupportPackages/R2025b/3P.instrset/gnuarm-armcortex.instrset/win/bin/../lib/gcc/arm-none-eabi/13.2.1/thumb/v7e-m+fp/hard\libg_nano.a(libc_a-findfp.o)
                              C:/ProgramData/MATLAB/SupportPackages/R2025b/3P.instrset/gnuarm-armcortex.instrset/win/bin/../lib/gcc/arm-none-eabi/13.2.1/thumb/v7e-m+fp/hard\libg_nano.a(libc_a-exit.o) (__stdio_exit_handler)
C:/ProgramData/MATLAB/SupportPackages/R2025b/3P.instrset/gnuarm-armcortex.instrset/win/bin/../lib/gcc/arm-none-eabi/13.2.1/thumb/v7e-m+fp/hard\libg_nano.a(libc_a-fwalk.o)
                              C:/ProgramData/MATLAB/SupportPackages/R2025b/3P.instrset/gnuarm-armcortex.instrset/win/bin/../lib/gcc/arm-none-eabi/13.2.1/thumb/v7e-m+fp/hard\libg_nano.a(libc_a-findfp.o) (_fwalk_sglue)
C:/ProgramData/MATLAB/SupportPackages/R2025b/3P.instrset/gnuarm-armcortex.instrset/win/bin/../lib/gcc/arm-none-eabi/13.2.1/thumb/v7e-m+fp/hard\libg_nano.a(libc_a-stdio.o)
                              C:/ProgramData/MATLAB/SupportPackages/R2025b/3P.instrset/gnuarm-armcortex.instrset/win/bin/../lib/gcc/arm-none-eabi/13.2.1/thumb/v7e-m+fp/hard\libg_nano.a(libc_a-findfp.o) (__sread)
C:/ProgramData/MATLAB/SupportPackages/R2025b/3P.instrset/gnuarm-armcortex.instrset/win/bin/../lib/gcc/arm-none-eabi/13.2.1/thumb/v7e-m+fp/hard\libg_nano.a(libc_a-memset.o)
[...]
Memory Configuration

Name             Origin             Length             Attributes
RAM              0x20000000         0x00020000         xrw
FLASH            0x08000000         0x00080000         xr
*default*        0x00000000         0xffffffff

Linker script and memory map

LOAD C:/ProgramData/MATLAB/SupportPackages/R2025b/3P.instrset/gnuarm-armcortex.instrset/win/bin/../lib/gcc/arm-none-eabi/13.2.1/thumb/v7e-m+fp/hard/crti.o
LOAD C:/ProgramData/MATLAB/SupportPackages/R2025b/3P.instrset/gnuarm-armcortex.instrset/win/bin/../lib/gcc/arm-none-eabi/13.2.1/thumb/v7e-m+fp/hard/crtbegin.o
LOAD C:/ProgramData/MATLAB/SupportPackages/R2025b/3P.instrset/gnuarm-armcortex.instrset/win/bin/../lib/gcc/arm-none-eabi/13.2.1/thumb/v7e-m+fp/hard/crt0.o
LOAD mw_stm32_spi_ll.c.o
LOAD xcp_ext_mode.c.o
LOAD Debug_STEVAL_BMS_114.c.o
LOAD Debug_STEVAL_BMS_114_data.c.o
LOAD ert_main.c.o
LOAD xcp_ext_common.c.o
LOAD xcp_ext_classic_trigger.c.o
LOAD xcp.c.o
LOAD xcp_standard.c.o
LOAD xcp_daq.c.o
LOAD xcp_calibration.c.o
LOAD xcp_fifo.c.o
LOAD xcp_transport.c.o
LOAD xcp_mem_default.c.o
LOAD xcp_drv_rtiostream.c.o
LOAD xcp_utils.c.o
LOAD xcp_frame_serial.c.o
LOAD xcp_ext_param_default_serial.c.o
LOAD overrideHALDelay.c.o
LOAD platform_timer.c.o
LOAD SysTickScheduler.c.o
LOAD m3m4m4f_multitasking.c.o
LOAD rtiostream_serial.c.o
LOAD stm_usart.c.o
LOAD sys_arch_arm.c.o
LOAD main.c.o
LOAD stm32f4xx_it.c.o
LOAD stm32f4xx_hal_msp.c.o
LOAD stm32f4xx_hal_timebase_tim.c.o
LOAD stm32f4xx_hal_tim.c.o
LOAD stm32f4xx_hal_tim_ex.c.o
LOAD stm32f4xx_ll_gpio.c.o
LOAD stm32f4xx_ll_dma.c.o
LOAD stm32f4xx_ll_spi.c.o
LOAD stm32f4xx_ll_rcc.c.o
LOAD stm32f4xx_ll_utils.c.o
LOAD stm32f4xx_ll_exti.c.o
LOAD stm32f4xx_hal_rcc.c.o
LOAD stm32f4xx_hal_rcc_ex.c.o
LOAD stm32f4xx_hal_flash.c.o
LOAD stm32f4xx_hal_flash_ex.c.o
LOAD stm32f4xx_hal_flash_ramfunc.c.o
LOAD stm32f4xx_hal_gpio.c.o
LOAD stm32f4xx_hal_dma_ex.c.o
LOAD stm32f4xx_hal_dma.c.o
LOAD stm32f4xx_hal_pwr.c.o
LOAD stm32f4xx_hal_pwr_ex.c.o
LOAD stm32f4xx_hal_cortex.c.o
LOAD stm32f4xx_hal.c.o
LOAD stm32f4xx_hal_exti.c.o
LOAD stm32f4xx_ll_usart.c.o
LOAD system_stm32f4xx.c.o
LOAD syscalls.c.o
LOAD sysmem.c.o
LOAD startup_stm32f446retx.s.o
LOAD C:/ProgramData/MATLAB/SupportPackages/R2025b/3P.instrset/cmsis_dsp.instrset/Lib/GCC/arm_cortexm4ldfsp_math/libCMSISDSP.a
LOAD C:/ProgramData/MATLAB/SupportPackages/R2025b/toolbox/shared/supportpackages/stm32/lib/GCC/libmw_pdmfilter_m4_spfp.lib
LOAD C:/ProgramData/MATLAB/SupportPackages/R2025b/3P.instrset/gnuarm-armcortex.instrset/win/bin/../lib/gcc/arm-none-eabi/13.2.1/thumb/v7e-m+fp/hard\libstdc++_nano.a
LOAD C:/ProgramData/MATLAB/SupportPackages/R2025b/3P.instrset/gnuarm-armcortex.instrset/win/bin/../lib/gcc/arm-none-eabi/13.2.1/thumb/v7e-m+fp/hard\libm.a
START GROUP
LOAD C:/ProgramData/MATLAB/SupportPackages/R2025b/3P.instrset/gnuarm-armcortex.instrset/win/bin/../lib/gcc/arm-none-eabi/13.2.1/thumb/v7e-m+fp/hard\libgcc.a
LOAD C:/ProgramData/MATLAB/SupportPackages/R2025b/3P.instrset/gnuarm-armcortex.instrset/win/bin/../lib/gcc/arm-none-eabi/13.2.1/thumb/v7e-m+fp/hard\libg_nano.a
LOAD C:/ProgramData/MATLAB/SupportPackages/R2025b/3P.instrset/gnuarm-armcortex.instrset/win/bin/../lib/gcc/arm-none-eabi/13.2.1/thumb/v7e-m+fp/hard\libc_nano.a
END GROUP
START GROUP
LOAD C:/ProgramData/MATLAB/SupportPackages/R2025b/3P.instrset/gnuarm-armcortex.instrset/win/bin/../lib/gcc/arm-none-eabi/13.2.1/thumb/v7e-m+fp/hard\libgcc.a
LOAD C:/ProgramData/MATLAB/SupportPackages/R2025b/3P.instrset/gnuarm-armcortex.instrset/win/bin/../lib/gcc/arm-none-eabi/13.2.1/thumb/v7e-m+fp/hard\libc_nano.a
LOAD C:/ProgramData/MATLAB/SupportPackages/R2025b/3P.instrset/gnuarm-armcortex.instrset/win/bin/../lib/gcc/arm-none-eabi/13.2.1/thumb/v7e-m+fp/hard\libnosys.a
END GROUP
START GROUP
LOAD C:/ProgramData/MATLAB/SupportPackages/R2025b/3P.instrset/gnuarm-armcortex.instrset/win/bin/../lib/gcc/arm-none-eabi/13.2.1/thumb/v7e-m+fp/hard\libgcc.a
LOAD C:/ProgramData/MATLAB/SupportPackages/R2025b/3P.instrset/gnuarm-armcortex.instrset/win/bin/../lib/gcc/arm-none-eabi/13.2.1/thumb/v7e-m+fp/hard\libc_nano.a
LOAD C:/ProgramData/MATLAB/SupportPackages/R2025b/3P.instrset/gnuarm-armcortex.instrset/win/bin/../lib/gcc/arm-none-eabi/13.2.1/thumb/v7e-m+fp/hard\libnosys.a
END GROUP
LOAD C:/ProgramData/MATLAB/SupportPackages/R2025b/3P.instrset/gnuarm-armcortex.instrset/win/bin/../lib/gcc/arm-none-eabi/13.2.1/thumb/v7e-m+fp/hard/crtend.o
LOAD C:/ProgramData/MATLAB/SupportPackages/R2025b/3P.instrset/gnuarm-armcortex.instrset/win/bin/../lib/gcc/arm-none-eabi/13.2.1/thumb/v7e-m+fp/hard/crtn.o
                0x20020000                        _estack = (ORIGIN (RAM) + LENGTH (RAM))
                0x00000200                        _Min_Heap_Size = 0x200
                0x00000400                        _Min_Stack_Size = 0x400

.isr_vector     0x08000000      0x1c4
                0x08000000                        . = ALIGN (0x4)
 *(.isr_vector)
 .isr_vector    0x08000000      0x1c4 startup_stm32f446retx.s.o
                0x08000000                g_pfnVectors
                0x080001c4                        . = ALIGN (0x4)

.text           0x080001c8     0xc2ac
                0x080001c8                        . = ALIGN (0x4)
 *(.text)
 .text          0x080001c8      0x378 C:/ProgramData/MATLAB/SupportPackages/R2025b/3P.instrset/gnuarm-armcortex.instrset/win/bin/../lib/gcc/arm-none-eabi/13.2.1/thumb/v7e-m+fp/hard\libgcc.a(_arm_addsubdf3.o)
                0x080001c8                __aeabi_drsub
                0x080001d0                __aeabi_dsub
                0x080001d0                __subdf3
                0x080001d4                __aeabi_dadd
                0x080001d4                __adddf3
                0x0800044c                __floatunsidf
                0x0800044c                __aeabi_ui2d
                0x0800046c                __floatsidf
                0x0800046c                __aeabi_i2d
                0x08000490                __aeabi_f2d
                0x08000490                __extendsfdf2
                0x080004d4                __floatundidf
                0x080004d4                __aeabi_ul2d
                0x080004e4                __floatdidf
                0x080004e4                __aeabi_l2d
 .text          0x08000540      0x424 C:/ProgramData/MATLAB/SupportPackages/R2025b/3P.instrset/gnuarm-armcortex.instrset/win/bin/../lib/gcc/arm-none-eabi/13.2.1/thumb/v7e-m+fp/hard\libgcc.a(_arm_muldivdf3.o)
                0x08000540                __aeabi_dmul
                0x08000540                __muldf3
                0x08000794                __divdf3
                0x08000794                __aeabi_ddiv
 .text          0x08000964      0x110 C:/ProgramData/MATLAB/SupportPackages/R2025b/3P.instrset/gnuarm-armcortex.instrset/win/bin/../lib/gcc/arm-none-eabi/13.2.1/thumb/v7e-m+fp/hard\libgcc.a(_arm_cmpdf2.o)
                0x08000964                __gtdf2
                0x08000964                __gedf2
                0x0800096c                __ltdf2
                0x0800096c                __ledf2
                0x08000974                __nedf2
                0x08000974                __eqdf2
                0x08000974                __cmpdf2
                0x080009f0                __aeabi_cdrcmple
                0x08000a00                __aeabi_cdcmpeq
                0x08000a00                __aeabi_cdcmple
                0x08000a10                __aeabi_dcmpeq
                0x08000a24                __aeabi_dcmplt
                0x08000a38                __aeabi_dcmple
                0x08000a4c                __aeabi_dcmpge
                0x08000a60                __aeabi_dcmpgt
 .text          0x08000a74       0x2c C:/ProgramData/MATLAB/SupportPackages/R2025b/3P.instrset/gnuarm-armcortex.instrset/win/bin/../lib/gcc/arm-none-eabi/13.2.1/thumb/v7e-m+fp/hard\libgcc.a(_arm_unorddf2.o)
                0x08000a74                __unorddf2
                0x08000a74                __aeabi_dcmpun
 .text          0x08000aa0       0x40 C:/ProgramData/MATLAB/SupportPackages/R2025b/3P.instrset/gnuarm-armcortex.instrset/win/bin/../lib/gcc/arm-none-eabi/13.2.1/thumb/v7e-m+fp/hard\libgcc.a(_arm_fixunsdfsi.o)
                0x08000aa0                __aeabi_d2uiz
                0x08000aa0                __fixunsdfsi
 .text          0x08000ae0       0x30 C:/ProgramData/MATLAB/SupportPackages/R2025b/3P.instrset/gnuarm-armcortex.instrset/win/bin/../lib/gcc/arm-none-eabi/13.2.1/thumb/v7e-m+fp/hard\libgcc.a(_aeabi_uldivmod.o)
                0x08000ae0                __aeabi_uldivmod
 .text          0x08000b10        0x4 C:/ProgramData/MATLAB/SupportPackages/R2025b/3P.instrset/gnuarm-armcortex.instrset/win/bin/../lib/gcc/arm-none-eabi/13.2.1/thumb/v7e-m+fp/hard\libgcc.a(_dvmd_tls.o)
                0x08000b10                __aeabi_idiv0
                0x08000b10                __aeabi_ldiv0
 *(.text*)
 .text.deregister_tm_clones
                0x08000b14       0x1c C:/ProgramData/MATLAB/SupportPackages/R2025b/3P.instrset/gnuarm-armcortex.instrset/win/bin/../lib/gcc/arm-none-eabi/13.2.1/thumb/v7e-m+fp/hard/crtbegin.o
 .text.register_tm_clones
                0x08000b30       0x24 C:/ProgramData/MATLAB/SupportPackages/R2025b/3P.instrset/gnuarm-armcortex.instrset/win/bin/../lib/gcc/arm-none-eabi/13.2.1/thumb/v7e-m+fp/hard/crtbegin.o
 .text.__do_global_dtors_aux
                0x08000b54       0x28 C:/ProgramData/MATLAB/SupportPackages/R2025b/3P.instrset/gnuarm-armcortex.instrset/win/bin/../lib/gcc/arm-none-eabi/13.2.1/thumb/v7e-m+fp/hard/crtbegin.o
 .text.frame_dummy
                0x08000b7c       0x24 C:/ProgramData/MATLAB/SupportPackages/R2025b/3P.instrset/gnuarm-armcortex.instrset/win/bin/../lib/gcc/arm-none-eabi/13.2.1/thumb/v7e-m+fp/hard/crtbegin.o
 .text.LL_DMA_EnableStream
                0x08000ba0       0x40 mw_stm32_spi_ll.c.o
 .text.LL_DMA_SetDataLength
                0x08000be0       0x48 mw_stm32_spi_ll.c.o
 .text.LL_DMA_ConfigAddresses
                0x08000c28       0x78 mw_stm32_spi_ll.c.o
 .text.LL_DMA_EnableIT_TC
                0x08000ca0       0x40 mw_stm32_spi_ll.c.o
 .text.LL_SPI_Enable
                0x08000ce0       0x20 mw_stm32_spi_ll.c.o
 .text.LL_SPI_Disable
                0x08000d00       0x20 mw_stm32_spi_ll.c.o
 .text.LL_SPI_IsEnabled
                0x08000d20       0x26 mw_stm32_spi_ll.c.o
 .text.LL_SPI_GetMode
                0x08000d46       0x1c mw_stm32_spi_ll.c.o
 .text.LL_SPI_SetClockPhase
                0x08000d62       0x26 mw_stm32_spi_ll.c.o
 .text.LL_SPI_GetClockPhase
                0x08000d88       0x1c mw_stm32_spi_ll.c.o
 .text.LL_SPI_SetClockPolarity
                0x08000da4       0x26 mw_stm32_spi_ll.c.o
 .text.LL_SPI_GetClockPolarity
                0x08000dca       0x1c mw_stm32_spi_ll.c.o
 .text.LL_SPI_GetTransferDirection
                0x08000de6       0x1c mw_stm32_spi_ll.c.o
 .text.LL_SPI_SetDataWidth
                0x08000e02       0x26 mw_stm32_spi_ll.c.o
 .text.LL_SPI_GetDataWidth
                0x08000e28       0x1c mw_stm32_spi_ll.c.o
 .text.LL_SPI_IsActiveFlag_RXNE
                0x08000e44       0x26 mw_stm32_spi_ll.c.o
 .text.LL_SPI_IsActiveFlag_TXE
                0x08000e6a       0x26 mw_stm32_spi_ll.c.o
 .text.LL_SPI_IsActiveFlag_BSY
                0x08000e90       0x26 mw_stm32_spi_ll.c.o
 .text.LL_SPI_EnableIT_RXNE
                0x08000eb6       0x20 mw_stm32_spi_ll.c.o
 .text.LL_SPI_EnableDMAReq_RX
                0x08000ed6       0x20 mw_stm32_spi_ll.c.o
 .text.LL_SPI_EnableDMAReq_TX
                0x08000ef6       0x20 mw_stm32_spi_ll.c.o
 .text.LL_SPI_DMA_GetRegAddr
                0x08000f16       0x18 mw_stm32_spi_ll.c.o
 .text.LL_SPI_ReceiveData8
                0x08000f2e       0x1c mw_stm32_spi_ll.c.o
 .text.LL_SPI_ReceiveData16
                0x08000f4a       0x1a mw_stm32_spi_ll.c.o
 .text.LL_SPI_TransmitData8
                0x08000f64       0x24 mw_stm32_spi_ll.c.o
 .text.LL_SPI_TransmitData16
                0x08000f88       0x24 mw_stm32_spi_ll.c.o
 .text.SPI_STM32_Init
                0x08000fac      0x1c4 mw_stm32_spi_ll.c.o
                0x08000fac                SPI_STM32_Init
 .text.MW_STM32_SPI_SetFormat
                0x08001170      0x1f6 mw_stm32_spi_ll.c.o
                0x08001170                MW_STM32_SPI_SetFormat
 .text.MW_SPI_ControllerWriteRead_Databits
                0x08001366      0x226 mw_stm32_spi_ll.c.o
                0x08001366                MW_SPI_ControllerWriteRead_Databits
 .text.SPI_ConfigureReceiveDMA
                0x0800158c       0x82 mw_stm32_spi_ll.c.o
                0x0800158c                SPI_ConfigureReceiveDMA
 .text.SPI_ConfigureTransmitDMA
                0x0800160e       0x58 mw_stm32_spi_ll.c.o
                0x0800160e                SPI_ConfigureTransmitDMA
 .text.MW_SPI_Disable
                0x08001666       0x76 mw_stm32_spi_ll.c.o
                0x08001666                MW_SPI_Disable
 .text.MW_SPI_Close
                0x080016dc       0x1a mw_stm32_spi_ll.c.o
                0x080016dc                MW_SPI_Close
 .text.errorHandle_MasterWriteRead
                0x080016f6       0x36 mw_stm32_spi_ll.c.o
 .text.extmodeParseArgs
                0x0800172c       0x1e xcp_ext_mode.c.o
                0x0800172c                extmodeParseArgs
 *fill*         0x0800174a        0x2 
 .text.extmodeInit
                0x0800174c      0x128 xcp_ext_mode.c.o
                0x0800174c                extmodeInit
 .text.extmodeWaitForHostRequest
                0x08001874       0xcc xcp_ext_mode.c.o
                0x08001874                extmodeWaitForHostRequest
 .text.extmodeEvent
                0x08001940       0xfc xcp_ext_mode.c.o
                0x08001940                extmodeEvent
 .text.extmodeBackgroundRun
                0x08001a3c       0x20 xcp_ext_mode.c.o
                0x08001a3c                extmodeBackgroundRun
 .text.extmodeReset
                0x08001a5c       0x40 xcp_ext_mode.c.o
                0x08001a5c                extmodeReset
 .text.extmodeStopRequested
                0x08001a9c       0x18 xcp_ext_mode.c.o
                0x08001a9c                extmodeStopRequested
 .text.extmodeSimulationComplete
                0x08001ab4       0x18 xcp_ext_mode.c.o
                0x08001ab4                extmodeSimulationComplete
 .text.LL_GPIO_SetOutputPin
                0x08001acc       0x1c Debug_STEVAL_BMS_114.c.o
 .text.LL_GPIO_ResetOutputPin
                0x08001ae8       0x1e Debug_STEVAL_BMS_114.c.o
 *fill*         0x08001b06        0x2 
 .text.Debug_STE_SPIDrvBlock_setupImpl
                0x08001b08       0xa8 Debug_STEVAL_BMS_114.c.o
 .text.Debug_STEVAL_BMS_114_step
                0x08001bb0       0x90 Debug_STEVAL_BMS_114.c.o
                0x08001bb0                Debug_STEVAL_BMS_114_step
 .text.Debug_STEVAL_BMS_114_initialize
                0x08001c40       0xc0 Debug_STEVAL_BMS_114.c.o
                0x08001c40                Debug_STEVAL_BMS_114_initialize
 .text.Debug_STEVAL_BMS_114_terminate
                0x08001d00       0x48 Debug_STEVAL_BMS_114.c.o
                0x08001d00                Debug_STEVAL_BMS_114_terminate
 .text.rt_OneStep
                0x08001d48       0x78 ert_main.c.o
                0x08001d48                rt_OneStep
 .text.main     0x08001dc0      0x184 ert_main.c.o
                0x08001dc0                main
 .text.xcp_void_printf
                0x08001f44       0x12 xcp_ext_common.c.o
                0x08001f44                xcp_void_printf
 .text.xcpCopyTimeValue
                0x08001f56       0x26 xcp_ext_common.c.o
 *fill*         0x08001f7c        0x4 
 .text.xcpExtModeUpdateTime
                0x08001f80      0x13c xcp_ext_common.c.o
                0x08001f80                xcpExtModeUpdateTime
 .text.xcpExtModeInit
                0x080020bc       0xb0 xcp_ext_common.c.o
                0x080020bc                xcpExtModeInit
 .text.xcpExtModeRunBackground
                0x0800216c      0x13c xcp_ext_common.c.o
                0x0800216c                xcpExtModeRunBackground
 .text.xcpExtModeReset
                0x080022a8      0x128 xcp_ext_common.c.o
                0x080022a8                xcpExtModeReset
 .text.sampleSignalTrigger
                0x080023d0      0x1b4 xcp_ext_classic_trigger.c.o
 .text.updateTriggerStatus
                0x08002584      0x2b8 xcp_ext_classic_trigger.c.o
 .text.xcpExtModeClassicTriggerInit
                0x0800283c       0x68 xcp_ext_classic_trigger.c.o
                0x0800283c                xcpExtModeClassicTriggerInit
 .text.xcpExtModeClassicTriggerEnabled
                0x080028a4      0x100 xcp_ext_classic_trigger.c.o
                0x080028a4                xcpExtModeClassicTriggerEnabled
 .text.xcpExtModeClassicTriggerReset
                0x080029a4       0xf4 xcp_ext_classic_trigger.c.o
                0x080029a4                xcpExtModeClassicTriggerReset
 .text.xcpExtModeClassicTriggerForceEnableStatusUpdate
                0x08002a98       0x78 xcp_ext_classic_trigger.c.o
                0x08002a98                xcpExtModeClassicTriggerForceEnableStatusUpdate
 .text.msgBufferRealloc
                0x08002b10       0x72 xcp.c.o
 *fill*         0x08002b82        0x2 
 .text.discardInputPacketHandler
                0x08002b84       0x3c xcp.c.o
 .text.unknownInputPacketHandler
                0x08002bc0       0x34 xcp.c.o
 .text.xcpGetPacketGroupID
                0x08002bf4       0x74 xcp.c.o
 .text.xcpGetPacketHandlers
                0x08002c68      0x124 xcp.c.o
 .text.xcpStatusSet
                0x08002d8c       0x20 xcp.c.o
                0x08002d8c                xcpStatusSet
 .text.xcpSessionStatusGet
                0x08002dac       0x18 xcp.c.o
                0x08002dac                xcpSessionStatusGet
 .text.xcpSessionStatusSetMask
                0x08002dc4       0x28 xcp.c.o
                0x08002dc4                xcpSessionStatusSetMask
 .text.xcpSessionStatusClearMask
                0x08002dec       0x34 xcp.c.o
                0x08002dec                xcpSessionStatusClearMask
 .text.xcpResourceProtectionStatusGet
                0x08002e20       0x18 xcp.c.o
                0x08002e20                xcpResourceProtectionStatusGet
 .text.xcpSessionConfigurationIdGet
                0x08002e38       0x18 xcp.c.o
                0x08002e38                xcpSessionConfigurationIdGet
 .text.genericOutputPacketHandler
                0x08002e50      0x11c xcp.c.o
                0x08002e50                genericOutputPacketHandler
 .text.xcpFindPacket
                0x08002f6c       0x6e xcp.c.o
                0x08002f6c                xcpFindPacket
 *fill*         0x08002fda        0x2 
 .text.xcpInit  0x08002fdc       0x64 xcp.c.o
                0x08002fdc                xcpInit
 .text.xcpRun   0x08003040      0x194 xcp.c.o
                0x08003040                xcpRun
 .text.xcpEvent
                0x080031d4       0x50 xcp.c.o
                0x080031d4                xcpEvent
 .text.xcpGetStatus
                0x08003224       0x18 xcp.c.o
                0x08003224                xcpGetStatus
 .text.xcpReset
                0x0800323c       0x40 xcp.c.o
                0x0800323c                xcpReset
 .text.xcpPackedModeEventsFlush
                0x0800327c       0x1e xcp.c.o
                0x0800327c                xcpPackedModeEventsFlush
 .text.xcpPackedModeEventReset
                0x0800329a       0x2a xcp.c.o
                0x0800329a                xcpPackedModeEventReset
 .text.isValidUploadSize
                0x080032c4       0x30 xcp_standard.c.o
 .text.xcpMemcpyFromMTA
                0x080032f4       0x38 xcp_standard.c.o
 .text.connectInputPacketHandler
                0x0800332c       0xa4 xcp_standard.c.o
 .text.connectOutputPacketHandler
                0x080033d0       0xd4 xcp_standard.c.o
 .text.disconnectInputPacketHandler
                0x080034a4       0x54 xcp_standard.c.o
 .text.getStatusInputPacketHandler
                0x080034f8       0x28 xcp_standard.c.o
 .text.getStatusOutputPacketHandler
                0x08003520       0x80 xcp_standard.c.o
 .text.synchInputPacketHandler
                0x080035a0       0x44 xcp_standard.c.o
 .text.setMTAInputPacketHandler
                0x080035e4       0x78 xcp_standard.c.o
 .text.uploadInputPacketHandler
                0x0800365c       0x98 xcp_standard.c.o
 .text.uploadOutputPacketHandler
                0x080036f4       0x9c xcp_standard.c.o
 .text.shortUploadInputPacketHandler
                0x08003790       0xa4 xcp_standard.c.o
 .text.shortUploadOutputPacketHandler
                0x08003834       0x9c xcp_standard.c.o
 .text.getPacket
                0x080038d0       0x24 xcp_standard.c.o
 .text.xcpStandardInit
                0x080038f4       0x18 xcp_standard.c.o
                0x080038f4                xcpStandardInit
 .text.xcpStandardGetPacketLookup
                0x0800390c       0x18 xcp_standard.c.o
                0x0800390c                xcpStandardGetPacketLookup
 .text.xcpStandardSetPacketLookup
                0x08003924       0x20 xcp_standard.c.o
                0x08003924                xcpStandardSetPacketLookup
 .text.xcpStandardReset
                0x08003944       0x12 xcp_standard.c.o
                0x08003944                xcpStandardReset
 *fill*         0x08003956        0x2 
 .text.xcpStandardGetAddressFromMta
                0x08003958       0x18 xcp_standard.c.o
                0x08003958                xcpStandardGetAddressFromMta
 .text.xcpStandardSetMta
                0x08003970       0x3c xcp_standard.c.o
                0x08003970                xcpStandardSetMta
 .text.xcpStandardIncrementMta
                0x080039ac       0x28 xcp_standard.c.o
                0x080039ac                xcpStandardIncrementMta
 .text.xcpStandardExtendedInit
                0x080039d4        0xe xcp_standard.c.o
                0x080039d4                xcpStandardExtendedInit
 .text.xcpStandardExtendedReset
                0x080039e2        0xe xcp_standard.c.o
                0x080039e2                xcpStandardExtendedReset
 .text.xcpDaqWriteLock
                0x080039f0       0x4c xcp_daq.c.o
 .text.xcpDaqWriteUnlock
                0x08003a3c       0x20 xcp_daq.c.o
 .text.xcpDaqReadLock
                0x08003a5c       0x38 xcp_daq.c.o
 .text.xcpDaqReadUnlock
                0x08003a94       0x38 xcp_daq.c.o
 .text.isActiveDaqList
                0x08003acc       0x50 xcp_daq.c.o
 .text.noActiveDaqLists
                0x08003b1c       0x50 xcp_daq.c.o
 .text.isValidDaqPtr
                0x08003b6c       0xb8 xcp_daq.c.o
 .text.isValidDaqEntry
                0x08003c24       0x36 xcp_daq.c.o
 .text.isSupportedDaqListMode
                0x08003c5a       0x26 xcp_daq.c.o
 .text.isValidStartStopMode
                0x08003c80       0x32 xcp_daq.c.o
 .text.isValidStartStopSynchMode
                0x08003cb2       0x32 xcp_daq.c.o
 .text.absoluteOdtNumberIdentification
                0x08003ce4       0x10 xcp_daq.c.o
 .text.isDaqPackedModeEnabled
                0x08003cf4       0x6c xcp_daq.c.o
 .text.odtPacketSize
                0x08003d60       0x54 xcp_daq.c.o
 .text.createDaqReservedPool
                0x08003db4       0x88 xcp_daq.c.o
 .text.destroyDaqReservedPool
                0x08003e3c       0x2c xcp_daq.c.o
 .text.setDaqPtrInputPacketHandler
                0x08003e68       0xdc xcp_daq.c.o
 .text.writeDaqInputPacketHandler
                0x08003f44      0x198 xcp_daq.c.o
 .text.setDaqListModeInputPacketHandler
                0x080040dc      0x1c8 xcp_daq.c.o
 .text.startStopDaqListInputPacketHandler
                0x080042a4      0x3f4 xcp_daq.c.o
 .text.startStopDaqListOutputPacketHandler
                0x08004698       0x5c xcp_daq.c.o
 .text.startStopSynchInputPacketHandler
                0x080046f4      0x328 xcp_daq.c.o
 .text.getDaqProcessorInfoInputPacketHandler
                0x08004a1c       0x28 xcp_daq.c.o
 .text.getDaqProcessorInfoOutputPacketHandler
                0x08004a44       0xac xcp_daq.c.o
 .text.getDaqResolutionInfoInputPacketHandler
                0x08004af0       0x28 xcp_daq.c.o
 .text.getDaqResolutionInfoOutputPacketHandler
                0x08004b18       0xb8 xcp_daq.c.o
 .text.freeDaqInputPacketHandler
                0x08004bd0       0x5c xcp_daq.c.o
 .text.allocDaqInputPacketHandler
                0x08004c2c      0x18c xcp_daq.c.o
 .text.allocOdtInputPacketHandler
                0x08004db8      0x1c0 xcp_daq.c.o
 .text.allocOdtEntryInputPacketHandler
                0x08004f78      0x270 xcp_daq.c.o
 .text.getDaqClockInputPacketHandler
                0x080051e8       0x22 xcp_daq.c.o
 *fill*         0x0800520a        0x2 
 .text.setDaqPackedModeInputPacketHandler
                0x0800520c      0x21c xcp_daq.c.o
 .text.level1CommandInputPacketHandler
                0x08005428       0x64 xcp_daq.c.o
 .text.getPacket
                0x0800548c       0x24 xcp_daq.c.o
 .text.xcpDaqInit
                0x080054b0       0x38 xcp_daq.c.o
                0x080054b0                xcpDaqInit
 .text.xcpDaqGetPacketLookup
                0x080054e8       0x18 xcp_daq.c.o
                0x080054e8                xcpDaqGetPacketLookup
 .text.xcpDaqSetPacketLookup
                0x08005500       0x20 xcp_daq.c.o
                0x08005500                xcpDaqSetPacketLookup
 .text.xcpResetDaq
                0x08005520       0xa4 xcp_daq.c.o
 .text.daqWriteXCPDataForOdt
                0x080055c4       0x7c xcp_daq.c.o
 .text.odtWriteEntries
                0x08005640       0x9c xcp_daq.c.o
 .text.xcpProcessDaq
                0x080056dc      0x208 xcp_daq.c.o
 .text.xcpDaqEvent
                0x080058e4      0x108 xcp_daq.c.o
                0x080058e4                xcpDaqEvent
 .text.xcpDaqEventsFlush
                0x080059ec      0x284 xcp_daq.c.o
                0x080059ec                xcpDaqEventsFlush
 .text.xcpDaqLock
                0x08005c70       0x1e xcp_daq.c.o
                0x08005c70                xcpDaqLock
 .text.xcpDaqUnlock
                0x08005c8e        0xe xcp_daq.c.o
                0x08005c8e                xcpDaqUnlock
 .text.xcpResetDaqListStatus
                0x08005c9c      0x19c xcp_daq.c.o
                0x08005c9c                xcpResetDaqListStatus
 .text.xcpDaqReset
                0x08005e38       0x20 xcp_daq.c.o
                0x08005e38                xcpDaqReset
 .text.xcpDaqExtendedInit
                0x08005e58        0xe xcp_daq.c.o
                0x08005e58                xcpDaqExtendedInit
 .text.xcpDaqExtendedReset
                0x08005e66        0xe xcp_daq.c.o
                0x08005e66                xcpDaqExtendedReset
 .text.isValidShortDownloadSize
                0x08005e74       0x34 xcp_calibration.c.o
 .text.isValidDownloadSize
                0x08005ea8       0x3a xcp_calibration.c.o
 *fill*         0x08005ee2        0x2 
 .text.xcpMemcpyToMTA
                0x08005ee4       0x34 xcp_calibration.c.o
 .text.downloadInputPacketHandler
                0x08005f18       0xb0 xcp_calibration.c.o
 .text.shortDownloadInputPacketHandler
                0x08005fc8       0xb8 xcp_calibration.c.o
 .text.getPacket
                0x08006080       0x24 xcp_calibration.c.o
 .text.xcpCalibrationInit
                0x080060a4       0x14 xcp_calibration.c.o
                0x080060a4                xcpCalibrationInit
 .text.xcpCalibrationGetPacketLookup
                0x080060b8       0x18 xcp_calibration.c.o
                0x080060b8                xcpCalibrationGetPacketLookup
 .text.xcpCalibrationSetPacketLookup
                0x080060d0       0x20 xcp_calibration.c.o
                0x080060d0                xcpCalibrationSetPacketLookup
 .text.xcpCalibrationReset
                0x080060f0        0xe xcp_calibration.c.o
                0x080060f0                xcpCalibrationReset
 .text.xcpFifoInit
                0x080060fe       0x20 xcp_fifo.c.o
                0x080060fe                xcpFifoInit
 .text.xcpFifoEnqueue
                0x0800611e       0x2a xcp_fifo.c.o
                0x0800611e                xcpFifoEnqueue
 .text.xcpFifoDequeue
                0x08006148       0x3e xcp_fifo.c.o
                0x08006148                xcpFifoDequeue
 .text.xcpFifoEnqueueHead
                0x08006186       0x32 xcp_fifo.c.o
                0x08006186                xcpFifoEnqueueHead
 .text.xcpFifoReset
                0x080061b8       0x16 xcp_fifo.c.o
                0x080061b8                xcpFifoReset
 *fill*         0x080061ce        0x2 
 .text.xcpTransportEmptyTxFifo
                0x080061d0       0x6c xcp_transport.c.o
 .text.xcpTransportEmptyRxFifo
                0x0800623c       0x6c xcp_transport.c.o
 .text.xcpTransportInit
                0x080062a8      0x138 xcp_transport.c.o
                0x080062a8                xcpTransportInit
 .text.xcpTransportTxReady
                0x080063e0       0x1a xcp_transport.c.o
                0x080063e0                xcpTransportTxReady
 .text.xcpTransportTxTrigger
                0x080063fa       0x1a xcp_transport.c.o
                0x080063fa                xcpTransportTxTrigger
 .text.xcpTransportTxPacketSet
                0x08006414      0x144 xcp_transport.c.o
                0x08006414                xcpTransportTxPacketSet
 .text.xcpTransportTx
                0x08006558       0xec xcp_transport.c.o
                0x08006558                xcpTransportTx
 .text.xcpTransportRx
                0x08006644       0x80 xcp_transport.c.o
                0x08006644                xcpTransportRx
 .text.xcpTransportRxPacketGet
                0x080066c4      0x12c xcp_transport.c.o
                0x080066c4                xcpTransportRxPacketGet
 .text.xcpTransportPacketOffset
                0x080067f0       0x20 xcp_transport.c.o
                0x080067f0                xcpTransportPacketOffset
 .text.xcpTransportMsgBufferSize
                0x08006810       0x70 xcp_transport.c.o
                0x08006810                xcpTransportMsgBufferSize
 .text.xcpTransportMaxDtoSize
                0x08006880        0xe xcp_transport.c.o
                0x08006880                xcpTransportMaxDtoSize
 .text.xcpTransportMaxCtoSize
                0x0800688e        0xe xcp_transport.c.o
                0x0800688e                xcpTransportMaxCtoSize
 .text.xcpTransportRestart
                0x0800689c       0x44 xcp_transport.c.o
                0x0800689c                xcpTransportRestart
 .text.xcpTransportResynch
                0x080068e0       0x40 xcp_transport.c.o
                0x080068e0                xcpTransportResynch
 .text.xcpTransportCtoReservedMemPoolId
                0x08006920       0x18 xcp_transport.c.o
                0x08006920                xcpTransportCtoReservedMemPoolId
 .text.xcpTransportReset
                0x08006938       0xe4 xcp_transport.c.o
                0x08006938                xcpTransportReset
 .text.xcpInitializePoolMemoryArea
                0x08006a1c       0x72 xcp_mem_default.c.o
 *fill*         0x08006a8e        0x2 
 .text.xcpMemInit
                0x08006a90      0x1d4 xcp_mem_default.c.o
                0x08006a90                xcpMemInit
 .text.xcpMemAlloc
                0x08006c64       0xe8 xcp_mem_default.c.o
                0x08006c64                xcpMemAlloc
 .text.xcpMemFree
                0x08006d4c      0x170 xcp_mem_default.c.o
                0x08006d4c                xcpMemFree
 .text.xcpMemReservedPoolCreate
                0x08006ebc      0x224 xcp_mem_default.c.o
                0x08006ebc                xcpMemReservedPoolCreate
 .text.xcpMemReservedPoolDestroy
                0x080070e0      0x158 xcp_mem_default.c.o
                0x080070e0                xcpMemReservedPoolDestroy
 .text.xcpMemCustomPoolCreate
                0x08007238       0xbc xcp_mem_default.c.o
                0x08007238                xcpMemCustomPoolCreate
 .text.xcpMemCustomPoolDestroy
                0x080072f4       0x64 xcp_mem_default.c.o
                0x080072f4                xcpMemCustomPoolDestroy
 .text.xcpMemAllocFromPool
                0x08007358      0x170 xcp_mem_default.c.o
                0x08007358                xcpMemAllocFromPool
 .text.xcpMemReset
                0x080074c8       0x50 xcp_mem_default.c.o
                0x080074c8                xcpMemReset
 .text.xcpDrvOpen
                0x08007518       0x64 xcp_drv_rtiostream.c.o
                0x08007518                xcpDrvOpen
 .text.xcpDrvIoctl
                0x0800757c       0x4c xcp_drv_rtiostream.c.o
                0x0800757c                xcpDrvIoctl
 .text.xcpDrvSend
                0x080075c8      0x14c xcp_drv_rtiostream.c.o
                0x080075c8                xcpDrvSend
 .text.xcpDrvRecv
                0x08007714      0x14c xcp_drv_rtiostream.c.o
                0x08007714                xcpDrvRecv
 .text.xcpDrvClose
                0x08007860       0x5c xcp_drv_rtiostream.c.o
                0x08007860                xcpDrvClose
 .text.xcpSortArray
                0x080078bc       0xcc xcp_utils.c.o
                0x080078bc                xcpSortArray
 .text.xcpSxiHtons
                0x08007988       0x18 xcp_frame_serial.c.o
 .text.xcpSxiNtohs
                0x080079a0       0x1c xcp_frame_serial.c.o
 .text.xcpSxiChecksum
                0x080079bc       0x3e xcp_frame_serial.c.o
                0x080079bc                xcpSxiChecksum
 *fill*         0x080079fa        0x2 
 .text.xcpFrameInit
                0x080079fc       0x70 xcp_frame_serial.c.o
                0x080079fc                xcpFrameInit
 .text.xcpFrameMsgSend
                0x08007a6c      0x188 xcp_frame_serial.c.o
                0x08007a6c                xcpFrameMsgSend
 .text.xcpFrameMsgRecv
                0x08007bf4      0x180 xcp_frame_serial.c.o
                0x08007bf4                xcpFrameMsgRecv
 .text.xcpFrameCreateMsg
                0x08007d74       0x94 xcp_frame_serial.c.o
                0x08007d74                xcpFrameCreateMsg
 .text.xcpFrameExtractPacket
                0x08007e08      0x158 xcp_frame_serial.c.o
                0x08007e08                xcpFrameExtractPacket
 .text.xcpFrameHeaderSize
                0x08007f60       0x10 xcp_frame_serial.c.o
                0x08007f60                xcpFrameHeaderSize
 .text.xcpFrameTailSize
                0x08007f70       0x10 xcp_frame_serial.c.o
                0x08007f70                xcpFrameTailSize
 .text.xcpFrameMaxDtoSize
                0x08007f80       0x12 xcp_frame_serial.c.o
                0x08007f80                xcpFrameMaxDtoSize
 .text.xcpFrameMaxCtoSize
                0x08007f92       0x10 xcp_frame_serial.c.o
                0x08007f92                xcpFrameMaxCtoSize
 *fill*         0x08007fa2        0x2 
 .text.xcpFrameRestart
                0x08007fa4       0x30 xcp_frame_serial.c.o
                0x08007fa4                xcpFrameRestart
 .text.xcpFrameSetCtoReservedMemPoolId
                0x08007fd4       0x20 xcp_frame_serial.c.o
                0x08007fd4                xcpFrameSetCtoReservedMemPoolId
 .text.xcpFrameReset
                0x08007ff4       0x70 xcp_frame_serial.c.o
                0x08007ff4                xcpFrameReset
 .text.xcpTransportGetInitParameters
                0x08008064       0x2e xcp_ext_param_default_serial.c.o
                0x08008064                xcpTransportGetInitParameters
 .text.xcpGetInitParameters
                0x08008092       0x2e xcp_ext_param_default_serial.c.o
                0x08008092                xcpGetInitParameters
 .text.HAL_Delay
                0x080080c0       0x2e overrideHALDelay.c.o
                0x080080c0                HAL_Delay
 *fill*         0x080080ee        0x2 
 .text.PeriphCommonClock_Config
                0x080080f0       0x10 platform_timer.c.o
                0x080080f0                PeriphCommonClock_Config
 .text.getCurrentTimestampInMicros
                0x08008100       0x40 platform_timer.c.o
                0x08008100                getCurrentTimestampInMicros
 .text.returnTimeElapsed
                0x08008140       0x2c platform_timer.c.o
                0x08008140                returnTimeElapsed
 .text.timestampInit
                0x0800816c       0x28 platform_timer.c.o
 .text.getCurrentTimestamp
                0x08008194       0x44 platform_timer.c.o
                0x08008194                getCurrentTimestamp
 .text.__NVIC_SetPriority
                0x080081d8       0x54 SysTickScheduler.c.o
 .text.SysTick_Config
                0x0800822c       0x44 SysTickScheduler.c.o
 .text.SysTick_Isr
                0x08008270       0x48 SysTickScheduler.c.o
 .text.SysTick_Handler
                0x080082b8       0x20 SysTickScheduler.c.o
                0x080082b8                SysTick_Handler
 .text.ARMCM_SysTick_Config
                0x080082d8       0xb0 SysTickScheduler.c.o
                0x080082d8                ARMCM_SysTick_Config
 .text.PendSV_Handler
                0x08008388       0x44 m3m4m4f_multitasking.c.o
                0x08008388                PendSV_Handler
 .text.SVC_Handler
                0x080083cc       0x58 m3m4m4f_multitasking.c.o
                0x080083cc                SVC_Handler
 .text.rtIOStreamOpen
                0x08008424       0x44 rtiostream_serial.c.o
                0x08008424                rtIOStreamOpen
 .text.rtIOStreamSend
                0x08008468       0x38 rtiostream_serial.c.o
                0x08008468                rtIOStreamSend
 .text.rtIOStreamRecv
                0x080084a0       0x48 rtiostream_serial.c.o
                0x080084a0                rtIOStreamRecv
 .text.rtIOStreamClose
                0x080084e8       0x20 rtiostream_serial.c.o
                0x080084e8                rtIOStreamClose
 .text.__NVIC_GetPriorityGrouping
                0x08008508       0x1c stm_usart.c.o
 .text.__NVIC_EnableIRQ
                0x08008524       0x3c stm_usart.c.o
 .text.__NVIC_SetPriority
                0x08008560       0x54 stm_usart.c.o
 .text.NVIC_EncodePriority
                0x080085b4       0x66 stm_usart.c.o
 *fill*         0x0800861a        0x2 
 .text.LL_DMA_EnableStream
                0x0800861c       0x40 stm_usart.c.o
 .text.LL_DMA_DisableStream
                0x0800865c       0x40 stm_usart.c.o
 .text.LL_DMA_GetMode
                0x0800869c       0x30 stm_usart.c.o
 .text.LL_DMA_SetDataLength
                0x080086cc       0x48 stm_usart.c.o
 .text.LL_DMA_GetDataLength
                0x08008714       0x2c stm_usart.c.o
 .text.LL_DMA_ConfigAddresses
                0x08008740       0x78 stm_usart.c.o
 .text.LL_DMA_IsActiveFlag_TC5
                0x080087b8       0x28 stm_usart.c.o
 .text.LL_DMA_ClearFlag_TC5
                0x080087e0       0x1c stm_usart.c.o
 .text.LL_DMA_EnableIT_TC
                0x080087fc       0x40 stm_usart.c.o
 .text.LL_DMA_DisableIT_TC
                0x0800883c       0x40 stm_usart.c.o
 .text.LL_DMA_IsEnabledIT_TC
                0x0800887c       0x38 stm_usart.c.o
 .text.LL_USART_Enable
                0x080088b4       0x20 stm_usart.c.o
 .text.LL_USART_Disable
                0x080088d4       0x20 stm_usart.c.o
 .text.LL_USART_IsActiveFlag_PE
                0x080088f4       0x26 stm_usart.c.o
 .text.LL_USART_IsActiveFlag_FE
                0x0800891a       0x26 stm_usart.c.o
 .text.LL_USART_IsActiveFlag_NE
                0x08008940       0x26 stm_usart.c.o
 .text.LL_USART_IsActiveFlag_ORE
                0x08008966       0x26 stm_usart.c.o
 .text.LL_USART_IsActiveFlag_TC
                0x0800898c       0x26 stm_usart.c.o
 .text.LL_USART_IsActiveFlag_TXE
                0x080089b2       0x26 stm_usart.c.o
 .text.LL_USART_ClearFlag_PE
                0x080089d8       0x24 stm_usart.c.o
 .text.LL_USART_ClearFlag_ORE
                0x080089fc       0x24 stm_usart.c.o
 .text.LL_USART_EnableIT_RXNE
                0x08008a20       0x46 stm_usart.c.o
 .text.LL_USART_EnableIT_PE
                0x08008a66       0x46 stm_usart.c.o
 .text.LL_USART_EnableIT_ERROR
                0x08008aac       0x46 stm_usart.c.o
 .text.LL_USART_DisableIT_IDLE
                0x08008af2       0x46 stm_usart.c.o
 .text.LL_USART_DisableIT_RXNE
                0x08008b38       0x46 stm_usart.c.o
 .text.LL_USART_DisableIT_TXE
                0x08008b7e       0x46 stm_usart.c.o
 .text.LL_USART_DisableIT_PE
                0x08008bc4       0x46 stm_usart.c.o
 .text.LL_USART_DisableIT_ERROR
                0x08008c0a       0x46 stm_usart.c.o
 .text.LL_USART_EnableDMAReq_RX
                0x08008c50       0x46 stm_usart.c.o
 .text.LL_USART_DisableDMAReq_RX
                0x08008c96       0x46 stm_usart.c.o
 .text.LL_USART_EnableDMAReq_TX
                0x08008cdc       0x46 stm_usart.c.o
 .text.LL_USART_DisableDMAReq_TX
                0x08008d22       0x46 stm_usart.c.o
 .text.LL_USART_DMA_GetRegAddr
                0x08008d68       0x18 stm_usart.c.o
 .text.LL_USART_ReceiveData8
                0x08008d80       0x1a stm_usart.c.o
 .text.LL_USART_TransmitData8
                0x08008d9a       0x1e stm_usart.c.o
 .text.getAvailableDataInBuffer
                0x08008db8       0xcc stm_usart.c.o
                0x08008db8                getAvailableDataInBuffer
 .text.getBytesToBeReadFromBuffer
                0x08008e84       0x6e stm_usart.c.o
                0x08008e84                getBytesToBeReadFromBuffer
 .text.readDataFromBuffer
                0x08008ef2       0xcc stm_usart.c.o
                0x08008ef2                readDataFromBuffer
 .text.UART_RXDMAInterruptHandler
                0x08008fbe       0xd4 stm_usart.c.o
                0x08008fbe                UART_RXDMAInterruptHandler
 .text.UART_IsActiveFlagError
                0x08009092       0xe0 stm_usart.c.o
                0x08009092                UART_IsActiveFlagError
 *fill*         0x08009172        0x2 
 .text.USART2_IRQHandler
                0x08009174       0x14 stm_usart.c.o
                0x08009174                USART2_IRQHandler
 .text.DMA1_Stream5_IRQHandler
                0x08009188       0x20 stm_usart.c.o
                0x08009188                DMA1_Stream5_IRQHandler
 .text.UART_ConfigureReceiveDMA
                0x080091a8       0x88 stm_usart.c.o
                0x080091a8                UART_ConfigureReceiveDMA
 .text.UART_ConfigureTransmitDMA
                0x08009230       0x54 stm_usart.c.o
                0x08009230                UART_ConfigureTransmitDMA
 .text.getReadErrorStatus
                0x08009284       0xc8 stm_usart.c.o
                0x08009284                getReadErrorStatus
 .text.MW_UART_Initialize
                0x0800934c      0x198 stm_usart.c.o
                0x0800934c                MW_UART_Initialize
 .text.MW_UART_ReceiveUsingBuffer
                0x080094e4       0x5c stm_usart.c.o
                0x080094e4                MW_UART_ReceiveUsingBuffer
 .text.MW_UART_TransmitUsingPolling
                0x08009540      0x184 stm_usart.c.o
                0x08009540                MW_UART_TransmitUsingPolling
 .text.MW_UART_DeInit
                0x080096c4       0xaa stm_usart.c.o
                0x080096c4                MW_UART_DeInit
 .text.sys_arch_protect_arm
                0x0800976e       0x22 sys_arch_arm.c.o
                0x0800976e                sys_arch_protect_arm
 .text.sys_arch_unprotect_arm
                0x08009790       0x20 sys_arch_arm.c.o
                0x08009790                sys_arch_unprotect_arm
 .text.__NVIC_GetPriorityGrouping
                0x080097b0       0x1c main.c.o
 .text.__NVIC_EnableIRQ
                0x080097cc       0x3c main.c.o
 .text.__NVIC_SetPriority
                0x08009808       0x54 main.c.o
 .text.NVIC_EncodePriority
                0x0800985c       0x66 main.c.o
 *fill*         0x080098c2        0x2 
 .text.LL_DMA_SetDataTransferDirection
                0x080098c4       0x48 main.c.o
 .text.LL_DMA_SetMode
                0x0800990c       0x48 main.c.o
 .text.LL_DMA_SetPeriphIncMode
                0x08009954       0x48 main.c.o
 .text.LL_DMA_SetMemoryIncMode
                0x0800999c       0x48 main.c.o
 .text.LL_DMA_SetPeriphSize
                0x080099e4       0x48 main.c.o
 .text.LL_DMA_SetMemorySize
                0x08009a2c       0x48 main.c.o
 .text.LL_DMA_SetStreamPriorityLevel
                0x08009a74       0x48 main.c.o
 .text.LL_DMA_SetChannelSelection
                0x08009abc       0x48 main.c.o
 .text.LL_DMA_DisableFifoMode
                0x08009b04       0x40 main.c.o
 .text.LL_RCC_HSI_Enable
                0x08009b44       0x20 main.c.o
 .text.LL_RCC_HSI_IsReady
                0x08009b64       0x24 main.c.o
 .text.LL_RCC_HSI_SetCalibTrimming
                0x08009b88       0x2c main.c.o
 .text.LL_RCC_SetSysClkSource
                0x08009bb4       0x28 main.c.o
 .text.LL_RCC_GetSysClkSource
                0x08009bdc       0x1c main.c.o
 .text.LL_RCC_SetAHBPrescaler
                0x08009bf8       0x28 main.c.o
 .text.LL_RCC_SetAPB1Prescaler
                0x08009c20       0x28 main.c.o
 .text.LL_RCC_SetAPB2Prescaler
                0x08009c48       0x28 main.c.o
 .text.LL_RCC_SetTIMPrescaler
                0x08009c70       0x2c main.c.o
 .text.LL_RCC_PLL_Enable
                0x08009c9c       0x20 main.c.o
 .text.LL_RCC_PLL_IsReady
                0x08009cbc       0x28 main.c.o
 .text.LL_RCC_PLL_ConfigDomain_SYS
                0x08009ce4       0x5c main.c.o
 .text.LL_AHB1_GRP1_EnableClock
                0x08009d40       0x30 main.c.o
 .text.LL_APB1_GRP1_EnableClock
                0x08009d70       0x30 main.c.o
 .text.LL_APB2_GRP1_EnableClock
                0x08009da0       0x30 main.c.o
 .text.LL_SYSCFG_SetEXTISource
                0x08009dd0       0x6c main.c.o
 .text.LL_FLASH_SetLatency
                0x08009e3c       0x28 main.c.o
 .text.LL_FLASH_GetLatency
                0x08009e64       0x1c main.c.o
 .text.LL_PWR_DisableOverDriveMode
                0x08009e80       0x20 main.c.o
 .text.LL_PWR_SetRegulVoltageScaling
                0x08009ea0       0x28 main.c.o
 .text.LL_PWR_IsActiveFlag_VOS
                0x08009ec8       0x28 main.c.o
 .text.LL_SPI_SetStandard
                0x08009ef0       0x26 main.c.o
 .text.LL_USART_Enable
                0x08009f16       0x20 main.c.o
 .text.LL_USART_ConfigAsyncMode
                0x08009f36       0x2c main.c.o
 .text.LL_GPIO_SetPinMode
                0x08009f62       0x7a main.c.o
 .text.LL_GPIO_SetPinPull
                0x08009fdc       0x7a main.c.o
 .text.LL_GPIO_ResetOutputPin
                0x0800a056       0x1e main.c.o
 .text.SystemClock_Config
                0x0800a074       0xb0 main.c.o
                0x0800a074                SystemClock_Config
 .text.MX_SPI1_Init
                0x0800a124       0xa4 main.c.o
                0x0800a124                MX_SPI1_Init
 .text.MX_USART2_UART_Init
                0x0800a1c8      0x100 main.c.o
                0x0800a1c8                MX_USART2_UART_Init
 .text.MX_DMA_Init
                0x0800a2c8       0x30 main.c.o
                0x0800a2c8                MX_DMA_Init
 .text.MX_GPIO_Init
                0x0800a2f8       0xb0 main.c.o
                0x0800a2f8                MX_GPIO_Init
 .text.HAL_TIM_PeriodElapsedCallback
                0x0800a3a8       0x24 main.c.o
                0x0800a3a8                HAL_TIM_PeriodElapsedCallback
 .text.Error_Handler
                0x0800a3cc        0xc main.c.o
                0x0800a3cc                Error_Handler
 .text.NMI_Handler
                0x0800a3d8        0x8 stm32f4xx_it.c.o
                0x0800a3d8                NMI_Handler
 .text.HardFault_Handler
                0x0800a3e0        0x8 stm32f4xx_it.c.o
                0x0800a3e0                HardFault_Handler
 .text.MemManage_Handler
                0x0800a3e8        0x8 stm32f4xx_it.c.o
                0x0800a3e8                MemManage_Handler
 .text.BusFault_Handler
                0x0800a3f0        0x8 stm32f4xx_it.c.o
                0x0800a3f0                BusFault_Handler
 .text.UsageFault_Handler
                0x0800a3f8        0x8 stm32f4xx_it.c.o
                0x0800a3f8                UsageFault_Handler
 .text.DebugMon_Handler
                0x0800a400        0xe stm32f4xx_it.c.o
                0x0800a400                DebugMon_Handler
 *fill*         0x0800a40e        0x2 
 .text.TIM5_IRQHandler
                0x0800a410       0x14 stm32f4xx_it.c.o
                0x0800a410                TIM5_IRQHandler
 .text.HAL_MspInit
                0x0800a424       0x50 stm32f4xx_hal_msp.c.o
                0x0800a424                HAL_MspInit
 .text.HAL_InitTick
                0x0800a474       0xf8 stm32f4xx_hal_timebase_tim.c.o
                0x0800a474                HAL_InitTick
 .text.HAL_TIM_Base_Init
                0x0800a56c       0x9e stm32f4xx_hal_tim.c.o
                0x0800a56c                HAL_TIM_Base_Init
 .text.HAL_TIM_Base_MspInit
                0x0800a60a       0x14 stm32f4xx_hal_tim.c.o
                0x0800a60a                HAL_TIM_Base_MspInit
 *fill*         0x0800a61e        0x2 
 .text.HAL_TIM_Base_Start_IT
                0x0800a620       0xe0 stm32f4xx_hal_tim.c.o
                0x0800a620                HAL_TIM_Base_Start_IT
 .text.HAL_TIM_IRQHandler
                0x0800a700      0x1e0 stm32f4xx_hal_tim.c.o
                0x0800a700                HAL_TIM_IRQHandler
 .text.HAL_TIM_OC_DelayElapsedCallback
                0x0800a8e0       0x14 stm32f4xx_hal_tim.c.o
                0x0800a8e0                HAL_TIM_OC_DelayElapsedCallback
 .text.HAL_TIM_IC_CaptureCallback
                0x0800a8f4       0x14 stm32f4xx_hal_tim.c.o
                0x0800a8f4                HAL_TIM_IC_CaptureCallback
 .text.HAL_TIM_PWM_PulseFinishedCallback
                0x0800a908       0x14 stm32f4xx_hal_tim.c.o
                0x0800a908                HAL_TIM_PWM_PulseFinishedCallback
 .text.HAL_TIM_TriggerCallback
                0x0800a91c       0x14 stm32f4xx_hal_tim.c.o
                0x0800a91c                HAL_TIM_TriggerCallback
 .text.TIM_Base_SetConfig
                0x0800a930      0x158 stm32f4xx_hal_tim.c.o
                0x0800a930                TIM_Base_SetConfig
 .text.HAL_TIMEx_CommutCallback
                0x0800aa88       0x14 stm32f4xx_hal_tim_ex.c.o
                0x0800aa88                HAL_TIMEx_CommutCallback
 .text.HAL_TIMEx_BreakCallback
                0x0800aa9c       0x14 stm32f4xx_hal_tim_ex.c.o
                0x0800aa9c                HAL_TIMEx_BreakCallback
 .text.LL_GPIO_SetPinMode
                0x0800aab0       0x7a stm32f4xx_ll_gpio.c.o
 .text.LL_GPIO_SetPinOutputType
                0x0800ab2a       0x30 stm32f4xx_ll_gpio.c.o
 .text.LL_GPIO_SetPinSpeed
                0x0800ab5a       0x7a stm32f4xx_ll_gpio.c.o
 .text.LL_GPIO_SetPinPull
                0x0800abd4       0x7a stm32f4xx_ll_gpio.c.o
 .text.LL_GPIO_SetAFPin_0_7
                0x0800ac4e       0x7a stm32f4xx_ll_gpio.c.o
 .text.LL_GPIO_SetAFPin_8_15
                0x0800acc8       0x7e stm32f4xx_ll_gpio.c.o
 .text.LL_GPIO_Init
                0x0800ad46      0x102 stm32f4xx_ll_gpio.c.o
                0x0800ad46                LL_GPIO_Init
 .text.LL_SPI_IsEnabled
                0x0800ae48       0x26 stm32f4xx_ll_spi.c.o
 .text.LL_SPI_SetCRCPolynomial
                0x0800ae6e       0x20 stm32f4xx_ll_spi.c.o
 .text.LL_SPI_Init
                0x0800ae8e       0xa4 stm32f4xx_ll_spi.c.o
                0x0800ae8e                LL_SPI_Init
 *fill*         0x0800af32        0x2 
 .text.LL_RCC_GetSysClkSource
                0x0800af34       0x1c stm32f4xx_ll_rcc.c.o
 .text.LL_RCC_GetAHBPrescaler
                0x0800af50       0x1c stm32f4xx_ll_rcc.c.o
 .text.LL_RCC_GetAPB1Prescaler
                0x0800af6c       0x1c stm32f4xx_ll_rcc.c.o
 .text.LL_RCC_GetAPB2Prescaler
                0x0800af88       0x1c stm32f4xx_ll_rcc.c.o
 .text.LL_RCC_PLL_GetMainSource
                0x0800afa4       0x1c stm32f4xx_ll_rcc.c.o
 .text.LL_RCC_PLL_GetN
                0x0800afc0       0x1c stm32f4xx_ll_rcc.c.o
 .text.LL_RCC_PLL_GetP
                0x0800afdc       0x1c stm32f4xx_ll_rcc.c.o
 .text.LL_RCC_PLL_GetR
                0x0800aff8       0x1c stm32f4xx_ll_rcc.c.o
 .text.LL_RCC_PLL_GetDivider
                0x0800b014       0x1c stm32f4xx_ll_rcc.c.o
 .text.LL_RCC_GetSystemClocksFreq
                0x0800b030       0x4a stm32f4xx_ll_rcc.c.o
                0x0800b030                LL_RCC_GetSystemClocksFreq
 *fill*         0x0800b07a        0x2 
 .text.RCC_GetSystemClockFreq
                0x0800b07c       0x88 stm32f4xx_ll_rcc.c.o
                0x0800b07c                RCC_GetSystemClockFreq
 .text.RCC_GetHCLKClockFreq
                0x0800b104       0x2c stm32f4xx_ll_rcc.c.o
                0x0800b104                RCC_GetHCLKClockFreq
 .text.RCC_GetPCLK1ClockFreq
                0x0800b130       0x28 stm32f4xx_ll_rcc.c.o
                0x0800b130                RCC_GetPCLK1ClockFreq
 .text.RCC_GetPCLK2ClockFreq
                0x0800b158       0x28 stm32f4xx_ll_rcc.c.o
                0x0800b158                RCC_GetPCLK2ClockFreq
 .text.RCC_PLL_GetFreqDomain_SYS
                0x0800b180       0xa4 stm32f4xx_ll_rcc.c.o
                0x0800b180                RCC_PLL_GetFreqDomain_SYS
 .text.LL_SetSystemCoreClock
                0x0800b224       0x20 stm32f4xx_ll_utils.c.o
                0x0800b224                LL_SetSystemCoreClock
 .text.LL_EXTI_EnableIT_0_31
                0x0800b244       0x24 stm32f4xx_ll_exti.c.o
 .text.LL_EXTI_DisableIT_0_31
                0x0800b268       0x28 stm32f4xx_ll_exti.c.o
 .text.LL_EXTI_EnableEvent_0_31
                0x0800b290       0x24 stm32f4xx_ll_exti.c.o
 .text.LL_EXTI_DisableEvent_0_31
                0x0800b2b4       0x28 stm32f4xx_ll_exti.c.o
 .text.LL_EXTI_EnableRisingTrig_0_31
                0x0800b2dc       0x24 stm32f4xx_ll_exti.c.o
 .text.LL_EXTI_DisableRisingTrig_0_31
                0x0800b300       0x28 stm32f4xx_ll_exti.c.o
 .text.LL_EXTI_EnableFallingTrig_0_31
                0x0800b328       0x24 stm32f4xx_ll_exti.c.o
 .text.LL_EXTI_DisableFallingTrig_0_31
                0x0800b34c       0x28 stm32f4xx_ll_exti.c.o
 .text.LL_EXTI_Init
                0x0800b374       0xfe stm32f4xx_ll_exti.c.o
                0x0800b374                LL_EXTI_Init
 *fill*         0x0800b472        0x2 
 .text.HAL_RCC_GetHCLKFreq
                0x0800b474       0x18 stm32f4xx_hal_rcc.c.o
                0x0800b474                HAL_RCC_GetHCLKFreq
 .text.HAL_RCC_GetPCLK1Freq
                0x0800b48c       0x28 stm32f4xx_hal_rcc.c.o
                0x0800b48c                HAL_RCC_GetPCLK1Freq
 .text.HAL_RCC_GetClockConfig
                0x0800b4b4       0x64 stm32f4xx_hal_rcc.c.o
                0x0800b4b4                HAL_RCC_GetClockConfig
 .text.__NVIC_SetPriorityGrouping
                0x0800b518       0x48 stm32f4xx_hal_cortex.c.o
 .text.__NVIC_GetPriorityGrouping
                0x0800b560       0x1c stm32f4xx_hal_cortex.c.o
 .text.__NVIC_EnableIRQ
                0x0800b57c       0x3c stm32f4xx_hal_cortex.c.o
 .text.__NVIC_SetPriority
                0x0800b5b8       0x54 stm32f4xx_hal_cortex.c.o
 .text.NVIC_EncodePriority
                0x0800b60c       0x66 stm32f4xx_hal_cortex.c.o
 .text.HAL_NVIC_SetPriorityGrouping
                0x0800b672       0x16 stm32f4xx_hal_cortex.c.o
                0x0800b672                HAL_NVIC_SetPriorityGrouping
 .text.HAL_NVIC_SetPriority
                0x0800b688       0x38 stm32f4xx_hal_cortex.c.o
                0x0800b688                HAL_NVIC_SetPriority
 .text.HAL_NVIC_EnableIRQ
                0x0800b6c0       0x1c stm32f4xx_hal_cortex.c.o
                0x0800b6c0                HAL_NVIC_EnableIRQ
 .text.HAL_Init
                0x0800b6dc       0x44 stm32f4xx_hal.c.o
                0x0800b6dc                HAL_Init
 .text.HAL_IncTick
                0x0800b720       0x28 stm32f4xx_hal.c.o
                0x0800b720                HAL_IncTick
 .text.HAL_GetTick
                0x0800b748       0x18 stm32f4xx_hal.c.o
                0x0800b748                HAL_GetTick
 .text.LL_USART_IsEnabled
                0x0800b760       0x28 stm32f4xx_ll_usart.c.o
 .text.LL_USART_SetStopBitsLength
                0x0800b788       0x26 stm32f4xx_ll_usart.c.o
 .text.LL_USART_SetHWFlowCtrl
                0x0800b7ae       0x26 stm32f4xx_ll_usart.c.o
 .text.LL_USART_SetBaudRate
                0x0800b7d4      0x45c stm32f4xx_ll_usart.c.o
 .text.LL_USART_Init
                0x0800bc30      0x100 stm32f4xx_ll_usart.c.o
                0x0800bc30                LL_USART_Init
 .text.SystemInit
                0x0800bd30       0x24 system_stm32f4xx.c.o
                0x0800bd30                SystemInit
 .text.Reset_Handler
                0x0800bd54       0x50 startup_stm32f446retx.s.o
                0x0800bd54                Reset_Handler
 .text.Default_Handler
                0x0800bda4        0x2 startup_stm32f446retx.s.o
                0x0800bda4                RTC_Alarm_IRQHandler
                0x0800bda4                EXTI2_IRQHandler
                0x0800bda4                TIM8_CC_IRQHandler
                0x0800bda4                FMPI2C1_EV_IRQHandler
                0x0800bda4                SPI4_IRQHandler
                0x0800bda4                TIM1_CC_IRQHandler
                0x0800bda4                DMA2_Stream5_IRQHandler
                0x0800bda4                PVD_IRQHandler
                0x0800bda4                SDIO_IRQHandler
                0x0800bda4                TAMP_STAMP_IRQHandler
                0x0800bda4                CAN2_RX1_IRQHandler
                0x0800bda4                EXTI3_IRQHandler
                0x0800bda4                TIM8_TRG_COM_TIM14_IRQHandler
                0x0800bda4                TIM1_UP_TIM10_IRQHandler
                0x0800bda4                TIM8_UP_TIM13_IRQHandler
                0x0800bda4                I2C3_ER_IRQHandler
                0x0800bda4                EXTI0_IRQHandler
                0x0800bda4                I2C2_EV_IRQHandler
                0x0800bda4                DMA1_Stream2_IRQHandler
                0x0800bda4                CAN1_RX0_IRQHandler
                0x0800bda4                FPU_IRQHandler
                0x0800bda4                OTG_HS_WKUP_IRQHandler
                0x0800bda4                CAN2_SCE_IRQHandler
                0x0800bda4                DMA2_Stream2_IRQHandler
                0x0800bda4                SPI1_IRQHandler
                0x0800bda4                TIM6_DAC_IRQHandler
                0x0800bda4                TIM1_BRK_TIM9_IRQHandler
                0x0800bda4                DCMI_IRQHandler
                0x0800bda4                CAN2_RX0_IRQHandler
                0x0800bda4                DMA2_Stream3_IRQHandler
                0x0800bda4                SAI2_IRQHandler
                0x0800bda4                USART6_IRQHandler
                0x0800bda4                USART3_IRQHandler
                0x0800bda4                CAN1_RX1_IRQHandler
                0x0800bda4                UART5_IRQHandler
                0x0800bda4                DMA2_Stream0_IRQHandler
                0x0800bda4                TIM4_IRQHandler
                0x0800bda4                QUADSPI_IRQHandler
                0x0800bda4                I2C1_EV_IRQHandler
                0x0800bda4                DMA1_Stream6_IRQHandler
                0x0800bda4                DMA1_Stream1_IRQHandler
                0x0800bda4                UART4_IRQHandler
                0x0800bda4                TIM3_IRQHandler
                0x0800bda4                RCC_IRQHandler
                0x0800bda4                TIM8_BRK_TIM12_IRQHandler
                0x0800bda4                Default_Handler
                0x0800bda4                CEC_IRQHandler
                0x0800bda4                EXTI15_10_IRQHandler
                0x0800bda4                ADC_IRQHandler
                0x0800bda4                DMA1_Stream7_IRQHandler
                0x0800bda4                TIM7_IRQHandler
                0x0800bda4                CAN2_TX_IRQHandler
                0x0800bda4                DMA2_Stream7_IRQHandler
                0x0800bda4                I2C3_EV_IRQHandler
                0x0800bda4                EXTI9_5_IRQHandler
                0x0800bda4                RTC_WKUP_IRQHandler
                0x0800bda4                SPDIF_RX_IRQHandler
                0x0800bda4                SPI2_IRQHandler
                0x0800bda4                OTG_HS_EP1_IN_IRQHandler
                0x0800bda4                DMA1_Stream0_IRQHandler
                0x0800bda4                CAN1_TX_IRQHandler
                0x0800bda4                FMPI2C1_ER_IRQHandler
                0x0800bda4                EXTI4_IRQHandler
                0x0800bda4                OTG_HS_EP1_OUT_IRQHandler
                0x0800bda4                WWDG_IRQHandler
                0x0800bda4                TIM2_IRQHandler
                0x0800bda4                OTG_FS_WKUP_IRQHandler
                0x0800bda4                TIM1_TRG_COM_TIM11_IRQHandler
                0x0800bda4                OTG_HS_IRQHandler
                0x0800bda4                EXTI1_IRQHandler
                0x0800bda4                I2C2_ER_IRQHandler
                0x0800bda4                DMA2_Stream1_IRQHandler
                0x0800bda4                CAN1_SCE_IRQHandler
                0x0800bda4                FLASH_IRQHandler
                0x0800bda4                DMA2_Stream4_IRQHandler
                0x0800bda4                USART1_IRQHandler
                0x0800bda4                OTG_FS_IRQHandler
                0x0800bda4                SPI3_IRQHandler
                0x0800bda4                DMA1_Stream4_IRQHandler
                0x0800bda4                I2C1_ER_IRQHandler
                0x0800bda4                FMC_IRQHandler
                0x0800bda4                DMA2_Stream6_IRQHandler
                0x0800bda4                SAI1_IRQHandler
                0x0800bda4                DMA1_Stream3_IRQHandler
 *fill*         0x0800bda6        0x2 
 .text.fmod     0x0800bda8       0x6c C:/ProgramData/MATLAB/SupportPackages/R2025b/3P.instrset/gnuarm-armcortex.instrset/win/bin/../lib/gcc/arm-none-eabi/13.2.1/thumb/v7e-m+fp/hard\libm.a(libm_a-w_fmod.o)
                0x0800bda8                fmod
 .text.__ieee754_fmod
                0x0800be14      0x30c C:/ProgramData/MATLAB/SupportPackages/R2025b/3P.instrset/gnuarm-armcortex.instrset/win/bin/../lib/gcc/arm-none-eabi/13.2.1/thumb/v7e-m+fp/hard\libm.a(libm_a-e_fmod.o)
                0x0800be14                __ieee754_fmod
 .text.__udivmoddi4
                0x0800c120      0x2bc C:/ProgramData/MATLAB/SupportPackages/R2025b/3P.instrset/gnuarm-armcortex.instrset/win/bin/../lib/gcc/arm-none-eabi/13.2.1/thumb/v7e-m+fp/hard\libgcc.a(_udivmoddi4.o)
                0x0800c120                __udivmoddi4
 .text.memset   0x0800c3dc       0x10 C:/ProgramData/MATLAB/SupportPackages/R2025b/3P.instrset/gnuarm-armcortex.instrset/win/bin/../lib/gcc/arm-none-eabi/13.2.1/thumb/v7e-m+fp/hard\libg_nano.a(libc_a-memset.o)
                0x0800c3dc                memset
 .text.__errno  0x0800c3ec        0xc C:/ProgramData/MATLAB/SupportPackages/R2025b/3P.instrset/gnuarm-armcortex.instrset/win/bin/../lib/gcc/arm-none-eabi/13.2.1/thumb/v7e-m+fp/hard\libg_nano.a(libc_a-errno.o)
                0x0800c3ec                __errno
 .text.__libc_init_array
                0x0800c3f8       0x48 C:/ProgramData/MATLAB/SupportPackages/R2025b/3P.instrset/gnuarm-armcortex.instrset/win/bin/../lib/gcc/arm-none-eabi/13.2.1/thumb/v7e-m+fp/hard\libg_nano.a(libc_a-init.o)
                0x0800c3f8                __libc_init_array
 .text.memcpy   0x0800c440       0x1c C:/ProgramData/MATLAB/SupportPackages/R2025b/3P.instrset/gnuarm-armcortex.instrset/win/bin/../lib/gcc/arm-none-eabi/13.2.1/thumb/v7e-m+fp/hard\libg_nano.a(libc_a-memcpy-stub.o)
                0x0800c440                memcpy
 *(.glue_7)
 .glue_7        0x0800c45c        0x0 linker stubs
 *(.glue_7t)
 .glue_7t       0x0800c45c        0x0 linker stubs
 *(.eh_frame)
 .eh_frame      0x0800c45c        0x0 C:/ProgramData/MATLAB/SupportPackages/R2025b/3P.instrset/gnuarm-armcortex.instrset/win/bin/../lib/gcc/arm-none-eabi/13.2.1/thumb/v7e-m+fp/hard/crtbegin.o
 *(.init)
 .init          0x0800c45c        0x4 C:/ProgramData/MATLAB/SupportPackages/R2025b/3P.instrset/gnuarm-armcortex.instrset/win/bin/../lib/gcc/arm-none-eabi/13.2.1/thumb/v7e-m+fp/hard/crti.o
                0x0800c45c                _init
 .init          0x0800c460        0x8 C:/ProgramData/MATLAB/SupportPackages/R2025b/3P.instrset/gnuarm-armcortex.instrset/win/bin/../lib/gcc/arm-none-eabi/13.2.1/thumb/v7e-m+fp/hard/crtn.o
 *(.fini)
 .fini          0x0800c468        0x4 C:/ProgramData/MATLAB/SupportPackages/R2025b/3P.instrset/gnuarm-armcortex.instrset/win/bin/../lib/gcc/arm-none-eabi/13.2.1/thumb/v7e-m+fp/hard/crti.o
                0x0800c468                _fini
 .fini          0x0800c46c        0x8 C:/ProgramData/MATLAB/SupportPackages/R2025b/3P.instrset/gnuarm-armcortex.instrset/win/bin/../lib/gcc/arm-none-eabi/13.2.1/thumb/v7e-m+fp/hard/crtn.o
                0x0800c474                        . = ALIGN (0x4)
                0x0800c474                        _etext = .

.vfp11_veneer   0x0800c474        0x0
 .vfp11_veneer  0x0800c474        0x0 linker stubs

.v4_bx          0x0800c474        0x0
 .v4_bx         0x0800c474        0x0 linker stubs

.iplt           0x0800c474        0x0
 .iplt          0x0800c474        0x0 C:/ProgramData/MATLAB/SupportPackages/R2025b/3P.instrset/gnuarm-armcortex.instrset/win/bin/../lib/gcc/arm-none-eabi/13.2.1/thumb/v7e-m+fp/hard/crtbegin.o

.rodata         0x0800c478     0x29d8
                0x0800c478                        . = ALIGN (0x4)
 *(.rodata)
 .rodata        0x0800c478      0x2b9 xcp_ext_mode.c.o
 *fill*         0x0800c731        0x3 
 .rodata        0x0800c734      0x12e xcp_ext_common.c.o
 *fill*         0x0800c862        0x2 
 .rodata        0x0800c864       0x4c xcp_ext_classic_trigger.c.o
 .rodata        0x0800c8b0      0x278 xcp.c.o
 .rodata        0x0800cb28      0x3a9 xcp_standard.c.o
 *fill*         0x0800ced1        0x3 
 .rodata        0x0800ced4     0x1010 xcp_daq.c.o
 .rodata        0x0800dee4       0xdd xcp_calibration.c.o
 *fill*         0x0800dfc1        0x3 
 .rodata        0x0800dfc4      0x56e xcp_transport.c.o
 *fill*         0x0800e532        0x2 
 .rodata        0x0800e534       0xf5 xcp_mem_default.c.o
 *fill*         0x0800e629        0x3 
 .rodata        0x0800e62c      0x228 xcp_drv_rtiostream.c.o
 .rodata        0x0800e854      0x4aa xcp_frame_serial.c.o
 *(.rodata*)
 *fill*         0x0800ecfe        0x2 
 .rodata.STREAM_OFFSET_TAB
                0x0800ed00        0x8 mw_stm32_spi_ll.c.o
 .rodata.Debug_STEVAL_BMS_114_M
                0x0800ed08        0x4 Debug_STEVAL_BMS_114.c.o
                0x0800ed08                Debug_STEVAL_BMS_114_M
 .rodata.rtAlwaysEnabled.0
                0x0800ed0c        0x1 Debug_STEVAL_BMS_114.c.o
 *fill*         0x0800ed0d        0x3 
 .rodata.standardSupportedRxPacket
                0x0800ed10       0x54 xcp_standard.c.o
 .rodata.daqSupportedRxPacket
                0x0800ed64       0x9c xcp_daq.c.o
 .rodata.calibrationSupportedRxPacket
                0x0800ee00       0x18 xcp_calibration.c.o
 .rodata.STREAM_OFFSET_TAB
                0x0800ee18        0x8 stm_usart.c.o
 .rodata.STREAM_OFFSET_TAB
                0x0800ee20        0x8 main.c.o
 .rodata.AHBPrescTable
                0x0800ee28       0x10 system_stm32f4xx.c.o
                0x0800ee28                AHBPrescTable
 .rodata.APBPrescTable
                0x0800ee38        0x8 system_stm32f4xx.c.o
                0x0800ee38                APBPrescTable
 .rodata.Zero   0x0800ee40       0x10 C:/ProgramData/MATLAB/SupportPackages/R2025b/3P.instrset/gnuarm-armcortex.instrset/win/bin/../lib/gcc/arm-none-eabi/13.2.1/thumb/v7e-m+fp/hard\libm.a(libm_a-e_fmod.o)
                0x0800ee50                        . = ALIGN (0x4)

.ARM.extab      0x0800ee50        0x0
                0x0800ee50                        . = ALIGN (0x4)
 *(.ARM.extab* .gnu.linkonce.armextab.*)
                0x0800ee50                        . = ALIGN (0x4)

.ARM            0x0800ee50        0x8
                0x0800ee50                        . = ALIGN (0x4)
                0x0800ee50                        __exidx_start = .
 *(.ARM.exidx*)
 .ARM.exidx.text.__udivmoddi4
                0x0800ee50        0x8 C:/ProgramData/MATLAB/SupportPackages/R2025b/3P.instrset/gnuarm-armcortex.instrset/win/bin/../lib/gcc/arm-none-eabi/13.2.1/thumb/v7e-m+fp/hard\libgcc.a(_udivmoddi4.o)
                0x0800ee58                        __exidx_end = .
                0x0800ee58                        . = ALIGN (0x4)

.preinit_array  0x0800ee58        0x0
                0x0800ee58                        . = ALIGN (0x4)
                0x0800ee58                        PROVIDE (__preinit_array_start = .)
 *(.preinit_array*)
                0x0800ee58                        PROVIDE (__preinit_array_end = .)
                0x0800ee58                        . = ALIGN (0x4)

.init_array     0x0800ee58        0x4
                0x0800ee58                        . = ALIGN (0x4)
                0x0800ee58                        PROVIDE (__init_array_start = .)
 *(SORT_BY_NAME(.init_array.*))
 *(.init_array*)
 .init_array    0x0800ee58        0x4 C:/ProgramData/MATLAB/SupportPackages/R2025b/3P.instrset/gnuarm-armcortex.instrset/win/bin/../lib/gcc/arm-none-eabi/13.2.1/thumb/v7e-m+fp/hard/crtbegin.o
                0x0800ee5c                        PROVIDE (__init_array_end = .)
                0x0800ee5c                        . = ALIGN (0x4)

.fini_array     0x0800ee5c        0x4
                0x0800ee5c                        . = ALIGN (0x4)
                [!provide]                        PROVIDE (__fini_array_start = .)
 *(SORT_BY_NAME(.fini_array.*))
 *(.fini_array*)
 .fini_array    0x0800ee5c        0x4 C:/ProgramData/MATLAB/SupportPackages/R2025b/3P.instrset/gnuarm-armcortex.instrset/win/bin/../lib/gcc/arm-none-eabi/13.2.1/thumb/v7e-m+fp/hard/crtbegin.o
                [!provide]                        PROVIDE (__fini_array_end = .)
                0x0800ee60                        . = ALIGN (0x4)
                0x0800ee60                        _sidata = LOADADDR (.data)

.rel.dyn        0x0800ee60        0x0
 .rel.iplt      0x0800ee60        0x0 C:/ProgramData/MATLAB/SupportPackages/R2025b/3P.instrset/gnuarm-armcortex.instrset/win/bin/../lib/gcc/arm-none-eabi/13.2.1/thumb/v7e-m+fp/hard/crtbegin.o

.data           0x20000000       0xec load address 0x0800ee60
                0x20000000                        . = ALIGN (0x4)
                0x20000000                        _sdata = .
 *(.data)
 *(.data*)
 .data.Debug_STEVAL_BMS_114_P
                0x20000000        0x5 Debug_STEVAL_BMS_114_data.c.o
                0x20000000                Debug_STEVAL_BMS_114_P
 *fill*         0x20000005        0x3 
 .data.xcpExtmodeFinalSimulationTime
                0x20000008        0x8 xcp_ext_common.c.o
                0x20000008                xcpExtmodeFinalSimulationTime
 .data.xcpClassicTriggerDuration
                0x20000010        0x4 xcp_ext_classic_trigger.c.o
                0x20000010                xcpClassicTriggerDuration
 .data.xcpClassicTriggerArmRequest
                0x20000014        0x1 xcp_ext_classic_trigger.c.o
                0x20000014                xcpClassicTriggerArmRequest
 *fill*         0x20000015        0x3 
 .data.startStopDaqListId
                0x20000018        0x4 xcp_daq.c.o
 .data.xcpCurrentDaq
                0x2000001c        0x4 xcp_daq.c.o
 .data.xcpEventCustomMemoryManager
                0x20000020        0xc xcp_daq.c.o
 .data.xcpCtoReservedMemPoolId
                0x2000002c        0x4 xcp_transport.c.o
 .data.xcpMemMainBlockSizes
                0x20000030        0xc xcp_mem_default.c.o
 .data.xcpMemMainBlocksNumber
                0x2000003c        0xc xcp_mem_default.c.o
 .data.drvID    0x20000048        0x4 xcp_drv_rtiostream.c.o
 .data.xcpCtoReservedMemPoolId
                0x2000004c        0x4 xcp_frame_serial.c.o
 .data.uartObj  0x20000050       0x40 rtiostream_serial.c.o
                0x20000050                uartObj
 .data.uwTickPrio
                0x20000090        0x4 stm32f4xx_hal.c.o
                0x20000090                uwTickPrio
 .data.uwTickFreq
                0x20000094        0x1 stm32f4xx_hal.c.o
                0x20000094                uwTickFreq
 *fill*         0x20000095        0x3 
 .data.SystemCoreClock
                0x20000098        0x4 system_stm32f4xx.c.o
                0x20000098                SystemCoreClock
 .data._impure_ptr
                0x2000009c        0x4 C:/ProgramData/MATLAB/SupportPackages/R2025b/3P.instrset/gnuarm-armcortex.instrset/win/bin/../lib/gcc/arm-none-eabi/13.2.1/thumb/v7e-m+fp/hard\libg_nano.a(libc_a-impure.o)
                0x2000009c                _impure_ptr
 .data._impure_data
                0x200000a0       0x4c C:/ProgramData/MATLAB/SupportPackages/R2025b/3P.instrset/gnuarm-armcortex.instrset/win/bin/../lib/gcc/arm-none-eabi/13.2.1/thumb/v7e-m+fp/hard\libg_nano.a(libc_a-impure.o)
                0x200000a0                _impure_data
 *(.RamFunc)
 *(.RamFunc*)
                0x200000ec                        . = ALIGN (0x4)
                0x200000ec                        _edata = .

.tm_clone_table
                0x200000ec        0x0 load address 0x0800ef4c
 .tm_clone_table
                0x200000ec        0x0 C:/ProgramData/MATLAB/SupportPackages/R2025b/3P.instrset/gnuarm-armcortex.instrset/win/bin/../lib/gcc/arm-none-eabi/13.2.1/thumb/v7e-m+fp/hard/crtbegin.o
 .tm_clone_table
                0x200000ec        0x0 C:/ProgramData/MATLAB/SupportPackages/R2025b/3P.instrset/gnuarm-armcortex.instrset/win/bin/../lib/gcc/arm-none-eabi/13.2.1/thumb/v7e-m+fp/hard/crtend.o

.igot.plt       0x200000ec        0x0 load address 0x0800ef4c
 .igot.plt      0x200000ec        0x0 C:/ProgramData/MATLAB/SupportPackages/R2025b/3P.instrset/gnuarm-armcortex.instrset/win/bin/../lib/gcc/arm-none-eabi/13.2.1/thumb/v7e-m+fp/hard/crtbegin.o
                0x200000ec                        . = ALIGN (0x4)

.bss            0x200000f0     0x1084 load address 0x0800ef4c
                0x200000f0                        _sbss = .
                0x200000f0                        __bss_start__ = _sbss
 *(.bss)
 *(.bss*)
 .bss.completed.1
                0x200000f0        0x1 C:/ProgramData/MATLAB/SupportPackages/R2025b/3P.instrset/gnuarm-armcortex.instrset/win/bin/../lib/gcc/arm-none-eabi/13.2.1/thumb/v7e-m+fp/hard/crtbegin.o
 *fill*         0x200000f1        0x3 
 .bss.object.0  0x200000f4       0x18 C:/ProgramData/MATLAB/SupportPackages/R2025b/3P.instrset/gnuarm-armcortex.instrset/win/bin/../lib/gcc/arm-none-eabi/13.2.1/thumb/v7e-m+fp/hard/crtbegin.o
 .bss.mw_spi1   0x2000010c       0x58 mw_stm32_spi_ll.c.o
                0x2000010c                mw_spi1
 .bss.xcpCustomTriggerFunction
                0x20000164        0x8 xcp_ext_mode.c.o
 .bss.Debug_STEVAL_BMS_114_B
                0x2000016c        0x5 Debug_STEVAL_BMS_114.c.o
                0x2000016c                Debug_STEVAL_BMS_114_B
 *fill*         0x20000171        0x3 
 .bss.Debug_STEVAL_BMS_114_DW
                0x20000174       0x2c Debug_STEVAL_BMS_114.c.o
                0x20000174                Debug_STEVAL_BMS_114_DW
 .bss.Debug_STEVAL_BMS_114_M_
                0x200001a0       0x48 Debug_STEVAL_BMS_114.c.o
 .bss.rt_ExtModeInfo.2
                0x200001e8       0x14 Debug_STEVAL_BMS_114.c.o
 .bss.systemRan.1
                0x200001fc        0x8 Debug_STEVAL_BMS_114.c.o
 .bss.IsrOverrun
                0x20000204        0x4 ert_main.c.o
                0x20000204                IsrOverrun
 .bss.OverrunFlag
                0x20000208        0x1 ert_main.c.o
 .bss.stopRequested
                0x20000209        0x1 ert_main.c.o
                0x20000209                stopRequested
 .bss.runModel  0x2000020a        0x1 ert_main.c.o
                0x2000020a                runModel
 .bss.xcpModelStartRequest
                0x2000020b        0x1 xcp_ext_common.c.o
                0x2000020b                xcpModelStartRequest
 .bss.xcpModelStopRequest
                0x2000020c        0x1 xcp_ext_common.c.o
                0x2000020c                xcpModelStopRequest
 .bss.xcpModelStatus
                0x2000020d        0x1 xcp_ext_common.c.o
                0x2000020d                xcpModelStatus
 *fill*         0x2000020e        0x2 
 .bss.xcpModelChecksum0
                0x20000210        0x4 xcp_ext_common.c.o
                0x20000210                xcpModelChecksum0
 .bss.xcpModelChecksum1
                0x20000214        0x4 xcp_ext_common.c.o
                0x20000214                xcpModelChecksum1
 .bss.xcpModelChecksum2
                0x20000218        0x4 xcp_ext_common.c.o
                0x20000218                xcpModelChecksum2
 .bss.xcpModelChecksum3
                0x2000021c        0x4 xcp_ext_common.c.o
                0x2000021c                xcpModelChecksum3
 .bss.xcpModelIntegerCode
                0x20000220        0x4 xcp_ext_common.c.o
                0x20000220                xcpModelIntegerCode
 .bss.xcpExtmodeSimulationComplete
                0x20000224        0x1 xcp_ext_common.c.o
                0x20000224                xcpExtmodeSimulationComplete
 *fill*         0x20000225        0x3 
 .bss.xcpDummyDoubleVariable
                0x20000228        0x8 xcp_ext_common.c.o
                0x20000228                xcpDummyDoubleVariable
 .bss.xcpDummyUint64Variable
                0x20000230        0x8 xcp_ext_common.c.o
                0x20000230                xcpDummyUint64Variable
 .bss.xcpCurrentSimulationTimeInMs
                0x20000238        0x8 xcp_ext_common.c.o
                0x20000238                xcpCurrentSimulationTimeInMs
 .bss.xcpBaseRateSimulationTime
                0x20000240        0x8 xcp_ext_common.c.o
 .bss.xcpClassicTriggerEventId
                0x20000248        0x2 xcp_ext_classic_trigger.c.o
                0x20000248                xcpClassicTriggerEventId
 *fill*         0x2000024a        0x2 
 .bss.xcpClassicTriggerSignalAddress
                0x2000024c        0x4 xcp_ext_classic_trigger.c.o
                0x2000024c                xcpClassicTriggerSignalAddress
 .bss.xcpClassicTriggerSignalAddressExtension
                0x20000250        0x1 xcp_ext_classic_trigger.c.o
                0x20000250                xcpClassicTriggerSignalAddressExtension
 *fill*         0x20000251        0x7 
 .bss.xcpClassicTriggerLevel
                0x20000258        0x8 xcp_ext_classic_trigger.c.o
                0x20000258                xcpClassicTriggerLevel
 .bss.xcpClassicTriggerHoldOff
                0x20000260        0x4 xcp_ext_classic_trigger.c.o
                0x20000260                xcpClassicTriggerHoldOff
 .bss.xcpClassicTriggerDelay
                0x20000264        0x4 xcp_ext_classic_trigger.c.o
                0x20000264                xcpClassicTriggerDelay
 .bss.xcpClassicTriggerDirection
                0x20000268        0x1 xcp_ext_classic_trigger.c.o
                0x20000268                xcpClassicTriggerDirection
 .bss.xcpClassicTriggerCancelRequest
                0x20000269        0x1 xcp_ext_classic_trigger.c.o
                0x20000269                xcpClassicTriggerCancelRequest
 .bss.xcpClassicTriggerSource
                0x2000026a        0x1 xcp_ext_classic_trigger.c.o
                0x2000026a                xcpClassicTriggerSource
 .bss.xcpClassicTriggerMode
                0x2000026b        0x1 xcp_ext_classic_trigger.c.o
                0x2000026b                xcpClassicTriggerMode
 .bss.xcpClassicTriggerStatus
                0x2000026c        0x1 xcp_ext_classic_trigger.c.o
                0x2000026c                xcpClassicTriggerStatus
 *fill*         0x2000026d        0x3 
 .bss.xcpOldSignalValue
                0x20000270        0x8 xcp_ext_classic_trigger.c.o
 .bss.xcpOldSignalValueAvailable
                0x20000278        0x1 xcp_ext_classic_trigger.c.o
 .bss.xcpOldClassicTriggerSource
                0x20000279        0x1 xcp_ext_classic_trigger.c.o
 .bss.xcpTriggerEnabled
                0x2000027a        0x1 xcp_ext_classic_trigger.c.o
 .bss.xcpSignalTriggerFired
                0x2000027b        0x1 xcp_ext_classic_trigger.c.o
 .bss.xcpTriggerCount
                0x2000027c        0x4 xcp_ext_classic_trigger.c.o
 .bss.xcpForcedTriggerEnabled
                0x20000280        0x1 xcp_ext_classic_trigger.c.o
 .bss.xcpForceTriggerEnableRequest
                0x20000281        0x1 xcp_ext_classic_trigger.c.o
 .bss.initialized
                0x20000282        0x1 xcp.c.o
 .bss.xcpStatus
                0x20000283        0x1 xcp.c.o
 .bss.xcpSessionStatus
                0x20000284        0x1 xcp.c.o
 .bss.xcpResourceProtectionStatus
                0x20000285        0x1 xcp.c.o
 .bss.xcpSessionConfigurationId
                0x20000286        0x2 xcp.c.o
 .bss.groupPacketLookup
                0x20000288       0x10 xcp.c.o
 .bss.xcpMta    0x20000298        0x8 xcp_standard.c.o
 .bss.xcpUploadSize
                0x200002a0        0x1 xcp_standard.c.o
 *fill*         0x200002a1        0x3 
 .bss.packetLookup
                0x200002a4        0x4 xcp_standard.c.o
 .bss.xcpDynamicDaqLists
                0x200002a8        0x8 xcp_daq.c.o
 .bss.xcpRunningEventCounter
                0x200002b0        0x4 xcp_daq.c.o
 .bss.daqLock   0x200002b4        0x4 xcp_daq.c.o
 .bss.packetLookup
                0x200002b8        0x4 xcp_daq.c.o
 .bss.packetLookup
                0x200002bc        0x4 xcp_calibration.c.o
 .bss.txFifo    0x200002c0       0x10 xcp_transport.c.o
 .bss.txLock    0x200002d0        0x4 xcp_transport.c.o
 .bss.rxFifo    0x200002d4        0x8 xcp_transport.c.o
 .bss.rxLock    0x200002dc        0x4 xcp_transport.c.o
 .bss.initialized
                0x200002e0        0x1 xcp_transport.c.o
 *fill*         0x200002e1        0x3 
 .bss.xcpMemPoolDescriptors
                0x200002e4       0xc0 xcp_mem_default.c.o
 .bss.xcpMemCustomPoolDescriptors
                0x200003a4        0x8 xcp_mem_default.c.o
 .bss.xcpMemMainChunk
                0x200003ac      0x3a7 xcp_mem_default.c.o
 *fill*         0x20000753        0x1 
 .bss.xcpMemReservedPoolsChunk
                0x20000754      0x427 xcp_mem_default.c.o
 *fill*         0x20000b7b        0x1 
 .bss.xcpMemReservedPoolsChunkUsedBytes
                0x20000b7c        0x4 xcp_mem_default.c.o
 .bss.xcpMemLock
                0x20000b80        0x4 xcp_mem_default.c.o
 .bss.forceBlocking
                0x20000b84        0x1 xcp_drv_rtiostream.c.o
 *fill*         0x20000b85        0x1 
 .bss.txCounter
                0x20000b86        0x2 xcp_frame_serial.c.o
 .bss.rxCounter
                0x20000b88        0x2 xcp_frame_serial.c.o
 *fill*         0x20000b8a        0x2 
 .bss.firstRxCounterReceived
                0x20000b8c        0x4 xcp_frame_serial.c.o
 .bss.initialized
                0x20000b90        0x1 xcp_frame_serial.c.o
 *fill*         0x20000b91        0x3 
 .bss.timestampInitialized
                0x20000b94        0x4 platform_timer.c.o
 .bss.timestampStartTime
                0x20000b98        0x4 platform_timer.c.o
 .bss.schdl_counter
                0x20000b9c        0x4 SysTickScheduler.c.o
                0x20000b9c                schdl_counter
 .bss.schdl_counter_max
                0x20000ba0        0x4 SysTickScheduler.c.o
                0x20000ba0                schdl_counter_max
 .bss.taskToSchedule
                0x20000ba4        0x4 m3m4m4f_multitasking.c.o
                0x20000ba4                taskToSchedule
 .bss.mw_ext_h  0x20000ba8        0x4 rtiostream_serial.c.o
                0x20000ba8                mw_ext_h
 .bss.UARTRxBuffer
                0x20000bac        0x4 rtiostream_serial.c.o
                0x20000bac                UARTRxBuffer
 .bss.mw_usart2
                0x20000bb0       0x40 stm_usart.c.o
                0x20000bb0                mw_usart2
 .bss.USART2ReceiveBuffer
                0x20000bf0      0x400 stm_usart.c.o
                0x20000bf0                USART2ReceiveBuffer
 .bss.htim5     0x20000ff0       0x48 stm32f4xx_hal_timebase_tim.c.o
                0x20000ff0                htim5
 .bss.uwTick    0x20001038        0x4 stm32f4xx_hal.c.o
                0x20001038                uwTick
 .bss.__sf      0x2000103c      0x138 C:/ProgramData/MATLAB/SupportPackages/R2025b/3P.instrset/gnuarm-armcortex.instrset/win/bin/../lib/gcc/arm-none-eabi/13.2.1/thumb/v7e-m+fp/hard\libg_nano.a(libc_a-findfp.o)
                0x2000103c                __sf
 *(COMMON)
                0x20001174                        . = ALIGN (0x4)
                0x20001174                        _ebss = .
                0x20001174                        __bss_end__ = _ebss

._user_heap_stack
                0x20001174      0x604 load address 0x0800ef4c
                0x20001178                        . = ALIGN (0x8)
 *fill*         0x20001174        0x4 
                [!provide]                        PROVIDE (end = .)
                0x20001178                        PROVIDE (_end = .)
                0x20001378                        . = (. + _Min_Heap_Size)
 *fill*         0x20001178      0x200 
                0x20001778                        . = (. + _Min_Stack_Size)
 *fill*         0x20001378      0x400 
                0x20001778                        . = ALIGN (0x8)

/DISCARD/
 libc.a(*)
 libm.a(*)
 libgcc.a(*)

.ARM.attributes
                0x00000000       0x30
 *(.ARM.attributes)
 .ARM.attributes
                0x00000000       0x22 C:/ProgramData/MATLAB/SupportPackages/R2025b/3P.instrset/gnuarm-armcortex.instrset/win/bin/../lib/gcc/arm-none-eabi/13.2.1/thumb/v7e-m+fp/hard/crti.o
 .ARM.attributes
                0x00000022       0x34 C:/ProgramData/MATLAB/SupportPackages/R2025b/3P.instrset/gnuarm-armcortex.instrset/win/bin/../lib/gcc/arm-none-eabi/13.2.1/thumb/v7e-m+fp/hard/crtbegin.o
 .ARM.attributes
                0x00000056       0x34 mw_stm32_spi_ll.c.o
 .ARM.attributes
                0x0000008a       0x34 xcp_ext_mode.c.o
 .ARM.attributes
                0x000000be       0x34 Debug_STEVAL_BMS_114.c.o
 .ARM.attributes
                0x000000f2       0x34 Debug_STEVAL_BMS_114_data.c.o
 .ARM.attributes
                0x00000126       0x34 ert_main.c.o
 .ARM.attributes
                0x0000015a       0x34 xcp_ext_common.c.o
 .ARM.attributes
                0x0000018e       0x34 xcp_ext_classic_trigger.c.o
 .ARM.attributes
                0x000001c2       0x34 xcp.c.o
 .ARM.attributes
                0x000001f6       0x34 xcp_standard.c.o
 .ARM.attributes
                0x0000022a       0x34 xcp_daq.c.o
 .ARM.attributes
                0x0000025e       0x34 xcp_calibration.c.o
 .ARM.attributes
                0x00000292       0x34 xcp_fifo.c.o
 .ARM.attributes
                0x000002c6       0x34 xcp_transport.c.o
 .ARM.attributes
                0x000002fa       0x34 xcp_mem_default.c.o
 .ARM.attributes
                0x0000032e       0x34 xcp_drv_rtiostream.c.o
 .ARM.attributes
                0x00000362       0x34 xcp_utils.c.o
 .ARM.attributes
                0x00000396       0x34 xcp_frame_serial.c.o
 .ARM.attributes
                0x000003ca       0x34 xcp_ext_param_default_serial.c.o
 .ARM.attributes
                0x000003fe       0x34 overrideHALDelay.c.o
 .ARM.attributes
                0x00000432       0x34 platform_timer.c.o
 .ARM.attributes
                0x00000466       0x34 SysTickScheduler.c.o
 .ARM.attributes
                0x0000049a       0x34 m3m4m4f_multitasking.c.o
 .ARM.attributes
                0x000004ce       0x34 rtiostream_serial.c.o
 .ARM.attributes
                0x00000502       0x34 stm_usart.c.o
 .ARM.attributes
                0x00000536       0x34 sys_arch_arm.c.o
 .ARM.attributes
                0x0000056a       0x34 main.c.o
 .ARM.attributes
                0x0000059e       0x34 stm32f4xx_it.c.o
 .ARM.attributes
                0x000005d2       0x34 stm32f4xx_hal_msp.c.o
 .ARM.attributes
                0x00000606       0x34 stm32f4xx_hal_timebase_tim.c.o
 .ARM.attributes
                0x0000063a       0x34 stm32f4xx_hal_tim.c.o
 .ARM.attributes
                0x0000066e       0x34 stm32f4xx_hal_tim_ex.c.o
 .ARM.attributes
                0x000006a2       0x34 stm32f4xx_ll_gpio.c.o
 .ARM.attributes
                0x000006d6       0x34 stm32f4xx_ll_spi.c.o
 .ARM.attributes
                0x0000070a       0x34 stm32f4xx_ll_rcc.c.o
 .ARM.attributes
                0x0000073e       0x34 stm32f4xx_ll_utils.c.o
 .ARM.attributes
                0x00000772       0x34 stm32f4xx_ll_exti.c.o
 .ARM.attributes
                0x000007a6       0x34 stm32f4xx_hal_rcc.c.o
 .ARM.attributes
                0x000007da       0x34 stm32f4xx_hal_cortex.c.o
 .ARM.attributes
                0x0000080e       0x34 stm32f4xx_hal.c.o
 .ARM.attributes
                0x00000842       0x34 stm32f4xx_ll_usart.c.o
 .ARM.attributes
                0x00000876       0x34 system_stm32f4xx.c.o
 .ARM.attributes
                0x000008aa       0x21 startup_stm32f446retx.s.o
 .ARM.attributes
                0x000008cb       0x34 C:/ProgramData/MATLAB/SupportPackages/R2025b/3P.instrset/gnuarm-armcortex.instrset/win/bin/../lib/gcc/arm-none-eabi/13.2.1/thumb/v7e-m+fp/hard\libm.a(libm_a-w_fmod.o)
 .ARM.attributes
                0x000008ff       0x34 C:/ProgramData/MATLAB/SupportPackages/R2025b/3P.instrset/gnuarm-armcortex.instrset/win/bin/../lib/gcc/arm-none-eabi/13.2.1/thumb/v7e-m+fp/hard\libm.a(libm_a-e_fmod.o)
 .ARM.attributes
                0x00000933       0x22 C:/ProgramData/MATLAB/SupportPackages/R2025b/3P.instrset/gnuarm-armcortex.instrset/win/bin/../lib/gcc/arm-none-eabi/13.2.1/thumb/v7e-m+fp/hard\libgcc.a(_arm_addsubdf3.o)
 .ARM.attributes
                0x00000955       0x22 C:/ProgramData/MATLAB/SupportPackages/R2025b/3P.instrset/gnuarm-armcortex.instrset/win/bin/../lib/gcc/arm-none-eabi/13.2.1/thumb/v7e-m+fp/hard\libgcc.a(_arm_muldivdf3.o)
 .ARM.attributes
                0x00000977       0x22 C:/ProgramData/MATLAB/SupportPackages/R2025b/3P.instrset/gnuarm-armcortex.instrset/win/bin/../lib/gcc/arm-none-eabi/13.2.1/thumb/v7e-m+fp/hard\libgcc.a(_arm_cmpdf2.o)
 .ARM.attributes
                0x00000999       0x22 C:/ProgramData/MATLAB/SupportPackages/R2025b/3P.instrset/gnuarm-armcortex.instrset/win/bin/../lib/gcc/arm-none-eabi/13.2.1/thumb/v7e-m+fp/hard\libgcc.a(_arm_unorddf2.o)
 .ARM.attributes
                0x000009bb       0x22 C:/ProgramData/MATLAB/SupportPackages/R2025b/3P.instrset/gnuarm-armcortex.instrset/win/bin/../lib/gcc/arm-none-eabi/13.2.1/thumb/v7e-m+fp/hard\libgcc.a(_arm_fixunsdfsi.o)
 .ARM.attributes
                0x000009dd       0x22 C:/ProgramData/MATLAB/SupportPackages/R2025b/3P.instrset/gnuarm-armcortex.instrset/win/bin/../lib/gcc/arm-none-eabi/13.2.1/thumb/v7e-m+fp/hard\libgcc.a(_aeabi_uldivmod.o)
 .ARM.attributes
                0x000009ff       0x34 C:/ProgramData/MATLAB/SupportPackages/R2025b/3P.instrset/gnuarm-armcortex.instrset/win/bin/../lib/gcc/arm-none-eabi/13.2.1/thumb/v7e-m+fp/hard\libgcc.a(_udivmoddi4.o)
 .ARM.attributes
                0x00000a33       0x22 C:/ProgramData/MATLAB/SupportPackages/R2025b/3P.instrset/gnuarm-armcortex.instrset/win/bin/../lib/gcc/arm-none-eabi/13.2.1/thumb/v7e-m+fp/hard\libgcc.a(_dvmd_tls.o)
 .ARM.attributes
                0x00000a55       0x34 C:/ProgramData/MATLAB/SupportPackages/R2025b/3P.instrset/gnuarm-armcortex.instrset/win/bin/../lib/gcc/arm-none-eabi/13.2.1/thumb/v7e-m+fp/hard\libg_nano.a(libc_a-findfp.o)
 .ARM.attributes
                0x00000a89       0x34 C:/ProgramData/MATLAB/SupportPackages/R2025b/3P.instrset/gnuarm-armcortex.instrset/win/bin/../lib/gcc/arm-none-eabi/13.2.1/thumb/v7e-m+fp/hard\libg_nano.a(libc_a-memset.o)
 .ARM.attributes
                0x00000abd       0x34 C:/ProgramData/MATLAB/SupportPackages/R2025b/3P.instrset/gnuarm-armcortex.instrset/win/bin/../lib/gcc/arm-none-eabi/13.2.1/thumb/v7e-m+fp/hard\libg_nano.a(libc_a-impure.o)
 .ARM.attributes
                0x00000af1       0x34 C:/ProgramData/MATLAB/SupportPackages/R2025b/3P.instrset/gnuarm-armcortex.instrset/win/bin/../lib/gcc/arm-none-eabi/13.2.1/thumb/v7e-m+fp/hard\libg_nano.a(libc_a-errno.o)
 .ARM.attributes
                0x00000b25       0x34 C:/ProgramData/MATLAB/SupportPackages/R2025b/3P.instrset/gnuarm-armcortex.instrset/win/bin/../lib/gcc/arm-none-eabi/13.2.1/thumb/v7e-m+fp/hard\libg_nano.a(libc_a-init.o)
 .ARM.attributes
                0x00000b59       0x34 C:/ProgramData/MATLAB/SupportPackages/R2025b/3P.instrset/gnuarm-armcortex.instrset/win/bin/../lib/gcc/arm-none-eabi/13.2.1/thumb/v7e-m+fp/hard\libg_nano.a(libc_a-memcpy-stub.o)
 .ARM.attributes
                0x00000b8d       0x34 C:/ProgramData/MATLAB/SupportPackages/R2025b/3P.instrset/gnuarm-armcortex.instrset/win/bin/../lib/gcc/arm-none-eabi/13.2.1/thumb/v7e-m+fp/hard/crtend.o
 .ARM.attributes
                0x00000bc1       0x22 C:/ProgramData/MATLAB/SupportPackages/R2025b/3P.instrset/gnuarm-armcortex.instrset/win/bin/../lib/gcc/arm-none-eabi/13.2.1/thumb/v7e-m+fp/hard/crtn.o
OUTPUT(../Debug_STEVAL_BMS_114.elf elf32-littlearm)
LOAD linker stubs
LOAD C:/ProgramData/MATLAB/SupportPackages/R2025b/3P.instrset/gnuarm-armcortex.instrset/win/bin/../lib/gcc/arm-none-eabi/13.2.1/thumb/v7e-m+fp/hard\libc.a
LOAD C:/ProgramData/MATLAB/SupportPackages/R2025b/3P.instrset/gnuarm-armcortex.instrset/win/bin/../lib/gcc/arm-none-eabi/13.2.1/thumb/v7e-m+fp/hard\libm.a
LOAD C:/ProgramData/MATLAB/SupportPackages/R2025b/3P.instrset/gnuarm-armcortex.instrset/win/bin/../lib/gcc/arm-none-eabi/13.2.1/thumb/v7e-m+fp/hard\libgcc.a

.debug_info     0x00000000    0x1ac12
 .debug_info    0x00000000     0x1c0c mw_stm32_spi_ll.c.o
 .debug_info    0x00001c0c      0x801 xcp_ext_mode.c.o
 .debug_info    0x0000240d      0xad4 Debug_STEVAL_BMS_114.c.o
 .debug_info    0x00002ee1      0x122 Debug_STEVAL_BMS_114_data.c.o
 .debug_info    0x00003003      0x63c ert_main.c.o
 .debug_info    0x0000363f      0x721 xcp_ext_common.c.o
 .debug_info    0x00003d60      0x5a3 xcp_ext_classic_trigger.c.o
 .debug_info    0x00004303     0x1289 xcp.c.o
 .debug_info    0x0000558c      0xe8b xcp_standard.c.o
 .debug_info    0x00006417     0x2173 xcp_daq.c.o
 .debug_info    0x0000858a      0x6ed xcp_calibration.c.o