Archive member included to satisfy reference by file (symbol)

C:/ProgramData/MATLAB/SupportPackages/R2025b/3P.instrset/gnuarm-armcortex.instrset/win/bin/../lib/gcc/arm-none-eabi/13.2.1/thumb/v7e-m+fp/hard\libm.a(libm_a-w_fmod.o)
                              BMS_BIL_Wrapper.c.o (fmod)
C:/ProgramData/MATLAB/SupportPackages/R2025b/3P.instrset/gnuarm-armcortex.instrset/win/bin/../lib/gcc/arm-none-eabi/13.2.1/thumb/v7e-m+fp/hard\libm.a(libm_a-w_log.o)
                              BMS_BIL_Wrapper.c.o (log)
C:/ProgramData/MATLAB/SupportPackages/R2025b/3P.instrset/gnuarm-armcortex.instrset/win/bin/../lib/gcc/arm-none-eabi/13.2.1/thumb/v7e-m+fp/hard\libm.a(libm_a-s_ldexp.o)
                              BMS_BIL_Wrapper.c.o (ldexp)
C:/ProgramData/MATLAB/SupportPackages/R2025b/3P.instrset/gnuarm-armcortex.instrset/win/bin/../lib/gcc/arm-none-eabi/13.2.1/thumb/v7e-m+fp/hard\libm.a(libm_a-s_finite.o)
                              C:/ProgramData/MATLAB/SupportPackages/R2025b/3P.instrset/gnuarm-armcortex.instrset/win/bin/../lib/gcc/arm-none-eabi/13.2.1/thumb/v7e-m+fp/hard\libm.a(libm_a-s_ldexp.o) (finite)
C:/ProgramData/MATLAB/SupportPackages/R2025b/3P.instrset/gnuarm-armcortex.instrset/win/bin/../lib/gcc/arm-none-eabi/13.2.1/thumb/v7e-m+fp/hard\libm.a(libm_a-s_scalbn.o)
                              C:/ProgramData/MATLAB/SupportPackages/R2025b/3P.instrset/gnuarm-armcortex.instrset/win/bin/../lib/gcc/arm-none-eabi/13.2.1/thumb/v7e-m+fp/hard\libm.a(libm_a-s_ldexp.o) (scalbn)
C:/ProgramData/MATLAB/SupportPackages/R2025b/3P.instrset/gnuarm-armcortex.instrset/win/bin/../lib/gcc/arm-none-eabi/13.2.1/thumb/v7e-m+fp/hard\libm.a(libm_a-s_nan.o)
                              C:/ProgramData/MATLAB/SupportPackages/R2025b/3P.instrset/gnuarm-armcortex.instrset/win/bin/../lib/gcc/arm-none-eabi/13.2.1/thumb/v7e-m+fp/hard\libm.a(libm_a-w_log.o) (nan)
C:/ProgramData/MATLAB/SupportPackages/R2025b/3P.instrset/gnuarm-armcortex.instrset/win/bin/../lib/gcc/arm-none-eabi/13.2.1/thumb/v7e-m+fp/hard\libm.a(libm_a-sf_fmax.o)
                              BMS_BIL_Wrapper.c.o (fmaxf)
C:/ProgramData/MATLAB/SupportPackages/R2025b/3P.instrset/gnuarm-armcortex.instrset/win/bin/../lib/gcc/arm-none-eabi/13.2.1/thumb/v7e-m+fp/hard\libm.a(libm_a-sf_fmin.o)
                              BMS_BIL_Wrapper.c.o (fminf)
C:/ProgramData/MATLAB/SupportPackages/R2025b/3P.instrset/gnuarm-armcortex.instrset/win/bin/../lib/gcc/arm-none-eabi/13.2.1/thumb/v7e-m+fp/hard\libm.a(libm_a-sf_fpclassify.o)
                              C:/ProgramData/MATLAB/SupportPackages/R2025b/3P.instrset/gnuarm-armcortex.instrset/win/bin/../lib/gcc/arm-none-eabi/13.2.1/thumb/v7e-m+fp/hard\libm.a(libm_a-sf_fmax.o) (__fpclassifyf)
C:/ProgramData/MATLAB/SupportPackages/R2025b/3P.instrset/gnuarm-armcortex.instrset/win/bin/../lib/gcc/arm-none-eabi/13.2.1/thumb/v7e-m+fp/hard\libm.a(libm_a-s_floor.o)
                              BMS_BIL_Wrapper.c.o (floor)
C:/ProgramData/MATLAB/SupportPackages/R2025b/3P.instrset/gnuarm-armcortex.instrset/win/bin/../lib/gcc/arm-none-eabi/13.2.1/thumb/v7e-m+fp/hard\libm.a(libm_a-e_fmod.o)
                              C:/ProgramData/MATLAB/SupportPackages/R2025b/3P.instrset/gnuarm-armcortex.instrset/win/bin/../lib/gcc/arm-none-eabi/13.2.1/thumb/v7e-m+fp/hard\libm.a(libm_a-w_fmod.o) (__ieee754_fmod)
C:/ProgramData/MATLAB/SupportPackages/R2025b/3P.instrset/gnuarm-armcortex.instrset/win/bin/../lib/gcc/arm-none-eabi/13.2.1/thumb/v7e-m+fp/hard\libm.a(libm_a-e_log.o)
                              C:/ProgramData/MATLAB/SupportPackages/R2025b/3P.instrset/gnuarm-armcortex.instrset/win/bin/../lib/gcc/arm-none-eabi/13.2.1/thumb/v7e-m+fp/hard\libm.a(libm_a-w_log.o) (__ieee754_log)
C:/ProgramData/MATLAB/SupportPackages/R2025b/3P.instrset/gnuarm-armcortex.instrset/win/bin/../lib/gcc/arm-none-eabi/13.2.1/thumb/v7e-m+fp/hard\libgcc.a(_arm_muldf3.o)
                              BMS_BIL_Wrapper.c.o (__aeabi_dmul)
C:/ProgramData/MATLAB/SupportPackages/R2025b/3P.instrset/gnuarm-armcortex.instrset/win/bin/../lib/gcc/arm-none-eabi/13.2.1/thumb/v7e-m+fp/hard\libgcc.a(_arm_addsubdf3.o)
                              BMS_BIL_Wrapper.c.o (__aeabi_dsub)
C:/ProgramData/MATLAB/SupportPackages/R2025b/3P.instrset/gnuarm-armcortex.instrset/win/bin/../lib/gcc/arm-none-eabi/13.2.1/thumb/v7e-m+fp/hard\libgcc.a(_arm_muldivdf3.o)
                              BMS_BIL_Wrapper.c.o (__aeabi_ddiv)
C:/ProgramData/MATLAB/SupportPackages/R2025b/3P.instrset/gnuarm-armcortex.instrset/win/bin/../lib/gcc/arm-none-eabi/13.2.1/thumb/v7e-m+fp/hard\libgcc.a(_arm_cmpdf2.o)
                              BMS_BIL_Wrapper.c.o (__aeabi_dcmpeq)
C:/ProgramData/MATLAB/SupportPackages/R2025b/3P.instrset/gnuarm-armcortex.instrset/win/bin/../lib/gcc/arm-none-eabi/13.2.1/thumb/v7e-m+fp/hard\libgcc.a(_arm_unorddf2.o)
                              rt_nonfinite.c.o (__aeabi_dcmpun)
[...]
Memory Configuration

Name             Origin             Length             Attributes
RAM              0x20000000         0x00018000         xrw
FLASH            0x08000000         0x00080000         xr
*default*        0x00000000         0xffffffff

Linker script and memory map

LOAD C:/ProgramData/MATLAB/SupportPackages/R2025b/3P.instrset/gnuarm-armcortex.instrset/win/bin/../lib/gcc/arm-none-eabi/13.2.1/thumb/v7e-m+fp/hard/crti.o
LOAD C:/ProgramData/MATLAB/SupportPackages/R2025b/3P.instrset/gnuarm-armcortex.instrset/win/bin/../lib/gcc/arm-none-eabi/13.2.1/thumb/v7e-m+fp/hard/crtbegin.o
LOAD C:/ProgramData/MATLAB/SupportPackages/R2025b/3P.instrset/gnuarm-armcortex.instrset/win/bin/../lib/gcc/arm-none-eabi/13.2.1/thumb/v7e-m+fp/hard/crt0.o
LOAD mw_stm32_spi_ll.c.o
LOAD BMS_BIL_Wrapper.c.o
LOAD BMS_BIL_Wrapper_data.c.o
LOAD ert_main.c.o
LOAD rt_nonfinite.c.o
LOAD overrideHALDelay.c.o
LOAD platform_timer.c.o
LOAD SysTickScheduler.c.o
LOAD m3m4m4f_multitasking.c.o
LOAD main.c.o
LOAD stm32f4xx_it.c.o
LOAD stm32f4xx_hal_msp.c.o
LOAD stm32f4xx_hal_timebase_tim.c.o
LOAD stm32f4xx_hal_tim.c.o
LOAD stm32f4xx_hal_tim_ex.c.o
LOAD stm32f4xx_ll_gpio.c.o
LOAD stm32f4xx_ll_dma.c.o
LOAD stm32f4xx_ll_spi.c.o
LOAD stm32f4xx_ll_rcc.c.o
LOAD stm32f4xx_ll_utils.c.o
LOAD stm32f4xx_ll_exti.c.o
LOAD stm32f4xx_hal_rcc.c.o
LOAD stm32f4xx_hal_rcc_ex.c.o
LOAD stm32f4xx_hal_flash.c.o
LOAD stm32f4xx_hal_flash_ex.c.o
LOAD stm32f4xx_hal_flash_ramfunc.c.o
LOAD stm32f4xx_hal_gpio.c.o
LOAD stm32f4xx_hal_dma_ex.c.o
LOAD stm32f4xx_hal_dma.c.o
LOAD stm32f4xx_hal_pwr.c.o
LOAD stm32f4xx_hal_pwr_ex.c.o
LOAD stm32f4xx_hal_cortex.c.o
LOAD stm32f4xx_hal.c.o
LOAD stm32f4xx_hal_exti.c.o
LOAD stm32f4xx_ll_usart.c.o
LOAD system_stm32f4xx.c.o
LOAD syscalls.c.o
LOAD sysmem.c.o
LOAD startup_stm32f401retx.s.o
LOAD C:/ProgramData/MATLAB/SupportPackages/R2025b/3P.instrset/cmsis_dsp.instrset/Lib/GCC/arm_cortexm4ldfsp_math/libCMSISDSP.a
LOAD C:/ProgramData/MATLAB/SupportPackages/R2025b/toolbox/shared/supportpackages/stm32/lib/GCC/libmw_pdmfilter_m4_spfp.lib
LOAD C:/ProgramData/MATLAB/SupportPackages/R2025b/3P.instrset/gnuarm-armcortex.instrset/win/bin/../lib/gcc/arm-none-eabi/13.2.1/thumb/v7e-m+fp/hard\libstdc++_nano.a
LOAD C:/ProgramData/MATLAB/SupportPackages/R2025b/3P.instrset/gnuarm-armcortex.instrset/win/bin/../lib/gcc/arm-none-eabi/13.2.1/thumb/v7e-m+fp/hard\libm.a
START GROUP
LOAD C:/ProgramData/MATLAB/SupportPackages/R2025b/3P.instrset/gnuarm-armcortex.instrset/win/bin/../lib/gcc/arm-none-eabi/13.2.1/thumb/v7e-m+fp/hard\libgcc.a
LOAD C:/ProgramData/MATLAB/SupportPackages/R2025b/3P.instrset/gnuarm-armcortex.instrset/win/bin/../lib/gcc/arm-none-eabi/13.2.1/thumb/v7e-m+fp/hard\libc_nano.a
END GROUP
START GROUP
LOAD C:/ProgramData/MATLAB/SupportPackages/R2025b/3P.instrset/gnuarm-armcortex.instrset/win/bin/../lib/gcc/arm-none-eabi/13.2.1/thumb/v7e-m+fp/hard\libgcc.a
LOAD C:/ProgramData/MATLAB/SupportPackages/R2025b/3P.instrset/gnuarm-armcortex.instrset/win/bin/../lib/gcc/arm-none-eabi/13.2.1/thumb/v7e-m+fp/hard\libc_nano.a
LOAD C:/ProgramData/MATLAB/SupportPackages/R2025b/3P.instrset/gnuarm-armcortex.instrset/win/bin/../lib/gcc/arm-none-eabi/13.2.1/thumb/v7e-m+fp/hard\libnosys.a
END GROUP
START GROUP
LOAD C:/ProgramData/MATLAB/SupportPackages/R2025b/3P.instrset/gnuarm-armcortex.instrset/win/bin/../lib/gcc/arm-none-eabi/13.2.1/thumb/v7e-m+fp/hard\libgcc.a
LOAD C:/ProgramData/MATLAB/SupportPackages/R2025b/3P.instrset/gnuarm-armcortex.instrset/win/bin/../lib/gcc/arm-none-eabi/13.2.1/thumb/v7e-m+fp/hard\libc_nano.a
LOAD C:/ProgramData/MATLAB/SupportPackages/R2025b/3P.instrset/gnuarm-armcortex.instrset/win/bin/../lib/gcc/arm-none-eabi/13.2.1/thumb/v7e-m+fp/hard\libnosys.a
END GROUP
LOAD C:/ProgramData/MATLAB/SupportPackages/R2025b/3P.instrset/gnuarm-armcortex.instrset/win/bin/../lib/gcc/arm-none-eabi/13.2.1/thumb/v7e-m+fp/hard/crtend.o
LOAD C:/ProgramData/MATLAB/SupportPackages/R2025b/3P.instrset/gnuarm-armcortex.instrset/win/bin/../lib/gcc/arm-none-eabi/13.2.1/thumb/v7e-m+fp/hard/crtn.o
                0x20018000                        _estack = (ORIGIN (RAM) + LENGTH (RAM))
                0x00000200                        _Min_Heap_Size = 0x200
                0x00000400                        _Min_Stack_Size = 0x400

.isr_vector     0x08000000      0x194
                0x08000000                        . = ALIGN (0x4)
 *(.isr_vector)
 .isr_vector    0x08000000      0x194 startup_stm32f401retx.s.o
                0x08000000                g_pfnVectors
                0x08000194                        . = ALIGN (0x4)

.text           0x08000198     0x5218
                0x08000198                        . = ALIGN (0x4)
 *(.text)
 .text          0x08000198      0x378 C:/ProgramData/MATLAB/SupportPackages/R2025b/3P.instrset/gnuarm-armcortex.instrset/win/bin/../lib/gcc/arm-none-eabi/13.2.1/thumb/v7e-m+fp/hard\libgcc.a(_arm_addsubdf3.o)
                0x08000198                __aeabi_drsub
                0x080001a0                __aeabi_dsub
                0x080001a0                __subdf3
                0x080001a4                __aeabi_dadd
                0x080001a4                __adddf3
                0x0800041c                __floatunsidf
                0x0800041c                __aeabi_ui2d
                0x0800043c                __floatsidf
                0x0800043c                __aeabi_i2d
                0x08000460                __aeabi_f2d
                0x08000460                __extendsfdf2
                0x080004a4                __floatundidf
                0x080004a4                __aeabi_ul2d
                0x080004b4                __floatdidf
                0x080004b4                __aeabi_l2d
 .text          0x08000510      0x424 C:/ProgramData/MATLAB/SupportPackages/R2025b/3P.instrset/gnuarm-armcortex.instrset/win/bin/../lib/gcc/arm-none-eabi/13.2.1/thumb/v7e-m+fp/hard\libgcc.a(_arm_muldivdf3.o)
                0x08000510                __aeabi_dmul
                0x08000510                __muldf3
                0x08000764                __divdf3
                0x08000764                __aeabi_ddiv
 .text          0x08000934      0x110 C:/ProgramData/MATLAB/SupportPackages/R2025b/3P.instrset/gnuarm-armcortex.instrset/win/bin/../lib/gcc/arm-none-eabi/13.2.1/thumb/v7e-m+fp/hard\libgcc.a(_arm_cmpdf2.o)
                0x08000934                __gtdf2
                0x08000934                __gedf2
                0x0800093c                __ltdf2
                0x0800093c                __ledf2
                0x08000944                __nedf2
                0x08000944                __eqdf2
                0x08000944                __cmpdf2
                0x080009c0                __aeabi_cdrcmple
                0x080009d0                __aeabi_cdcmpeq
                0x080009d0                __aeabi_cdcmple
                0x080009e0                __aeabi_dcmpeq
                0x080009f4                __aeabi_dcmplt
                0x08000a08                __aeabi_dcmple
                0x08000a1c                __aeabi_dcmpge
                0x08000a30                __aeabi_dcmpgt
 .text          0x08000a44       0x2c C:/ProgramData/MATLAB/SupportPackages/R2025b/3P.instrset/gnuarm-armcortex.instrset/win/bin/../lib/gcc/arm-none-eabi/13.2.1/thumb/v7e-m+fp/hard\libgcc.a(_arm_unorddf2.o)
                0x08000a44                __unorddf2
                0x08000a44                __aeabi_dcmpun
 .text          0x08000a70       0x50 C:/ProgramData/MATLAB/SupportPackages/R2025b/3P.instrset/gnuarm-armcortex.instrset/win/bin/../lib/gcc/arm-none-eabi/13.2.1/thumb/v7e-m+fp/hard\libgcc.a(_arm_fixdfsi.o)
                0x08000a70                __aeabi_d2iz
                0x08000a70                __fixdfsi
 .text          0x08000ac0       0x40 C:/ProgramData/MATLAB/SupportPackages/R2025b/3P.instrset/gnuarm-armcortex.instrset/win/bin/../lib/gcc/arm-none-eabi/13.2.1/thumb/v7e-m+fp/hard\libgcc.a(_arm_fixunsdfsi.o)
                0x08000ac0                __aeabi_d2uiz
                0x08000ac0                __fixunsdfsi
 .text          0x08000b00       0xa0 C:/ProgramData/MATLAB/SupportPackages/R2025b/3P.instrset/gnuarm-armcortex.instrset/win/bin/../lib/gcc/arm-none-eabi/13.2.1/thumb/v7e-m+fp/hard\libgcc.a(_arm_truncdfsf2.o)
                0x08000b00                __truncdfsf2
                0x08000b00                __aeabi_d2f
 .text          0x08000ba0      0x21c C:/ProgramData/MATLAB/SupportPackages/R2025b/3P.instrset/gnuarm-armcortex.instrset/win/bin/../lib/gcc/arm-none-eabi/13.2.1/thumb/v7e-m+fp/hard\libgcc.a(_arm_addsubsf3.o)
                0x08000ba0                __aeabi_frsub
                0x08000ba8                __subsf3
                0x08000ba8                __aeabi_fsub
                0x08000bac                __aeabi_fadd
                0x08000bac                __addsf3
                0x08000d0c                __aeabi_ui2f
                0x08000d0c                __floatunsisf
                0x08000d14                __aeabi_i2f
                0x08000d14                __floatsisf
                0x08000d30                __aeabi_ul2f
                0x08000d30                __floatundisf
                0x08000d40                __aeabi_l2f
                0x08000d40                __floatdisf
 .text          0x08000dbc       0x30 C:/ProgramData/MATLAB/SupportPackages/R2025b/3P.instrset/gnuarm-armcortex.instrset/win/bin/../lib/gcc/arm-none-eabi/13.2.1/thumb/v7e-m+fp/hard\libgcc.a(_aeabi_uldivmod.o)
                0x08000dbc                __aeabi_uldivmod
 .text          0x08000dec        0x4 C:/ProgramData/MATLAB/SupportPackages/R2025b/3P.instrset/gnuarm-armcortex.instrset/win/bin/../lib/gcc/arm-none-eabi/13.2.1/thumb/v7e-m+fp/hard\libgcc.a(_dvmd_tls.o)
                0x08000dec                __aeabi_idiv0
                0x08000dec                __aeabi_ldiv0
 *(.text*)
 .text.deregister_tm_clones
                0x08000df0       0x1c C:/ProgramData/MATLAB/SupportPackages/R2025b/3P.instrset/gnuarm-armcortex.instrset/win/bin/../lib/gcc/arm-none-eabi/13.2.1/thumb/v7e-m+fp/hard/crtbegin.o
 .text.register_tm_clones
                0x08000e0c       0x24 C:/ProgramData/MATLAB/SupportPackages/R2025b/3P.instrset/gnuarm-armcortex.instrset/win/bin/../lib/gcc/arm-none-eabi/13.2.1/thumb/v7e-m+fp/hard/crtbegin.o
 .text.__do_global_dtors_aux
                0x08000e30       0x28 C:/ProgramData/MATLAB/SupportPackages/R2025b/3P.instrset/gnuarm-armcortex.instrset/win/bin/../lib/gcc/arm-none-eabi/13.2.1/thumb/v7e-m+fp/hard/crtbegin.o
 .text.frame_dummy
                0x08000e58       0x24 C:/ProgramData/MATLAB/SupportPackages/R2025b/3P.instrset/gnuarm-armcortex.instrset/win/bin/../lib/gcc/arm-none-eabi/13.2.1/thumb/v7e-m+fp/hard/crtbegin.o
 *fill*         0x08000e7c        0x4 
 .text.SPI_STM32_Init
                0x08000e80      0x170 mw_stm32_spi_ll.c.o
                0x08000e80                SPI_STM32_Init
 .text.MW_STM32_SPI_SetFormat
                0x08000ff0      0x16c mw_stm32_spi_ll.c.o
                0x08000ff0                MW_STM32_SPI_SetFormat
 .text.MW_SPI_ControllerWriteRead_Databits
                0x0800115c      0x248 mw_stm32_spi_ll.c.o
                0x0800115c                MW_SPI_ControllerWriteRead_Databits
 .text.MW_SPI_Close
                0x080013a4        0x4 mw_stm32_spi_ll.c.o
                0x080013a4                MW_SPI_Close
 .text.MW_SPI_SetSlaveSelect
                0x080013a8        0x4 mw_stm32_spi_ll.c.o
                0x080013a8                MW_SPI_SetSlaveSelect
 .text.BMS_BIL_Wrapper_minimum.constprop.0
                0x080013ac       0x70 BMS_BIL_Wrapper.c.o
 .text.BMS_BIL_Wrapper_maximum.constprop.0
                0x0800141c       0x70 BMS_BIL_Wrapper.c.o
 *fill*         0x0800148c        0x4 
 .text.BMS_BIL_Wrapper_step
                0x08001490     0x1ec8 BMS_BIL_Wrapper.c.o
                0x08001490                BMS_BIL_Wrapper_step
 .text.BMS_BIL_Wrapper_initialize
                0x08003358       0x74 BMS_BIL_Wrapper.c.o
                0x08003358                BMS_BIL_Wrapper_initialize
 .text.BMS_BIL_Wrapper_terminate
                0x080033cc       0x40 BMS_BIL_Wrapper.c.o
                0x080033cc                BMS_BIL_Wrapper_terminate
 .text.rt_OneStep
                0x0800340c       0x30 ert_main.c.o
                0x0800340c                rt_OneStep
 .text.startup.main
                0x0800343c       0x90 ert_main.c.o
                0x0800343c                main
 .text.rtIsInf  0x080034cc       0x3c rt_nonfinite.c.o
                0x080034cc                rtIsInf
 .text.rtIsNaN  0x08003508       0x18 rt_nonfinite.c.o
                0x08003508                rtIsNaN
 .text.rtIsNaNF
                0x08003520       0x10 rt_nonfinite.c.o
                0x08003520                rtIsNaNF
 .text.PeriphCommonClock_Config
                0x08003530        0x4 platform_timer.c.o
                0x08003530                PeriphCommonClock_Config
 .text.returnTimeElapsed
                0x08003534       0x54 platform_timer.c.o
                0x08003534                returnTimeElapsed
 .text.SysTick_Isr
                0x08003588       0x38 SysTickScheduler.c.o
 .text.SysTick_Handler
                0x080035c0       0x10 SysTickScheduler.c.o
                0x080035c0                SysTick_Handler
 .text.ARMCM_SysTick_Config
                0x080035d0       0xb8 SysTickScheduler.c.o
                0x080035d0                ARMCM_SysTick_Config
 .text.PendSV_Handler
                0x08003688       0x44 m3m4m4f_multitasking.c.o
                0x08003688                PendSV_Handler
 .text.SVC_Handler
                0x080036cc       0x58 m3m4m4f_multitasking.c.o
                0x080036cc                SVC_Handler
 .text.SystemClock_Config
                0x08003724       0xe0 main.c.o
                0x08003724                SystemClock_Config
 .text.MX_SPI1_Init
                0x08003804       0x94 main.c.o
                0x08003804                MX_SPI1_Init
 .text.MX_USART2_UART_Init
                0x08003898      0x114 main.c.o
                0x08003898                MX_USART2_UART_Init
 .text.MX_DMA_Init
                0x080039ac       0x38 main.c.o
                0x080039ac                MX_DMA_Init
 .text.MX_GPIO_Init
                0x080039e4       0xd8 main.c.o
                0x080039e4                MX_GPIO_Init
 .text.HAL_TIM_PeriodElapsedCallback
                0x08003abc       0x14 main.c.o
                0x08003abc                HAL_TIM_PeriodElapsedCallback
 .text.NMI_Handler
                0x08003ad0        0x4 stm32f4xx_it.c.o
                0x08003ad0                NMI_Handler
 .text.HardFault_Handler
                0x08003ad4        0x4 stm32f4xx_it.c.o
                0x08003ad4                HardFault_Handler
 .text.MemManage_Handler
                0x08003ad8        0x4 stm32f4xx_it.c.o
                0x08003ad8                MemManage_Handler
 .text.BusFault_Handler
                0x08003adc        0x4 stm32f4xx_it.c.o
                0x08003adc                BusFault_Handler
 .text.UsageFault_Handler
                0x08003ae0        0x4 stm32f4xx_it.c.o
                0x08003ae0                UsageFault_Handler
 .text.DebugMon_Handler
                0x08003ae4        0x4 stm32f4xx_it.c.o
                0x08003ae4                DebugMon_Handler
 .text.DMA1_Stream5_IRQHandler
                0x08003ae8        0x4 stm32f4xx_it.c.o
                0x08003ae8                DMA1_Stream5_IRQHandler
 .text.TIM5_IRQHandler
                0x08003aec        0xc stm32f4xx_it.c.o
                0x08003aec                TIM5_IRQHandler
 .text.HAL_MspInit
                0x08003af8       0x3c stm32f4xx_hal_msp.c.o
                0x08003af8                HAL_MspInit
 .text.HAL_InitTick
                0x08003b34       0xa8 stm32f4xx_hal_timebase_tim.c.o
                0x08003b34                HAL_InitTick
 .text.HAL_TIM_Base_MspInit
                0x08003bdc        0x4 stm32f4xx_hal_tim.c.o
                0x08003bdc                HAL_TIM_Base_MspInit
 .text.HAL_TIM_Base_Init
                0x08003be0      0x130 stm32f4xx_hal_tim.c.o
                0x08003be0                HAL_TIM_Base_Init
 .text.HAL_TIM_Base_Start_IT
                0x08003d10       0x64 stm32f4xx_hal_tim.c.o
                0x08003d10                HAL_TIM_Base_Start_IT
 .text.HAL_TIM_OC_DelayElapsedCallback
                0x08003d74        0x4 stm32f4xx_hal_tim.c.o
                0x08003d74                HAL_TIM_OC_DelayElapsedCallback
 .text.HAL_TIM_IC_CaptureCallback
                0x08003d78        0x4 stm32f4xx_hal_tim.c.o
                0x08003d78                HAL_TIM_IC_CaptureCallback
 .text.HAL_TIM_PWM_PulseFinishedCallback
                0x08003d7c        0x4 stm32f4xx_hal_tim.c.o
                0x08003d7c                HAL_TIM_PWM_PulseFinishedCallback
 .text.HAL_TIM_TriggerCallback
                0x08003d80        0x4 stm32f4xx_hal_tim.c.o
                0x08003d80                HAL_TIM_TriggerCallback
 .text.HAL_TIM_IRQHandler
                0x08003d84      0x138 stm32f4xx_hal_tim.c.o
                0x08003d84                HAL_TIM_IRQHandler
 .text.HAL_TIMEx_CommutCallback
                0x08003ebc        0x4 stm32f4xx_hal_tim_ex.c.o
                0x08003ebc                HAL_TIMEx_CommutCallback
 .text.HAL_TIMEx_BreakCallback
                0x08003ec0        0x4 stm32f4xx_hal_tim_ex.c.o
                0x08003ec0                HAL_TIMEx_BreakCallback
 .text.LL_GPIO_Init
                0x08003ec4      0x158 stm32f4xx_ll_gpio.c.o
                0x08003ec4                LL_GPIO_Init
 .text.LL_SPI_Init
                0x0800401c       0x70 stm32f4xx_ll_spi.c.o
                0x0800401c                LL_SPI_Init
 .text.LL_RCC_GetSystemClocksFreq
                0x0800408c       0x94 stm32f4xx_ll_rcc.c.o
                0x0800408c                LL_RCC_GetSystemClocksFreq
 .text.LL_SetSystemCoreClock
                0x08004120        0xc stm32f4xx_ll_utils.c.o
                0x08004120                LL_SetSystemCoreClock
 .text.LL_EXTI_Init
                0x0800412c       0xb0 stm32f4xx_ll_exti.c.o
                0x0800412c                LL_EXTI_Init
 .text.HAL_RCC_GetPCLK1Freq
                0x080041dc       0x20 stm32f4xx_hal_rcc.c.o
                0x080041dc                HAL_RCC_GetPCLK1Freq
 .text.HAL_RCC_GetClockConfig
                0x080041fc       0x44 stm32f4xx_hal_rcc.c.o
                0x080041fc                HAL_RCC_GetClockConfig
 .text.HAL_NVIC_SetPriorityGrouping
                0x08004240       0x24 stm32f4xx_hal_cortex.c.o
                0x08004240                HAL_NVIC_SetPriorityGrouping
 .text.HAL_NVIC_SetPriority
                0x08004264       0x78 stm32f4xx_hal_cortex.c.o
                0x08004264                HAL_NVIC_SetPriority
 .text.HAL_NVIC_EnableIRQ
                0x080042dc       0x1c stm32f4xx_hal_cortex.c.o
                0x080042dc                HAL_NVIC_EnableIRQ
 .text.HAL_Init
                0x080042f8       0x34 stm32f4xx_hal.c.o
                0x080042f8                HAL_Init
 .text.HAL_IncTick
                0x0800432c       0x18 stm32f4xx_hal.c.o
                0x0800432c                HAL_IncTick
 .text.HAL_GetTick
                0x08004344        0xc stm32f4xx_hal.c.o
                0x08004344                HAL_GetTick
 .text.LL_USART_Init
                0x08004350       0xf8 stm32f4xx_ll_usart.c.o
                0x08004350                LL_USART_Init
 .text.SystemInit
                0x08004448       0x14 system_stm32f4xx.c.o
                0x08004448                SystemInit
 .text.Reset_Handler
                0x0800445c       0x50 startup_stm32f401retx.s.o
                0x0800445c                Reset_Handler
 .text.Default_Handler
                0x080044ac        0x2 startup_stm32f401retx.s.o
                0x080044ac                RTC_Alarm_IRQHandler
                0x080044ac                EXTI2_IRQHandler
                0x080044ac                SPI4_IRQHandler
                0x080044ac                TIM1_CC_IRQHandler
                0x080044ac                DMA2_Stream5_IRQHandler
                0x080044ac                PVD_IRQHandler
                0x080044ac                SDIO_IRQHandler
                0x080044ac                TAMP_STAMP_IRQHandler
                0x080044ac                EXTI3_IRQHandler
                0x080044ac                TIM1_UP_TIM10_IRQHandler
                0x080044ac                I2C3_ER_IRQHandler
                0x080044ac                EXTI0_IRQHandler
                0x080044ac                I2C2_EV_IRQHandler
                0x080044ac                DMA1_Stream2_IRQHandler
                0x080044ac                FPU_IRQHandler
                0x080044ac                DMA2_Stream2_IRQHandler
                0x080044ac                SPI1_IRQHandler
                0x080044ac                TIM1_BRK_TIM9_IRQHandler
                0x080044ac                DMA2_Stream3_IRQHandler
                0x080044ac                USART6_IRQHandler
                0x080044ac                DMA2_Stream0_IRQHandler
                0x080044ac                TIM4_IRQHandler
                0x080044ac                I2C1_EV_IRQHandler
                0x080044ac                DMA1_Stream6_IRQHandler
                0x080044ac                DMA1_Stream1_IRQHandler
                0x080044ac                TIM3_IRQHandler
                0x080044ac                RCC_IRQHandler
                0x080044ac                Default_Handler
                0x080044ac                EXTI15_10_IRQHandler
                0x080044ac                ADC_IRQHandler
                0x080044ac                DMA1_Stream7_IRQHandler
                0x080044ac                DMA2_Stream7_IRQHandler
                0x080044ac                I2C3_EV_IRQHandler
                0x080044ac                EXTI9_5_IRQHandler
                0x080044ac                RTC_WKUP_IRQHandler
                0x080044ac                SPI2_IRQHandler
                0x080044ac                DMA1_Stream0_IRQHandler
                0x080044ac                EXTI4_IRQHandler
                0x080044ac                WWDG_IRQHandler
                0x080044ac                TIM2_IRQHandler
                0x080044ac                OTG_FS_WKUP_IRQHandler
                0x080044ac                TIM1_TRG_COM_TIM11_IRQHandler
                0x080044ac                EXTI1_IRQHandler
                0x080044ac                USART2_IRQHandler
                0x080044ac                I2C2_ER_IRQHandler
                0x080044ac                DMA2_Stream1_IRQHandler
                0x080044ac                FLASH_IRQHandler
                0x080044ac                DMA2_Stream4_IRQHandler
                0x080044ac                USART1_IRQHandler
                0x080044ac                OTG_FS_IRQHandler
                0x080044ac                SPI3_IRQHandler
                0x080044ac                DMA1_Stream4_IRQHandler
                0x080044ac                I2C1_ER_IRQHandler
                0x080044ac                DMA2_Stream6_IRQHandler
                0x080044ac                DMA1_Stream3_IRQHandler
 *fill*         0x080044ae        0x2 
 .text.fmod     0x080044b0       0x6c C:/ProgramData/MATLAB/SupportPackages/R2025b/3P.instrset/gnuarm-armcortex.instrset/win/bin/../lib/gcc/arm-none-eabi/13.2.1/thumb/v7e-m+fp/hard\libm.a(libm_a-w_fmod.o)
                0x080044b0                fmod
 *fill*         0x0800451c        0x4 
 .text.log      0x08004520       0x84 C:/ProgramData/MATLAB/SupportPackages/R2025b/3P.instrset/gnuarm-armcortex.instrset/win/bin/../lib/gcc/arm-none-eabi/13.2.1/thumb/v7e-m+fp/hard\libm.a(libm_a-w_log.o)
                0x08004520                log
 .text.ldexp    0x080045a4       0x74 C:/ProgramData/MATLAB/SupportPackages/R2025b/3P.instrset/gnuarm-armcortex.instrset/win/bin/../lib/gcc/arm-none-eabi/13.2.1/thumb/v7e-m+fp/hard\libm.a(libm_a-s_ldexp.o)
                0x080045a4                ldexp
 .text.finite   0x08004618       0x18 C:/ProgramData/MATLAB/SupportPackages/R2025b/3P.instrset/gnuarm-armcortex.instrset/win/bin/../lib/gcc/arm-none-eabi/13.2.1/thumb/v7e-m+fp/hard\libm.a(libm_a-s_finite.o)
                0x08004618                finite
 .text.scalbn   0x08004630      0x114 C:/ProgramData/MATLAB/SupportPackages/R2025b/3P.instrset/gnuarm-armcortex.instrset/win/bin/../lib/gcc/arm-none-eabi/13.2.1/thumb/v7e-m+fp/hard\libm.a(libm_a-s_scalbn.o)
                0x08004630                scalbn
 *fill*         0x08004744        0x4 
 .text.nan      0x08004748       0x10 C:/ProgramData/MATLAB/SupportPackages/R2025b/3P.instrset/gnuarm-armcortex.instrset/win/bin/../lib/gcc/arm-none-eabi/13.2.1/thumb/v7e-m+fp/hard\libm.a(libm_a-s_nan.o)
                0x08004748                nan
 .text.fmaxf    0x08004758       0x3c C:/ProgramData/MATLAB/SupportPackages/R2025b/3P.instrset/gnuarm-armcortex.instrset/win/bin/../lib/gcc/arm-none-eabi/13.2.1/thumb/v7e-m+fp/hard\libm.a(libm_a-sf_fmax.o)
                0x08004758                fmaxf
 .text.fminf    0x08004794       0x3c C:/ProgramData/MATLAB/SupportPackages/R2025b/3P.instrset/gnuarm-armcortex.instrset/win/bin/../lib/gcc/arm-none-eabi/13.2.1/thumb/v7e-m+fp/hard\libm.a(libm_a-sf_fmin.o)
                0x08004794                fminf
 .text.__fpclassifyf
                0x080047d0       0x38 C:/ProgramData/MATLAB/SupportPackages/R2025b/3P.instrset/gnuarm-armcortex.instrset/win/bin/../lib/gcc/arm-none-eabi/13.2.1/thumb/v7e-m+fp/hard\libm.a(libm_a-sf_fpclassify.o)
                0x080047d0                __fpclassifyf
 .text.floor    0x08004808      0x108 C:/ProgramData/MATLAB/SupportPackages/R2025b/3P.instrset/gnuarm-armcortex.instrset/win/bin/../lib/gcc/arm-none-eabi/13.2.1/thumb/v7e-m+fp/hard\libm.a(libm_a-s_floor.o)
                0x08004808                floor
 .text.__ieee754_fmod
                0x08004910      0x30c C:/ProgramData/MATLAB/SupportPackages/R2025b/3P.instrset/gnuarm-armcortex.instrset/win/bin/../lib/gcc/arm-none-eabi/13.2.1/thumb/v7e-m+fp/hard\libm.a(libm_a-e_fmod.o)
                0x08004910                __ieee754_fmod
 *fill*         0x08004c1c        0x4 
 .text.__ieee754_log
                0x08004c20      0x3b8 C:/ProgramData/MATLAB/SupportPackages/R2025b/3P.instrset/gnuarm-armcortex.instrset/win/bin/../lib/gcc/arm-none-eabi/13.2.1/thumb/v7e-m+fp/hard\libm.a(libm_a-e_log.o)
                0x08004c20                __ieee754_log
 .text.__fixdfdi
                0x08004fd8       0x30 C:/ProgramData/MATLAB/SupportPackages/R2025b/3P.instrset/gnuarm-armcortex.instrset/win/bin/../lib/gcc/arm-none-eabi/13.2.1/thumb/v7e-m+fp/hard\libgcc.a(_fixdfdi.o)
                0x08004fd8                __fixdfdi
                0x08004fd8                __aeabi_d2lz
 .text.__fixunsdfdi
                0x08005008       0x3c C:/ProgramData/MATLAB/SupportPackages/R2025b/3P.instrset/gnuarm-armcortex.instrset/win/bin/../lib/gcc/arm-none-eabi/13.2.1/thumb/v7e-m+fp/hard\libgcc.a(_fixunsdfdi.o)
                0x08005008                __fixunsdfdi
                0x08005008                __aeabi_d2ulz
 .text.__udivmoddi4
                0x08005044      0x2bc C:/ProgramData/MATLAB/SupportPackages/R2025b/3P.instrset/gnuarm-armcortex.instrset/win/bin/../lib/gcc/arm-none-eabi/13.2.1/thumb/v7e-m+fp/hard\libgcc.a(_udivmoddi4.o)
                0x08005044                __udivmoddi4
 .text.memmove  0x08005300       0x34 C:/ProgramData/MATLAB/SupportPackages/R2025b/3P.instrset/gnuarm-armcortex.instrset/win/bin/../lib/gcc/arm-none-eabi/13.2.1/thumb/v7e-m+fp/hard\libc_nano.a(libc_a-memmove.o)
                0x08005300                memmove
 .text.memset   0x08005334       0x10 C:/ProgramData/MATLAB/SupportPackages/R2025b/3P.instrset/gnuarm-armcortex.instrset/win/bin/../lib/gcc/arm-none-eabi/13.2.1/thumb/v7e-m+fp/hard\libc_nano.a(libc_a-memset.o)
                0x08005334                memset
 .text.__errno  0x08005344        0xc C:/ProgramData/MATLAB/SupportPackages/R2025b/3P.instrset/gnuarm-armcortex.instrset/win/bin/../lib/gcc/arm-none-eabi/13.2.1/thumb/v7e-m+fp/hard\libc_nano.a(libc_a-errno.o)
                0x08005344                __errno
 .text.__libc_init_array
                0x08005350       0x48 C:/ProgramData/MATLAB/SupportPackages/R2025b/3P.instrset/gnuarm-armcortex.instrset/win/bin/../lib/gcc/arm-none-eabi/13.2.1/thumb/v7e-m+fp/hard\libc_nano.a(libc_a-init.o)
                0x08005350                __libc_init_array
 *(.glue_7)
 .glue_7        0x08005398        0x0 linker stubs
 *(.glue_7t)
 .glue_7t       0x08005398        0x0 linker stubs
 *(.eh_frame)
 .eh_frame      0x08005398        0x0 C:/ProgramData/MATLAB/SupportPackages/R2025b/3P.instrset/gnuarm-armcortex.instrset/win/bin/../lib/gcc/arm-none-eabi/13.2.1/thumb/v7e-m+fp/hard/crtbegin.o
 *(.init)
 .init          0x08005398        0x4 C:/ProgramData/MATLAB/SupportPackages/R2025b/3P.instrset/gnuarm-armcortex.instrset/win/bin/../lib/gcc/arm-none-eabi/13.2.1/thumb/v7e-m+fp/hard/crti.o
                0x08005398                _init
 .init          0x0800539c        0x8 C:/ProgramData/MATLAB/SupportPackages/R2025b/3P.instrset/gnuarm-armcortex.instrset/win/bin/../lib/gcc/arm-none-eabi/13.2.1/thumb/v7e-m+fp/hard/crtn.o
 *(.fini)
 .fini          0x080053a4        0x4 C:/ProgramData/MATLAB/SupportPackages/R2025b/3P.instrset/gnuarm-armcortex.instrset/win/bin/../lib/gcc/arm-none-eabi/13.2.1/thumb/v7e-m+fp/hard/crti.o
                0x080053a4                _fini
 .fini          0x080053a8        0x8 C:/ProgramData/MATLAB/SupportPackages/R2025b/3P.instrset/gnuarm-armcortex.instrset/win/bin/../lib/gcc/arm-none-eabi/13.2.1/thumb/v7e-m+fp/hard/crtn.o
                0x080053b0                        . = ALIGN (0x4)
                0x080053b0                        _etext = .

.vfp11_veneer   0x080053b0        0x0
 .vfp11_veneer  0x080053b0        0x0 linker stubs

.v4_bx          0x080053b0        0x0
 .v4_bx         0x080053b0        0x0 linker stubs

.iplt           0x080053b0        0x0
 .iplt          0x080053b0        0x0 C:/ProgramData/MATLAB/SupportPackages/R2025b/3P.instrset/gnuarm-armcortex.instrset/win/bin/../lib/gcc/arm-none-eabi/13.2.1/thumb/v7e-m+fp/hard/crtbegin.o

.rodata         0x080053b0      0x2b8
                0x080053b0                        . = ALIGN (0x4)
 *(.rodata)
 *(.rodata*)
 .rodata.STREAM_OFFSET_TAB
                0x080053b0        0x8 mw_stm32_spi_ll.c.o
 .rodata.BMS_BIL_Wrapper_M
                0x080053b8        0x4 BMS_BIL_Wrapper.c.o
                0x080053b8                BMS_BIL_Wrapper_M
 .rodata.BMS_BIL_Wrapper_ConstP
                0x080053bc      0x178 BMS_BIL_Wrapper_data.c.o
                0x080053bc                BMS_BIL_Wrapper_ConstP
 *fill*         0x08005534        0x4 
 .rodata.BMS_BIL_Wrapper_ConstB
                0x08005538      0x100 BMS_BIL_Wrapper_data.c.o
                0x08005538                BMS_BIL_Wrapper_ConstB
 .rodata.APBPrescTable
                0x08005638        0x8 system_stm32f4xx.c.o
                0x08005638                APBPrescTable
 .rodata.AHBPrescTable
                0x08005640       0x10 system_stm32f4xx.c.o
                0x08005640                AHBPrescTable
 .rodata.log.str1.4
                0x08005650        0x1 C:/ProgramData/MATLAB/SupportPackages/R2025b/3P.instrset/gnuarm-armcortex.instrset/win/bin/../lib/gcc/arm-none-eabi/13.2.1/thumb/v7e-m+fp/hard\libm.a(libm_a-w_log.o)
 *fill*         0x08005651        0x7 
 .rodata.Zero   0x08005658       0x10 C:/ProgramData/MATLAB/SupportPackages/R2025b/3P.instrset/gnuarm-armcortex.instrset/win/bin/../lib/gcc/arm-none-eabi/13.2.1/thumb/v7e-m+fp/hard\libm.a(libm_a-e_fmod.o)
                0x08005668                        . = ALIGN (0x4)

.ARM.extab      0x08005668        0x0
                0x08005668                        . = ALIGN (0x4)
 *(.ARM.extab* .gnu.linkonce.armextab.*)
                0x08005668                        . = ALIGN (0x4)

.ARM            0x08005668        0x8
                0x08005668                        . = ALIGN (0x4)
                0x08005668                        __exidx_start = .
 *(.ARM.exidx*)
 .ARM.exidx.text.__udivmoddi4
                0x08005668        0x8 C:/ProgramData/MATLAB/SupportPackages/R2025b/3P.instrset/gnuarm-armcortex.instrset/win/bin/../lib/gcc/arm-none-eabi/13.2.1/thumb/v7e-m+fp/hard\libgcc.a(_udivmoddi4.o)
                0x08005670                        __exidx_end = .
                0x08005670                        . = ALIGN (0x4)

.preinit_array  0x08005670        0x0
                0x08005670                        . = ALIGN (0x4)
                0x08005670                        PROVIDE (__preinit_array_start = .)
 *(.preinit_array*)
                0x08005670                        PROVIDE (__preinit_array_end = .)
                0x08005670                        . = ALIGN (0x4)

.init_array     0x08005670        0x4
                0x08005670                        . = ALIGN (0x4)
                0x08005670                        PROVIDE (__init_array_start = .)
 *(SORT_BY_NAME(.init_array.*))
 *(.init_array*)
 .init_array    0x08005670        0x4 C:/ProgramData/MATLAB/SupportPackages/R2025b/3P.instrset/gnuarm-armcortex.instrset/win/bin/../lib/gcc/arm-none-eabi/13.2.1/thumb/v7e-m+fp/hard/crtbegin.o
                0x08005674                        PROVIDE (__init_array_end = .)
                0x08005674                        . = ALIGN (0x4)

.fini_array     0x08005674        0x4
                0x08005674                        . = ALIGN (0x4)
                [!provide]                        PROVIDE (__fini_array_start = .)
 *(SORT_BY_NAME(.fini_array.*))
 *(.fini_array*)
 .fini_array    0x08005674        0x4 C:/ProgramData/MATLAB/SupportPackages/R2025b/3P.instrset/gnuarm-armcortex.instrset/win/bin/../lib/gcc/arm-none-eabi/13.2.1/thumb/v7e-m+fp/hard/crtbegin.o
                [!provide]                        PROVIDE (__fini_array_end = .)
                0x08005678                        . = ALIGN (0x4)
                0x08005678                        _sidata = LOADADDR (.data)

.rel.dyn        0x08005678        0x0
 .rel.iplt      0x08005678        0x0 C:/ProgramData/MATLAB/SupportPackages/R2025b/3P.instrset/gnuarm-armcortex.instrset/win/bin/../lib/gcc/arm-none-eabi/13.2.1/thumb/v7e-m+fp/hard/crtbegin.o

.data           0x20000000       0x5c load address 0x08005678
                0x20000000                        . = ALIGN (0x4)
                0x20000000                        _sdata = .
 *(.data)
 *(.data*)
 .data.uwTickFreq
                0x20000000        0x1 stm32f4xx_hal.c.o
                0x20000000                uwTickFreq
 *fill*         0x20000001        0x3 
 .data.uwTickPrio
                0x20000004        0x4 stm32f4xx_hal.c.o
                0x20000004                uwTickPrio
 .data.SystemCoreClock
                0x20000008        0x4 system_stm32f4xx.c.o
                0x20000008                SystemCoreClock
 .data._impure_ptr
                0x2000000c        0x4 C:/ProgramData/MATLAB/SupportPackages/R2025b/3P.instrset/gnuarm-armcortex.instrset/win/bin/../lib/gcc/arm-none-eabi/13.2.1/thumb/v7e-m+fp/hard\libc_nano.a(libc_a-impure.o)
                0x2000000c                _impure_ptr
 .data._impure_data
                0x20000010       0x4c C:/ProgramData/MATLAB/SupportPackages/R2025b/3P.instrset/gnuarm-armcortex.instrset/win/bin/../lib/gcc/arm-none-eabi/13.2.1/thumb/v7e-m+fp/hard\libc_nano.a(libc_a-impure.o)
                0x20000010                _impure_data
 *(.RamFunc)
 *(.RamFunc*)
                0x2000005c                        . = ALIGN (0x4)
                0x2000005c                        _edata = .

.tm_clone_table
                0x2000005c        0x0 load address 0x080056d4
 .tm_clone_table
                0x2000005c        0x0 C:/ProgramData/MATLAB/SupportPackages/R2025b/3P.instrset/gnuarm-armcortex.instrset/win/bin/../lib/gcc/arm-none-eabi/13.2.1/thumb/v7e-m+fp/hard/crtbegin.o
 .tm_clone_table
                0x2000005c        0x0 C:/ProgramData/MATLAB/SupportPackages/R2025b/3P.instrset/gnuarm-armcortex.instrset/win/bin/../lib/gcc/arm-none-eabi/13.2.1/thumb/v7e-m+fp/hard/crtend.o

.igot.plt       0x2000005c        0x0 load address 0x080056d4
 .igot.plt      0x2000005c        0x0 C:/ProgramData/MATLAB/SupportPackages/R2025b/3P.instrset/gnuarm-armcortex.instrset/win/bin/../lib/gcc/arm-none-eabi/13.2.1/thumb/v7e-m+fp/hard/crtbegin.o
                0x2000005c                        . = ALIGN (0x4)

.bss            0x20000060      0x4e0 load address 0x080056d4
                0x20000060                        _sbss = .
                0x20000060                        __bss_start__ = _sbss
 *(.bss)
 *(.bss*)
 .bss.completed.1
                0x20000060        0x1 C:/ProgramData/MATLAB/SupportPackages/R2025b/3P.instrset/gnuarm-armcortex.instrset/win/bin/../lib/gcc/arm-none-eabi/13.2.1/thumb/v7e-m+fp/hard/crtbegin.o
 *fill*         0x20000061        0x3 
 .bss.object.0  0x20000064       0x18 C:/ProgramData/MATLAB/SupportPackages/R2025b/3P.instrset/gnuarm-armcortex.instrset/win/bin/../lib/gcc/arm-none-eabi/13.2.1/thumb/v7e-m+fp/hard/crtbegin.o
 *fill*         0x2000007c        0x4 
 .bss.mw_spi1   0x20000080       0x58 mw_stm32_spi_ll.c.o
                0x20000080                mw_spi1
 .bss.BMS_BIL_Wrapper_M_
                0x200000d8        0x4 BMS_BIL_Wrapper.c.o
 *fill*         0x200000dc        0x4 
 .bss.BMS_BIL_Wrapper_Y
                0x200000e0       0x80 BMS_BIL_Wrapper.c.o
                0x200000e0                BMS_BIL_Wrapper_Y
 .bss.BMS_BIL_Wrapper_DW
                0x20000160      0x1a8 BMS_BIL_Wrapper.c.o
                0x20000160                BMS_BIL_Wrapper_DW
 .bss.BMS_BIL_Wrapper_B
                0x20000308       0xa0 BMS_BIL_Wrapper.c.o
                0x20000308                BMS_BIL_Wrapper_B
 .bss.runModel  0x200003a8        0x1 ert_main.c.o
                0x200003a8                runModel
 .bss.stopRequested
                0x200003a9        0x1 ert_main.c.o
                0x200003a9                stopRequested
 .bss.OverrunFlag
                0x200003aa        0x1 ert_main.c.o
 *fill*         0x200003ab        0x1 
 .bss.IsrOverrun
                0x200003ac        0x4 ert_main.c.o
                0x200003ac                IsrOverrun
 .bss.schdl_counter_max
                0x200003b0        0x4 SysTickScheduler.c.o
                0x200003b0                schdl_counter_max
 .bss.schdl_counter
                0x200003b4        0x4 SysTickScheduler.c.o
                0x200003b4                schdl_counter
 .bss.taskToSchedule
                0x200003b8        0x4 m3m4m4f_multitasking.c.o
                0x200003b8                taskToSchedule
 .bss.htim5     0x200003bc       0x48 stm32f4xx_hal_timebase_tim.c.o
                0x200003bc                htim5
 .bss.uwTick    0x20000404        0x4 stm32f4xx_hal.c.o
                0x20000404                uwTick
 .bss.__sf      0x20000408      0x138 C:/ProgramData/MATLAB/SupportPackages/R2025b/3P.instrset/gnuarm-armcortex.instrset/win/bin/../lib/gcc/arm-none-eabi/13.2.1/thumb/v7e-m+fp/hard\libc_nano.a(libc_a-findfp.o)
                0x20000408                __sf
 *(COMMON)
                0x20000540                        . = ALIGN (0x4)
                0x20000540                        _ebss = .
                0x20000540                        __bss_end__ = _ebss

._user_heap_stack
                0x20000540      0x600 load address 0x080056d4
                0x20000540                        . = ALIGN (0x8)
                [!provide]                        PROVIDE (end = .)
                0x20000540                        PROVIDE (_end = .)
                0x20000740                        . = (. + _Min_Heap_Size)
 *fill*         0x20000540      0x200 
                0x20000b40                        . = (. + _Min_Stack_Size)
 *fill*         0x20000740      0x400 
                0x20000b40                        . = ALIGN (0x8)

/DISCARD/
 libc.a(*)
 libm.a(*)
 libgcc.a(*)

.ARM.attributes
                0x00000000       0x30
 *(.ARM.attributes)
 .ARM.attributes
                0x00000000       0x22 C:/ProgramData/MATLAB/SupportPackages/R2025b/3P.instrset/gnuarm-armcortex.instrset/win/bin/../lib/gcc/arm-none-eabi/13.2.1/thumb/v7e-m+fp/hard/crti.o
 .ARM.attributes
                0x00000022       0x34 C:/ProgramData/MATLAB/SupportPackages/R2025b/3P.instrset/gnuarm-armcortex.instrset/win/bin/../lib/gcc/arm-none-eabi/13.2.1/thumb/v7e-m+fp/hard/crtbegin.o
 .ARM.attributes
                0x00000056       0x34 mw_stm32_spi_ll.c.o
 .ARM.attributes
                0x0000008a       0x34 BMS_BIL_Wrapper.c.o
 .ARM.attributes
                0x000000be       0x34 BMS_BIL_Wrapper_data.c.o
 .ARM.attributes
                0x000000f2       0x34 ert_main.c.o
 .ARM.attributes
                0x00000126       0x34 rt_nonfinite.c.o
 .ARM.attributes
                0x0000015a       0x34 platform_timer.c.o
 .ARM.attributes
                0x0000018e       0x34 SysTickScheduler.c.o
 .ARM.attributes
                0x000001c2       0x34 m3m4m4f_multitasking.c.o
 .ARM.attributes
                0x000001f6       0x34 main.c.o
 .ARM.attributes
                0x0000022a       0x34 stm32f4xx_it.c.o
 .ARM.attributes
                0x0000025e       0x34 stm32f4xx_hal_msp.c.o
 .ARM.attributes
                0x00000292       0x34 stm32f4xx_hal_timebase_tim.c.o
 .ARM.attributes
                0x000002c6       0x34 stm32f4xx_hal_tim.c.o
 .ARM.attributes
                0x000002fa       0x34 stm32f4xx_hal_tim_ex.c.o
 .ARM.attributes
                0x0000032e       0x34 stm32f4xx_ll_gpio.c.o
 .ARM.attributes
                0x00000362       0x34 stm32f4xx_ll_spi.c.o
 .ARM.attributes
                0x00000396       0x34 stm32f4xx_ll_rcc.c.o
 .ARM.attributes
                0x000003ca       0x34 stm32f4xx_ll_utils.c.o
 .ARM.attributes
                0x000003fe       0x34 stm32f4xx_ll_exti.c.o
 .ARM.attributes
                0x00000432       0x34 stm32f4xx_hal_rcc.c.o
 .ARM.attributes
                0x00000466       0x34 stm32f4xx_hal_cortex.c.o
 .ARM.attributes
                0x0000049a       0x34 stm32f4xx_hal.c.o
 .ARM.attributes
                0x000004ce       0x34 stm32f4xx_ll_usart.c.o
 .ARM.attributes
                0x00000502       0x34 system_stm32f4xx.c.o
 .ARM.attributes
                0x00000536       0x21 startup_stm32f401retx.s.o
 .ARM.attributes
                0x00000557       0x34 C:/ProgramData/MATLAB/SupportPackages/R2025b/3P.instrset/gnuarm-armcortex.instrset/win/bin/../lib/gcc/arm-none-eabi/13.2.1/thumb/v7e-m+fp/hard\libm.a(libm_a-w_fmod.o)
 .ARM.attributes
                0x0000058b       0x34 C:/ProgramData/MATLAB/SupportPackages/R2025b/3P.instrset/gnuarm-armcortex.instrset/win/bin/../lib/gcc/arm-none-eabi/13.2.1/thumb/v7e-m+fp/hard\libm.a(libm_a-w_log.o)
 .ARM.attributes
                0x000005bf       0x34 C:/ProgramData/MATLAB/SupportPackages/R2025b/3P.instrset/gnuarm-armcortex.instrset/win/bin/../lib/gcc/arm-none-eabi/13.2.1/thumb/v7e-m+fp/hard\libm.a(libm_a-s_ldexp.o)
 .ARM.attributes
                0x000005f3       0x34 C:/ProgramData/MATLAB/SupportPackages/R2025b/3P.instrset/gnuarm-armcortex.instrset/win/bin/../lib/gcc/arm-none-eabi/13.2.1/thumb/v7e-m+fp/hard\libm.a(libm_a-s_finite.o)
 .ARM.attributes
                0x00000627       0x34 C:/ProgramData/MATLAB/SupportPackages/R2025b/3P.instrset/gnuarm-armcortex.instrset/win/bin/../lib/gcc/arm-none-eabi/13.2.1/thumb/v7e-m+fp/hard\libm.a(libm_a-s_scalbn.o)
 .ARM.attributes
                0x0000065b       0x34 C:/ProgramData/MATLAB/SupportPackages/R2025b/3P.instrset/gnuarm-armcortex.instrset/win/bin/../lib/gcc/arm-none-eabi/13.2.1/thumb/v7e-m+fp/hard\libm.a(libm_a-s_nan.o)
 .ARM.attributes
                0x0000068f       0x34 C:/ProgramData/MATLAB/SupportPackages/R2025b/3P.instrset/gnuarm-armcortex.instrset/win/bin/../lib/gcc/arm-none-eabi/13.2.1/thumb/v7e-m+fp/hard\libm.a(libm_a-sf_fmax.o)
 .ARM.attributes
                0x000006c3       0x34 C:/ProgramData/MATLAB/SupportPackages/R2025b/3P.instrset/gnuarm-armcortex.instrset/win/bin/../lib/gcc/arm-none-eabi/13.2.1/thumb/v7e-m+fp/hard\libm.a(libm_a-sf_fmin.o)
 .ARM.attributes
                0x000006f7       0x34 C:/ProgramData/MATLAB/SupportPackages/R2025b/3P.instrset/gnuarm-armcortex.instrset/win/bin/../lib/gcc/arm-none-eabi/13.2.1/thumb/v7e-m+fp/hard\libm.a(libm_a-sf_fpclassify.o)
 .ARM.attributes
                0x0000072b       0x34 C:/ProgramData/MATLAB/SupportPackages/R2025b/3P.instrset/gnuarm-armcortex.instrset/win/bin/../lib/gcc/arm-none-eabi/13.2.1/thumb/v7e-m+fp/hard\libm.a(libm_a-s_floor.o)
 .ARM.attributes
                0x0000075f       0x34 C:/ProgramData/MATLAB/SupportPackages/R2025b/3P.instrset/gnuarm-armcortex.instrset/win/bin/../lib/gcc/arm-none-eabi/13.2.1/thumb/v7e-m+fp/hard\libm.a(libm_a-e_fmod.o)
 .ARM.attributes
                0x00000793       0x34 C:/ProgramData/MATLAB/SupportPackages/R2025b/3P.instrset/gnuarm-armcortex.instrset/win/bin/../lib/gcc/arm-none-eabi/13.2.1/thumb/v7e-m+fp/hard\libm.a(libm_a-e_log.o)
 .ARM.attributes
                0x000007c7       0x22 C:/ProgramData/MATLAB/SupportPackages/R2025b/3P.instrset/gnuarm-armcortex.instrset/win/bin/../lib/gcc/arm-none-eabi/13.2.1/thumb/v7e-m+fp/hard\libgcc.a(_arm_addsubdf3.o)
 .ARM.attributes
                0x000007e9       0x22 C:/ProgramData/MATLAB/SupportPackages/R2025b/3P.instrset/gnuarm-armcortex.instrset/win/bin/../lib/gcc/arm-none-eabi/13.2.1/thumb/v7e-m+fp/hard\libgcc.a(_arm_muldivdf3.o)
 .ARM.attributes
                0x0000080b       0x22 C:/ProgramData/MATLAB/SupportPackages/R2025b/3P.instrset/gnuarm-armcortex.instrset/win/bin/../lib/gcc/arm-none-eabi/13.2.1/thumb/v7e-m+fp/hard\libgcc.a(_arm_cmpdf2.o)
 .ARM.attributes
                0x0000082d       0x22 C:/ProgramData/MATLAB/SupportPackages/R2025b/3P.instrset/gnuarm-armcortex.instrset/win/bin/../lib/gcc/arm-none-eabi/13.2.1/thumb/v7e-m+fp/hard\libgcc.a(_arm_unorddf2.o)
 .ARM.attributes
                0x0000084f       0x22 C:/ProgramData/MATLAB/SupportPackages/R2025b/3P.instrset/gnuarm-armcortex.instrset/win/bin/../lib/gcc/arm-none-eabi/13.2.1/thumb/v7e-m+fp/hard\libgcc.a(_arm_fixdfsi.o)
 .ARM.attributes
                0x00000871       0x22 C:/ProgramData/MATLAB/SupportPackages/R2025b/3P.instrset/gnuarm-armcortex.instrset/win/bin/../lib/gcc/arm-none-eabi/13.2.1/thumb/v7e-m+fp/hard\libgcc.a(_arm_fixunsdfsi.o)
 .ARM.attributes
                0x00000893       0x22 C:/ProgramData/MATLAB/SupportPackages/R2025b/3P.instrset/gnuarm-armcortex.instrset/win/bin/../lib/gcc/arm-none-eabi/13.2.1/thumb/v7e-m+fp/hard\libgcc.a(_arm_truncdfsf2.o)
 .ARM.attributes
                0x000008b5       0x22 C:/ProgramData/MATLAB/SupportPackages/R2025b/3P.instrset/gnuarm-armcortex.instrset/win/bin/../lib/gcc/arm-none-eabi/13.2.1/thumb/v7e-m+fp/hard\libgcc.a(_arm_addsubsf3.o)
 .ARM.attributes
                0x000008d7       0x22 C:/ProgramData/MATLAB/SupportPackages/R2025b/3P.instrset/gnuarm-armcortex.instrset/win/bin/../lib/gcc/arm-none-eabi/13.2.1/thumb/v7e-m+fp/hard\libgcc.a(_aeabi_uldivmod.o)
 .ARM.attributes
                0x000008f9       0x34 C:/ProgramData/MATLAB/SupportPackages/R2025b/3P.instrset/gnuarm-armcortex.instrset/win/bin/../lib/gcc/arm-none-eabi/13.2.1/thumb/v7e-m+fp/hard\libgcc.a(_fixdfdi.o)
 .ARM.attributes
                0x0000092d       0x34 C:/ProgramData/MATLAB/SupportPackages/R2025b/3P.instrset/gnuarm-armcortex.instrset/win/bin/../lib/gcc/arm-none-eabi/13.2.1/thumb/v7e-m+fp/hard\libgcc.a(_fixunsdfdi.o)
 .ARM.attributes
                0x00000961       0x34 C:/ProgramData/MATLAB/SupportPackages/R2025b/3P.instrset/gnuarm-armcortex.instrset/win/bin/../lib/gcc/arm-none-eabi/13.2.1/thumb/v7e-m+fp/hard\libgcc.a(_udivmoddi4.o)
 .ARM.attributes
                0x00000995       0x22 C:/ProgramData/MATLAB/SupportPackages/R2025b/3P.instrset/gnuarm-armcortex.instrset/win/bin/../lib/gcc/arm-none-eabi/13.2.1/thumb/v7e-m+fp/hard\libgcc.a(_dvmd_tls.o)
 .ARM.attributes
                0x000009b7       0x34 C:/ProgramData/MATLAB/SupportPackages/R2025b/3P.instrset/gnuarm-armcortex.instrset/win/bin/../lib/gcc/arm-none-eabi/13.2.1/thumb/v7e-m+fp/hard\libc_nano.a(libc_a-findfp.o)
 .ARM.attributes
                0x000009eb       0x34 C:/ProgramData/MATLAB/SupportPackages/R2025b/3P.instrset/gnuarm-armcortex.instrset/win/bin/../lib/gcc/arm-none-eabi/13.2.1/thumb/v7e-m+fp/hard\libc_nano.a(libc_a-memmove.o)
 .ARM.attributes
                0x00000a1f       0x34 C:/ProgramData/MATLAB/SupportPackages/R2025b/3P.instrset/gnuarm-armcortex.instrset/win/bin/../lib/gcc/arm-none-eabi/13.2.1/thumb/v7e-m+fp/hard\libc_nano.a(libc_a-memset.o)
 .ARM.attributes
                0x00000a53       0x34 C:/ProgramData/MATLAB/SupportPackages/R2025b/3P.instrset/gnuarm-armcortex.instrset/win/bin/../lib/gcc/arm-none-eabi/13.2.1/thumb/v7e-m+fp/hard\libc_nano.a(libc_a-impure.o)
 .ARM.attributes
                0x00000a87       0x34 C:/ProgramData/MATLAB/SupportPackages/R2025b/3P.instrset/gnuarm-armcortex.instrset/win/bin/../lib/gcc/arm-none-eabi/13.2.1/thumb/v7e-m+fp/hard\libc_nano.a(libc_a-errno.o)
 .ARM.attributes
                0x00000abb       0x34 C:/ProgramData/MATLAB/SupportPackages/R2025b/3P.instrset/gnuarm-armcortex.instrset/win/bin/../lib/gcc/arm-none-eabi/13.2.1/thumb/v7e-m+fp/hard\libc_nano.a(libc_a-init.o)
 .ARM.attributes
                0x00000aef       0x34 C:/ProgramData/MATLAB/SupportPackages/R2025b/3P.instrset/gnuarm-armcortex.instrset/win/bin/../lib/gcc/arm-none-eabi/13.2.1/thumb/v7e-m+fp/hard/crtend.o
 .ARM.attributes
                0x00000b23       0x22 C:/ProgramData/MATLAB/SupportPackages/R2025b/3P.instrset/gnuarm-armcortex.instrset/win/bin/../lib/gcc/arm-none-eabi/13.2.1/thumb/v7e-m+fp/hard/crtn.o
OUTPUT(../BMS_BIL_Wrapper.elf elf32-littlearm)
LOAD linker stubs
LOAD C:/ProgramData/MATLAB/SupportPackages/R2025b/3P.instrset/gnuarm-armcortex.instrset/win/bin/../lib/gcc/arm-none-eabi/13.2.1/thumb/v7e-m+fp/hard\libc.a
LOAD C:/ProgramData/MATLAB/SupportPackages/R2025b/3P.instrset/gnuarm-armcortex.instrset/win/bin/../lib/gcc/arm-none-eabi/13.2.1/thumb/v7e-m+fp/hard\libm.a
LOAD C:/ProgramData/MATLAB/SupportPackages/R2025b/3P.instrset/gnuarm-armcortex.instrset/win/bin/../lib/gcc/arm-none-eabi/13.2.1/thumb/v7e-m+fp/hard\libgcc.a

.comment        0x00000000       0x44
 .comment       0x00000000       0x44 mw_stm32_spi_ll.c.o
                                 0x45 (size before relaxing)
 .comment       0x00000044       0x45 BMS_BIL_Wrapper.c.o
 .comment       0x00000044       0x45 BMS_BIL_Wrapper_data.c.o
 .comment       0x00000044       0x45 ert_main.c.o
 .comment       0x00000044       0x45 rt_nonfinite.c.o
 .comment       0x00000044       0x45 platform_timer.c.o
 .comment       0x00000044       0x45 SysTickScheduler.c.o
 .comment       0x00000044       0x45 m3m4m4f_multitasking.c.o
 .comment       0x00000044       0x45 main.c.o
 .comment       0x00000044       0x45 stm32f4xx_it.c.o
 .comment       0x00000044       0x45 stm32f4xx_hal_msp.c.o
 .comment       0x00000044       0x45 stm32f4xx_hal_timebase_tim.c.o
 .comment       0x00000044       0x45 stm32f4xx_hal_tim.c.o
 .comment       0x00000044       0x45 stm32f4xx_hal_tim_ex.c.o
 .comment       0x00000044       0x45 stm32f4xx_ll_gpio.c.o
 .comment       0x00000044       0x45 stm32f4xx_ll_spi.c.o
 .comment       0x00000044       0x45 stm32f4xx_ll_rcc.c.o
 .comment       0x00000044       0x45 stm32f4xx_ll_utils.c.o
 .comment       0x00000044       0x45 stm32f4xx_ll_exti.c.o
 .comment       0x00000044       0x45 stm32f4xx_hal_rcc.c.o
 .comment       0x00000044       0x45 stm32f4xx_hal_cortex.c.o
 .comment       0x00000044       0x45 stm32f4xx_hal.c.o
 .comment       0x00000044       0x45 stm32f4xx_ll_usart.c.o
 .comment       0x00000044       0x45 system_stm32f4xx.c.o

.debug_frame    0x00000000      0x7e4
 .debug_frame   0x00000000       0x4c C:/ProgramData/MATLAB/SupportPackages/R2025b/3P.instrset/gnuarm-armcortex.instrset/win/bin/../lib/gcc/arm-none-eabi/13.2.1/thumb/v7e-m+fp/hard\libm.a(libm_a-w_fmod.o)
 .debug_frame   0x0000004c       0x4c C:/ProgramData/MATLAB/SupportPackages/R2025b/3P.instrset/gnuarm-armcortex.instrset/win/bin/../lib/gcc/arm-none-eabi/13.2.1/thumb/v7e-m+fp/hard\libm.a(libm_a-w_log.o)
 .debug_frame   0x00000098       0x44 C:/ProgramData/MATLAB/SupportPackages/R2025b/3P.instrset/gnuarm-armcortex.instrset/win/bin/../lib/gcc/arm-none-eabi/13.2.1/thumb/v7e-m+fp/hard\libm.a(libm_a-s_ldexp.o)
 .debug_frame   0x000000dc       0x28 C:/ProgramData/MATLAB/SupportPackages/R2025b/3P.instrset/gnuarm-armcortex.instrset/win/bin/../lib/gcc/arm-none-eabi/13.2.1/thumb/v7e-m+fp/hard\libm.a(libm_a-s_finite.o)
 .debug_frame   0x00000104       0x2c C:/ProgramData/MATLAB/SupportPackages/R2025b/3P.instrset/gnuarm-armcortex.instrset/win/bin/../lib/gcc/arm-none-eabi/13.2.1/thumb/v7e-m+fp/hard\libm.a(libm_a-s_scalbn.o)
 .debug_frame   0x00000130       0x20 C:/ProgramData/MATLAB/SupportPackages/R2025b/3P.instrset/gnuarm-armcortex.instrset/win/bin/../lib/gcc/arm-none-eabi/13.2.1/thumb/v7e-m+fp/hard\libm.a(libm_a-s_nan.o)
 .debug_frame   0x00000150       0x44 C:/ProgramData/MATLAB/SupportPackages/R2025b/3P.instrset/gnuarm-armcortex.instrset/win/bin/../lib/gcc/arm-none-eabi/13.2.1/thumb/v7e-m+fp/hard\libm.a(libm_a-sf_fmax.o)
 .debug_frame   0x00000194       0x44 C:/ProgramData/MATLAB/SupportPackages/R2025b/3P.instrset/gnuarm-armcortex.instrset/win/bin/../lib/gcc/arm-none-eabi/13.2.1/thumb/v7e-m+fp/hard\libm.a(libm_a-sf_fmin.o)
 .debug_frame   0x000001d8       0x20 C:/ProgramData/MATLAB/SupportPackages/R2025b/3P.instrset/gnuarm-armcortex.instrset/win/bin/../lib/gcc/arm-none-eabi/13.2.1/thumb/v7e-m+fp/hard\libm.a(libm_a-sf_fpclassify.o)
 .debug_frame   0x000001f8       0x30 C:/ProgramData/MATLAB/SupportPackages/R2025b/3P.instrset/gnuarm-armcortex.instrset/win/bin/../lib/gcc/arm-none-eabi/13.2.1/thumb/v7e-m+fp/hard\libm.a(libm_a-s_floor.o)
 .debug_frame   0x00000228       0x34 C:/ProgramData/MATLAB/SupportPackages/R2025b/3P.instrset/gnuarm-armcortex.instrset/win/bin/../lib/gcc/arm-none-eabi/13.2.1/thumb/v7e-m+fp/hard\libm.a(libm_a-e_fmod.o)
 .debug_frame   0x0000025c       0x54 C:/ProgramData/MATLAB/SupportPackages/R2025b/3P.instrset/gnuarm-armcortex.instrset/win/bin/../lib/gcc/arm-none-eabi/13.2.1/thumb/v7e-m+fp/hard\libm.a(libm_a-e_log.o)
 .debug_frame   0x000002b0       0xac C:/ProgramData/MATLAB/SupportPackages/R2025b/3P.instrset/gnuarm-armcortex.instrset/win/bin/../lib/gcc/arm-none-eabi/13.2.1/thumb/v7e-m+fp/hard\libgcc.a(_arm_addsubdf3.o)
 .debug_frame   0x0000035c       0x50 C:/ProgramData/MATLAB/SupportPackages/R2025b/3P.instrset/gnuarm-armcortex.instrset/win/bin/../lib/gcc/arm-none-eabi/13.2.1/thumb/v7e-m+fp/hard\libgcc.a(_arm_muldivdf3.o)
 .debug_frame   0x000003ac       0xc4 C:/ProgramData/MATLAB/SupportPackages/R2025b/3P.instrset/gnuarm-armcortex.instrset/win/bin/../lib/gcc/arm-none-eabi/13.2.1/thumb/v7e-m+fp/hard\libgcc.a(_arm_cmpdf2.o)
 .debug_frame   0x00000470       0x20 C:/ProgramData/MATLAB/SupportPackages/R2025b/3P.instrset/gnuarm-armcortex.instrset/win/bin/../lib/gcc/arm-none-eabi/13.2.1/thumb/v7e-m+fp/hard\libgcc.a(_arm_unorddf2.o)
 .debug_frame   0x00000490       0x24 C:/ProgramData/MATLAB/SupportPackages/R2025b/3P.instrset/gnuarm-armcortex.instrset/win/bin/../lib/gcc/arm-none-eabi/13.2.1/thumb/v7e-m+fp/hard\libgcc.a(_arm_fixdfsi.o)
 .debug_frame   0x000004b4       0x24 C:/ProgramData/MATLAB/SupportPackages/R2025b/3P.instrset/gnuarm-armcortex.instrset/win/bin/../lib/gcc/arm-none-eabi/13.2.1/thumb/v7e-m+fp/hard\libgcc.a(_arm_fixunsdfsi.o)
 .debug_frame   0x000004d8       0x24 C:/ProgramData/MATLAB/SupportPackages/R2025b/3P.instrset/gnuarm-armcortex.instrset/win/bin/../lib/gcc/arm-none-eabi/13.2.1/thumb/v7e-m+fp/hard\libgcc.a(_arm_truncdfsf2.o)
 .debug_frame   0x000004fc       0x4c C:/ProgramData/MATLAB/SupportPackages/R2025b/3P.instrset/gnuarm-armcortex.instrset/win/bin/../lib/gcc/arm-none-eabi/13.2.1/thumb/v7e-m+fp/hard\libgcc.a(_arm_addsubsf3.o)
 .debug_frame   0x00000548       0x2c C:/ProgramData/MATLAB/SupportPackages/R2025b/3P.instrset/gnuarm-armcortex.instrset/win/bin/../lib/gcc/arm-none-eabi/13.2.1/thumb/v7e-m+fp/hard\libgcc.a(_aeabi_uldivmod.o)
 .debug_frame   0x00000574       0x38 C:/ProgramData/MATLAB/SupportPackages/R2025b/3P.instrset/gnuarm-armcortex.instrset/win/bin/../lib/gcc/arm-none-eabi/13.2.1/thumb/v7e-m+fp/hard\libgcc.a(_fixdfdi.o)
 .debug_frame   0x000005ac       0x2c C:/ProgramData/MATLAB/SupportPackages/R2025b/3P.instrset/gnuarm-armcortex.instrset/win/bin/../lib/gcc/arm-none-eabi/13.2.1/thumb/v7e-m+fp/hard\libgcc.a(_fixunsdfdi.o)
 .debug_frame   0x000005d8       0x34 C:/ProgramData/MATLAB/SupportPackages/R2025b/3P.instrset/gnuarm-armcortex.instrset/win/bin/../lib/gcc/arm-none-eabi/13.2.1/thumb/v7e-m+fp/hard\libgcc.a(_udivmoddi4.o)
 .debug_frame   0x0000060c      0x144 C:/ProgramData/MATLAB/SupportPackages/R2025b/3P.instrset/gnuarm-armcortex.instrset/win/bin/../lib/gcc/arm-none-eabi/13.2.1/thumb/v7e-m+fp/hard\libc_nano.a(libc_a-findfp.o)
 .debug_frame   0x00000750       0x28 C:/ProgramData/MATLAB/SupportPackages/R2025b/3P.instrset/gnuarm-armcortex.instrset/win/bin/../lib/gcc/arm-none-eabi/13.2.1/thumb/v7e-m+fp/hard\libc_nano.a(libc_a-memmove.o)
 .debug_frame   0x00000778       0x20 C:/ProgramData/MATLAB/SupportPackages/R2025b/3P.instrset/gnuarm-armcortex.instrset/win/bin/../lib/gcc/arm-none-eabi/13.2.1/thumb/v7e-m+fp/hard\libc_nano.a(libc_a-memset.o)
 .debug_frame   0x00000798       0x20 C:/ProgramData/MATLAB/SupportPackages/R2025b/3P.instrset/gnuarm-armcortex.instrset/win/bin/../lib/gcc/arm-none-eabi/13.2.1/thumb/v7e-m+fp/hard\libc_nano.a(libc_a-errno.o)
 .debug_frame   0x000007b8       0x2c C:/ProgramData/MATLAB/SupportPackages/R2025b/3P.instrset/gnuarm-armcortex.instrset/win/bin/../lib/gcc/arm-none-eabi/13.2.1/thumb/v7e-m+fp/hard\libc_nano.a(libc_a-init.o)

.debug_line_str
                0x00000000       0xef
 .debug_line_str
                0x00000000       0xef C:/ProgramData/MATLAB/SupportPackages/R2025b/3P.instrset/gnuarm-armcortex.instrset/win/bin/../lib/gcc/arm-none-eabi/13.2.1/thumb/v7e-m+fp/hard\libgcc.a(_arm_addsubdf3.o)
                                 0xce (size before relaxing)
 .debug_line_str
                0x000000ef       0xce C:/ProgramData/MATLAB/SupportPackages/R2025b/3P.instrset/gnuarm-armcortex.instrset/win/bin/../lib/gcc/arm-none-eabi/13.2.1/thumb/v7e-m+fp/hard\libgcc.a(_arm_muldivdf3.o)
 .debug_line_str
                0x000000ef       0xce C:/ProgramData/MATLAB/SupportPackages/R2025b/3P.instrset/gnuarm-armcortex.instrset/win/bin/../lib/gcc/arm-none-eabi/13.2.1/thumb/v7e-m+fp/hard\libgcc.a(_arm_cmpdf2.o)
 .debug_line_str
                0x000000ef       0xce C:/ProgramData/MATLAB/SupportPackages/R2025b/3P.instrset/gnuarm-armcortex.instrset/win/bin/../lib/gcc/arm-none-eabi/13.2.1/thumb/v7e-m+fp/hard\libgcc.a(_arm_unorddf2.o)
 .debug_line_str
                0x000000ef       0xce C:/ProgramData/MATLAB/SupportPackages/R2025b/3P.instrset/gnuarm-armcortex.instrset/win/bin/../lib/gcc/arm-none-eabi/13.2.1/thumb/v7e-m+fp/hard\libgcc.a(_arm_fixdfsi.o)
 .debug_line_str
                0x000000ef       0xce C:/ProgramData/MATLAB/SupportPackages/R2025b/3P.instrset/gnuarm-armcortex.instrset/win/bin/../lib/gcc/arm-none-eabi/13.2.1/thumb/v7e-m+fp/hard\libgcc.a(_arm_fixunsdfsi.o)
 .debug_line_str
                0x000000ef       0xce C:/ProgramData/MATLAB/SupportPackages/R2025b/3P.instrset/gnuarm-armcortex.instrset/win/bin/../lib/gcc/arm-none-eabi/13.2.1/thumb/v7e-m+fp/hard\libgcc.a(_arm_truncdfsf2.o)
 .debug_line_str
                0x000000ef       0xce C:/ProgramData/MATLAB/SupportPackages/R2025b/3P.instrset/gnuarm-armcortex.instrset/win/bin/../lib/gcc/arm-none-eabi/13.2.1/thumb/v7e-m+fp/hard\libgcc.a(_arm_addsubsf3.o)
 .debug_line_str
                0x000000ef       0xc9 C:/ProgramData/MATLAB/SupportPackages/R2025b/3P.instrset/gnuarm-armcortex.instrset/win/bin/../lib/gcc/arm-none-eabi/13.2.1/thumb/v7e-m+fp/hard\libgcc.a(_aeabi_uldivmod.o)
 .debug_line_str
                0x000000ef       0xcd C:/ProgramData/MATLAB/SupportPackages/R2025b/3P.instrset/gnuarm-armcortex.instrset/win/bin/../lib/gcc/arm-none-eabi/13.2.1/thumb/v7e-m+fp/hard\libgcc.a(_dvmd_tls.o)
